Archive member included because of file (symbol)

.\ARM_GCC_493\Debug\Volume_Control.a(cyfitter_cfg.o)
                              .\ARM_GCC_493\Debug\Cm3Start.o (cyfitter_cfg)
.\ARM_GCC_493\Debug\Volume_Control.a(ADC_Timer.o)
                              .\ARM_GCC_493\Debug\main.o (ADC_Timer_Start)
.\ARM_GCC_493\Debug\Volume_Control.a(Volume_ADC.o)
                              .\ARM_GCC_493\Debug\main.o (Volume_ADC_Start)
.\ARM_GCC_493\Debug\Volume_Control.a(Volume_ADC_INT.o)
                              .\ARM_GCC_493\Debug\Volume_Control.a(Volume_ADC.o) (Volume_ADC_ISR1)
.\ARM_GCC_493\Debug\Volume_Control.a(Volume_ADC_Ext_CP_Clk.o)
                              .\ARM_GCC_493\Debug\Volume_Control.a(Volume_ADC.o) (Volume_ADC_Ext_CP_Clk_SetDividerRegister)
.\ARM_GCC_493\Debug\Volume_Control.a(Volume_ADC_IRQ.o)
                              .\ARM_GCC_493\Debug\main.o (Volume_ADC_IRQ_StartEx)
.\ARM_GCC_493\Debug\Volume_Control.a(Volume_ADC_theACLK.o)
                              .\ARM_GCC_493\Debug\Volume_Control.a(Volume_ADC.o) (Volume_ADC_theACLK_SetDividerRegister)
.\ARM_GCC_493\Debug\Volume_Control.a(CyLib.o)
                              .\ARM_GCC_493\Debug\Cm3Start.o (CyResetStatus)
.\ARM_GCC_493\Debug\Volume_Control.a(cyPm.o)
                              .\ARM_GCC_493\Debug\Volume_Control.a(CyLib.o) (CyPmReadStatus)
.\ARM_GCC_493\Debug\Volume_Control.a(CyBootAsmGnu.o)
                              .\ARM_GCC_493\Debug\Volume_Control.a(cyfitter_cfg.o) (CyDelayCycles)
.\ARM_GCC_493\Debug\Volume_Control.a(CyFlash.o)
                              .\ARM_GCC_493\Debug\Volume_Control.a(cyPm.o) (CyFlash_SetWaitCycles)
.\ARM_GCC_493\Debug\Volume_Control.a(CySpc.o)
                              .\ARM_GCC_493\Debug\Volume_Control.a(CyFlash.o) (CySpcStart)
c:/program files (x86)/cypress/psoc creator/4.0/psoc creator/import/gnu/arm/4.9.3/bin/../lib/gcc/arm-none-eabi/4.9.3/armv7-m\libgcc.a(_arm_addsubdf3.o)
                              .\ARM_GCC_493\Debug\Volume_Control.a(Volume_ADC.o) (__aeabi_f2d)
c:/program files (x86)/cypress/psoc creator/4.0/psoc creator/import/gnu/arm/4.9.3/bin/../lib/gcc/arm-none-eabi/4.9.3/armv7-m\libgcc.a(_arm_cmpdf2.o)
                              .\ARM_GCC_493\Debug\Volume_Control.a(Volume_ADC.o) (__aeabi_dcmpgt)
c:/program files (x86)/cypress/psoc creator/4.0/psoc creator/import/gnu/arm/4.9.3/bin/../lib/gcc/arm-none-eabi/4.9.3/armv7-m\libgcc.a(_arm_addsubsf3.o)
                              .\ARM_GCC_493\Debug\Volume_Control.a(Volume_ADC.o) (__aeabi_ui2f)
c:/program files (x86)/cypress/psoc creator/4.0/psoc creator/import/gnu/arm/4.9.3/bin/../lib/gcc/arm-none-eabi/4.9.3/armv7-m\libgcc.a(_arm_muldivsf3.o)
                              .\ARM_GCC_493\Debug\Volume_Control.a(Volume_ADC.o) (__aeabi_fmul)
c:/program files (x86)/cypress/psoc creator/4.0/psoc creator/import/gnu/arm/4.9.3/bin/../lib/gcc/arm-none-eabi/4.9.3/armv7-m\libgcc.a(_arm_fixunssfsi.o)
                              .\ARM_GCC_493\Debug\Volume_Control.a(Volume_ADC.o) (__aeabi_f2uiz)
c:/program files (x86)/cypress/psoc creator/4.0/psoc creator/import/gnu/arm/4.9.3/bin/../lib/gcc/arm-none-eabi/4.9.3/../../../../arm-none-eabi/lib/armv7-m\libg_nano.a(lib_a-errno.o)
                              .\ARM_GCC_493\Debug\Cm3Start.o (__errno)
c:/program files (x86)/cypress/psoc creator/4.0/psoc creator/import/gnu/arm/4.9.3/bin/../lib/gcc/arm-none-eabi/4.9.3/../../../../arm-none-eabi/lib/armv7-m\libg_nano.a(lib_a-exit.o)
                              c:/program files (x86)/cypress/psoc creator/4.0/psoc creator/import/gnu/arm/4.9.3/bin/../lib/gcc/arm-none-eabi/4.9.3/../../../../arm-none-eabi/lib/armv7-m/crt0.o (exit)
c:/program files (x86)/cypress/psoc creator/4.0/psoc creator/import/gnu/arm/4.9.3/bin/../lib/gcc/arm-none-eabi/4.9.3/../../../../arm-none-eabi/lib/armv7-m\libg_nano.a(lib_a-impure.o)
                              c:/program files (x86)/cypress/psoc creator/4.0/psoc creator/import/gnu/arm/4.9.3/bin/../lib/gcc/arm-none-eabi/4.9.3/../../../../arm-none-eabi/lib/armv7-m\libg_nano.a(lib_a-exit.o) (_global_impure_ptr)
c:/program files (x86)/cypress/psoc creator/4.0/psoc creator/import/gnu/arm/4.9.3/bin/../lib/gcc/arm-none-eabi/4.9.3/../../../../arm-none-eabi/lib/armv7-m\libg_nano.a(lib_a-init.o)
                              c:/program files (x86)/cypress/psoc creator/4.0/psoc creator/import/gnu/arm/4.9.3/bin/../lib/gcc/arm-none-eabi/4.9.3/../../../../arm-none-eabi/lib/armv7-m/crt0.o (__libc_init_array)
c:/program files (x86)/cypress/psoc creator/4.0/psoc creator/import/gnu/arm/4.9.3/bin/../lib/gcc/arm-none-eabi/4.9.3/../../../../arm-none-eabi/lib/armv7-m\libg_nano.a(lib_a-memcpy.o)
                              .\ARM_GCC_493\Debug\Volume_Control.a(cyfitter_cfg.o) (memcpy)
c:/program files (x86)/cypress/psoc creator/4.0/psoc creator/import/gnu/arm/4.9.3/bin/../lib/gcc/arm-none-eabi/4.9.3/../../../../arm-none-eabi/lib/armv7-m\libg_nano.a(lib_a-memset.o)
                              c:/program files (x86)/cypress/psoc creator/4.0/psoc creator/import/gnu/arm/4.9.3/bin/../lib/gcc/arm-none-eabi/4.9.3/../../../../arm-none-eabi/lib/armv7-m/crt0.o (memset)

Allocating common symbols
Common symbol       size              file

currentSample       0x2               .\ARM_GCC_493\Debug\main.o
Volume_ADC_CountsPerVolt
                    0x4               .\ARM_GCC_493\Debug\Volume_Control.a(Volume_ADC.o)
Volume_ADC_Offset   0x4               .\ARM_GCC_493\Debug\Volume_Control.a(Volume_ADC.o)
dieTemperature      0x2               .\ARM_GCC_493\Debug\Volume_Control.a(CyFlash.o)

Discarded input sections

 .text          0x00000000        0x0 c:/program files (x86)/cypress/psoc creator/4.0/psoc creator/import/gnu/arm/4.9.3/bin/../lib/gcc/arm-none-eabi/4.9.3/armv7-m/crti.o
 .data          0x00000000        0x0 c:/program files (x86)/cypress/psoc creator/4.0/psoc creator/import/gnu/arm/4.9.3/bin/../lib/gcc/arm-none-eabi/4.9.3/armv7-m/crti.o
 .bss           0x00000000        0x0 c:/program files (x86)/cypress/psoc creator/4.0/psoc creator/import/gnu/arm/4.9.3/bin/../lib/gcc/arm-none-eabi/4.9.3/armv7-m/crti.o
 .data          0x00000000        0x4 c:/program files (x86)/cypress/psoc creator/4.0/psoc creator/import/gnu/arm/4.9.3/bin/../lib/gcc/arm-none-eabi/4.9.3/armv7-m/crtbegin.o
 .text          0x00000000       0x74 c:/program files (x86)/cypress/psoc creator/4.0/psoc creator/import/gnu/arm/4.9.3/bin/../lib/gcc/arm-none-eabi/4.9.3/../../../../arm-none-eabi/lib/armv7-m/crt0.o
 .data          0x00000000        0x0 c:/program files (x86)/cypress/psoc creator/4.0/psoc creator/import/gnu/arm/4.9.3/bin/../lib/gcc/arm-none-eabi/4.9.3/../../../../arm-none-eabi/lib/armv7-m/crt0.o
 .bss           0x00000000        0x0 c:/program files (x86)/cypress/psoc creator/4.0/psoc creator/import/gnu/arm/4.9.3/bin/../lib/gcc/arm-none-eabi/4.9.3/../../../../arm-none-eabi/lib/armv7-m/crt0.o
 .ARM.extab     0x00000000        0x0 c:/program files (x86)/cypress/psoc creator/4.0/psoc creator/import/gnu/arm/4.9.3/bin/../lib/gcc/arm-none-eabi/4.9.3/../../../../arm-none-eabi/lib/armv7-m/crt0.o
 .ARM.exidx     0x00000000        0x8 c:/program files (x86)/cypress/psoc creator/4.0/psoc creator/import/gnu/arm/4.9.3/bin/../lib/gcc/arm-none-eabi/4.9.3/../../../../arm-none-eabi/lib/armv7-m/crt0.o
 .text          0x00000000        0x0 .\ARM_GCC_493\Debug\main.o
 .data          0x00000000        0x0 .\ARM_GCC_493\Debug\main.o
 .text          0x00000000        0x0 .\ARM_GCC_493\Debug\cymetadata.o
 .data          0x00000000        0x0 .\ARM_GCC_493\Debug\cymetadata.o
 .bss           0x00000000        0x0 .\ARM_GCC_493\Debug\cymetadata.o
 .text          0x00000000        0x0 .\ARM_GCC_493\Debug\Cm3Start.o
 .data          0x00000000        0x4 .\ARM_GCC_493\Debug\Cm3Start.o
 .bss           0x00000000        0x0 .\ARM_GCC_493\Debug\Cm3Start.o
 .text._exit    0x00000000       0x14 .\ARM_GCC_493\Debug\Cm3Start.o
 .text._sbrk    0x00000000       0x50 .\ARM_GCC_493\Debug\Cm3Start.o
 .text          0x00000000        0x0 .\ARM_GCC_493\Debug\Volume_Control.a(cyfitter_cfg.o)
 .data          0x00000000        0x0 .\ARM_GCC_493\Debug\Volume_Control.a(cyfitter_cfg.o)
 .bss           0x00000000        0x0 .\ARM_GCC_493\Debug\Volume_Control.a(cyfitter_cfg.o)
 .text.SetAnalogRoutingPumps
                0x00000000       0x3c .\ARM_GCC_493\Debug\Volume_Control.a(cyfitter_cfg.o)
 .text          0x00000000        0x0 .\ARM_GCC_493\Debug\Volume_Control.a(ADC_Timer.o)
 .data          0x00000000        0x0 .\ARM_GCC_493\Debug\Volume_Control.a(ADC_Timer.o)
 .text.ADC_Timer_Stop
                0x00000000       0x20 .\ARM_GCC_493\Debug\Volume_Control.a(ADC_Timer.o)
 .text.ADC_Timer_SoftwareCapture
                0x00000000       0x14 .\ARM_GCC_493\Debug\Volume_Control.a(ADC_Timer.o)
 .text.ADC_Timer_ReadControlRegister
                0x00000000       0x18 .\ARM_GCC_493\Debug\Volume_Control.a(ADC_Timer.o)
 .text.ADC_Timer_WriteControlRegister
                0x00000000       0x20 .\ARM_GCC_493\Debug\Volume_Control.a(ADC_Timer.o)
 .text.ADC_Timer_ReadPeriod
                0x00000000       0x18 .\ARM_GCC_493\Debug\Volume_Control.a(ADC_Timer.o)
 .text.ADC_Timer_ReadCounter
                0x00000000       0x20 .\ARM_GCC_493\Debug\Volume_Control.a(ADC_Timer.o)
 .text          0x00000000        0x0 .\ARM_GCC_493\Debug\Volume_Control.a(Volume_ADC.o)
 .text.Volume_ADC_Stop
                0x00000000      0x17c .\ARM_GCC_493\Debug\Volume_Control.a(Volume_ADC.o)
 .text.Volume_ADC_SetBufferGain
                0x00000000       0x3c .\ARM_GCC_493\Debug\Volume_Control.a(Volume_ADC.o)
 .text.Volume_ADC_SetCoherency
                0x00000000       0x38 .\ARM_GCC_493\Debug\Volume_Control.a(Volume_ADC.o)
 .text.Volume_ADC_SetGCOR
                0x00000000       0xb8 .\ARM_GCC_493\Debug\Volume_Control.a(Volume_ADC.o)
 .text.Volume_ADC_ReadGCOR
                0x00000000       0x3c .\ARM_GCC_493\Debug\Volume_Control.a(Volume_ADC.o)
 .text.Volume_ADC_StartConvert
                0x00000000       0x20 .\ARM_GCC_493\Debug\Volume_Control.a(Volume_ADC.o)
 .text.Volume_ADC_StopConvert
                0x00000000       0x20 .\ARM_GCC_493\Debug\Volume_Control.a(Volume_ADC.o)
 .text.Volume_ADC_IsEndConversion
                0x00000000       0x50 .\ARM_GCC_493\Debug\Volume_Control.a(Volume_ADC.o)
 .text.Volume_ADC_GetResult8
                0x00000000       0x68 .\ARM_GCC_493\Debug\Volume_Control.a(Volume_ADC.o)
 .text.Volume_ADC_GetResult32
                0x00000000       0xa8 .\ARM_GCC_493\Debug\Volume_Control.a(Volume_ADC.o)
 .text.Volume_ADC_SetOffset
                0x00000000       0x1c .\ARM_GCC_493\Debug\Volume_Control.a(Volume_ADC.o)
 .text.Volume_ADC_SetGain
                0x00000000       0x1c .\ARM_GCC_493\Debug\Volume_Control.a(Volume_ADC.o)
 .text.Volume_ADC_CountsTo_Volts
                0x00000000       0x44 .\ARM_GCC_493\Debug\Volume_Control.a(Volume_ADC.o)
 .text.Volume_ADC_CountsTo_uVolts
                0x00000000       0xb8 .\ARM_GCC_493\Debug\Volume_Control.a(Volume_ADC.o)
 .text.Volume_ADC_SelectConfiguration
                0x00000000       0x90 .\ARM_GCC_493\Debug\Volume_Control.a(Volume_ADC.o)
 .text.Volume_ADC_Read8
                0x00000000       0x3c .\ARM_GCC_493\Debug\Volume_Control.a(Volume_ADC.o)
 .text.Volume_ADC_Read16
                0x00000000       0x3c .\ARM_GCC_493\Debug\Volume_Control.a(Volume_ADC.o)
 .text.Volume_ADC_Read32
                0x00000000       0x38 .\ARM_GCC_493\Debug\Volume_Control.a(Volume_ADC.o)
 .text          0x00000000        0x0 .\ARM_GCC_493\Debug\Volume_Control.a(Volume_ADC_INT.o)
 .data          0x00000000        0x0 .\ARM_GCC_493\Debug\Volume_Control.a(Volume_ADC_INT.o)
 .bss           0x00000000        0x0 .\ARM_GCC_493\Debug\Volume_Control.a(Volume_ADC_INT.o)
 .text.Volume_ADC_ISR2
                0x00000000        0xc .\ARM_GCC_493\Debug\Volume_Control.a(Volume_ADC_INT.o)
 .text.Volume_ADC_ISR3
                0x00000000        0xc .\ARM_GCC_493\Debug\Volume_Control.a(Volume_ADC_INT.o)
 .text.Volume_ADC_ISR4
                0x00000000        0xc .\ARM_GCC_493\Debug\Volume_Control.a(Volume_ADC_INT.o)
 .text          0x00000000        0x0 .\ARM_GCC_493\Debug\Volume_Control.a(Volume_ADC_Ext_CP_Clk.o)
 .data          0x00000000        0x0 .\ARM_GCC_493\Debug\Volume_Control.a(Volume_ADC_Ext_CP_Clk.o)
 .bss           0x00000000        0x0 .\ARM_GCC_493\Debug\Volume_Control.a(Volume_ADC_Ext_CP_Clk.o)
 .text.Volume_ADC_Ext_CP_Clk_Start
                0x00000000       0x34 .\ARM_GCC_493\Debug\Volume_Control.a(Volume_ADC_Ext_CP_Clk.o)
 .text.Volume_ADC_Ext_CP_Clk_Stop
                0x00000000       0x34 .\ARM_GCC_493\Debug\Volume_Control.a(Volume_ADC_Ext_CP_Clk.o)
 .text.Volume_ADC_Ext_CP_Clk_StopBlock
                0x00000000       0xb0 .\ARM_GCC_493\Debug\Volume_Control.a(Volume_ADC_Ext_CP_Clk.o)
 .text.Volume_ADC_Ext_CP_Clk_StandbyPower
                0x00000000       0x40 .\ARM_GCC_493\Debug\Volume_Control.a(Volume_ADC_Ext_CP_Clk.o)
 .text.Volume_ADC_Ext_CP_Clk_ClearModeRegister
                0x00000000       0x34 .\ARM_GCC_493\Debug\Volume_Control.a(Volume_ADC_Ext_CP_Clk.o)
 .text.Volume_ADC_Ext_CP_Clk_GetModeRegister
                0x00000000       0x20 .\ARM_GCC_493\Debug\Volume_Control.a(Volume_ADC_Ext_CP_Clk.o)
 .text.Volume_ADC_Ext_CP_Clk_SetSourceRegister
                0x00000000       0xbc .\ARM_GCC_493\Debug\Volume_Control.a(Volume_ADC_Ext_CP_Clk.o)
 .text          0x00000000        0x0 .\ARM_GCC_493\Debug\Volume_Control.a(Volume_ADC_IRQ.o)
 .data          0x00000000        0x0 .\ARM_GCC_493\Debug\Volume_Control.a(Volume_ADC_IRQ.o)
 .bss           0x00000000        0x0 .\ARM_GCC_493\Debug\Volume_Control.a(Volume_ADC_IRQ.o)
 .text.Volume_ADC_IRQ_Start
                0x00000000       0x20 .\ARM_GCC_493\Debug\Volume_Control.a(Volume_ADC_IRQ.o)
 .text.Volume_ADC_IRQ_Stop
                0x00000000       0x14 .\ARM_GCC_493\Debug\Volume_Control.a(Volume_ADC_IRQ.o)
 .text.Volume_ADC_IRQ_Interrupt
                0x00000000        0xc .\ARM_GCC_493\Debug\Volume_Control.a(Volume_ADC_IRQ.o)
 .text.Volume_ADC_IRQ_GetVector
                0x00000000       0x24 .\ARM_GCC_493\Debug\Volume_Control.a(Volume_ADC_IRQ.o)
 .text.Volume_ADC_IRQ_GetPriority
                0x00000000       0x24 .\ARM_GCC_493\Debug\Volume_Control.a(Volume_ADC_IRQ.o)
 .text.Volume_ADC_IRQ_GetState
                0x00000000       0x24 .\ARM_GCC_493\Debug\Volume_Control.a(Volume_ADC_IRQ.o)
 .text.Volume_ADC_IRQ_SetPending
                0x00000000       0x18 .\ARM_GCC_493\Debug\Volume_Control.a(Volume_ADC_IRQ.o)
 .text.Volume_ADC_IRQ_ClearPending
                0x00000000       0x18 .\ARM_GCC_493\Debug\Volume_Control.a(Volume_ADC_IRQ.o)
 .text          0x00000000        0x0 .\ARM_GCC_493\Debug\Volume_Control.a(Volume_ADC_theACLK.o)
 .data          0x00000000        0x0 .\ARM_GCC_493\Debug\Volume_Control.a(Volume_ADC_theACLK.o)
 .bss           0x00000000        0x0 .\ARM_GCC_493\Debug\Volume_Control.a(Volume_ADC_theACLK.o)
 .text.Volume_ADC_theACLK_Start
                0x00000000       0x34 .\ARM_GCC_493\Debug\Volume_Control.a(Volume_ADC_theACLK.o)
 .text.Volume_ADC_theACLK_Stop
                0x00000000       0x34 .\ARM_GCC_493\Debug\Volume_Control.a(Volume_ADC_theACLK.o)
 .text.Volume_ADC_theACLK_StopBlock
                0x00000000       0xb0 .\ARM_GCC_493\Debug\Volume_Control.a(Volume_ADC_theACLK.o)
 .text.Volume_ADC_theACLK_StandbyPower
                0x00000000       0x40 .\ARM_GCC_493\Debug\Volume_Control.a(Volume_ADC_theACLK.o)
 .text.Volume_ADC_theACLK_ClearModeRegister
                0x00000000       0x34 .\ARM_GCC_493\Debug\Volume_Control.a(Volume_ADC_theACLK.o)
 .text.Volume_ADC_theACLK_GetModeRegister
                0x00000000       0x20 .\ARM_GCC_493\Debug\Volume_Control.a(Volume_ADC_theACLK.o)
 .text.Volume_ADC_theACLK_SetSourceRegister
                0x00000000       0xbc .\ARM_GCC_493\Debug\Volume_Control.a(Volume_ADC_theACLK.o)
 .text.Volume_ADC_theACLK_SetPhaseRegister
                0x00000000       0x24 .\ARM_GCC_493\Debug\Volume_Control.a(Volume_ADC_theACLK.o)
 .text.Volume_ADC_theACLK_GetPhaseRegister
                0x00000000       0x20 .\ARM_GCC_493\Debug\Volume_Control.a(Volume_ADC_theACLK.o)
 .text          0x00000000        0x0 .\ARM_GCC_493\Debug\Volume_Control.a(CyLib.o)
 .bss           0x00000000       0x1c .\ARM_GCC_493\Debug\Volume_Control.a(CyLib.o)
 .text.CyPLL_OUT_Start
                0x00000000       0xb0 .\ARM_GCC_493\Debug\Volume_Control.a(CyLib.o)
 .text.CyPLL_OUT_Stop
                0x00000000       0x20 .\ARM_GCC_493\Debug\Volume_Control.a(CyLib.o)
 .text.CyPLL_OUT_SetPQ
                0x00000000       0x90 .\ARM_GCC_493\Debug\Volume_Control.a(CyLib.o)
 .text.CyPLL_OUT_SetSource
                0x00000000       0x54 .\ARM_GCC_493\Debug\Volume_Control.a(CyLib.o)
 .text.CyIMO_Start
                0x00000000       0x94 .\ARM_GCC_493\Debug\Volume_Control.a(CyLib.o)
 .text.CyIMO_Stop
                0x00000000       0x34 .\ARM_GCC_493\Debug\Volume_Control.a(CyLib.o)
 .text.CyUSB_PowerOnCheck
                0x00000000       0x60 .\ARM_GCC_493\Debug\Volume_Control.a(CyLib.o)
 .text.CyIMO_SetTrimValue
                0x00000000      0x108 .\ARM_GCC_493\Debug\Volume_Control.a(CyLib.o)
 .text.CyIMO_SetFreq
                0x00000000      0x1ac .\ARM_GCC_493\Debug\Volume_Control.a(CyLib.o)
 .text.CyIMO_SetSource
                0x00000000       0x8c .\ARM_GCC_493\Debug\Volume_Control.a(CyLib.o)
 .text.CyIMO_EnableDoubler
                0x00000000       0x20 .\ARM_GCC_493\Debug\Volume_Control.a(CyLib.o)
 .text.CyIMO_DisableDoubler
                0x00000000       0x20 .\ARM_GCC_493\Debug\Volume_Control.a(CyLib.o)
 .text.CyMasterClk_SetSource
                0x00000000       0x34 .\ARM_GCC_493\Debug\Volume_Control.a(CyLib.o)
 .text.CyMasterClk_SetDivider
                0x00000000       0x20 .\ARM_GCC_493\Debug\Volume_Control.a(CyLib.o)
 .text.CyBusClk_Internal_SetDivider
                0x00000000       0x78 .\ARM_GCC_493\Debug\Volume_Control.a(CyLib.o)
 .text.CyBusClk_SetDivider
                0x00000000       0xb4 .\ARM_GCC_493\Debug\Volume_Control.a(CyLib.o)
 .text.CyUsbClk_SetSource
                0x00000000       0x34 .\ARM_GCC_493\Debug\Volume_Control.a(CyLib.o)
 .text.CyILO_Start1K
                0x00000000       0x20 .\ARM_GCC_493\Debug\Volume_Control.a(CyLib.o)
 .text.CyILO_Stop1K
                0x00000000       0x20 .\ARM_GCC_493\Debug\Volume_Control.a(CyLib.o)
 .text.CyILO_Start100K
                0x00000000       0x20 .\ARM_GCC_493\Debug\Volume_Control.a(CyLib.o)
 .text.CyILO_Stop100K
                0x00000000       0x20 .\ARM_GCC_493\Debug\Volume_Control.a(CyLib.o)
 .text.CyILO_Enable33K
                0x00000000       0x20 .\ARM_GCC_493\Debug\Volume_Control.a(CyLib.o)
 .text.CyILO_Disable33K
                0x00000000       0x20 .\ARM_GCC_493\Debug\Volume_Control.a(CyLib.o)
 .text.CyILO_SetSource
                0x00000000       0x38 .\ARM_GCC_493\Debug\Volume_Control.a(CyLib.o)
 .text.CyILO_SetPowerMode
                0x00000000       0x4c .\ARM_GCC_493\Debug\Volume_Control.a(CyLib.o)
 .text.CyXTAL_32KHZ_Start
                0x00000000       0x84 .\ARM_GCC_493\Debug\Volume_Control.a(CyLib.o)
 .text.CyXTAL_32KHZ_Stop
                0x00000000       0x50 .\ARM_GCC_493\Debug\Volume_Control.a(CyLib.o)
 .text.CyXTAL_32KHZ_ReadStatus
                0x00000000       0x20 .\ARM_GCC_493\Debug\Volume_Control.a(CyLib.o)
 .text.CyXTAL_32KHZ_SetPowerMode
                0x00000000       0xb4 .\ARM_GCC_493\Debug\Volume_Control.a(CyLib.o)
 .text.CyXTAL_Start
                0x00000000       0xd0 .\ARM_GCC_493\Debug\Volume_Control.a(CyLib.o)
 .text.CyXTAL_Stop
                0x00000000       0x20 .\ARM_GCC_493\Debug\Volume_Control.a(CyLib.o)
 .text.CyXTAL_EnableErrStatus
                0x00000000       0x20 .\ARM_GCC_493\Debug\Volume_Control.a(CyLib.o)
 .text.CyXTAL_DisableErrStatus
                0x00000000       0x20 .\ARM_GCC_493\Debug\Volume_Control.a(CyLib.o)
 .text.CyXTAL_ReadStatus
                0x00000000       0x28 .\ARM_GCC_493\Debug\Volume_Control.a(CyLib.o)
 .text.CyXTAL_EnableFaultRecovery
                0x00000000       0x20 .\ARM_GCC_493\Debug\Volume_Control.a(CyLib.o)
 .text.CyXTAL_DisableFaultRecovery
                0x00000000       0x20 .\ARM_GCC_493\Debug\Volume_Control.a(CyLib.o)
 .text.CyXTAL_SetStartup
                0x00000000       0x34 .\ARM_GCC_493\Debug\Volume_Control.a(CyLib.o)
 .text.CyXTAL_SetFbVoltage
                0x00000000       0x34 .\ARM_GCC_493\Debug\Volume_Control.a(CyLib.o)
 .text.CyXTAL_SetWdVoltage
                0x00000000       0x38 .\ARM_GCC_493\Debug\Volume_Control.a(CyLib.o)
 .text.CySoftwareReset
                0x00000000       0x20 .\ARM_GCC_493\Debug\Volume_Control.a(CyLib.o)
 .text.CyDelay  0x00000000       0x44 .\ARM_GCC_493\Debug\Volume_Control.a(CyLib.o)
 .text.CyDelayFreq
                0x00000000       0x7c .\ARM_GCC_493\Debug\Volume_Control.a(CyLib.o)
 .text.CyWdtStart
                0x00000000       0x8c .\ARM_GCC_493\Debug\Volume_Control.a(CyLib.o)
 .text.CyWdtClear
                0x00000000       0x18 .\ARM_GCC_493\Debug\Volume_Control.a(CyLib.o)
 .text.CyVdLvDigitEnable
                0x00000000       0xcc .\ARM_GCC_493\Debug\Volume_Control.a(CyLib.o)
 .text.CyVdLvAnalogEnable
                0x00000000       0xc8 .\ARM_GCC_493\Debug\Volume_Control.a(CyLib.o)
 .text.CyVdLvDigitDisable
                0x00000000       0x48 .\ARM_GCC_493\Debug\Volume_Control.a(CyLib.o)
 .text.CyVdLvAnalogDisable
                0x00000000       0x40 .\ARM_GCC_493\Debug\Volume_Control.a(CyLib.o)
 .text.CyVdHvAnalogEnable
                0x00000000       0x78 .\ARM_GCC_493\Debug\Volume_Control.a(CyLib.o)
 .text.CyVdHvAnalogDisable
                0x00000000       0x2c .\ARM_GCC_493\Debug\Volume_Control.a(CyLib.o)
 .text.CyVdStickyStatus
                0x00000000       0x5c .\ARM_GCC_493\Debug\Volume_Control.a(CyLib.o)
 .text.CyVdRealTimeStatus
                0x00000000       0x30 .\ARM_GCC_493\Debug\Volume_Control.a(CyLib.o)
 .text.CyDisableInts
                0x00000000       0x34 .\ARM_GCC_493\Debug\Volume_Control.a(CyLib.o)
 .text.CyEnableInts
                0x00000000       0x28 .\ARM_GCC_493\Debug\Volume_Control.a(CyLib.o)
 .text.CyFlushCache
                0x00000000       0x58 .\ARM_GCC_493\Debug\Volume_Control.a(CyLib.o)
 .text.CyIntSetSysVector
                0x00000000       0x4c .\ARM_GCC_493\Debug\Volume_Control.a(CyLib.o)
 .text.CyIntGetSysVector
                0x00000000       0x38 .\ARM_GCC_493\Debug\Volume_Control.a(CyLib.o)
 .text.CyIntGetVector
                0x00000000       0x38 .\ARM_GCC_493\Debug\Volume_Control.a(CyLib.o)
 .text.CyIntGetPriority
                0x00000000       0x38 .\ARM_GCC_493\Debug\Volume_Control.a(CyLib.o)
 .text.CyIntGetState
                0x00000000       0x44 .\ARM_GCC_493\Debug\Volume_Control.a(CyLib.o)
 .text.CySysTickStart
                0x00000000       0x20 .\ARM_GCC_493\Debug\Volume_Control.a(CyLib.o)
 .text.CySysTickInit
                0x00000000       0x68 .\ARM_GCC_493\Debug\Volume_Control.a(CyLib.o)
 .text.CySysTickEnable
                0x00000000       0x1c .\ARM_GCC_493\Debug\Volume_Control.a(CyLib.o)
 .text.CySysTickStop
                0x00000000       0x1c .\ARM_GCC_493\Debug\Volume_Control.a(CyLib.o)
 .text.CySysTickEnableInterrupt
                0x00000000       0x1c .\ARM_GCC_493\Debug\Volume_Control.a(CyLib.o)
 .text.CySysTickDisableInterrupt
                0x00000000       0x1c .\ARM_GCC_493\Debug\Volume_Control.a(CyLib.o)
 .text.CySysTickSetReload
                0x00000000       0x20 .\ARM_GCC_493\Debug\Volume_Control.a(CyLib.o)
 .text.CySysTickGetReload
                0x00000000       0x1c .\ARM_GCC_493\Debug\Volume_Control.a(CyLib.o)
 .text.CySysTickGetValue
                0x00000000       0x1c .\ARM_GCC_493\Debug\Volume_Control.a(CyLib.o)
 .text.CySysTickSetClockSource
                0x00000000       0x38 .\ARM_GCC_493\Debug\Volume_Control.a(CyLib.o)
 .text.CySysTickGetClockSource
                0x00000000       0x1c .\ARM_GCC_493\Debug\Volume_Control.a(CyLib.o)
 .text.CySysTickGetCountFlag
                0x00000000       0x1c .\ARM_GCC_493\Debug\Volume_Control.a(CyLib.o)
 .text.CySysTickClear
                0x00000000       0x18 .\ARM_GCC_493\Debug\Volume_Control.a(CyLib.o)
 .text.CySysTickSetCallback
                0x00000000       0x30 .\ARM_GCC_493\Debug\Volume_Control.a(CyLib.o)
 .text.CySysTickGetCallback
                0x00000000       0x20 .\ARM_GCC_493\Debug\Volume_Control.a(CyLib.o)
 .text.CySysTickServiceCallbacks
                0x00000000       0x44 .\ARM_GCC_493\Debug\Volume_Control.a(CyLib.o)
 .text.CyGetUniqueId
                0x00000000       0xc4 .\ARM_GCC_493\Debug\Volume_Control.a(CyLib.o)
 .text          0x00000000        0x0 .\ARM_GCC_493\Debug\Volume_Control.a(cyPm.o)
 .data          0x00000000        0x0 .\ARM_GCC_493\Debug\Volume_Control.a(cyPm.o)
 .bss           0x00000000       0x44 .\ARM_GCC_493\Debug\Volume_Control.a(cyPm.o)
 .rodata        0x00000000       0x10 .\ARM_GCC_493\Debug\Volume_Control.a(cyPm.o)
 .text.CyPmSaveClocks
                0x00000000      0x284 .\ARM_GCC_493\Debug\Volume_Control.a(cyPm.o)
 .text.CyPmRestoreClocks
                0x00000000      0x300 .\ARM_GCC_493\Debug\Volume_Control.a(cyPm.o)
 .text.CyPmAltAct
                0x00000000       0xb8 .\ARM_GCC_493\Debug\Volume_Control.a(cyPm.o)
 .text.CyPmSleep
                0x00000000      0x170 .\ARM_GCC_493\Debug\Volume_Control.a(cyPm.o)
 .text.CyPmHibernate
                0x00000000        0xc .\ARM_GCC_493\Debug\Volume_Control.a(cyPm.o)
 .text.CyPmHibernateEx
                0x00000000      0x158 .\ARM_GCC_493\Debug\Volume_Control.a(cyPm.o)
 .text.CyPmReadStatus
                0x00000000       0x5c .\ARM_GCC_493\Debug\Volume_Control.a(cyPm.o)
 .text.CyPmHibSaveSet
                0x00000000       0xd4 .\ARM_GCC_493\Debug\Volume_Control.a(cyPm.o)
 .text.CyPmHibRestore
                0x00000000       0x68 .\ARM_GCC_493\Debug\Volume_Control.a(cyPm.o)
 .text.CyPmCtwSetInterval
                0x00000000       0x90 .\ARM_GCC_493\Debug\Volume_Control.a(cyPm.o)
 .text.CyPmOppsSet
                0x00000000       0x40 .\ARM_GCC_493\Debug\Volume_Control.a(cyPm.o)
 .text.CyPmFtwSetInterval
                0x00000000       0x90 .\ARM_GCC_493\Debug\Volume_Control.a(cyPm.o)
 .text.CyPmHibSlpSaveSet
                0x00000000      0x280 .\ARM_GCC_493\Debug\Volume_Control.a(cyPm.o)
 .text.CyPmHibSlpRestore
                0x00000000      0x188 .\ARM_GCC_493\Debug\Volume_Control.a(cyPm.o)
 .text.CyPmHviLviSaveDisable
                0x00000000       0xd4 .\ARM_GCC_493\Debug\Volume_Control.a(cyPm.o)
 .text.CyPmHviLviRestore
                0x00000000       0x54 .\ARM_GCC_493\Debug\Volume_Control.a(cyPm.o)
 .data          0x00000000        0x0 .\ARM_GCC_493\Debug\Volume_Control.a(CyBootAsmGnu.o)
 .bss           0x00000000        0x0 .\ARM_GCC_493\Debug\Volume_Control.a(CyBootAsmGnu.o)
 .text          0x00000000        0x0 .\ARM_GCC_493\Debug\Volume_Control.a(CyFlash.o)
 .data          0x00000000        0x0 .\ARM_GCC_493\Debug\Volume_Control.a(CyFlash.o)
 .bss           0x00000000        0x4 .\ARM_GCC_493\Debug\Volume_Control.a(CyFlash.o)
 .text.CyFlash_Start
                0x00000000       0x8c .\ARM_GCC_493\Debug\Volume_Control.a(CyFlash.o)
 .text.CyFlash_Stop
                0x00000000       0x44 .\ARM_GCC_493\Debug\Volume_Control.a(CyFlash.o)
 .text.CySetTempInt
                0x00000000       0x7c .\ARM_GCC_493\Debug\Volume_Control.a(CyFlash.o)
 .text.CyFlashGetSpcAlgorithm
                0x00000000       0x70 .\ARM_GCC_493\Debug\Volume_Control.a(CyFlash.o)
 .text.CySetTemp
                0x00000000       0x24 .\ARM_GCC_493\Debug\Volume_Control.a(CyFlash.o)
 .text.CySetFlashEEBuffer
                0x00000000       0x54 .\ARM_GCC_493\Debug\Volume_Control.a(CyFlash.o)
 .text.CyWriteRowData
                0x00000000       0x3c .\ARM_GCC_493\Debug\Volume_Control.a(CyFlash.o)
 .text.CyWriteRowConfig
                0x00000000       0x2c .\ARM_GCC_493\Debug\Volume_Control.a(CyFlash.o)
 .text.CyWriteRowFull
                0x00000000      0x158 .\ARM_GCC_493\Debug\Volume_Control.a(CyFlash.o)
 .text.CyFlash_SetWaitCycles
                0x00000000       0xbc .\ARM_GCC_493\Debug\Volume_Control.a(CyFlash.o)
 .text.CyEEPROM_Start
                0x00000000       0x8c .\ARM_GCC_493\Debug\Volume_Control.a(CyFlash.o)
 .text.CyEEPROM_Stop
                0x00000000       0x44 .\ARM_GCC_493\Debug\Volume_Control.a(CyFlash.o)
 .text.CyEEPROM_ReadReserve
                0x00000000       0x30 .\ARM_GCC_493\Debug\Volume_Control.a(CyFlash.o)
 .text.CyEEPROM_ReadRelease
                0x00000000       0x20 .\ARM_GCC_493\Debug\Volume_Control.a(CyFlash.o)
 COMMON         0x00000000        0x2 .\ARM_GCC_493\Debug\Volume_Control.a(CyFlash.o)
 .text          0x00000000        0x0 .\ARM_GCC_493\Debug\Volume_Control.a(CySpc.o)
 .data          0x00000000        0x0 .\ARM_GCC_493\Debug\Volume_Control.a(CySpc.o)
 .bss           0x00000000        0x8 .\ARM_GCC_493\Debug\Volume_Control.a(CySpc.o)
 .text.CySpcStart
                0x00000000       0x44 .\ARM_GCC_493\Debug\Volume_Control.a(CySpc.o)
 .text.CySpcStop
                0x00000000       0x44 .\ARM_GCC_493\Debug\Volume_Control.a(CySpc.o)
 .text.CySpcReadData
                0x00000000       0x58 .\ARM_GCC_493\Debug\Volume_Control.a(CySpc.o)
 .text.CySpcLoadMultiByte
                0x00000000       0xd4 .\ARM_GCC_493\Debug\Volume_Control.a(CySpc.o)
 .text.CySpcLoadRow
                0x00000000       0x8c .\ARM_GCC_493\Debug\Volume_Control.a(CySpc.o)
 .text.CySpcLoadRowFull
                0x00000000      0x108 .\ARM_GCC_493\Debug\Volume_Control.a(CySpc.o)
 .text.CySpcWriteRow
                0x00000000       0x98 .\ARM_GCC_493\Debug\Volume_Control.a(CySpc.o)
 .text.CySpcEraseSector
                0x00000000       0x70 .\ARM_GCC_493\Debug\Volume_Control.a(CySpc.o)
 .text.CySpcGetTemp
                0x00000000       0x64 .\ARM_GCC_493\Debug\Volume_Control.a(CySpc.o)
 .text.CySpcLock
                0x00000000       0x68 .\ARM_GCC_493\Debug\Volume_Control.a(CySpc.o)
 .text.CySpcUnlock
                0x00000000       0x50 .\ARM_GCC_493\Debug\Volume_Control.a(CySpc.o)
 .text.CySpcGetAlgorithm
                0x00000000       0x48 .\ARM_GCC_493\Debug\Volume_Control.a(CySpc.o)
 .text          0x00000000      0x370 c:/program files (x86)/cypress/psoc creator/4.0/psoc creator/import/gnu/arm/4.9.3/bin/../lib/gcc/arm-none-eabi/4.9.3/armv7-m\libgcc.a(_arm_addsubdf3.o)
 .data          0x00000000        0x0 c:/program files (x86)/cypress/psoc creator/4.0/psoc creator/import/gnu/arm/4.9.3/bin/../lib/gcc/arm-none-eabi/4.9.3/armv7-m\libgcc.a(_arm_addsubdf3.o)
 .bss           0x00000000        0x0 c:/program files (x86)/cypress/psoc creator/4.0/psoc creator/import/gnu/arm/4.9.3/bin/../lib/gcc/arm-none-eabi/4.9.3/armv7-m\libgcc.a(_arm_addsubdf3.o)
 .text          0x00000000      0x110 c:/program files (x86)/cypress/psoc creator/4.0/psoc creator/import/gnu/arm/4.9.3/bin/../lib/gcc/arm-none-eabi/4.9.3/armv7-m\libgcc.a(_arm_cmpdf2.o)
 .data          0x00000000        0x0 c:/program files (x86)/cypress/psoc creator/4.0/psoc creator/import/gnu/arm/4.9.3/bin/../lib/gcc/arm-none-eabi/4.9.3/armv7-m\libgcc.a(_arm_cmpdf2.o)
 .bss           0x00000000        0x0 c:/program files (x86)/cypress/psoc creator/4.0/psoc creator/import/gnu/arm/4.9.3/bin/../lib/gcc/arm-none-eabi/4.9.3/armv7-m\libgcc.a(_arm_cmpdf2.o)
 .text          0x00000000      0x21c c:/program files (x86)/cypress/psoc creator/4.0/psoc creator/import/gnu/arm/4.9.3/bin/../lib/gcc/arm-none-eabi/4.9.3/armv7-m\libgcc.a(_arm_addsubsf3.o)
 .data          0x00000000        0x0 c:/program files (x86)/cypress/psoc creator/4.0/psoc creator/import/gnu/arm/4.9.3/bin/../lib/gcc/arm-none-eabi/4.9.3/armv7-m\libgcc.a(_arm_addsubsf3.o)
 .bss           0x00000000        0x0 c:/program files (x86)/cypress/psoc creator/4.0/psoc creator/import/gnu/arm/4.9.3/bin/../lib/gcc/arm-none-eabi/4.9.3/armv7-m\libgcc.a(_arm_addsubsf3.o)
 .text          0x00000000      0x2a0 c:/program files (x86)/cypress/psoc creator/4.0/psoc creator/import/gnu/arm/4.9.3/bin/../lib/gcc/arm-none-eabi/4.9.3/armv7-m\libgcc.a(_arm_muldivsf3.o)
 .data          0x00000000        0x0 c:/program files (x86)/cypress/psoc creator/4.0/psoc creator/import/gnu/arm/4.9.3/bin/../lib/gcc/arm-none-eabi/4.9.3/armv7-m\libgcc.a(_arm_muldivsf3.o)
 .bss           0x00000000        0x0 c:/program files (x86)/cypress/psoc creator/4.0/psoc creator/import/gnu/arm/4.9.3/bin/../lib/gcc/arm-none-eabi/4.9.3/armv7-m\libgcc.a(_arm_muldivsf3.o)
 .text          0x00000000       0x40 c:/program files (x86)/cypress/psoc creator/4.0/psoc creator/import/gnu/arm/4.9.3/bin/../lib/gcc/arm-none-eabi/4.9.3/armv7-m\libgcc.a(_arm_fixunssfsi.o)
 .data          0x00000000        0x0 c:/program files (x86)/cypress/psoc creator/4.0/psoc creator/import/gnu/arm/4.9.3/bin/../lib/gcc/arm-none-eabi/4.9.3/armv7-m\libgcc.a(_arm_fixunssfsi.o)
 .bss           0x00000000        0x0 c:/program files (x86)/cypress/psoc creator/4.0/psoc creator/import/gnu/arm/4.9.3/bin/../lib/gcc/arm-none-eabi/4.9.3/armv7-m\libgcc.a(_arm_fixunssfsi.o)
 .text          0x00000000        0x0 c:/program files (x86)/cypress/psoc creator/4.0/psoc creator/import/gnu/arm/4.9.3/bin/../lib/gcc/arm-none-eabi/4.9.3/../../../../arm-none-eabi/lib/armv7-m\libg_nano.a(lib_a-errno.o)
 .data          0x00000000        0x0 c:/program files (x86)/cypress/psoc creator/4.0/psoc creator/import/gnu/arm/4.9.3/bin/../lib/gcc/arm-none-eabi/4.9.3/../../../../arm-none-eabi/lib/armv7-m\libg_nano.a(lib_a-errno.o)
 .bss           0x00000000        0x0 c:/program files (x86)/cypress/psoc creator/4.0/psoc creator/import/gnu/arm/4.9.3/bin/../lib/gcc/arm-none-eabi/4.9.3/../../../../arm-none-eabi/lib/armv7-m\libg_nano.a(lib_a-errno.o)
 .text          0x00000000        0x0 c:/program files (x86)/cypress/psoc creator/4.0/psoc creator/import/gnu/arm/4.9.3/bin/../lib/gcc/arm-none-eabi/4.9.3/../../../../arm-none-eabi/lib/armv7-m\libg_nano.a(lib_a-exit.o)
 .data          0x00000000        0x0 c:/program files (x86)/cypress/psoc creator/4.0/psoc creator/import/gnu/arm/4.9.3/bin/../lib/gcc/arm-none-eabi/4.9.3/../../../../arm-none-eabi/lib/armv7-m\libg_nano.a(lib_a-exit.o)
 .bss           0x00000000        0x0 c:/program files (x86)/cypress/psoc creator/4.0/psoc creator/import/gnu/arm/4.9.3/bin/../lib/gcc/arm-none-eabi/4.9.3/../../../../arm-none-eabi/lib/armv7-m\libg_nano.a(lib_a-exit.o)
 .text.exit     0x00000000       0x28 c:/program files (x86)/cypress/psoc creator/4.0/psoc creator/import/gnu/arm/4.9.3/bin/../lib/gcc/arm-none-eabi/4.9.3/../../../../arm-none-eabi/lib/armv7-m\libg_nano.a(lib_a-exit.o)
 .text          0x00000000        0x0 c:/program files (x86)/cypress/psoc creator/4.0/psoc creator/import/gnu/arm/4.9.3/bin/../lib/gcc/arm-none-eabi/4.9.3/../../../../arm-none-eabi/lib/armv7-m\libg_nano.a(lib_a-impure.o)
 .data          0x00000000        0x0 c:/program files (x86)/cypress/psoc creator/4.0/psoc creator/import/gnu/arm/4.9.3/bin/../lib/gcc/arm-none-eabi/4.9.3/../../../../arm-none-eabi/lib/armv7-m\libg_nano.a(lib_a-impure.o)
 .bss           0x00000000        0x0 c:/program files (x86)/cypress/psoc creator/4.0/psoc creator/import/gnu/arm/4.9.3/bin/../lib/gcc/arm-none-eabi/4.9.3/../../../../arm-none-eabi/lib/armv7-m\libg_nano.a(lib_a-impure.o)
 .rodata._global_impure_ptr
                0x00000000        0x4 c:/program files (x86)/cypress/psoc creator/4.0/psoc creator/import/gnu/arm/4.9.3/bin/../lib/gcc/arm-none-eabi/4.9.3/../../../../arm-none-eabi/lib/armv7-m\libg_nano.a(lib_a-impure.o)
 .text          0x00000000        0x0 c:/program files (x86)/cypress/psoc creator/4.0/psoc creator/import/gnu/arm/4.9.3/bin/../lib/gcc/arm-none-eabi/4.9.3/../../../../arm-none-eabi/lib/armv7-m\libg_nano.a(lib_a-init.o)
 .data          0x00000000        0x0 c:/program files (x86)/cypress/psoc creator/4.0/psoc creator/import/gnu/arm/4.9.3/bin/../lib/gcc/arm-none-eabi/4.9.3/../../../../arm-none-eabi/lib/armv7-m\libg_nano.a(lib_a-init.o)
 .bss           0x00000000        0x0 c:/program files (x86)/cypress/psoc creator/4.0/psoc creator/import/gnu/arm/4.9.3/bin/../lib/gcc/arm-none-eabi/4.9.3/../../../../arm-none-eabi/lib/armv7-m\libg_nano.a(lib_a-init.o)
 .text          0x00000000        0x0 c:/program files (x86)/cypress/psoc creator/4.0/psoc creator/import/gnu/arm/4.9.3/bin/../lib/gcc/arm-none-eabi/4.9.3/../../../../arm-none-eabi/lib/armv7-m\libg_nano.a(lib_a-memcpy.o)
 .data          0x00000000        0x0 c:/program files (x86)/cypress/psoc creator/4.0/psoc creator/import/gnu/arm/4.9.3/bin/../lib/gcc/arm-none-eabi/4.9.3/../../../../arm-none-eabi/lib/armv7-m\libg_nano.a(lib_a-memcpy.o)
 .bss           0x00000000        0x0 c:/program files (x86)/cypress/psoc creator/4.0/psoc creator/import/gnu/arm/4.9.3/bin/../lib/gcc/arm-none-eabi/4.9.3/../../../../arm-none-eabi/lib/armv7-m\libg_nano.a(lib_a-memcpy.o)
 .text          0x00000000        0x0 c:/program files (x86)/cypress/psoc creator/4.0/psoc creator/import/gnu/arm/4.9.3/bin/../lib/gcc/arm-none-eabi/4.9.3/../../../../arm-none-eabi/lib/armv7-m\libg_nano.a(lib_a-memset.o)
 .data          0x00000000        0x0 c:/program files (x86)/cypress/psoc creator/4.0/psoc creator/import/gnu/arm/4.9.3/bin/../lib/gcc/arm-none-eabi/4.9.3/../../../../arm-none-eabi/lib/armv7-m\libg_nano.a(lib_a-memset.o)
 .bss           0x00000000        0x0 c:/program files (x86)/cypress/psoc creator/4.0/psoc creator/import/gnu/arm/4.9.3/bin/../lib/gcc/arm-none-eabi/4.9.3/../../../../arm-none-eabi/lib/armv7-m\libg_nano.a(lib_a-memset.o)
 .text          0x00000000        0x0 c:/program files (x86)/cypress/psoc creator/4.0/psoc creator/import/gnu/arm/4.9.3/bin/../lib/gcc/arm-none-eabi/4.9.3/armv7-m/crtend.o
 .data          0x00000000        0x0 c:/program files (x86)/cypress/psoc creator/4.0/psoc creator/import/gnu/arm/4.9.3/bin/../lib/gcc/arm-none-eabi/4.9.3/armv7-m/crtend.o
 .bss           0x00000000        0x0 c:/program files (x86)/cypress/psoc creator/4.0/psoc creator/import/gnu/arm/4.9.3/bin/../lib/gcc/arm-none-eabi/4.9.3/armv7-m/crtend.o
 .text          0x00000000        0x0 c:/program files (x86)/cypress/psoc creator/4.0/psoc creator/import/gnu/arm/4.9.3/bin/../lib/gcc/arm-none-eabi/4.9.3/armv7-m/crtn.o
 .data          0x00000000        0x0 c:/program files (x86)/cypress/psoc creator/4.0/psoc creator/import/gnu/arm/4.9.3/bin/../lib/gcc/arm-none-eabi/4.9.3/armv7-m/crtn.o
 .bss           0x00000000        0x0 c:/program files (x86)/cypress/psoc creator/4.0/psoc creator/import/gnu/arm/4.9.3/bin/../lib/gcc/arm-none-eabi/4.9.3/armv7-m/crtn.o

Memory Configuration

Name             Origin             Length             Attributes
rom              0x00000000         0x00040000         xr
ram              0x1fff8000         0x00010000         xrw
*default*        0x00000000         0xffffffff

Linker script and memory map

LOAD c:/program files (x86)/cypress/psoc creator/4.0/psoc creator/import/gnu/arm/4.9.3/bin/../lib/gcc/arm-none-eabi/4.9.3/armv7-m/crti.o
LOAD c:/program files (x86)/cypress/psoc creator/4.0/psoc creator/import/gnu/arm/4.9.3/bin/../lib/gcc/arm-none-eabi/4.9.3/armv7-m/crtbegin.o
LOAD c:/program files (x86)/cypress/psoc creator/4.0/psoc creator/import/gnu/arm/4.9.3/bin/../lib/gcc/arm-none-eabi/4.9.3/../../../../arm-none-eabi/lib/armv7-m/crt0.o
START GROUP
LOAD .\ARM_GCC_493\Debug\main.o
LOAD .\ARM_GCC_493\Debug\cymetadata.o
LOAD .\ARM_GCC_493\Debug\Cm3Start.o
LOAD .\ARM_GCC_493\Debug\Volume_Control.a
LOAD C:\Program Files (x86)\Cypress\PSoC Creator\4.0\PSoC Creator\psoc\content\cycomponentlibrary\CyComponentLibrary.cylib\CortexM3\ARM_GCC_493\Debug\CyComponentLibrary.a
END GROUP
START GROUP
LOAD c:/program files (x86)/cypress/psoc creator/4.0/psoc creator/import/gnu/arm/4.9.3/bin/../lib/gcc/arm-none-eabi/4.9.3/armv7-m\libgcc.a
LOAD c:/program files (x86)/cypress/psoc creator/4.0/psoc creator/import/gnu/arm/4.9.3/bin/../lib/gcc/arm-none-eabi/4.9.3/../../../../arm-none-eabi/lib/armv7-m\libg_nano.a
LOAD c:/program files (x86)/cypress/psoc creator/4.0/psoc creator/import/gnu/arm/4.9.3/bin/../lib/gcc/arm-none-eabi/4.9.3/../../../../arm-none-eabi/lib/armv7-m\libc_nano.a
END GROUP
START GROUP
LOAD c:/program files (x86)/cypress/psoc creator/4.0/psoc creator/import/gnu/arm/4.9.3/bin/../lib/gcc/arm-none-eabi/4.9.3/armv7-m\libgcc.a
LOAD c:/program files (x86)/cypress/psoc creator/4.0/psoc creator/import/gnu/arm/4.9.3/bin/../lib/gcc/arm-none-eabi/4.9.3/../../../../arm-none-eabi/lib/armv7-m\libc_nano.a
END GROUP
LOAD c:/program files (x86)/cypress/psoc creator/4.0/psoc creator/import/gnu/arm/4.9.3/bin/../lib/gcc/arm-none-eabi/4.9.3/armv7-m/crtend.o
LOAD c:/program files (x86)/cypress/psoc creator/4.0/psoc creator/import/gnu/arm/4.9.3/bin/../lib/gcc/arm-none-eabi/4.9.3/armv7-m/crtn.o
START GROUP
LOAD c:/program files (x86)/cypress/psoc creator/4.0/psoc creator/import/gnu/arm/4.9.3/bin/../lib/gcc/arm-none-eabi/4.9.3/armv7-m\libgcc.a
LOAD c:/program files (x86)/cypress/psoc creator/4.0/psoc creator/import/gnu/arm/4.9.3/bin/../lib/gcc/arm-none-eabi/4.9.3/../../../../arm-none-eabi/lib/armv7-m\libc.a
LOAD c:/program files (x86)/cypress/psoc creator/4.0/psoc creator/import/gnu/arm/4.9.3/bin/../lib/gcc/arm-none-eabi/4.9.3/../../../../arm-none-eabi/lib/armv7-m\libnosys.a
END GROUP
                0x00000000                CY_APPL_ORIGIN = 0x0
                0x00000100                CY_FLASH_ROW_SIZE = 0x100
                0x00000020                CY_ECC_ROW_SIZE = 0x20
                0x00000000                CY_EE_IN_BTLDR = 0x0
                0x00000000                CY_APPL_LOADABLE = 0x0
                0x00000800                CY_EE_SIZE = 0x800
                0x00000001                CY_APPL_NUM = 0x1
                0x00000001                CY_APPL_MAX = 0x1
                0x00000040                CY_METADATA_SIZE = 0x40
                0x00000000                CY_APPL_LOADABLE = 0x0
                0x00000000                CY_CHECKSUM_EXCLUDE_SIZE = ALIGN (0x0, CY_FLASH_ROW_SIZE)
                0x1fff81e0                PROVIDE (__cy_heap_start, _end)
                0x00000001                PROVIDE (__cy_region_num, ((__cy_regions_end - __cy_regions) / 0x10))
                0x20008000                PROVIDE (__cy_stack, (ORIGIN (ram) + 0x10000))
                0x20007800                PROVIDE (__cy_heap_end, (__cy_stack - 0x800))

.cybootloader   0x00000000        0x0
 *(.cybootloader)
                0x00000000                appl1_start = CY_APPL_ORIGIN?CY_APPL_ORIGIN:ALIGN (CY_FLASH_ROW_SIZE)
                0x0001ff00                appl2_start = (appl1_start + ALIGN ((((0x40000 - appl1_start) - (0x2 * CY_FLASH_ROW_SIZE)) / 0x2), CY_FLASH_ROW_SIZE))
                0x00000000                appl_start = (CY_APPL_NUM == 0x1)?appl1_start:appl2_start
                0x00000000                ecc_offset = ((appl_start / CY_FLASH_ROW_SIZE) * CY_ECC_ROW_SIZE)
                0x00000000                ee_offset = (CY_APPL_LOADABLE && ! (CY_EE_IN_BTLDR))?((CY_EE_SIZE / CY_APPL_MAX) * (CY_APPL_NUM - 0x1)):0x0
                0x00000800                ee_size = (CY_APPL_LOADABLE && ! (CY_EE_IN_BTLDR))?(CY_EE_SIZE / CY_APPL_MAX):CY_EE_SIZE
                0x00000000                PROVIDE (CY_ECC_OFFSET, ecc_offset)

.text           0x00000000     0x140e
 CREATE_OBJECT_SYMBOLS
                0x00000000                PROVIDE (__cy_interrupt_vector, RomVectors)
 *(.romvectors)
 .romvectors    0x00000000       0x10 .\ARM_GCC_493\Debug\Cm3Start.o
                0x00000000                RomVectors
                0x00000001                ASSERT ((. != __cy_interrupt_vector), No interrupt vector)
                0x00000001                ASSERT (CY_APPL_ORIGIN?(SIZEOF (.cybootloader) <= CY_APPL_ORIGIN):0x1, Wrong image location)
                0x00000010                PROVIDE (__cy_reset, Reset)
 *(.text.Reset)
 .text.Reset    0x00000010       0x18 .\ARM_GCC_493\Debug\Cm3Start.o
                0x00000010                Reset
                0x00000001                ASSERT ((. != __cy_reset), No reset code)
 *(.dma_init)
                0x00000001                ASSERT ((((appl_start + .) <= 0x10000) || 0x1), DMA Init must be within the first 64k of flash)
 *(.text .text.* .gnu.linkonce.t.*)
 .text          0x00000028       0x5c c:/program files (x86)/cypress/psoc creator/4.0/psoc creator/import/gnu/arm/4.9.3/bin/../lib/gcc/arm-none-eabi/4.9.3/armv7-m/crtbegin.o
 .text.Volume_Interrupt
                0x00000084       0x20 .\ARM_GCC_493\Debug\main.o
                0x00000084                Volume_Interrupt
 .text.main     0x000000a4       0xbc .\ARM_GCC_493\Debug\main.o
                0x000000a4                main
 .text.IntDefaultHandler
                0x00000160       0x14 .\ARM_GCC_493\Debug\Cm3Start.o
                0x00000160                IntDefaultHandler
 .text.Start_c  0x00000174       0x98 .\ARM_GCC_493\Debug\Cm3Start.o
                0x00000174                Start_c
 .text.initialize_psoc
                0x0000020c       0x8c .\ARM_GCC_493\Debug\Cm3Start.o
                0x0000020c                initialize_psoc
 .text.CYMEMZERO
                0x00000298       0x1c .\ARM_GCC_493\Debug\Volume_Control.a(cyfitter_cfg.o)
 .text.CYCONFIGCPY
                0x000002b4       0x1c .\ARM_GCC_493\Debug\Volume_Control.a(cyfitter_cfg.o)
 .text.CYCONFIGCPYCODE
                0x000002d0       0x1c .\ARM_GCC_493\Debug\Volume_Control.a(cyfitter_cfg.o)
 .text.CyClockStartupError
                0x000002ec        0xc .\ARM_GCC_493\Debug\Volume_Control.a(cyfitter_cfg.o)
 .text.cfg_write_bytes32
                0x000002f8       0x74 .\ARM_GCC_493\Debug\Volume_Control.a(cyfitter_cfg.o)
 .text.ClockSetup
                0x0000036c      0x158 .\ARM_GCC_493\Debug\Volume_Control.a(cyfitter_cfg.o)
 .text.AnalogSetDefault
                0x000004c4       0x60 .\ARM_GCC_493\Debug\Volume_Control.a(cyfitter_cfg.o)
 .text.cyfitter_cfg
                0x00000524      0x12c .\ARM_GCC_493\Debug\Volume_Control.a(cyfitter_cfg.o)
                0x00000524                cyfitter_cfg
 .text.ADC_Timer_Init
                0x00000650       0x48 .\ARM_GCC_493\Debug\Volume_Control.a(ADC_Timer.o)
                0x00000650                ADC_Timer_Init
 .text.ADC_Timer_Enable
                0x00000698       0x20 .\ARM_GCC_493\Debug\Volume_Control.a(ADC_Timer.o)
                0x00000698                ADC_Timer_Enable
 .text.ADC_Timer_Start
                0x000006b8       0x20 .\ARM_GCC_493\Debug\Volume_Control.a(ADC_Timer.o)
                0x000006b8                ADC_Timer_Start
 .text.ADC_Timer_SetInterruptMode
                0x000006d8       0x20 .\ARM_GCC_493\Debug\Volume_Control.a(ADC_Timer.o)
                0x000006d8                ADC_Timer_SetInterruptMode
 .text.ADC_Timer_ReadStatusRegister
                0x000006f8       0x18 .\ARM_GCC_493\Debug\Volume_Control.a(ADC_Timer.o)
                0x000006f8                ADC_Timer_ReadStatusRegister
 .text.ADC_Timer_WritePeriod
                0x00000710       0x20 .\ARM_GCC_493\Debug\Volume_Control.a(ADC_Timer.o)
                0x00000710                ADC_Timer_WritePeriod
 .text.ADC_Timer_ReadCapture
                0x00000730       0x18 .\ARM_GCC_493\Debug\Volume_Control.a(ADC_Timer.o)
                0x00000730                ADC_Timer_ReadCapture
 .text.ADC_Timer_WriteCounter
                0x00000748       0x20 .\ARM_GCC_493\Debug\Volume_Control.a(ADC_Timer.o)
                0x00000748                ADC_Timer_WriteCounter
 .text.ADC_Timer_ClearFIFO
                0x00000768       0x1c .\ARM_GCC_493\Debug\Volume_Control.a(ADC_Timer.o)
                0x00000768                ADC_Timer_ClearFIFO
 .text.Volume_ADC_Init
                0x00000784      0x11c .\ARM_GCC_493\Debug\Volume_Control.a(Volume_ADC.o)
                0x00000784                Volume_ADC_Init
 .text.Volume_ADC_Enable
                0x000008a0      0x158 .\ARM_GCC_493\Debug\Volume_Control.a(Volume_ADC.o)
                0x000008a0                Volume_ADC_Enable
 .text.Volume_ADC_Start
                0x000009f8       0x30 .\ARM_GCC_493\Debug\Volume_Control.a(Volume_ADC.o)
                0x000009f8                Volume_ADC_Start
 .text.Volume_ADC_GetResult16
                0x00000a28       0x7c .\ARM_GCC_493\Debug\Volume_Control.a(Volume_ADC.o)
                0x00000a28                Volume_ADC_GetResult16
 .text.Volume_ADC_CountsTo_mVolts
                0x00000aa4       0x40 .\ARM_GCC_493\Debug\Volume_Control.a(Volume_ADC.o)
                0x00000aa4                Volume_ADC_CountsTo_mVolts
 .text.Volume_ADC_InitConfig
                0x00000ae4      0x15c .\ARM_GCC_493\Debug\Volume_Control.a(Volume_ADC.o)
 .text.Volume_ADC_GainCompensation
                0x00000c40      0x16c .\ARM_GCC_493\Debug\Volume_Control.a(Volume_ADC.o)
 .text.Volume_ADC_SetDSMRef0Reg
                0x00000dac       0x78 .\ARM_GCC_493\Debug\Volume_Control.a(Volume_ADC.o)
 .text.Volume_ADC_ISR1
                0x00000e24        0xc .\ARM_GCC_493\Debug\Volume_Control.a(Volume_ADC_INT.o)
                0x00000e24                Volume_ADC_ISR1
 .text.Volume_ADC_Ext_CP_Clk_SetDividerRegister
                0x00000e30      0x160 .\ARM_GCC_493\Debug\Volume_Control.a(Volume_ADC_Ext_CP_Clk.o)
                0x00000e30                Volume_ADC_Ext_CP_Clk_SetDividerRegister
 .text.Volume_ADC_Ext_CP_Clk_GetDividerRegister
                0x00000f90       0x18 .\ARM_GCC_493\Debug\Volume_Control.a(Volume_ADC_Ext_CP_Clk.o)
                0x00000f90                Volume_ADC_Ext_CP_Clk_GetDividerRegister
 .text.Volume_ADC_Ext_CP_Clk_SetModeRegister
                0x00000fa8       0x34 .\ARM_GCC_493\Debug\Volume_Control.a(Volume_ADC_Ext_CP_Clk.o)
                0x00000fa8                Volume_ADC_Ext_CP_Clk_SetModeRegister
 .text.Volume_ADC_Ext_CP_Clk_GetSourceRegister
                0x00000fdc       0x20 .\ARM_GCC_493\Debug\Volume_Control.a(Volume_ADC_Ext_CP_Clk.o)
                0x00000fdc                Volume_ADC_Ext_CP_Clk_GetSourceRegister
 .text.Volume_ADC_IRQ_StartEx
                0x00000ffc       0x24 .\ARM_GCC_493\Debug\Volume_Control.a(Volume_ADC_IRQ.o)
                0x00000ffc                Volume_ADC_IRQ_StartEx
 .text.Volume_ADC_IRQ_SetVector
                0x00001020       0x24 .\ARM_GCC_493\Debug\Volume_Control.a(Volume_ADC_IRQ.o)
                0x00001020                Volume_ADC_IRQ_SetVector
 .text.Volume_ADC_IRQ_SetPriority
                0x00001044       0x24 .\ARM_GCC_493\Debug\Volume_Control.a(Volume_ADC_IRQ.o)
                0x00001044                Volume_ADC_IRQ_SetPriority
 .text.Volume_ADC_IRQ_Enable
                0x00001068       0x18 .\ARM_GCC_493\Debug\Volume_Control.a(Volume_ADC_IRQ.o)
                0x00001068                Volume_ADC_IRQ_Enable
 .text.Volume_ADC_IRQ_Disable
                0x00001080       0x18 .\ARM_GCC_493\Debug\Volume_Control.a(Volume_ADC_IRQ.o)
                0x00001080                Volume_ADC_IRQ_Disable
 .text.Volume_ADC_theACLK_SetDividerRegister
                0x00001098      0x160 .\ARM_GCC_493\Debug\Volume_Control.a(Volume_ADC_theACLK.o)
                0x00001098                Volume_ADC_theACLK_SetDividerRegister
 .text.Volume_ADC_theACLK_GetDividerRegister
                0x000011f8       0x18 .\ARM_GCC_493\Debug\Volume_Control.a(Volume_ADC_theACLK.o)
                0x000011f8                Volume_ADC_theACLK_GetDividerRegister
 .text.Volume_ADC_theACLK_SetModeRegister
                0x00001210       0x34 .\ARM_GCC_493\Debug\Volume_Control.a(Volume_ADC_theACLK.o)
                0x00001210                Volume_ADC_theACLK_SetModeRegister
 .text.Volume_ADC_theACLK_GetSourceRegister
                0x00001244       0x20 .\ARM_GCC_493\Debug\Volume_Control.a(Volume_ADC_theACLK.o)
                0x00001244                Volume_ADC_theACLK_GetSourceRegister
 .text.CyHalt   0x00001264       0x18 .\ARM_GCC_493\Debug\Volume_Control.a(CyLib.o)
                0x00001264                CyHalt
 .text.CyDelayUs
                0x0000127c       0x24 .\ARM_GCC_493\Debug\Volume_Control.a(CyLib.o)
                0x0000127c                CyDelayUs
 .text.CyIntSetVector
                0x000012a0       0x50 .\ARM_GCC_493\Debug\Volume_Control.a(CyLib.o)
                0x000012a0                CyIntSetVector
 .text.CyIntSetPriority
                0x000012f0       0x44 .\ARM_GCC_493\Debug\Volume_Control.a(CyLib.o)
                0x000012f0                CyIntSetPriority
 *fill*         0x00001334        0x4 
 .text          0x00001338       0x58 .\ARM_GCC_493\Debug\Volume_Control.a(CyBootAsmGnu.o)
                0x00001338                CyDelayCycles
                0x00001376                CyEnterCriticalSection
                0x0000137e                CyExitCriticalSection
 .text.__errno  0x00001390        0xc c:/program files (x86)/cypress/psoc creator/4.0/psoc creator/import/gnu/arm/4.9.3/bin/../lib/gcc/arm-none-eabi/4.9.3/../../../../arm-none-eabi/lib/armv7-m\libg_nano.a(lib_a-errno.o)
                0x00001390                __errno
 .text.__libc_init_array
                0x0000139c       0x4c c:/program files (x86)/cypress/psoc creator/4.0/psoc creator/import/gnu/arm/4.9.3/bin/../lib/gcc/arm-none-eabi/4.9.3/../../../../arm-none-eabi/lib/armv7-m\libg_nano.a(lib_a-init.o)
                0x0000139c                __libc_init_array
 .text.memcpy   0x000013e8       0x16 c:/program files (x86)/cypress/psoc creator/4.0/psoc creator/import/gnu/arm/4.9.3/bin/../lib/gcc/arm-none-eabi/4.9.3/../../../../arm-none-eabi/lib/armv7-m\libg_nano.a(lib_a-memcpy.o)
                0x000013e8                memcpy
 .text.memset   0x000013fe       0x10 c:/program files (x86)/cypress/psoc creator/4.0/psoc creator/import/gnu/arm/4.9.3/bin/../lib/gcc/arm-none-eabi/4.9.3/../../../../arm-none-eabi/lib/armv7-m\libg_nano.a(lib_a-memset.o)
                0x000013fe                memset
 *(.plt)
 *(.gnu.warning)
 *(.glue_7t)
 .glue_7t       0x00000000        0x0 linker stubs
 *(.glue_7)
 .glue_7        0x00000000        0x0 linker stubs
 *(.vfp11_veneer)
 .vfp11_veneer  0x00000000        0x0 linker stubs
 *(.bootloader)
 *(.ARM.extab* .gnu.linkonce.armextab.*)
 *(.gcc_except_table)

.v4_bx          0x00001410        0x0
 .v4_bx         0x00000000        0x0 linker stubs

.iplt           0x00001410        0x0
 .iplt          0x00000000        0x0 c:/program files (x86)/cypress/psoc creator/4.0/psoc creator/import/gnu/arm/4.9.3/bin/../lib/gcc/arm-none-eabi/4.9.3/armv7-m/crtbegin.o

.eh_frame_hdr
 *(.eh_frame_hdr)

.eh_frame       0x00001410        0x4
 *(.eh_frame)
 .eh_frame      0x00001410        0x0 c:/program files (x86)/cypress/psoc creator/4.0/psoc creator/import/gnu/arm/4.9.3/bin/../lib/gcc/arm-none-eabi/4.9.3/armv7-m/crtbegin.o
 .eh_frame      0x00001410        0x4 c:/program files (x86)/cypress/psoc creator/4.0/psoc creator/import/gnu/arm/4.9.3/bin/../lib/gcc/arm-none-eabi/4.9.3/armv7-m/crtend.o
                0x00001414                PROVIDE (__exidx_start, .)

.ARM.exidx
 *(.ARM.exidx* .gnu.linkonce.armexidx.*)
                0x00001414                __exidx_end = .

.rodata         0x00001414      0x18c
 *(.rodata .rodata.* .gnu.linkonce.r.*)
 .rodata        0x00001414      0x150 .\ARM_GCC_493\Debug\Volume_Control.a(cyfitter_cfg.o)
 .rodata.str1.1
                0x00001564        0x2 c:/program files (x86)/cypress/psoc creator/4.0/psoc creator/import/gnu/arm/4.9.3/bin/../lib/gcc/arm-none-eabi/4.9.3/../../../../arm-none-eabi/lib/armv7-m\libg_nano.a(lib_a-impure.o)
                0x00001568                . = ALIGN (0x4)
 *fill*         0x00001566        0x2 
 *(.init)
 .init          0x00001568        0x4 c:/program files (x86)/cypress/psoc creator/4.0/psoc creator/import/gnu/arm/4.9.3/bin/../lib/gcc/arm-none-eabi/4.9.3/armv7-m/crti.o
                0x00001568                _init
 .init          0x0000156c        0x8 c:/program files (x86)/cypress/psoc creator/4.0/psoc creator/import/gnu/arm/4.9.3/bin/../lib/gcc/arm-none-eabi/4.9.3/armv7-m/crtn.o
                0x00001574                . = ALIGN (0x4)
                0x00001574                __preinit_array_start = .
 *(.preinit_array)
                0x00001574                __preinit_array_end = .
                0x00001574                . = ALIGN (0x4)
                0x00001574                __init_array_start = .
 *(SORT(.init_array.*))
 *(.init_array)
 .init_array    0x00001574        0x4 c:/program files (x86)/cypress/psoc creator/4.0/psoc creator/import/gnu/arm/4.9.3/bin/../lib/gcc/arm-none-eabi/4.9.3/armv7-m/crtbegin.o
 .init_array    0x00001578        0x4 .\ARM_GCC_493\Debug\Cm3Start.o
                0x0000157c                __init_array_end = .
                0x0000157c                . = ALIGN (0x4)
 *(.fini)
 .fini          0x0000157c        0x4 c:/program files (x86)/cypress/psoc creator/4.0/psoc creator/import/gnu/arm/4.9.3/bin/../lib/gcc/arm-none-eabi/4.9.3/armv7-m/crti.o
                0x0000157c                _fini
 .fini          0x00001580        0x8 c:/program files (x86)/cypress/psoc creator/4.0/psoc creator/import/gnu/arm/4.9.3/bin/../lib/gcc/arm-none-eabi/4.9.3/armv7-m/crtn.o
                0x00001588                . = ALIGN (0x4)
                0x00001588                __fini_array_start = .
 *(.fini_array)
 .fini_array    0x00001588        0x4 c:/program files (x86)/cypress/psoc creator/4.0/psoc creator/import/gnu/arm/4.9.3/bin/../lib/gcc/arm-none-eabi/4.9.3/armv7-m/crtbegin.o
 *(SORT(.fini_array.*))
                0x0000158c                __fini_array_end = .
                0x0000158c                . = ALIGN (0x4)
 *crtbegin.o(.ctors)
 *(EXCLUDE_FILE(*crtend.o) .ctors)
 *(SORT(.ctors.*))
 *crtend.o(.ctors)
                0x0000158c                . = ALIGN (0x4)
 *crtbegin.o(.dtors)
 *(EXCLUDE_FILE(*crtend.o) .dtors)
 *(SORT(.dtors.*))
 *crtend.o(.dtors)
                0x0000158c                . = ALIGN (0x4)
                0x0000158c                __cy_regions = .
                0x0000158c        0x4 LONG 0x15a0 __cy_region_init_ram
                0x00001590        0x4 LONG 0x1fff8108 __cy_region_start_data
                0x00001594        0x4 LONG 0x80 __cy_region_init_size_ram
                0x00001598        0x4 LONG 0x58 __cy_region_zero_size_ram
                0x0000159c                __cy_regions_end = .
                0x000015a0                . = ALIGN (0x8)
 *fill*         0x0000159c        0x4 
                0x000015a0                _etext = .

.cy_checksum_exclude
                0x000015a0        0x0
 *(.cy_checksum_exclude)

.ramvectors     0x1fff8000      0x100
                0x1fff8000                __cy_region_start_ram = .
 *(.ramvectors)
 .ramvectors    0x1fff8000      0x100 .\ARM_GCC_493\Debug\Cm3Start.o
                0x1fff8000                CyRamVectors

.noinit         0x1fff8100        0x5
 *(.noinit)
 .noinit        0x1fff8100        0x4 .\ARM_GCC_493\Debug\Cm3Start.o
 .noinit        0x1fff8104        0x1 .\ARM_GCC_493\Debug\Volume_Control.a(CyLib.o)
                0x1fff8104                CyResetStatus

.data           0x1fff8108       0x80 load address 0x000015a0
                0x1fff8108                __cy_region_start_data = .
 *(.jcr)
 .jcr           0x1fff8108        0x0 c:/program files (x86)/cypress/psoc creator/4.0/psoc creator/import/gnu/arm/4.9.3/bin/../lib/gcc/arm-none-eabi/4.9.3/armv7-m/crtbegin.o
 .jcr           0x1fff8108        0x4 c:/program files (x86)/cypress/psoc creator/4.0/psoc creator/import/gnu/arm/4.9.3/bin/../lib/gcc/arm-none-eabi/4.9.3/armv7-m/crtend.o
 *(.got.plt)
 *(.got)
 *(.shdata)
 *(.data .data.* .gnu.linkonce.d.*)
 .data          0x1fff810c        0x1 .\ARM_GCC_493\Debug\Volume_Control.a(Volume_ADC.o)
                0x1fff810c                Volume_ADC_Config
 *fill*         0x1fff810d        0x3 
 .data          0x1fff8110       0x10 .\ARM_GCC_493\Debug\Volume_Control.a(CyLib.o)
                0x1fff8110                cydelay_freq_hz
                0x1fff8114                cydelay_freq_khz
                0x1fff8118                cydelay_freq_mhz
                0x1fff811c                cydelay_32k_ms
 .data.impure_data
                0x1fff8120       0x60 c:/program files (x86)/cypress/psoc creator/4.0/psoc creator/import/gnu/arm/4.9.3/bin/../lib/gcc/arm-none-eabi/4.9.3/../../../../arm-none-eabi/lib/armv7-m\libg_nano.a(lib_a-impure.o)
 .data._impure_ptr
                0x1fff8180        0x4 c:/program files (x86)/cypress/psoc creator/4.0/psoc creator/import/gnu/arm/4.9.3/bin/../lib/gcc/arm-none-eabi/4.9.3/../../../../arm-none-eabi/lib/armv7-m\libg_nano.a(lib_a-impure.o)
                0x1fff8180                _impure_ptr
                0x1fff8188                . = ALIGN (0x8)
 *fill*         0x1fff8184        0x4 
 *(.ram)
                0x1fff8188                _edata = .

.igot.plt       0x1fff8188        0x0 load address 0x00001620
 .igot.plt      0x00000000        0x0 c:/program files (x86)/cypress/psoc creator/4.0/psoc creator/import/gnu/arm/4.9.3/bin/../lib/gcc/arm-none-eabi/4.9.3/armv7-m/crtbegin.o

.bss            0x1fff8188       0x58 load address 0x00001620
                0x1fff8188                PROVIDE (__bss_start__, .)
 *(.shbss)
 *(.bss .bss.* .gnu.linkonce.b.*)
 .bss           0x1fff8188       0x1c c:/program files (x86)/cypress/psoc creator/4.0/psoc creator/import/gnu/arm/4.9.3/bin/../lib/gcc/arm-none-eabi/4.9.3/armv7-m/crtbegin.o
 .bss           0x1fff81a4       0x20 .\ARM_GCC_493\Debug\main.o
                0x1fff81a4                samples
                0x1fff81c2                sampleIndex
                0x1fff81c3                sampleAvailable
 .bss           0x1fff81c4        0x1 .\ARM_GCC_493\Debug\Volume_Control.a(ADC_Timer.o)
                0x1fff81c4                ADC_Timer_initVar
 *fill*         0x1fff81c5        0x3 
 .bss           0x1fff81c8        0x8 .\ARM_GCC_493\Debug\Volume_Control.a(Volume_ADC.o)
                0x1fff81c8                Volume_ADC_convDone
                0x1fff81c9                Volume_ADC_stopConversion
                0x1fff81ca                Volume_ADC_initVar
                0x1fff81cb                Volume_ADC_started
 *(COMMON)
 COMMON         0x1fff81d0        0x2 .\ARM_GCC_493\Debug\main.o
                0x1fff81d0                currentSample
 *fill*         0x1fff81d2        0x2 
 COMMON         0x1fff81d4        0x8 .\ARM_GCC_493\Debug\Volume_Control.a(Volume_ADC.o)
                0x1fff81d4                Volume_ADC_CountsPerVolt
                0x1fff81d8                Volume_ADC_Offset
                0x1fff81e0                . = ALIGN (0x8)
 *fill*         0x1fff81dc        0x4 
 *(.ram.b)
                0x1fff81e0                _end = .
                0x1fff81e0                __end = .
                0x1fff81e0                PROVIDE (end, .)
                0x1fff81e0                PROVIDE (__bss_end__, .)
                0x000015a0                __cy_region_init_ram = LOADADDR (.data)
                0x00000080                __cy_region_init_size_ram = (_edata - ADDR (.data))
                0x00000058                __cy_region_zero_size_ram = (_end - _edata)

.heap           0x1fff81e0       0x80 load address 0x00001620
                0x1fff81e0                . = _end
                0x1fff8260                . = (. + 0x80)
 *fill*         0x1fff81e0       0x80 
                0x1fff8260                __cy_heap_limit = .

.stack          0x20007800      0x800
                0x20007800                __cy_stack_limit = .
                0x20008000                . = (. + 0x800)
 *fill*         0x20007800      0x800 
                0x00000001                ASSERT ((__cy_stack_limit >= __cy_heap_limit), region RAM overflowed with stack)
                0x00000000                cy_checksum_exclude_size = (CY_APPL_LOADABLE == 0x1)?SIZEOF (.cy_checksum_exclude):0x0
                0x00000001                ASSERT ((cy_checksum_exclude_size <= CY_CHECKSUM_EXCLUDE_SIZE), CY_BOOT: Section .cy_checksum_exclude size exceedes specified limit.)

.cyloadermeta
 *(.cyloadermeta)

.cyloadablemeta
 *(.cyloadablemeta)

.cyconfigecc    0x80000000        0x4
 *(.cyconfigecc)
 .cyconfigecc   0x80000000        0x4 .\ARM_GCC_493\Debug\cymetadata.o
                0x80000000                cy_meta_configecc

.cycustnvl      0x90000000        0x4
 *(.cycustnvl)
 .cycustnvl     0x90000000        0x4 .\ARM_GCC_493\Debug\cymetadata.o
                0x90000000                cy_meta_custnvl

.cywolatch      0x90100000        0x4
 *(.cywolatch)
 .cywolatch     0x90100000        0x4 .\ARM_GCC_493\Debug\cymetadata.o
                0x90100000                cy_meta_wonvl

.cyeeprom       0x90200000        0x0
 *(.cyeeprom)
                0x00000001                ASSERT ((. <= ((0x90200000 + ee_offset) + ee_size)), .cyeeprom data will not fit in EEPROM)

.cyflashprotect
                0x90400000      0x100
 *(.cyflashprotect)
 .cyflashprotect
                0x90400000      0x100 .\ARM_GCC_493\Debug\cymetadata.o
                0x90400000                cy_meta_flashprotect

.cymeta         0x90500000        0xc
 *(.cymeta)
 .cymeta        0x90500000        0xc .\ARM_GCC_493\Debug\cymetadata.o
                0x90500000                cy_metadata

.rel.dyn        0x00001620        0x0 load address 0x9050000c
 .rel.iplt      0x00000000        0x0 c:/program files (x86)/cypress/psoc creator/4.0/psoc creator/import/gnu/arm/4.9.3/bin/../lib/gcc/arm-none-eabi/4.9.3/armv7-m/crtbegin.o

.stab
 *(.stab)

.stabstr
 *(.stabstr)

.debug
 *(.debug)

.line
 *(.line)

.debug_srcinfo
 *(.debug_srcinfo)

.debug_sfnames
 *(.debug_sfnames)

.debug_aranges  0x00000000      0x860
 *(.debug_aranges)
 .debug_aranges
                0x00000000       0x28 .\ARM_GCC_493\Debug\main.o
 .debug_aranges
                0x00000028       0x18 .\ARM_GCC_493\Debug\cymetadata.o
 .debug_aranges
                0x00000040       0x48 .\ARM_GCC_493\Debug\Cm3Start.o
 .debug_aranges
                0x00000088       0x60 .\ARM_GCC_493\Debug\Volume_Control.a(cyfitter_cfg.o)
 .debug_aranges
                0x000000e8       0x90 .\ARM_GCC_493\Debug\Volume_Control.a(ADC_Timer.o)
 .debug_aranges
                0x00000178       0xe8 .\ARM_GCC_493\Debug\Volume_Control.a(Volume_ADC.o)
 .debug_aranges
                0x00000260       0x38 .\ARM_GCC_493\Debug\Volume_Control.a(Volume_ADC_INT.o)
 .debug_aranges
                0x00000298       0x70 .\ARM_GCC_493\Debug\Volume_Control.a(Volume_ADC_Ext_CP_Clk.o)
 .debug_aranges
                0x00000308       0x80 .\ARM_GCC_493\Debug\Volume_Control.a(Volume_ADC_IRQ.o)
 .debug_aranges
                0x00000388       0x80 .\ARM_GCC_493\Debug\Volume_Control.a(Volume_ADC_theACLK.o)
 .debug_aranges
                0x00000408      0x2a0 .\ARM_GCC_493\Debug\Volume_Control.a(CyLib.o)
 .debug_aranges
                0x000006a8       0x98 .\ARM_GCC_493\Debug\Volume_Control.a(cyPm.o)
 .debug_aranges
                0x00000740       0x20 .\ARM_GCC_493\Debug\Volume_Control.a(CyBootAsmGnu.o)
 .debug_aranges
                0x00000760       0x88 .\ARM_GCC_493\Debug\Volume_Control.a(CyFlash.o)
 .debug_aranges
                0x000007e8       0x78 .\ARM_GCC_493\Debug\Volume_Control.a(CySpc.o)

.debug_pubnames
 *(.debug_pubnames)

.debug_info     0x00000000     0x37ef
 *(.debug_info .gnu.linkonce.wi.*)
 .debug_info    0x00000000      0x190 .\ARM_GCC_493\Debug\main.o
 .debug_info    0x00000190      0x13a .\ARM_GCC_493\Debug\cymetadata.o
 .debug_info    0x000002ca      0x319 .\ARM_GCC_493\Debug\Cm3Start.o
 .debug_info    0x000005e3      0x449 .\ARM_GCC_493\Debug\Volume_Control.a(cyfitter_cfg.o)
 .debug_info    0x00000a2c      0x237 .\ARM_GCC_493\Debug\Volume_Control.a(ADC_Timer.o)
 .debug_info    0x00000c63      0x725 .\ARM_GCC_493\Debug\Volume_Control.a(Volume_ADC.o)
 .debug_info    0x00001388       0xcc .\ARM_GCC_493\Debug\Volume_Control.a(Volume_ADC_INT.o)
 .debug_info    0x00001454      0x25d .\ARM_GCC_493\Debug\Volume_Control.a(Volume_ADC_Ext_CP_Clk.o)
 .debug_info    0x000016b1      0x23a .\ARM_GCC_493\Debug\Volume_Control.a(Volume_ADC_IRQ.o)
 .debug_info    0x000018eb      0x299 .\ARM_GCC_493\Debug\Volume_Control.a(Volume_ADC_theACLK.o)
 .debug_info    0x00001b84      0xe4a .\ARM_GCC_493\Debug\Volume_Control.a(CyLib.o)
 .debug_info    0x000029ce      0x561 .\ARM_GCC_493\Debug\Volume_Control.a(cyPm.o)
 .debug_info    0x00002f2f       0xac .\ARM_GCC_493\Debug\Volume_Control.a(CyBootAsmGnu.o)
 .debug_info    0x00002fdb      0x3c1 .\ARM_GCC_493\Debug\Volume_Control.a(CyFlash.o)
 .debug_info    0x0000339c      0x453 .\ARM_GCC_493\Debug\Volume_Control.a(CySpc.o)

.debug_abbrev   0x00000000     0x115b
 *(.debug_abbrev)
 .debug_abbrev  0x00000000       0xcf .\ARM_GCC_493\Debug\main.o
 .debug_abbrev  0x000000cf       0x5d .\ARM_GCC_493\Debug\cymetadata.o
 .debug_abbrev  0x0000012c      0x1b6 .\ARM_GCC_493\Debug\Cm3Start.o
 .debug_abbrev  0x000002e2      0x19f .\ARM_GCC_493\Debug\Volume_Control.a(cyfitter_cfg.o)
 .debug_abbrev  0x00000481      0x11b .\ARM_GCC_493\Debug\Volume_Control.a(ADC_Timer.o)
 .debug_abbrev  0x0000059c      0x19d .\ARM_GCC_493\Debug\Volume_Control.a(Volume_ADC.o)
 .debug_abbrev  0x00000739       0x42 .\ARM_GCC_493\Debug\Volume_Control.a(Volume_ADC_INT.o)
 .debug_abbrev  0x0000077b      0x11d .\ARM_GCC_493\Debug\Volume_Control.a(Volume_ADC_Ext_CP_Clk.o)
 .debug_abbrev  0x00000898      0x172 .\ARM_GCC_493\Debug\Volume_Control.a(Volume_ADC_IRQ.o)
 .debug_abbrev  0x00000a0a      0x11d .\ARM_GCC_493\Debug\Volume_Control.a(Volume_ADC_theACLK.o)
 .debug_abbrev  0x00000b27      0x217 .\ARM_GCC_493\Debug\Volume_Control.a(CyLib.o)
 .debug_abbrev  0x00000d3e      0x161 .\ARM_GCC_493\Debug\Volume_Control.a(cyPm.o)
 .debug_abbrev  0x00000e9f       0x14 .\ARM_GCC_493\Debug\Volume_Control.a(CyBootAsmGnu.o)
 .debug_abbrev  0x00000eb3      0x13c .\ARM_GCC_493\Debug\Volume_Control.a(CyFlash.o)
 .debug_abbrev  0x00000fef      0x16c .\ARM_GCC_493\Debug\Volume_Control.a(CySpc.o)

.debug_line     0x00000000     0x20c7
 *(.debug_line)
 .debug_line    0x00000000      0x192 .\ARM_GCC_493\Debug\main.o
 .debug_line    0x00000192       0x51 .\ARM_GCC_493\Debug\cymetadata.o
 .debug_line    0x000001e3      0x1dc .\ARM_GCC_493\Debug\Cm3Start.o
 .debug_line    0x000003bf      0x1fd .\ARM_GCC_493\Debug\Volume_Control.a(cyfitter_cfg.o)
 .debug_line    0x000005bc      0x172 .\ARM_GCC_493\Debug\Volume_Control.a(ADC_Timer.o)
 .debug_line    0x0000072e      0x361 .\ARM_GCC_493\Debug\Volume_Control.a(Volume_ADC.o)
 .debug_line    0x00000a8f       0x93 .\ARM_GCC_493\Debug\Volume_Control.a(Volume_ADC_INT.o)
 .debug_line    0x00000b22      0x1b0 .\ARM_GCC_493\Debug\Volume_Control.a(Volume_ADC_Ext_CP_Clk.o)
 .debug_line    0x00000cd2      0x159 .\ARM_GCC_493\Debug\Volume_Control.a(Volume_ADC_IRQ.o)
 .debug_line    0x00000e2b      0x1d1 .\ARM_GCC_493\Debug\Volume_Control.a(Volume_ADC_theACLK.o)
 .debug_line    0x00000ffc      0x882 .\ARM_GCC_493\Debug\Volume_Control.a(CyLib.o)
 .debug_line    0x0000187e      0x37f .\ARM_GCC_493\Debug\Volume_Control.a(cyPm.o)
 .debug_line    0x00001bfd       0x7d .\ARM_GCC_493\Debug\Volume_Control.a(CyBootAsmGnu.o)
 .debug_line    0x00001c7a      0x218 .\ARM_GCC_493\Debug\Volume_Control.a(CyFlash.o)
 .debug_line    0x00001e92      0x235 .\ARM_GCC_493\Debug\Volume_Control.a(CySpc.o)

.debug_frame    0x00000000     0x2234
 *(.debug_frame)
 .debug_frame   0x00000000       0x4c .\ARM_GCC_493\Debug\main.o
 .debug_frame   0x0000004c       0xd8 .\ARM_GCC_493\Debug\Cm3Start.o
 .debug_frame   0x00000124      0x16c .\ARM_GCC_493\Debug\Volume_Control.a(cyfitter_cfg.o)
 .debug_frame   0x00000290      0x230 .\ARM_GCC_493\Debug\Volume_Control.a(ADC_Timer.o)
 .debug_frame   0x000004c0      0x40c .\ARM_GCC_493\Debug\Volume_Control.a(Volume_ADC.o)
 .debug_frame   0x000008cc       0xa0 .\ARM_GCC_493\Debug\Volume_Control.a(Volume_ADC_INT.o)
 .debug_frame   0x0000096c      0x1b4 .\ARM_GCC_493\Debug\Volume_Control.a(Volume_ADC_Ext_CP_Clk.o)
 .debug_frame   0x00000b20      0x1e8 .\ARM_GCC_493\Debug\Volume_Control.a(Volume_ADC_IRQ.o)
 .debug_frame   0x00000d08      0x200 .\ARM_GCC_493\Debug\Volume_Control.a(Volume_ADC_theACLK.o)
 .debug_frame   0x00000f08      0xc0c .\ARM_GCC_493\Debug\Volume_Control.a(CyLib.o)
 .debug_frame   0x00001b14      0x234 .\ARM_GCC_493\Debug\Volume_Control.a(cyPm.o)
 .debug_frame   0x00001d48      0x238 .\ARM_GCC_493\Debug\Volume_Control.a(CyFlash.o)
 .debug_frame   0x00001f80      0x1f8 .\ARM_GCC_493\Debug\Volume_Control.a(CySpc.o)
 .debug_frame   0x00002178       0x20 c:/program files (x86)/cypress/psoc creator/4.0/psoc creator/import/gnu/arm/4.9.3/bin/../lib/gcc/arm-none-eabi/4.9.3/../../../../arm-none-eabi/lib/armv7-m\libg_nano.a(lib_a-errno.o)
 .debug_frame   0x00002198       0x28 c:/program files (x86)/cypress/psoc creator/4.0/psoc creator/import/gnu/arm/4.9.3/bin/../lib/gcc/arm-none-eabi/4.9.3/../../../../arm-none-eabi/lib/armv7-m\libg_nano.a(lib_a-exit.o)
 .debug_frame   0x000021c0       0x2c c:/program files (x86)/cypress/psoc creator/4.0/psoc creator/import/gnu/arm/4.9.3/bin/../lib/gcc/arm-none-eabi/4.9.3/../../../../arm-none-eabi/lib/armv7-m\libg_nano.a(lib_a-init.o)
 .debug_frame   0x000021ec       0x28 c:/program files (x86)/cypress/psoc creator/4.0/psoc creator/import/gnu/arm/4.9.3/bin/../lib/gcc/arm-none-eabi/4.9.3/../../../../arm-none-eabi/lib/armv7-m\libg_nano.a(lib_a-memcpy.o)
 .debug_frame   0x00002214       0x20 c:/program files (x86)/cypress/psoc creator/4.0/psoc creator/import/gnu/arm/4.9.3/bin/../lib/gcc/arm-none-eabi/4.9.3/../../../../arm-none-eabi/lib/armv7-m\libg_nano.a(lib_a-memset.o)

.debug_str      0x00000000     0x1e84
 *(.debug_str)
 .debug_str     0x00000000      0x1d6 .\ARM_GCC_493\Debug\main.o
                                0x228 (size before relaxing)
 .debug_str     0x000001d6       0x75 .\ARM_GCC_493\Debug\cymetadata.o
                                0x206 (size before relaxing)
 .debug_str     0x0000024b      0x13c .\ARM_GCC_493\Debug\Cm3Start.o
                                0x2e7 (size before relaxing)
 .debug_str     0x00000387      0x1ac .\ARM_GCC_493\Debug\Volume_Control.a(cyfitter_cfg.o)
                                0x379 (size before relaxing)
 .debug_str     0x00000533      0x1c3 .\ARM_GCC_493\Debug\Volume_Control.a(ADC_Timer.o)
                                0x359 (size before relaxing)
 .debug_str     0x000006f6      0x3f6 .\ARM_GCC_493\Debug\Volume_Control.a(Volume_ADC.o)
                                0x5eb (size before relaxing)
 .debug_str     0x00000aec       0x68 .\ARM_GCC_493\Debug\Volume_Control.a(Volume_ADC_INT.o)
                                0x1f3 (size before relaxing)
 .debug_str     0x00000b54      0x208 .\ARM_GCC_493\Debug\Volume_Control.a(Volume_ADC_Ext_CP_Clk.o)
                                0x3b2 (size before relaxing)
 .debug_str     0x00000d5c      0x17c .\ARM_GCC_493\Debug\Volume_Control.a(Volume_ADC_IRQ.o)
                                0x334 (size before relaxing)
 .debug_str     0x00000ed8      0x1ec .\ARM_GCC_493\Debug\Volume_Control.a(Volume_ADC_theACLK.o)
                                0x3df (size before relaxing)
 .debug_str     0x000010c4      0x7df .\ARM_GCC_493\Debug\Volume_Control.a(CyLib.o)
                                0x9fa (size before relaxing)
 .debug_str     0x000018a3      0x365 .\ARM_GCC_493\Debug\Volume_Control.a(cyPm.o)
                                0x547 (size before relaxing)
 .debug_str     0x00001c08      0x15d .\ARM_GCC_493\Debug\Volume_Control.a(CyFlash.o)
                                0x31e (size before relaxing)
 .debug_str     0x00001d65      0x11f .\ARM_GCC_493\Debug\Volume_Control.a(CySpc.o)
                                0x303 (size before relaxing)

.debug_loc
 *(.debug_loc)

.debug_macinfo
 *(.debug_macinfo)

.debug_ranges   0x00000000      0x758
 *(.debug_ranges)
 .debug_ranges  0x00000000       0x18 .\ARM_GCC_493\Debug\main.o
 .debug_ranges  0x00000018       0x38 .\ARM_GCC_493\Debug\Cm3Start.o
 .debug_ranges  0x00000050       0x50 .\ARM_GCC_493\Debug\Volume_Control.a(cyfitter_cfg.o)
 .debug_ranges  0x000000a0       0x80 .\ARM_GCC_493\Debug\Volume_Control.a(ADC_Timer.o)
 .debug_ranges  0x00000120       0xd8 .\ARM_GCC_493\Debug\Volume_Control.a(Volume_ADC.o)
 .debug_ranges  0x000001f8       0x28 .\ARM_GCC_493\Debug\Volume_Control.a(Volume_ADC_INT.o)
 .debug_ranges  0x00000220       0x60 .\ARM_GCC_493\Debug\Volume_Control.a(Volume_ADC_Ext_CP_Clk.o)
 .debug_ranges  0x00000280       0x70 .\ARM_GCC_493\Debug\Volume_Control.a(Volume_ADC_IRQ.o)
 .debug_ranges  0x000002f0       0x70 .\ARM_GCC_493\Debug\Volume_Control.a(Volume_ADC_theACLK.o)
 .debug_ranges  0x00000360      0x290 .\ARM_GCC_493\Debug\Volume_Control.a(CyLib.o)
 .debug_ranges  0x000005f0       0x88 .\ARM_GCC_493\Debug\Volume_Control.a(cyPm.o)
 .debug_ranges  0x00000678       0x78 .\ARM_GCC_493\Debug\Volume_Control.a(CyFlash.o)
 .debug_ranges  0x000006f0       0x68 .\ARM_GCC_493\Debug\Volume_Control.a(CySpc.o)

.comment        0x00000000       0x70
 .comment       0x00000000       0x70 .\ARM_GCC_493\Debug\main.o
                                 0x71 (size before relaxing)
 .comment       0x00000000       0x71 .\ARM_GCC_493\Debug\cymetadata.o
 .comment       0x00000000       0x71 .\ARM_GCC_493\Debug\Cm3Start.o
 .comment       0x00000000       0x71 .\ARM_GCC_493\Debug\Volume_Control.a(cyfitter_cfg.o)
 .comment       0x00000000       0x71 .\ARM_GCC_493\Debug\Volume_Control.a(ADC_Timer.o)
 .comment       0x00000000       0x71 .\ARM_GCC_493\Debug\Volume_Control.a(Volume_ADC.o)
 .comment       0x00000000       0x71 .\ARM_GCC_493\Debug\Volume_Control.a(Volume_ADC_INT.o)
 .comment       0x00000000       0x71 .\ARM_GCC_493\Debug\Volume_Control.a(Volume_ADC_Ext_CP_Clk.o)
 .comment       0x00000000       0x71 .\ARM_GCC_493\Debug\Volume_Control.a(Volume_ADC_IRQ.o)
 .comment       0x00000000       0x71 .\ARM_GCC_493\Debug\Volume_Control.a(Volume_ADC_theACLK.o)
 .comment       0x00000000       0x71 .\ARM_GCC_493\Debug\Volume_Control.a(CyLib.o)
 .comment       0x00000000       0x71 .\ARM_GCC_493\Debug\Volume_Control.a(cyPm.o)
 .comment       0x00000000       0x71 .\ARM_GCC_493\Debug\Volume_Control.a(CyFlash.o)
 .comment       0x00000000       0x71 .\ARM_GCC_493\Debug\Volume_Control.a(CySpc.o)

.debug_weaknames
 *(.debug_weaknames)

.debug_funcnames
 *(.debug_funcnames)

.debug_typenames
 *(.debug_typenames)

.debug_varnames
 *(.debug_varnames)

.note.gnu.arm.ident
 *(.note.gnu.arm.ident)

.ARM.attributes
                0x00000000       0x29
 *(.ARM.attributes)
 .ARM.attributes
                0x00000000       0x1d c:/program files (x86)/cypress/psoc creator/4.0/psoc creator/import/gnu/arm/4.9.3/bin/../lib/gcc/arm-none-eabi/4.9.3/armv7-m/crti.o
 .ARM.attributes
                0x0000001d       0x2d c:/program files (x86)/cypress/psoc creator/4.0/psoc creator/import/gnu/arm/4.9.3/bin/../lib/gcc/arm-none-eabi/4.9.3/armv7-m/crtbegin.o
 .ARM.attributes
                0x0000004a       0x1b c:/program files (x86)/cypress/psoc creator/4.0/psoc creator/import/gnu/arm/4.9.3/bin/../lib/gcc/arm-none-eabi/4.9.3/../../../../arm-none-eabi/lib/armv7-m/crt0.o
 .ARM.attributes
                0x00000065       0x33 .\ARM_GCC_493\Debug\main.o
 .ARM.attributes
                0x00000098       0x33 .\ARM_GCC_493\Debug\cymetadata.o
 .ARM.attributes
                0x000000cb       0x33 .\ARM_GCC_493\Debug\Cm3Start.o
 .ARM.attributes
                0x000000fe       0x33 .\ARM_GCC_493\Debug\Volume_Control.a(cyfitter_cfg.o)
 .ARM.attributes
                0x00000131       0x33 .\ARM_GCC_493\Debug\Volume_Control.a(ADC_Timer.o)
 .ARM.attributes
                0x00000164       0x33 .\ARM_GCC_493\Debug\Volume_Control.a(Volume_ADC.o)
 .ARM.attributes
                0x00000197       0x33 .\ARM_GCC_493\Debug\Volume_Control.a(Volume_ADC_INT.o)
 .ARM.attributes
                0x000001ca       0x33 .\ARM_GCC_493\Debug\Volume_Control.a(Volume_ADC_Ext_CP_Clk.o)
 .ARM.attributes
                0x000001fd       0x33 .\ARM_GCC_493\Debug\Volume_Control.a(Volume_ADC_IRQ.o)
 .ARM.attributes
                0x00000230       0x33 .\ARM_GCC_493\Debug\Volume_Control.a(Volume_ADC_theACLK.o)
 .ARM.attributes
                0x00000263       0x33 .\ARM_GCC_493\Debug\Volume_Control.a(CyLib.o)
 .ARM.attributes
                0x00000296       0x33 .\ARM_GCC_493\Debug\Volume_Control.a(cyPm.o)
 .ARM.attributes
                0x000002c9       0x21 .\ARM_GCC_493\Debug\Volume_Control.a(CyBootAsmGnu.o)
 .ARM.attributes
                0x000002ea       0x33 .\ARM_GCC_493\Debug\Volume_Control.a(CyFlash.o)
 .ARM.attributes
                0x0000031d       0x33 .\ARM_GCC_493\Debug\Volume_Control.a(CySpc.o)
 .ARM.attributes
                0x00000350       0x1d c:/program files (x86)/cypress/psoc creator/4.0/psoc creator/import/gnu/arm/4.9.3/bin/../lib/gcc/arm-none-eabi/4.9.3/armv7-m\libgcc.a(_arm_addsubdf3.o)
 .ARM.attributes
                0x0000036d       0x1d c:/program files (x86)/cypress/psoc creator/4.0/psoc creator/import/gnu/arm/4.9.3/bin/../lib/gcc/arm-none-eabi/4.9.3/armv7-m\libgcc.a(_arm_cmpdf2.o)
 .ARM.attributes
                0x0000038a       0x1d c:/program files (x86)/cypress/psoc creator/4.0/psoc creator/import/gnu/arm/4.9.3/bin/../lib/gcc/arm-none-eabi/4.9.3/armv7-m\libgcc.a(_arm_addsubsf3.o)
 .ARM.attributes
                0x000003a7       0x1d c:/program files (x86)/cypress/psoc creator/4.0/psoc creator/import/gnu/arm/4.9.3/bin/../lib/gcc/arm-none-eabi/4.9.3/armv7-m\libgcc.a(_arm_muldivsf3.o)
 .ARM.attributes
                0x000003c4       0x1d c:/program files (x86)/cypress/psoc creator/4.0/psoc creator/import/gnu/arm/4.9.3/bin/../lib/gcc/arm-none-eabi/4.9.3/armv7-m\libgcc.a(_arm_fixunssfsi.o)
 .ARM.attributes
                0x000003e1       0x2d c:/program files (x86)/cypress/psoc creator/4.0/psoc creator/import/gnu/arm/4.9.3/bin/../lib/gcc/arm-none-eabi/4.9.3/../../../../arm-none-eabi/lib/armv7-m\libg_nano.a(lib_a-errno.o)
 .ARM.attributes
                0x0000040e       0x2d c:/program files (x86)/cypress/psoc creator/4.0/psoc creator/import/gnu/arm/4.9.3/bin/../lib/gcc/arm-none-eabi/4.9.3/../../../../arm-none-eabi/lib/armv7-m\libg_nano.a(lib_a-exit.o)
 .ARM.attributes
                0x0000043b       0x2d c:/program files (x86)/cypress/psoc creator/4.0/psoc creator/import/gnu/arm/4.9.3/bin/../lib/gcc/arm-none-eabi/4.9.3/../../../../arm-none-eabi/lib/armv7-m\libg_nano.a(lib_a-impure.o)
 .ARM.attributes
                0x00000468       0x2d c:/program files (x86)/cypress/psoc creator/4.0/psoc creator/import/gnu/arm/4.9.3/bin/../lib/gcc/arm-none-eabi/4.9.3/../../../../arm-none-eabi/lib/armv7-m\libg_nano.a(lib_a-init.o)
 .ARM.attributes
                0x00000495       0x2d c:/program files (x86)/cypress/psoc creator/4.0/psoc creator/import/gnu/arm/4.9.3/bin/../lib/gcc/arm-none-eabi/4.9.3/../../../../arm-none-eabi/lib/armv7-m\libg_nano.a(lib_a-memcpy.o)
 .ARM.attributes
                0x000004c2       0x2d c:/program files (x86)/cypress/psoc creator/4.0/psoc creator/import/gnu/arm/4.9.3/bin/../lib/gcc/arm-none-eabi/4.9.3/../../../../arm-none-eabi/lib/armv7-m\libg_nano.a(lib_a-memset.o)
 .ARM.attributes
                0x000004ef       0x2d c:/program files (x86)/cypress/psoc creator/4.0/psoc creator/import/gnu/arm/4.9.3/bin/../lib/gcc/arm-none-eabi/4.9.3/armv7-m/crtend.o
 .ARM.attributes
                0x0000051c       0x1d c:/program files (x86)/cypress/psoc creator/4.0/psoc creator/import/gnu/arm/4.9.3/bin/../lib/gcc/arm-none-eabi/4.9.3/armv7-m/crtn.o

/DISCARD/
 *(.note.GNU-stack)
OUTPUT(.\ARM_GCC_493\Debug\Volume_Control.elf elf32-littlearm)
