Archive member included because of file (symbol)

.\CortexM3\ARM_GCC_493\Debug\Controls.a(cyfitter_cfg.o)
                              .\CortexM3\ARM_GCC_493\Debug\Cm3Start.o (cyfitter_cfg)
.\CortexM3\ARM_GCC_493\Debug\Controls.a(Enter_SW.o)
                              .\CortexM3\ARM_GCC_493\Debug\main.o (Enter_SW_Read)
.\CortexM3\ARM_GCC_493\Debug\Controls.a(Power_LED.o)
                              .\CortexM3\ARM_GCC_493\Debug\main.o (Power_LED_Write)
.\CortexM3\ARM_GCC_493\Debug\Controls.a(D3_LED.o)
                              .\CortexM3\ARM_GCC_493\Debug\main.o (D3_LED_Write)
.\CortexM3\ARM_GCC_493\Debug\Controls.a(Power_SW.o)
                              .\CortexM3\ARM_GCC_493\Debug\main.o (Power_SW_Read)
.\CortexM3\ARM_GCC_493\Debug\Controls.a(Left_SW.o)
                              .\CortexM3\ARM_GCC_493\Debug\main.o (Left_SW_Read)
.\CortexM3\ARM_GCC_493\Debug\Controls.a(Right_SW.o)
                              .\CortexM3\ARM_GCC_493\Debug\main.o (Right_SW_Read)
.\CortexM3\ARM_GCC_493\Debug\Controls.a(Down_SW.o)
                              .\CortexM3\ARM_GCC_493\Debug\main.o (Down_SW_Read)
.\CortexM3\ARM_GCC_493\Debug\Controls.a(D2_LED.o)
                              .\CortexM3\ARM_GCC_493\Debug\main.o (D2_LED_Write)
.\CortexM3\ARM_GCC_493\Debug\Controls.a(Up_SW.o)
                              .\CortexM3\ARM_GCC_493\Debug\main.o (Up_SW_Read)
.\CortexM3\ARM_GCC_493\Debug\Controls.a(Input_1_SW.o)
                              .\CortexM3\ARM_GCC_493\Debug\main.o (Input_1_SW_Read)
.\CortexM3\ARM_GCC_493\Debug\Controls.a(Input_2_SW.o)
                              .\CortexM3\ARM_GCC_493\Debug\main.o (Input_2_SW_Read)
.\CortexM3\ARM_GCC_493\Debug\Controls.a(D1_LED.o)
                              .\CortexM3\ARM_GCC_493\Debug\main.o (D1_LED_Write)
.\CortexM3\ARM_GCC_493\Debug\Controls.a(U1_LED.o)
                              .\CortexM3\ARM_GCC_493\Debug\main.o (U1_LED_Write)
.\CortexM3\ARM_GCC_493\Debug\Controls.a(U2_LED.o)
                              .\CortexM3\ARM_GCC_493\Debug\main.o (U2_LED_Write)
.\CortexM3\ARM_GCC_493\Debug\Controls.a(U3_LED.o)
                              .\CortexM3\ARM_GCC_493\Debug\main.o (U3_LED_Write)
.\CortexM3\ARM_GCC_493\Debug\Controls.a(U4_LED.o)
                              .\CortexM3\ARM_GCC_493\Debug\main.o (U4_LED_Write)
.\CortexM3\ARM_GCC_493\Debug\Controls.a(U5_LED.o)
                              .\CortexM3\ARM_GCC_493\Debug\main.o (U5_LED_Write)
.\CortexM3\ARM_GCC_493\Debug\Controls.a(U6_LED.o)
                              .\CortexM3\ARM_GCC_493\Debug\main.o (U6_LED_Write)
.\CortexM3\ARM_GCC_493\Debug\Controls.a(U7_LED.o)
                              .\CortexM3\ARM_GCC_493\Debug\main.o (U7_LED_Write)
.\CortexM3\ARM_GCC_493\Debug\Controls.a(U8_LED.o)
                              .\CortexM3\ARM_GCC_493\Debug\main.o (U8_LED_Write)
.\CortexM3\ARM_GCC_493\Debug\Controls.a(CyLib.o)
                              .\CortexM3\ARM_GCC_493\Debug\Cm3Start.o (CyHalt)
.\CortexM3\ARM_GCC_493\Debug\Controls.a(cyPm.o)
                              .\CortexM3\ARM_GCC_493\Debug\Controls.a(CyLib.o) (CyPmReadStatus)
.\CortexM3\ARM_GCC_493\Debug\Controls.a(Mute_SW.o)
                              .\CortexM3\ARM_GCC_493\Debug\main.o (Mute_SW_Read)
.\CortexM3\ARM_GCC_493\Debug\Controls.a(i_Up.o)
                              .\CortexM3\ARM_GCC_493\Debug\main.o (i_Up_SetPriority)
.\CortexM3\ARM_GCC_493\Debug\Controls.a(i_Left.o)
                              .\CortexM3\ARM_GCC_493\Debug\main.o (i_Left_SetPriority)
.\CortexM3\ARM_GCC_493\Debug\Controls.a(i_Mute.o)
                              .\CortexM3\ARM_GCC_493\Debug\main.o (i_Mute_SetPriority)
.\CortexM3\ARM_GCC_493\Debug\Controls.a(i_Enter.o)
                              .\CortexM3\ARM_GCC_493\Debug\main.o (i_Enter_SetPriority)
.\CortexM3\ARM_GCC_493\Debug\Controls.a(i_Down.o)
                              .\CortexM3\ARM_GCC_493\Debug\main.o (i_Down_SetPriority)
.\CortexM3\ARM_GCC_493\Debug\Controls.a(i_Right.o)
                              .\CortexM3\ARM_GCC_493\Debug\main.o (i_Right_SetPriority)
.\CortexM3\ARM_GCC_493\Debug\Controls.a(i_Input_1.o)
                              .\CortexM3\ARM_GCC_493\Debug\main.o (i_Input_1_SetPriority)
.\CortexM3\ARM_GCC_493\Debug\Controls.a(i_Power.o)
                              .\CortexM3\ARM_GCC_493\Debug\main.o (i_Power_SetPriority)
.\CortexM3\ARM_GCC_493\Debug\Controls.a(i_Input_2.o)
                              .\CortexM3\ARM_GCC_493\Debug\main.o (i_Input_2_SetPriority)
.\CortexM3\ARM_GCC_493\Debug\Controls.a(Input_Relais_0.o)
                              .\CortexM3\ARM_GCC_493\Debug\main.o (Input_Relais_0_Write)
.\CortexM3\ARM_GCC_493\Debug\Controls.a(Input_Relais_1.o)
                              .\CortexM3\ARM_GCC_493\Debug\main.o (Input_Relais_1_Write)
.\CortexM3\ARM_GCC_493\Debug\Controls.a(Input_Relais_2.o)
                              .\CortexM3\ARM_GCC_493\Debug\main.o (Input_Relais_2_Write)
.\CortexM3\ARM_GCC_493\Debug\Controls.a(Input_Relais_3.o)
[...]
Memory Configuration

Name             Origin             Length             Attributes
rom              0x00000000         0x00040000         xr
ram              0x1fff8000         0x00010000         xrw
*default*        0x00000000         0xffffffff

Linker script and memory map

LOAD c:/program files (x86)/cypress/psoc creator/4.0/psoc creator/import/gnu/arm/4.9.3/bin/../lib/gcc/arm-none-eabi/4.9.3/armv7-m/crti.o
LOAD c:/program files (x86)/cypress/psoc creator/4.0/psoc creator/import/gnu/arm/4.9.3/bin/../lib/gcc/arm-none-eabi/4.9.3/armv7-m/crtbegin.o
LOAD c:/program files (x86)/cypress/psoc creator/4.0/psoc creator/import/gnu/arm/4.9.3/bin/../lib/gcc/arm-none-eabi/4.9.3/../../../../arm-none-eabi/lib/armv7-m/crt0.o
START GROUP
LOAD .\CortexM3\ARM_GCC_493\Debug\main.o
LOAD .\CortexM3\ARM_GCC_493\Debug\cymetadata.o
LOAD .\CortexM3\ARM_GCC_493\Debug\Cm3Start.o
LOAD .\CortexM3\ARM_GCC_493\Debug\Controls.a
LOAD C:\Program Files (x86)\Cypress\PSoC Creator\4.0\PSoC Creator\psoc\content\cycomponentlibrary\CyComponentLibrary.cylib\CortexM3\ARM_GCC_493\Debug\CyComponentLibrary.a
END GROUP
START GROUP
LOAD c:/program files (x86)/cypress/psoc creator/4.0/psoc creator/import/gnu/arm/4.9.3/bin/../lib/gcc/arm-none-eabi/4.9.3/armv7-m\libgcc.a
LOAD c:/program files (x86)/cypress/psoc creator/4.0/psoc creator/import/gnu/arm/4.9.3/bin/../lib/gcc/arm-none-eabi/4.9.3/../../../../arm-none-eabi/lib/armv7-m\libg_nano.a
LOAD c:/program files (x86)/cypress/psoc creator/4.0/psoc creator/import/gnu/arm/4.9.3/bin/../lib/gcc/arm-none-eabi/4.9.3/../../../../arm-none-eabi/lib/armv7-m\libc_nano.a
END GROUP
START GROUP
LOAD c:/program files (x86)/cypress/psoc creator/4.0/psoc creator/import/gnu/arm/4.9.3/bin/../lib/gcc/arm-none-eabi/4.9.3/armv7-m\libgcc.a
LOAD c:/program files (x86)/cypress/psoc creator/4.0/psoc creator/import/gnu/arm/4.9.3/bin/../lib/gcc/arm-none-eabi/4.9.3/../../../../arm-none-eabi/lib/armv7-m\libc_nano.a
END GROUP
LOAD c:/program files (x86)/cypress/psoc creator/4.0/psoc creator/import/gnu/arm/4.9.3/bin/../lib/gcc/arm-none-eabi/4.9.3/armv7-m/crtend.o
LOAD c:/program files (x86)/cypress/psoc creator/4.0/psoc creator/import/gnu/arm/4.9.3/bin/../lib/gcc/arm-none-eabi/4.9.3/armv7-m/crtn.o
START GROUP
LOAD c:/program files (x86)/cypress/psoc creator/4.0/psoc creator/import/gnu/arm/4.9.3/bin/../lib/gcc/arm-none-eabi/4.9.3/armv7-m\libgcc.a
LOAD c:/program files (x86)/cypress/psoc creator/4.0/psoc creator/import/gnu/arm/4.9.3/bin/../lib/gcc/arm-none-eabi/4.9.3/../../../../arm-none-eabi/lib/armv7-m\libc.a
LOAD c:/program files (x86)/cypress/psoc creator/4.0/psoc creator/import/gnu/arm/4.9.3/bin/../lib/gcc/arm-none-eabi/4.9.3/../../../../arm-none-eabi/lib/armv7-m\libnosys.a
END GROUP
                0x00000000                CY_APPL_ORIGIN = 0x0
                0x00000100                CY_FLASH_ROW_SIZE = 0x100
                0x00000020                CY_ECC_ROW_SIZE = 0x20
                0x00000000                CY_EE_IN_BTLDR = 0x0
                0x00000000                CY_APPL_LOADABLE = 0x0
                0x00000800                CY_EE_SIZE = 0x800
                0x00000001                CY_APPL_NUM = 0x1
                0x00000001                CY_APPL_MAX = 0x1
                0x00000040                CY_METADATA_SIZE = 0x40
                0x00000000                CY_APPL_LOADABLE = 0x0
                0x00000000                CY_CHECKSUM_EXCLUDE_SIZE = ALIGN (0x0, CY_FLASH_ROW_SIZE)
                0x1fff81a8                PROVIDE (__cy_heap_start, _end)
                0x00000001                PROVIDE (__cy_region_num, ((__cy_regions_end - __cy_regions) / 0x10))
                0x20008000                PROVIDE (__cy_stack, (ORIGIN (ram) + 0x10000))
                0x20007800                PROVIDE (__cy_heap_end, (__cy_stack - 0x800))

.cybootloader   0x00000000        0x0
 *(.cybootloader)
                0x00000000                appl1_start = CY_APPL_ORIGIN?CY_APPL_ORIGIN:ALIGN (CY_FLASH_ROW_SIZE)
                0x0001ff00                appl2_start = (appl1_start + ALIGN ((((0x40000 - appl1_start) - (0x2 * CY_FLASH_ROW_SIZE)) / 0x2), CY_FLASH_ROW_SIZE))
                0x00000000                appl_start = (CY_APPL_NUM == 0x1)?appl1_start:appl2_start
                0x00000000                ecc_offset = ((appl_start / CY_FLASH_ROW_SIZE) * CY_ECC_ROW_SIZE)
                0x00000000                ee_offset = (CY_APPL_LOADABLE && ! (CY_EE_IN_BTLDR))?((CY_EE_SIZE / CY_APPL_MAX) * (CY_APPL_NUM - 0x1)):0x0
                0x00000800                ee_size = (CY_APPL_LOADABLE && ! (CY_EE_IN_BTLDR))?(CY_EE_SIZE / CY_APPL_MAX):CY_EE_SIZE
                0x00000000                PROVIDE (CY_ECC_OFFSET, ecc_offset)

.text           0x00000000     0x11b6
 CREATE_OBJECT_SYMBOLS
                0x00000000                PROVIDE (__cy_interrupt_vector, RomVectors)
 *(.romvectors)
 .romvectors    0x00000000       0x10 .\CortexM3\ARM_GCC_493\Debug\Cm3Start.o
                0x00000000                RomVectors
                0x00000001                ASSERT ((. != __cy_interrupt_vector), No interrupt vector)
                0x00000001                ASSERT (CY_APPL_ORIGIN?(SIZEOF (.cybootloader) <= CY_APPL_ORIGIN):0x1, Wrong image location)
                0x00000010                PROVIDE (__cy_reset, Reset)
 *(.text.Reset)
 .text.Reset    0x00000010       0x18 .\CortexM3\ARM_GCC_493\Debug\Cm3Start.o
                0x00000010                Reset
                0x00000001                ASSERT ((. != __cy_reset), No reset code)
 *(.dma_init)
                0x00000001                ASSERT ((((appl_start + .) <= 0x10000) || 0x1), DMA Init must be within the first 64k of flash)
 *(.text .text.* .gnu.linkonce.t.*)
 .text          0x00000028       0x5c c:/program files (x86)/cypress/psoc creator/4.0/psoc creator/import/gnu/arm/4.9.3/bin/../lib/gcc/arm-none-eabi/4.9.3/armv7-m/crtbegin.o
 .text.Power_Handler
                0x00000084       0x40 .\CortexM3\ARM_GCC_493\Debug\main.o
                0x00000084                Power_Handler
 .text.Right_Handler
                0x000000c4       0x30 .\CortexM3\ARM_GCC_493\Debug\main.o
                0x000000c4                Right_Handler
 .text.Down_Handler
                0x000000f4       0x30 .\CortexM3\ARM_GCC_493\Debug\main.o
                0x000000f4                Down_Handler
 .text.Up_Handler
                0x00000124       0x30 .\CortexM3\ARM_GCC_493\Debug\main.o
                0x00000124                Up_Handler
 .text.Left_Handler
                0x00000154       0x30 .\CortexM3\ARM_GCC_493\Debug\main.o
                0x00000154                Left_Handler
 .text.E_Handler
                0x00000184       0x30 .\CortexM3\ARM_GCC_493\Debug\main.o
                0x00000184                E_Handler
 .text.Button_Timer_Handler
                0x000001b4       0x4c .\CortexM3\ARM_GCC_493\Debug\main.o
                0x000001b4                Button_Timer_Handler
 .text.set_input
                0x00000200       0xc8 .\CortexM3\ARM_GCC_493\Debug\main.o
                0x00000200                set_input
 .text.main     0x000002c8      0x1fc .\CortexM3\ARM_GCC_493\Debug\main.o
                0x000002c8                main
 .text.Input_2_Handler
                0x000004c4       0x48 .\CortexM3\ARM_GCC_493\Debug\main.o
                0x000004c4                Input_2_Handler
 .text.Input_1_Handler
                0x0000050c       0x44 .\CortexM3\ARM_GCC_493\Debug\main.o
                0x0000050c                Input_1_Handler
 .text.Mute_Handler
                0x00000550       0x48 .\CortexM3\ARM_GCC_493\Debug\main.o
                0x00000550                Mute_Handler
 .text.IntDefaultHandler
                0x00000598       0x10 .\CortexM3\ARM_GCC_493\Debug\Cm3Start.o
                0x00000598                IntDefaultHandler
 .text.Start_c  0x000005a8       0x4c .\CortexM3\ARM_GCC_493\Debug\Cm3Start.o
                0x000005a8                Start_c
 .text.initialize_psoc
                0x000005f4       0x74 .\CortexM3\ARM_GCC_493\Debug\Cm3Start.o
                0x000005f4                initialize_psoc
 .text.CyClockStartupError
                0x00000668        0x4 .\CortexM3\ARM_GCC_493\Debug\Controls.a(cyfitter_cfg.o)
 .text.cfg_write_bytes32
                0x0000066c       0x34 .\CortexM3\ARM_GCC_493\Debug\Controls.a(cyfitter_cfg.o)
 .text.AnalogSetDefault
                0x000006a0       0x40 .\CortexM3\ARM_GCC_493\Debug\Controls.a(cyfitter_cfg.o)
 .text.CYMEMZERO
                0x000006e0        0xc .\CortexM3\ARM_GCC_493\Debug\Controls.a(cyfitter_cfg.o)
 .text.CYCONFIGCPY
                0x000006ec        0x8 .\CortexM3\ARM_GCC_493\Debug\Controls.a(cyfitter_cfg.o)
 .text.ClockSetup
                0x000006f4       0xf4 .\CortexM3\ARM_GCC_493\Debug\Controls.a(cyfitter_cfg.o)
 .text.cyfitter_cfg
                0x000007e8      0x140 .\CortexM3\ARM_GCC_493\Debug\Controls.a(cyfitter_cfg.o)
                0x000007e8                cyfitter_cfg
 .text.Enter_SW_Read
                0x00000928       0x10 .\CortexM3\ARM_GCC_493\Debug\Controls.a(Enter_SW.o)
                0x00000928                Enter_SW_Read
 .text.Power_LED_Write
                0x00000938       0x18 .\CortexM3\ARM_GCC_493\Debug\Controls.a(Power_LED.o)
                0x00000938                Power_LED_Write
 .text.Power_LED_Read
                0x00000950       0x10 .\CortexM3\ARM_GCC_493\Debug\Controls.a(Power_LED.o)
                0x00000950                Power_LED_Read
 .text.D3_LED_Write
                0x00000960       0x18 .\CortexM3\ARM_GCC_493\Debug\Controls.a(D3_LED.o)
                0x00000960                D3_LED_Write
 .text.Power_SW_Read
                0x00000978       0x10 .\CortexM3\ARM_GCC_493\Debug\Controls.a(Power_SW.o)
                0x00000978                Power_SW_Read
 .text.Left_SW_Read
                0x00000988       0x10 .\CortexM3\ARM_GCC_493\Debug\Controls.a(Left_SW.o)
                0x00000988                Left_SW_Read
 .text.Right_SW_Read
                0x00000998       0x10 .\CortexM3\ARM_GCC_493\Debug\Controls.a(Right_SW.o)
                0x00000998                Right_SW_Read
 .text.Down_SW_Read
                0x000009a8        0xc .\CortexM3\ARM_GCC_493\Debug\Controls.a(Down_SW.o)
                0x000009a8                Down_SW_Read
 .text.D2_LED_Write
                0x000009b4       0x18 .\CortexM3\ARM_GCC_493\Debug\Controls.a(D2_LED.o)
                0x000009b4                D2_LED_Write
 .text.Up_SW_Read
                0x000009cc       0x10 .\CortexM3\ARM_GCC_493\Debug\Controls.a(Up_SW.o)
                0x000009cc                Up_SW_Read
 .text.Input_1_SW_Read
                0x000009dc       0x10 .\CortexM3\ARM_GCC_493\Debug\Controls.a(Input_1_SW.o)
                0x000009dc                Input_1_SW_Read
 .text.Input_2_SW_Read
                0x000009ec       0x10 .\CortexM3\ARM_GCC_493\Debug\Controls.a(Input_2_SW.o)
                0x000009ec                Input_2_SW_Read
 .text.D1_LED_Write
                0x000009fc       0x18 .\CortexM3\ARM_GCC_493\Debug\Controls.a(D1_LED.o)
                0x000009fc                D1_LED_Write
 .text.D1_LED_Read
                0x00000a14       0x10 .\CortexM3\ARM_GCC_493\Debug\Controls.a(D1_LED.o)
                0x00000a14                D1_LED_Read
 .text.U1_LED_Write
                0x00000a24       0x18 .\CortexM3\ARM_GCC_493\Debug\Controls.a(U1_LED.o)
                0x00000a24                U1_LED_Write
 .text.U2_LED_Write
                0x00000a3c       0x18 .\CortexM3\ARM_GCC_493\Debug\Controls.a(U2_LED.o)
                0x00000a3c                U2_LED_Write
 .text.U3_LED_Write
                0x00000a54       0x18 .\CortexM3\ARM_GCC_493\Debug\Controls.a(U3_LED.o)
                0x00000a54                U3_LED_Write
 .text.U4_LED_Write
                0x00000a6c       0x18 .\CortexM3\ARM_GCC_493\Debug\Controls.a(U4_LED.o)
                0x00000a6c                U4_LED_Write
 .text.U4_LED_Read
                0x00000a84       0x10 .\CortexM3\ARM_GCC_493\Debug\Controls.a(U4_LED.o)
                0x00000a84                U4_LED_Read
 .text.U5_LED_Write
                0x00000a94       0x18 .\CortexM3\ARM_GCC_493\Debug\Controls.a(U5_LED.o)
                0x00000a94                U5_LED_Write
 .text.U5_LED_Read
                0x00000aac       0x10 .\CortexM3\ARM_GCC_493\Debug\Controls.a(U5_LED.o)
                0x00000aac                U5_LED_Read
 .text.U6_LED_Write
                0x00000abc       0x18 .\CortexM3\ARM_GCC_493\Debug\Controls.a(U6_LED.o)
                0x00000abc                U6_LED_Write
 .text.U6_LED_Read
                0x00000ad4       0x10 .\CortexM3\ARM_GCC_493\Debug\Controls.a(U6_LED.o)
                0x00000ad4                U6_LED_Read
 .text.U7_LED_Write
                0x00000ae4       0x18 .\CortexM3\ARM_GCC_493\Debug\Controls.a(U7_LED.o)
                0x00000ae4                U7_LED_Write
 .text.U7_LED_Read
                0x00000afc       0x10 .\CortexM3\ARM_GCC_493\Debug\Controls.a(U7_LED.o)
                0x00000afc                U7_LED_Read
 .text.U8_LED_Write
                0x00000b0c       0x18 .\CortexM3\ARM_GCC_493\Debug\Controls.a(U8_LED.o)
                0x00000b0c                U8_LED_Write
 .text.CyDelay  0x00000b24       0x2c .\CortexM3\ARM_GCC_493\Debug\Controls.a(CyLib.o)
                0x00000b24                CyDelay
 .text.Mute_SW_Read
                0x00000b50       0x10 .\CortexM3\ARM_GCC_493\Debug\Controls.a(Mute_SW.o)
                0x00000b50                Mute_SW_Read
 .text.i_Up_SetVector
                0x00000b60       0x10 .\CortexM3\ARM_GCC_493\Debug\Controls.a(i_Up.o)
                0x00000b60                i_Up_SetVector
 .text.i_Up_SetPriority
                0x00000b70       0x10 .\CortexM3\ARM_GCC_493\Debug\Controls.a(i_Up.o)
                0x00000b70                i_Up_SetPriority
 .text.i_Up_Enable
                0x00000b80       0x10 .\CortexM3\ARM_GCC_493\Debug\Controls.a(i_Up.o)
                0x00000b80                i_Up_Enable
 .text.i_Up_Disable
                0x00000b90       0x10 .\CortexM3\ARM_GCC_493\Debug\Controls.a(i_Up.o)
                0x00000b90                i_Up_Disable
 .text.i_Up_StartEx
                0x00000ba0       0x1c .\CortexM3\ARM_GCC_493\Debug\Controls.a(i_Up.o)
                0x00000ba0                i_Up_StartEx
 .text.i_Up_ClearPending
                0x00000bbc       0x10 .\CortexM3\ARM_GCC_493\Debug\Controls.a(i_Up.o)
                0x00000bbc                i_Up_ClearPending
 .text.i_Left_SetVector
                0x00000bcc        0xc .\CortexM3\ARM_GCC_493\Debug\Controls.a(i_Left.o)
                0x00000bcc                i_Left_SetVector
 .text.i_Left_SetPriority
                0x00000bd8       0x10 .\CortexM3\ARM_GCC_493\Debug\Controls.a(i_Left.o)
                0x00000bd8                i_Left_SetPriority
 .text.i_Left_Enable
                0x00000be8       0x10 .\CortexM3\ARM_GCC_493\Debug\Controls.a(i_Left.o)
                0x00000be8                i_Left_Enable
 .text.i_Left_Disable
                0x00000bf8       0x10 .\CortexM3\ARM_GCC_493\Debug\Controls.a(i_Left.o)
                0x00000bf8                i_Left_Disable
 .text.i_Left_StartEx
                0x00000c08       0x1c .\CortexM3\ARM_GCC_493\Debug\Controls.a(i_Left.o)
                0x00000c08                i_Left_StartEx
 .text.i_Left_ClearPending
                0x00000c24       0x10 .\CortexM3\ARM_GCC_493\Debug\Controls.a(i_Left.o)
                0x00000c24                i_Left_ClearPending
 .text.i_Mute_SetVector
                0x00000c34        0xc .\CortexM3\ARM_GCC_493\Debug\Controls.a(i_Mute.o)
                0x00000c34                i_Mute_SetVector
 .text.i_Mute_SetPriority
                0x00000c40       0x10 .\CortexM3\ARM_GCC_493\Debug\Controls.a(i_Mute.o)
                0x00000c40                i_Mute_SetPriority
 .text.i_Mute_Enable
                0x00000c50       0x10 .\CortexM3\ARM_GCC_493\Debug\Controls.a(i_Mute.o)
                0x00000c50                i_Mute_Enable
 .text.i_Mute_Disable
                0x00000c60       0x10 .\CortexM3\ARM_GCC_493\Debug\Controls.a(i_Mute.o)
                0x00000c60                i_Mute_Disable
 .text.i_Mute_StartEx
                0x00000c70       0x1c .\CortexM3\ARM_GCC_493\Debug\Controls.a(i_Mute.o)
                0x00000c70                i_Mute_StartEx
 .text.i_Mute_ClearPending
                0x00000c8c       0x10 .\CortexM3\ARM_GCC_493\Debug\Controls.a(i_Mute.o)
                0x00000c8c                i_Mute_ClearPending
 .text.i_Enter_SetVector
                0x00000c9c        0xc .\CortexM3\ARM_GCC_493\Debug\Controls.a(i_Enter.o)
                0x00000c9c                i_Enter_SetVector
 .text.i_Enter_SetPriority
                0x00000ca8       0x10 .\CortexM3\ARM_GCC_493\Debug\Controls.a(i_Enter.o)
                0x00000ca8                i_Enter_SetPriority
 .text.i_Enter_Enable
                0x00000cb8       0x10 .\CortexM3\ARM_GCC_493\Debug\Controls.a(i_Enter.o)
                0x00000cb8                i_Enter_Enable
 .text.i_Enter_Disable
                0x00000cc8       0x10 .\CortexM3\ARM_GCC_493\Debug\Controls.a(i_Enter.o)
                0x00000cc8                i_Enter_Disable
 .text.i_Enter_StartEx
                0x00000cd8       0x1c .\CortexM3\ARM_GCC_493\Debug\Controls.a(i_Enter.o)
                0x00000cd8                i_Enter_StartEx
 .text.i_Enter_ClearPending
                0x00000cf4       0x10 .\CortexM3\ARM_GCC_493\Debug\Controls.a(i_Enter.o)
                0x00000cf4                i_Enter_ClearPending
 .text.i_Down_SetVector
                0x00000d04        0xc .\CortexM3\ARM_GCC_493\Debug\Controls.a(i_Down.o)
                0x00000d04                i_Down_SetVector
 .text.i_Down_SetPriority
                0x00000d10       0x10 .\CortexM3\ARM_GCC_493\Debug\Controls.a(i_Down.o)
                0x00000d10                i_Down_SetPriority
 .text.i_Down_Enable
                0x00000d20        0xc .\CortexM3\ARM_GCC_493\Debug\Controls.a(i_Down.o)
                0x00000d20                i_Down_Enable
 .text.i_Down_Disable
                0x00000d2c        0xc .\CortexM3\ARM_GCC_493\Debug\Controls.a(i_Down.o)
                0x00000d2c                i_Down_Disable
 .text.i_Down_StartEx
                0x00000d38       0x1c .\CortexM3\ARM_GCC_493\Debug\Controls.a(i_Down.o)
                0x00000d38                i_Down_StartEx
 .text.i_Down_ClearPending
                0x00000d54        0xc .\CortexM3\ARM_GCC_493\Debug\Controls.a(i_Down.o)
                0x00000d54                i_Down_ClearPending
 .text.i_Right_SetVector
                0x00000d60        0xc .\CortexM3\ARM_GCC_493\Debug\Controls.a(i_Right.o)
                0x00000d60                i_Right_SetVector
 .text.i_Right_SetPriority
                0x00000d6c       0x10 .\CortexM3\ARM_GCC_493\Debug\Controls.a(i_Right.o)
                0x00000d6c                i_Right_SetPriority
 .text.i_Right_Enable
                0x00000d7c       0x10 .\CortexM3\ARM_GCC_493\Debug\Controls.a(i_Right.o)
                0x00000d7c                i_Right_Enable
 .text.i_Right_Disable
                0x00000d8c       0x10 .\CortexM3\ARM_GCC_493\Debug\Controls.a(i_Right.o)
                0x00000d8c                i_Right_Disable
 .text.i_Right_StartEx
                0x00000d9c       0x1c .\CortexM3\ARM_GCC_493\Debug\Controls.a(i_Right.o)
                0x00000d9c                i_Right_StartEx
 .text.i_Right_ClearPending
                0x00000db8       0x10 .\CortexM3\ARM_GCC_493\Debug\Controls.a(i_Right.o)
                0x00000db8                i_Right_ClearPending
 .text.i_Input_1_SetVector
                0x00000dc8        0xc .\CortexM3\ARM_GCC_493\Debug\Controls.a(i_Input_1.o)
                0x00000dc8                i_Input_1_SetVector
 .text.i_Input_1_SetPriority
                0x00000dd4       0x10 .\CortexM3\ARM_GCC_493\Debug\Controls.a(i_Input_1.o)
                0x00000dd4                i_Input_1_SetPriority
 .text.i_Input_1_Enable
                0x00000de4       0x10 .\CortexM3\ARM_GCC_493\Debug\Controls.a(i_Input_1.o)
                0x00000de4                i_Input_1_Enable
 .text.i_Input_1_Disable
                0x00000df4       0x10 .\CortexM3\ARM_GCC_493\Debug\Controls.a(i_Input_1.o)
                0x00000df4                i_Input_1_Disable
 .text.i_Input_1_StartEx
                0x00000e04       0x1c .\CortexM3\ARM_GCC_493\Debug\Controls.a(i_Input_1.o)
                0x00000e04                i_Input_1_StartEx
 .text.i_Input_1_ClearPending
                0x00000e20       0x10 .\CortexM3\ARM_GCC_493\Debug\Controls.a(i_Input_1.o)
                0x00000e20                i_Input_1_ClearPending
 .text.i_Power_SetVector
                0x00000e30        0xc .\CortexM3\ARM_GCC_493\Debug\Controls.a(i_Power.o)
                0x00000e30                i_Power_SetVector
 .text.i_Power_SetPriority
                0x00000e3c       0x10 .\CortexM3\ARM_GCC_493\Debug\Controls.a(i_Power.o)
                0x00000e3c                i_Power_SetPriority
 .text.i_Power_Enable
                0x00000e4c       0x10 .\CortexM3\ARM_GCC_493\Debug\Controls.a(i_Power.o)
                0x00000e4c                i_Power_Enable
 .text.i_Power_Disable
                0x00000e5c       0x10 .\CortexM3\ARM_GCC_493\Debug\Controls.a(i_Power.o)
                0x00000e5c                i_Power_Disable
 .text.i_Power_StartEx
                0x00000e6c       0x1c .\CortexM3\ARM_GCC_493\Debug\Controls.a(i_Power.o)
                0x00000e6c                i_Power_StartEx
 .text.i_Power_ClearPending
                0x00000e88       0x10 .\CortexM3\ARM_GCC_493\Debug\Controls.a(i_Power.o)
                0x00000e88                i_Power_ClearPending
 .text.i_Input_2_SetVector
                0x00000e98        0xc .\CortexM3\ARM_GCC_493\Debug\Controls.a(i_Input_2.o)
                0x00000e98                i_Input_2_SetVector
 .text.i_Input_2_SetPriority
                0x00000ea4       0x10 .\CortexM3\ARM_GCC_493\Debug\Controls.a(i_Input_2.o)
                0x00000ea4                i_Input_2_SetPriority
 .text.i_Input_2_Enable
                0x00000eb4       0x10 .\CortexM3\ARM_GCC_493\Debug\Controls.a(i_Input_2.o)
                0x00000eb4                i_Input_2_Enable
 .text.i_Input_2_Disable
                0x00000ec4       0x10 .\CortexM3\ARM_GCC_493\Debug\Controls.a(i_Input_2.o)
                0x00000ec4                i_Input_2_Disable
 .text.i_Input_2_StartEx
                0x00000ed4       0x1c .\CortexM3\ARM_GCC_493\Debug\Controls.a(i_Input_2.o)
                0x00000ed4                i_Input_2_StartEx
 .text.i_Input_2_ClearPending
                0x00000ef0       0x10 .\CortexM3\ARM_GCC_493\Debug\Controls.a(i_Input_2.o)
                0x00000ef0                i_Input_2_ClearPending
 .text.Input_Relais_0_Write
                0x00000f00       0x18 .\CortexM3\ARM_GCC_493\Debug\Controls.a(Input_Relais_0.o)
                0x00000f00                Input_Relais_0_Write
 .text.Input_Relais_1_Write
                0x00000f18       0x18 .\CortexM3\ARM_GCC_493\Debug\Controls.a(Input_Relais_1.o)
                0x00000f18                Input_Relais_1_Write
 .text.Input_Relais_2_Write
                0x00000f30       0x18 .\CortexM3\ARM_GCC_493\Debug\Controls.a(Input_Relais_2.o)
                0x00000f30                Input_Relais_2_Write
 .text.Input_Relais_3_Write
                0x00000f48       0x18 .\CortexM3\ARM_GCC_493\Debug\Controls.a(Input_Relais_3.o)
                0x00000f48                Input_Relais_3_Write
 .text.Button_Timer_Enable
                0x00000f60       0x28 .\CortexM3\ARM_GCC_493\Debug\Controls.a(Button_Timer.o)
                0x00000f60                Button_Timer_Enable
 .text.Button_Timer_Stop
                0x00000f88       0x28 .\CortexM3\ARM_GCC_493\Debug\Controls.a(Button_Timer.o)
                0x00000f88                Button_Timer_Stop
 .text.Button_Timer_SetInterruptMode
                0x00000fb0        0xc .\CortexM3\ARM_GCC_493\Debug\Controls.a(Button_Timer.o)
                0x00000fb0                Button_Timer_SetInterruptMode
 .text.Button_Timer_WritePeriod
                0x00000fbc        0xc .\CortexM3\ARM_GCC_493\Debug\Controls.a(Button_Timer.o)
                0x00000fbc                Button_Timer_WritePeriod
 .text.Button_Timer_WriteCounter
                0x00000fc8        0xc .\CortexM3\ARM_GCC_493\Debug\Controls.a(Button_Timer.o)
                0x00000fc8                Button_Timer_WriteCounter
 .text.Button_Timer_Init
                0x00000fd4       0x6c .\CortexM3\ARM_GCC_493\Debug\Controls.a(Button_Timer.o)
                0x00000fd4                Button_Timer_Init
 .text.Button_Timer_Start
                0x00001040       0x1c .\CortexM3\ARM_GCC_493\Debug\Controls.a(Button_Timer.o)
                0x00001040                Button_Timer_Start
 .text.Button_Timer_Interrupt_SetVector
                0x0000105c        0xc .\CortexM3\ARM_GCC_493\Debug\Controls.a(Button_Timer_Interrupt.o)
                0x0000105c                Button_Timer_Interrupt_SetVector
 .text.Button_Timer_Interrupt_SetPriority
                0x00001068       0x10 .\CortexM3\ARM_GCC_493\Debug\Controls.a(Button_Timer_Interrupt.o)
                0x00001068                Button_Timer_Interrupt_SetPriority
 .text.Button_Timer_Interrupt_Enable
                0x00001078        0xc .\CortexM3\ARM_GCC_493\Debug\Controls.a(Button_Timer_Interrupt.o)
                0x00001078                Button_Timer_Interrupt_Enable
 .text.Button_Timer_Interrupt_Disable
                0x00001084        0xc .\CortexM3\ARM_GCC_493\Debug\Controls.a(Button_Timer_Interrupt.o)
                0x00001084                Button_Timer_Interrupt_Disable
 .text.Button_Timer_Interrupt_StartEx
                0x00001090       0x1c .\CortexM3\ARM_GCC_493\Debug\Controls.a(Button_Timer_Interrupt.o)
                0x00001090                Button_Timer_Interrupt_StartEx
 .text.Button_Timer_Interrupt_ClearPending
                0x000010ac        0xc .\CortexM3\ARM_GCC_493\Debug\Controls.a(Button_Timer_Interrupt.o)
                0x000010ac                Button_Timer_Interrupt_ClearPending
 .text.Input_Relais_4_Write
                0x000010b8       0x18 .\CortexM3\ARM_GCC_493\Debug\Controls.a(Input_Relais_4.o)
                0x000010b8                Input_Relais_4_Write
 .text.Input_Relais_5_Write
                0x000010d0       0x18 .\CortexM3\ARM_GCC_493\Debug\Controls.a(Input_Relais_5.o)
                0x000010d0                Input_Relais_5_Write
 .text.Input_Relais_6_Write
                0x000010e8       0x18 .\CortexM3\ARM_GCC_493\Debug\Controls.a(Input_Relais_6.o)
                0x000010e8                Input_Relais_6_Write
 .text.Input_Relais_7_Write
                0x00001100       0x18 .\CortexM3\ARM_GCC_493\Debug\Controls.a(Input_Relais_7.o)
                0x00001100                Input_Relais_7_Write
 .text          0x00001118       0x20 .\CortexM3\ARM_GCC_493\Debug\Controls.a(CyBootAsmGnu.o)
                0x00001118                CyDelayCycles
                0x00001128                CyEnterCriticalSection
                0x00001130                CyExitCriticalSection
 .text.__errno  0x00001138        0xc c:/program files (x86)/cypress/psoc creator/4.0/psoc creator/import/gnu/arm/4.9.3/bin/../lib/gcc/arm-none-eabi/4.9.3/../../../../arm-none-eabi/lib/armv7-m\libg_nano.a(lib_a-errno.o)
                0x00001138                __errno
 .text.__libc_init_array
                0x00001144       0x4c c:/program files (x86)/cypress/psoc creator/4.0/psoc creator/import/gnu/arm/4.9.3/bin/../lib/gcc/arm-none-eabi/4.9.3/../../../../arm-none-eabi/lib/armv7-m\libg_nano.a(lib_a-init.o)
                0x00001144                __libc_init_array
 .text.memcpy   0x00001190       0x16 c:/program files (x86)/cypress/psoc creator/4.0/psoc creator/import/gnu/arm/4.9.3/bin/../lib/gcc/arm-none-eabi/4.9.3/../../../../arm-none-eabi/lib/armv7-m\libg_nano.a(lib_a-memcpy.o)
                0x00001190                memcpy
 .text.memset   0x000011a6       0x10 c:/program files (x86)/cypress/psoc creator/4.0/psoc creator/import/gnu/arm/4.9.3/bin/../lib/gcc/arm-none-eabi/4.9.3/../../../../arm-none-eabi/lib/armv7-m\libg_nano.a(lib_a-memset.o)
                0x000011a6                memset
 *(.plt)
 *(.gnu.warning)
 *(.glue_7t)
 .glue_7t       0x00000000        0x0 linker stubs
 *(.glue_7)
 .glue_7        0x00000000        0x0 linker stubs
 *(.vfp11_veneer)
 .vfp11_veneer  0x00000000        0x0 linker stubs
 *(.bootloader)
 *(.ARM.extab* .gnu.linkonce.armextab.*)
 *(.gcc_except_table)

.v4_bx          0x000011b8        0x0
 .v4_bx         0x00000000        0x0 linker stubs

.iplt           0x000011b8        0x0
 .iplt          0x00000000        0x0 c:/program files (x86)/cypress/psoc creator/4.0/psoc creator/import/gnu/arm/4.9.3/bin/../lib/gcc/arm-none-eabi/4.9.3/armv7-m/crtbegin.o

.eh_frame_hdr
 *(.eh_frame_hdr)

.eh_frame       0x000011b8        0x4
 *(.eh_frame)
 .eh_frame      0x000011b8        0x0 c:/program files (x86)/cypress/psoc creator/4.0/psoc creator/import/gnu/arm/4.9.3/bin/../lib/gcc/arm-none-eabi/4.9.3/armv7-m/crtbegin.o
 .eh_frame      0x000011b8        0x4 c:/program files (x86)/cypress/psoc creator/4.0/psoc creator/import/gnu/arm/4.9.3/bin/../lib/gcc/arm-none-eabi/4.9.3/armv7-m/crtend.o
                0x000011bc                PROVIDE (__exidx_start, .)

.ARM.exidx
 *(.ARM.exidx* .gnu.linkonce.armexidx.*)
                0x000011bc                __exidx_end = .

.rodata         0x000011bc       0x7c
 *(.rodata .rodata.* .gnu.linkonce.r.*)
 .rodata        0x000011bc       0x44 .\CortexM3\ARM_GCC_493\Debug\Controls.a(cyfitter_cfg.o)
                0x000011bc                Volume_ADC_AMux__addrTable
                0x000011c4                Volume_ADC_AMux__maskTable
 .rodata.str1.1
                0x00001200        0x2 c:/program files (x86)/cypress/psoc creator/4.0/psoc creator/import/gnu/arm/4.9.3/bin/../lib/gcc/arm-none-eabi/4.9.3/../../../../arm-none-eabi/lib/armv7-m\libg_nano.a(lib_a-impure.o)
                0x00001204                . = ALIGN (0x4)
 *fill*         0x00001202        0x2 
 *(.init)
 .init          0x00001204        0x4 c:/program files (x86)/cypress/psoc creator/4.0/psoc creator/import/gnu/arm/4.9.3/bin/../lib/gcc/arm-none-eabi/4.9.3/armv7-m/crti.o
                0x00001204                _init
 .init          0x00001208        0x8 c:/program files (x86)/cypress/psoc creator/4.0/psoc creator/import/gnu/arm/4.9.3/bin/../lib/gcc/arm-none-eabi/4.9.3/armv7-m/crtn.o
                0x00001210                . = ALIGN (0x4)
                0x00001210                __preinit_array_start = .
 *(.preinit_array)
                0x00001210                __preinit_array_end = .
                0x00001210                . = ALIGN (0x4)
                0x00001210                __init_array_start = .
 *(SORT(.init_array.*))
 *(.init_array)
 .init_array    0x00001210        0x4 c:/program files (x86)/cypress/psoc creator/4.0/psoc creator/import/gnu/arm/4.9.3/bin/../lib/gcc/arm-none-eabi/4.9.3/armv7-m/crtbegin.o
 .init_array    0x00001214        0x4 .\CortexM3\ARM_GCC_493\Debug\Cm3Start.o
                0x00001218                __init_array_end = .
                0x00001218                . = ALIGN (0x4)
 *(.fini)
 .fini          0x00001218        0x4 c:/program files (x86)/cypress/psoc creator/4.0/psoc creator/import/gnu/arm/4.9.3/bin/../lib/gcc/arm-none-eabi/4.9.3/armv7-m/crti.o
                0x00001218                _fini
 .fini          0x0000121c        0x8 c:/program files (x86)/cypress/psoc creator/4.0/psoc creator/import/gnu/arm/4.9.3/bin/../lib/gcc/arm-none-eabi/4.9.3/armv7-m/crtn.o
                0x00001224                . = ALIGN (0x4)
                0x00001224                __fini_array_start = .
 *(.fini_array)
 .fini_array    0x00001224        0x4 c:/program files (x86)/cypress/psoc creator/4.0/psoc creator/import/gnu/arm/4.9.3/bin/../lib/gcc/arm-none-eabi/4.9.3/armv7-m/crtbegin.o
 *(SORT(.fini_array.*))
                0x00001228                __fini_array_end = .
                0x00001228                . = ALIGN (0x4)
 *crtbegin.o(.ctors)
 *(EXCLUDE_FILE(*crtend.o) .ctors)
 *(SORT(.ctors.*))
 *crtend.o(.ctors)
                0x00001228                . = ALIGN (0x4)
 *crtbegin.o(.dtors)
 *(EXCLUDE_FILE(*crtend.o) .dtors)
 *(SORT(.dtors.*))
 *crtend.o(.dtors)
                0x00001228                . = ALIGN (0x4)
                0x00001228                __cy_regions = .
                0x00001228        0x4 LONG 0x1238 __cy_region_init_ram
                0x0000122c        0x4 LONG 0x1fff8108 __cy_region_start_data
                0x00001230        0x4 LONG 0x80 __cy_region_init_size_ram
                0x00001234        0x4 LONG 0x20 __cy_region_zero_size_ram
                0x00001238                __cy_regions_end = .
                0x00001238                . = ALIGN (0x8)
                0x00001238                _etext = .

.cy_checksum_exclude
                0x00001238        0x0
 *(.cy_checksum_exclude)

.ramvectors     0x1fff8000      0x100
                0x1fff8000                __cy_region_start_ram = .
 *(.ramvectors)
 .ramvectors    0x1fff8000      0x100 .\CortexM3\ARM_GCC_493\Debug\Cm3Start.o
                0x1fff8000                CyRamVectors

.noinit         0x1fff8100        0x5
 *(.noinit)
 .noinit        0x1fff8100        0x4 .\CortexM3\ARM_GCC_493\Debug\Cm3Start.o
 .noinit        0x1fff8104        0x1 .\CortexM3\ARM_GCC_493\Debug\Controls.a(CyLib.o)
                0x1fff8104                CyResetStatus

.data           0x1fff8108       0x80 load address 0x00001238
                0x1fff8108                __cy_region_start_data = .
 *(.jcr)
 .jcr           0x1fff8108        0x0 c:/program files (x86)/cypress/psoc creator/4.0/psoc creator/import/gnu/arm/4.9.3/bin/../lib/gcc/arm-none-eabi/4.9.3/armv7-m/crtbegin.o
 .jcr           0x1fff8108        0x4 c:/program files (x86)/cypress/psoc creator/4.0/psoc creator/import/gnu/arm/4.9.3/bin/../lib/gcc/arm-none-eabi/4.9.3/armv7-m/crtend.o
 *(.got.plt)
 *(.got)
 *(.shdata)
 *(.data .data.* .gnu.linkonce.d.*)
 .data          0x1fff810c        0x2 .\CortexM3\ARM_GCC_493\Debug\main.o
                0x1fff810c                globalstate
                0x1fff810d                input
 *fill*         0x1fff810e        0x2 
 .data          0x1fff8110       0x10 .\CortexM3\ARM_GCC_493\Debug\Controls.a(CyLib.o)
                0x1fff8110                cydelay_32k_ms
                0x1fff8114                cydelay_freq_khz
                0x1fff8118                cydelay_freq_mhz
                0x1fff811c                cydelay_freq_hz
 .data.impure_data
                0x1fff8120       0x60 c:/program files (x86)/cypress/psoc creator/4.0/psoc creator/import/gnu/arm/4.9.3/bin/../lib/gcc/arm-none-eabi/4.9.3/../../../../arm-none-eabi/lib/armv7-m\libg_nano.a(lib_a-impure.o)
 .data._impure_ptr
                0x1fff8180        0x4 c:/program files (x86)/cypress/psoc creator/4.0/psoc creator/import/gnu/arm/4.9.3/bin/../lib/gcc/arm-none-eabi/4.9.3/../../../../arm-none-eabi/lib/armv7-m\libg_nano.a(lib_a-impure.o)
                0x1fff8180                _impure_ptr
                0x1fff8188                . = ALIGN (0x8)
 *fill*         0x1fff8184        0x4 
 *(.ram)
                0x1fff8188                _edata = .

.igot.plt       0x1fff8188        0x0 load address 0x000012b8
 .igot.plt      0x00000000        0x0 c:/program files (x86)/cypress/psoc creator/4.0/psoc creator/import/gnu/arm/4.9.3/bin/../lib/gcc/arm-none-eabi/4.9.3/armv7-m/crtbegin.o

.bss            0x1fff8188       0x20 load address 0x000012b8
                0x1fff8188                PROVIDE (__bss_start__, .)
 *(.shbss)
 *(.bss .bss.* .gnu.linkonce.b.*)
 .bss           0x1fff8188       0x1c c:/program files (x86)/cypress/psoc creator/4.0/psoc creator/import/gnu/arm/4.9.3/bin/../lib/gcc/arm-none-eabi/4.9.3/armv7-m/crtbegin.o
 .bss           0x1fff81a4        0x1 .\CortexM3\ARM_GCC_493\Debug\main.o
                0x1fff81a4                muted
 .bss           0x1fff81a5        0x1 .\CortexM3\ARM_GCC_493\Debug\Controls.a(Button_Timer.o)
                0x1fff81a5                Button_Timer_initVar
 *(COMMON)
                0x1fff81a8                . = ALIGN (0x8)
 *fill*         0x1fff81a6        0x2 
 *(.ram.b)
                0x1fff81a8                _end = .
                0x1fff81a8                __end = .
                0x1fff81a8                PROVIDE (end, .)
                0x1fff81a8                PROVIDE (__bss_end__, .)
                0x00001238                __cy_region_init_ram = LOADADDR (.data)
                0x00000080                __cy_region_init_size_ram = (_edata - ADDR (.data))
                0x00000020                __cy_region_zero_size_ram = (_end - _edata)

.heap           0x1fff81a8       0x80 load address 0x000012b8
                0x1fff81a8                . = _end
                0x1fff8228                . = (. + 0x80)
 *fill*         0x1fff81a8       0x80 
                0x1fff8228                __cy_heap_limit = .

.stack          0x20007800      0x800
                0x20007800                __cy_stack_limit = .
                0x20008000                . = (. + 0x800)
 *fill*         0x20007800      0x800 
                0x00000001                ASSERT ((__cy_stack_limit >= __cy_heap_limit), region RAM overflowed with stack)
                0x00000000                cy_checksum_exclude_size = (CY_APPL_LOADABLE == 0x1)?SIZEOF (.cy_checksum_exclude):0x0
                0x00000001                ASSERT ((cy_checksum_exclude_size <= CY_CHECKSUM_EXCLUDE_SIZE), CY_BOOT: Section .cy_checksum_exclude size exceedes specified limit.)

.cyloadermeta
 *(.cyloadermeta)

.cyloadablemeta
 *(.cyloadablemeta)

.cyconfigecc    0x80000000      0x1d4
 *(.cyconfigecc)
 .cyconfigecc   0x80000000      0x1d4 .\CortexM3\ARM_GCC_493\Debug\cymetadata.o
                0x80000000                cy_meta_configecc

.cycustnvl      0x90000000        0x4
 *(.cycustnvl)
 .cycustnvl     0x90000000        0x4 .\CortexM3\ARM_GCC_493\Debug\cymetadata.o
                0x90000000                cy_meta_custnvl

.cywolatch      0x90100000        0x4
 *(.cywolatch)
 .cywolatch     0x90100000        0x4 .\CortexM3\ARM_GCC_493\Debug\cymetadata.o
                0x90100000                cy_meta_wonvl

.cyeeprom       0x90200000        0x0
 *(.cyeeprom)
                0x00000001                ASSERT ((. <= ((0x90200000 + ee_offset) + ee_size)), .cyeeprom data will not fit in EEPROM)

.cyflashprotect
                0x90400000      0x100
 *(.cyflashprotect)
 .cyflashprotect
                0x90400000      0x100 .\CortexM3\ARM_GCC_493\Debug\cymetadata.o
                0x90400000                cy_meta_flashprotect

.cymeta         0x90500000        0xc
 *(.cymeta)
 .cymeta        0x90500000        0xc .\CortexM3\ARM_GCC_493\Debug\cymetadata.o
                0x90500000                cy_metadata

.rel.dyn        0x000012b8        0x0 load address 0x9050000c
 .rel.iplt      0x00000000        0x0 c:/program files (x86)/cypress/psoc creator/4.0/psoc creator/import/gnu/arm/4.9.3/bin/../lib/gcc/arm-none-eabi/4.9.3/armv7-m/crtbegin.o

.stab
 *(.stab)

.stabstr
 *(.stabstr)

.debug
 *(.debug)

.line
 *(.line)

.debug_srcinfo
 *(.debug_srcinfo)

.debug_sfnames
 *(.debug_sfnames)

.debug_aranges  0x00000000     0x11c0
 *(.debug_aranges)
 .debug_aranges
                0x00000000       0x90 .\CortexM3\ARM_GCC_493\Debug\main.o
 .debug_aranges
                0x00000090       0x18 .\CortexM3\ARM_GCC_493\Debug\cymetadata.o
 .debug_aranges
                0x000000a8       0x48 .\CortexM3\ARM_GCC_493\Debug\Cm3Start.o
 .debug_aranges
                0x000000f0       0x68 .\CortexM3\ARM_GCC_493\Debug\Controls.a(cyfitter_cfg.o)
 .debug_aranges
                0x00000158       0x38 .\CortexM3\ARM_GCC_493\Debug\Controls.a(Enter_SW.o)
 .debug_aranges
                0x00000190       0x38 .\CortexM3\ARM_GCC_493\Debug\Controls.a(Power_LED.o)
 .debug_aranges
                0x000001c8       0x38 .\CortexM3\ARM_GCC_493\Debug\Controls.a(D3_LED.o)
 .debug_aranges
                0x00000200       0x38 .\CortexM3\ARM_GCC_493\Debug\Controls.a(Power_SW.o)
 .debug_aranges
                0x00000238       0x38 .\CortexM3\ARM_GCC_493\Debug\Controls.a(Left_SW.o)
 .debug_aranges
                0x00000270       0x38 .\CortexM3\ARM_GCC_493\Debug\Controls.a(Right_SW.o)
 .debug_aranges
                0x000002a8       0x38 .\CortexM3\ARM_GCC_493\Debug\Controls.a(Down_SW.o)
 .debug_aranges
                0x000002e0       0x38 .\CortexM3\ARM_GCC_493\Debug\Controls.a(D2_LED.o)
 .debug_aranges
                0x00000318       0x38 .\CortexM3\ARM_GCC_493\Debug\Controls.a(Up_SW.o)
 .debug_aranges
                0x00000350       0x38 .\CortexM3\ARM_GCC_493\Debug\Controls.a(Input_1_SW.o)
 .debug_aranges
                0x00000388       0x38 .\CortexM3\ARM_GCC_493\Debug\Controls.a(Input_2_SW.o)
 .debug_aranges
                0x000003c0       0x38 .\CortexM3\ARM_GCC_493\Debug\Controls.a(D1_LED.o)
 .debug_aranges
                0x000003f8       0x38 .\CortexM3\ARM_GCC_493\Debug\Controls.a(U1_LED.o)
 .debug_aranges
                0x00000430       0x38 .\CortexM3\ARM_GCC_493\Debug\Controls.a(U2_LED.o)
 .debug_aranges
                0x00000468       0x38 .\CortexM3\ARM_GCC_493\Debug\Controls.a(U3_LED.o)
 .debug_aranges
                0x000004a0       0x38 .\CortexM3\ARM_GCC_493\Debug\Controls.a(U4_LED.o)
 .debug_aranges
                0x000004d8       0x38 .\CortexM3\ARM_GCC_493\Debug\Controls.a(U5_LED.o)
 .debug_aranges
                0x00000510       0x38 .\CortexM3\ARM_GCC_493\Debug\Controls.a(U6_LED.o)
 .debug_aranges
                0x00000548       0x38 .\CortexM3\ARM_GCC_493\Debug\Controls.a(U7_LED.o)
 .debug_aranges
                0x00000580       0x38 .\CortexM3\ARM_GCC_493\Debug\Controls.a(U8_LED.o)
 .debug_aranges
                0x000005b8      0x2a0 .\CortexM3\ARM_GCC_493\Debug\Controls.a(CyLib.o)
 .debug_aranges
                0x00000858       0x98 .\CortexM3\ARM_GCC_493\Debug\Controls.a(cyPm.o)
 .debug_aranges
                0x000008f0       0x38 .\CortexM3\ARM_GCC_493\Debug\Controls.a(Mute_SW.o)
 .debug_aranges
                0x00000928       0x80 .\CortexM3\ARM_GCC_493\Debug\Controls.a(i_Up.o)
 .debug_aranges
                0x000009a8       0x80 .\CortexM3\ARM_GCC_493\Debug\Controls.a(i_Left.o)
 .debug_aranges
                0x00000a28       0x80 .\CortexM3\ARM_GCC_493\Debug\Controls.a(i_Mute.o)
 .debug_aranges
                0x00000aa8       0x80 .\CortexM3\ARM_GCC_493\Debug\Controls.a(i_Enter.o)
 .debug_aranges
                0x00000b28       0x80 .\CortexM3\ARM_GCC_493\Debug\Controls.a(i_Down.o)
 .debug_aranges
                0x00000ba8       0x80 .\CortexM3\ARM_GCC_493\Debug\Controls.a(i_Right.o)
 .debug_aranges
                0x00000c28       0x80 .\CortexM3\ARM_GCC_493\Debug\Controls.a(i_Input_1.o)
 .debug_aranges
                0x00000ca8       0x80 .\CortexM3\ARM_GCC_493\Debug\Controls.a(i_Power.o)
 .debug_aranges
                0x00000d28       0x80 .\CortexM3\ARM_GCC_493\Debug\Controls.a(i_Input_2.o)
 .debug_aranges
                0x00000da8       0x38 .\CortexM3\ARM_GCC_493\Debug\Controls.a(Input_Relais_0.o)
 .debug_aranges
                0x00000de0       0x38 .\CortexM3\ARM_GCC_493\Debug\Controls.a(Input_Relais_1.o)
 .debug_aranges
                0x00000e18       0x38 .\CortexM3\ARM_GCC_493\Debug\Controls.a(Input_Relais_2.o)
 .debug_aranges
                0x00000e50       0x38 .\CortexM3\ARM_GCC_493\Debug\Controls.a(Input_Relais_3.o)
 .debug_aranges
                0x00000e88       0x88 .\CortexM3\ARM_GCC_493\Debug\Controls.a(Button_Timer.o)
 .debug_aranges
                0x00000f10       0x80 .\CortexM3\ARM_GCC_493\Debug\Controls.a(Button_Timer_Interrupt.o)
 .debug_aranges
                0x00000f90       0x38 .\CortexM3\ARM_GCC_493\Debug\Controls.a(Input_Relais_4.o)
 .debug_aranges
                0x00000fc8       0x38 .\CortexM3\ARM_GCC_493\Debug\Controls.a(Input_Relais_5.o)
 .debug_aranges
                0x00001000       0x38 .\CortexM3\ARM_GCC_493\Debug\Controls.a(Input_Relais_6.o)
 .debug_aranges
                0x00001038       0x38 .\CortexM3\ARM_GCC_493\Debug\Controls.a(Input_Relais_7.o)
 .debug_aranges
                0x00001070       0x38 .\CortexM3\ARM_GCC_493\Debug\Controls.a(Protection_CLR.o)
 .debug_aranges
                0x000010a8       0x20 .\CortexM3\ARM_GCC_493\Debug\Controls.a(CyBootAsmGnu.o)
 .debug_aranges
                0x000010c8       0x80 .\CortexM3\ARM_GCC_493\Debug\Controls.a(CyFlash.o)
 .debug_aranges
                0x00001148       0x78 .\CortexM3\ARM_GCC_493\Debug\Controls.a(CySpc.o)

.debug_pubnames
 *(.debug_pubnames)

.debug_info     0x00000000     0x860e
 *(.debug_info .gnu.linkonce.wi.*)
 .debug_info    0x00000000     0x10b2 .\CortexM3\ARM_GCC_493\Debug\main.o
 .debug_info    0x000010b2      0x13b .\CortexM3\ARM_GCC_493\Debug\cymetadata.o
 .debug_info    0x000011ed      0x3b3 .\CortexM3\ARM_GCC_493\Debug\Cm3Start.o
 .debug_info    0x000015a0      0x6d8 .\CortexM3\ARM_GCC_493\Debug\Controls.a(cyfitter_cfg.o)
 .debug_info    0x00001c78      0x11f .\CortexM3\ARM_GCC_493\Debug\Controls.a(Enter_SW.o)
 .debug_info    0x00001d97      0x11f .\CortexM3\ARM_GCC_493\Debug\Controls.a(Power_LED.o)
 .debug_info    0x00001eb6      0x11f .\CortexM3\ARM_GCC_493\Debug\Controls.a(D3_LED.o)
 .debug_info    0x00001fd5      0x11f .\CortexM3\ARM_GCC_493\Debug\Controls.a(Power_SW.o)
 .debug_info    0x000020f4      0x11f .\CortexM3\ARM_GCC_493\Debug\Controls.a(Left_SW.o)
 .debug_info    0x00002213      0x11f .\CortexM3\ARM_GCC_493\Debug\Controls.a(Right_SW.o)
 .debug_info    0x00002332      0x121 .\CortexM3\ARM_GCC_493\Debug\Controls.a(Down_SW.o)
 .debug_info    0x00002453      0x11f .\CortexM3\ARM_GCC_493\Debug\Controls.a(D2_LED.o)
 .debug_info    0x00002572      0x11f .\CortexM3\ARM_GCC_493\Debug\Controls.a(Up_SW.o)
 .debug_info    0x00002691      0x11f .\CortexM3\ARM_GCC_493\Debug\Controls.a(Input_1_SW.o)
 .debug_info    0x000027b0      0x11f .\CortexM3\ARM_GCC_493\Debug\Controls.a(Input_2_SW.o)
 .debug_info    0x000028cf      0x11f .\CortexM3\ARM_GCC_493\Debug\Controls.a(D1_LED.o)
 .debug_info    0x000029ee      0x11f .\CortexM3\ARM_GCC_493\Debug\Controls.a(U1_LED.o)
 .debug_info    0x00002b0d      0x11f .\CortexM3\ARM_GCC_493\Debug\Controls.a(U2_LED.o)
 .debug_info    0x00002c2c      0x121 .\CortexM3\ARM_GCC_493\Debug\Controls.a(U3_LED.o)
 .debug_info    0x00002d4d      0x11f .\CortexM3\ARM_GCC_493\Debug\Controls.a(U4_LED.o)
 .debug_info    0x00002e6c      0x11f .\CortexM3\ARM_GCC_493\Debug\Controls.a(U5_LED.o)
 .debug_info    0x00002f8b      0x11f .\CortexM3\ARM_GCC_493\Debug\Controls.a(U6_LED.o)
 .debug_info    0x000030aa      0x11f .\CortexM3\ARM_GCC_493\Debug\Controls.a(U7_LED.o)
 .debug_info    0x000031c9      0x11f .\CortexM3\ARM_GCC_493\Debug\Controls.a(U8_LED.o)
 .debug_info    0x000032e8     0x1385 .\CortexM3\ARM_GCC_493\Debug\Controls.a(CyLib.o)
 .debug_info    0x0000466d      0xa57 .\CortexM3\ARM_GCC_493\Debug\Controls.a(cyPm.o)
 .debug_info    0x000050c4      0x11f .\CortexM3\ARM_GCC_493\Debug\Controls.a(Mute_SW.o)
 .debug_info    0x000051e3      0x2cb .\CortexM3\ARM_GCC_493\Debug\Controls.a(i_Up.o)
 .debug_info    0x000054ae      0x2cb .\CortexM3\ARM_GCC_493\Debug\Controls.a(i_Left.o)
 .debug_info    0x00005779      0x2cb .\CortexM3\ARM_GCC_493\Debug\Controls.a(i_Mute.o)
 .debug_info    0x00005a44      0x2cb .\CortexM3\ARM_GCC_493\Debug\Controls.a(i_Enter.o)
 .debug_info    0x00005d0f      0x2cb .\CortexM3\ARM_GCC_493\Debug\Controls.a(i_Down.o)
 .debug_info    0x00005fda      0x2cb .\CortexM3\ARM_GCC_493\Debug\Controls.a(i_Right.o)
 .debug_info    0x000062a5      0x2cb .\CortexM3\ARM_GCC_493\Debug\Controls.a(i_Input_1.o)
 .debug_info    0x00006570      0x2cb .\CortexM3\ARM_GCC_493\Debug\Controls.a(i_Power.o)
 .debug_info    0x0000683b      0x2cb .\CortexM3\ARM_GCC_493\Debug\Controls.a(i_Input_2.o)
 .debug_info    0x00006b06      0x121 .\CortexM3\ARM_GCC_493\Debug\Controls.a(Input_Relais_0.o)
 .debug_info    0x00006c27      0x11f .\CortexM3\ARM_GCC_493\Debug\Controls.a(Input_Relais_1.o)
 .debug_info    0x00006d46      0x11f .\CortexM3\ARM_GCC_493\Debug\Controls.a(Input_Relais_2.o)
 .debug_info    0x00006e65      0x11f .\CortexM3\ARM_GCC_493\Debug\Controls.a(Input_Relais_3.o)
 .debug_info    0x00006f84      0x28a .\CortexM3\ARM_GCC_493\Debug\Controls.a(Button_Timer.o)
 .debug_info    0x0000720e      0x2cb .\CortexM3\ARM_GCC_493\Debug\Controls.a(Button_Timer_Interrupt.o)
 .debug_info    0x000074d9      0x11f .\CortexM3\ARM_GCC_493\Debug\Controls.a(Input_Relais_4.o)
 .debug_info    0x000075f8      0x11f .\CortexM3\ARM_GCC_493\Debug\Controls.a(Input_Relais_5.o)
 .debug_info    0x00007717      0x11f .\CortexM3\ARM_GCC_493\Debug\Controls.a(Input_Relais_6.o)
 .debug_info    0x00007836      0x121 .\CortexM3\ARM_GCC_493\Debug\Controls.a(Input_Relais_7.o)
 .debug_info    0x00007957      0x11f .\CortexM3\ARM_GCC_493\Debug\Controls.a(Protection_CLR.o)
 .debug_info    0x00007a76       0xa6 .\CortexM3\ARM_GCC_493\Debug\Controls.a(CyBootAsmGnu.o)
 .debug_info    0x00007b1c      0x608 .\CortexM3\ARM_GCC_493\Debug\Controls.a(CyFlash.o)
 .debug_info    0x00008124      0x4ea .\CortexM3\ARM_GCC_493\Debug\Controls.a(CySpc.o)

.debug_abbrev   0x00000000     0x2ecc
 *(.debug_abbrev)
 .debug_abbrev  0x00000000      0x193 .\CortexM3\ARM_GCC_493\Debug\main.o
 .debug_abbrev  0x00000193       0x66 .\CortexM3\ARM_GCC_493\Debug\cymetadata.o
 .debug_abbrev  0x000001f9      0x1f7 .\CortexM3\ARM_GCC_493\Debug\Cm3Start.o
 .debug_abbrev  0x000003f0      0x21f .\CortexM3\ARM_GCC_493\Debug\Controls.a(cyfitter_cfg.o)
 .debug_abbrev  0x0000060f       0x90 .\CortexM3\ARM_GCC_493\Debug\Controls.a(Enter_SW.o)
 .debug_abbrev  0x0000069f       0x90 .\CortexM3\ARM_GCC_493\Debug\Controls.a(Power_LED.o)
 .debug_abbrev  0x0000072f       0x90 .\CortexM3\ARM_GCC_493\Debug\Controls.a(D3_LED.o)
 .debug_abbrev  0x000007bf       0x90 .\CortexM3\ARM_GCC_493\Debug\Controls.a(Power_SW.o)
 .debug_abbrev  0x0000084f       0x90 .\CortexM3\ARM_GCC_493\Debug\Controls.a(Left_SW.o)
 .debug_abbrev  0x000008df       0x90 .\CortexM3\ARM_GCC_493\Debug\Controls.a(Right_SW.o)
 .debug_abbrev  0x0000096f       0x90 .\CortexM3\ARM_GCC_493\Debug\Controls.a(Down_SW.o)
 .debug_abbrev  0x000009ff       0x90 .\CortexM3\ARM_GCC_493\Debug\Controls.a(D2_LED.o)
 .debug_abbrev  0x00000a8f       0x90 .\CortexM3\ARM_GCC_493\Debug\Controls.a(Up_SW.o)
 .debug_abbrev  0x00000b1f       0x90 .\CortexM3\ARM_GCC_493\Debug\Controls.a(Input_1_SW.o)
 .debug_abbrev  0x00000baf       0x90 .\CortexM3\ARM_GCC_493\Debug\Controls.a(Input_2_SW.o)
 .debug_abbrev  0x00000c3f       0x90 .\CortexM3\ARM_GCC_493\Debug\Controls.a(D1_LED.o)
 .debug_abbrev  0x00000ccf       0x90 .\CortexM3\ARM_GCC_493\Debug\Controls.a(U1_LED.o)
 .debug_abbrev  0x00000d5f       0x90 .\CortexM3\ARM_GCC_493\Debug\Controls.a(U2_LED.o)
 .debug_abbrev  0x00000def       0x90 .\CortexM3\ARM_GCC_493\Debug\Controls.a(U3_LED.o)
 .debug_abbrev  0x00000e7f       0x90 .\CortexM3\ARM_GCC_493\Debug\Controls.a(U4_LED.o)
 .debug_abbrev  0x00000f0f       0x90 .\CortexM3\ARM_GCC_493\Debug\Controls.a(U5_LED.o)
 .debug_abbrev  0x00000f9f       0x90 .\CortexM3\ARM_GCC_493\Debug\Controls.a(U6_LED.o)
 .debug_abbrev  0x0000102f       0x90 .\CortexM3\ARM_GCC_493\Debug\Controls.a(U7_LED.o)
 .debug_abbrev  0x000010bf       0x90 .\CortexM3\ARM_GCC_493\Debug\Controls.a(U8_LED.o)
 .debug_abbrev  0x0000114f      0x296 .\CortexM3\ARM_GCC_493\Debug\Controls.a(CyLib.o)
 .debug_abbrev  0x000013e5      0x1ed .\CortexM3\ARM_GCC_493\Debug\Controls.a(cyPm.o)
 .debug_abbrev  0x000015d2       0x90 .\CortexM3\ARM_GCC_493\Debug\Controls.a(Mute_SW.o)
 .debug_abbrev  0x00001662      0x173 .\CortexM3\ARM_GCC_493\Debug\Controls.a(i_Up.o)
 .debug_abbrev  0x000017d5      0x173 .\CortexM3\ARM_GCC_493\Debug\Controls.a(i_Left.o)
 .debug_abbrev  0x00001948      0x173 .\CortexM3\ARM_GCC_493\Debug\Controls.a(i_Mute.o)
 .debug_abbrev  0x00001abb      0x173 .\CortexM3\ARM_GCC_493\Debug\Controls.a(i_Enter.o)
 .debug_abbrev  0x00001c2e      0x173 .\CortexM3\ARM_GCC_493\Debug\Controls.a(i_Down.o)
 .debug_abbrev  0x00001da1      0x173 .\CortexM3\ARM_GCC_493\Debug\Controls.a(i_Right.o)
 .debug_abbrev  0x00001f14      0x173 .\CortexM3\ARM_GCC_493\Debug\Controls.a(i_Input_1.o)
 .debug_abbrev  0x00002087      0x173 .\CortexM3\ARM_GCC_493\Debug\Controls.a(i_Power.o)
 .debug_abbrev  0x000021fa      0x173 .\CortexM3\ARM_GCC_493\Debug\Controls.a(i_Input_2.o)
 .debug_abbrev  0x0000236d       0x90 .\CortexM3\ARM_GCC_493\Debug\Controls.a(Input_Relais_0.o)
 .debug_abbrev  0x000023fd       0x90 .\CortexM3\ARM_GCC_493\Debug\Controls.a(Input_Relais_1.o)
 .debug_abbrev  0x0000248d       0x90 .\CortexM3\ARM_GCC_493\Debug\Controls.a(Input_Relais_2.o)
 .debug_abbrev  0x0000251d       0x90 .\CortexM3\ARM_GCC_493\Debug\Controls.a(Input_Relais_3.o)
 .debug_abbrev  0x000025ad      0x11a .\CortexM3\ARM_GCC_493\Debug\Controls.a(Button_Timer.o)
 .debug_abbrev  0x000026c7      0x173 .\CortexM3\ARM_GCC_493\Debug\Controls.a(Button_Timer_Interrupt.o)
 .debug_abbrev  0x0000283a       0x90 .\CortexM3\ARM_GCC_493\Debug\Controls.a(Input_Relais_4.o)
 .debug_abbrev  0x000028ca       0x90 .\CortexM3\ARM_GCC_493\Debug\Controls.a(Input_Relais_5.o)
 .debug_abbrev  0x0000295a       0x90 .\CortexM3\ARM_GCC_493\Debug\Controls.a(Input_Relais_6.o)
 .debug_abbrev  0x000029ea       0x90 .\CortexM3\ARM_GCC_493\Debug\Controls.a(Input_Relais_7.o)
 .debug_abbrev  0x00002a7a       0x90 .\CortexM3\ARM_GCC_493\Debug\Controls.a(Protection_CLR.o)
 .debug_abbrev  0x00002b0a       0x14 .\CortexM3\ARM_GCC_493\Debug\Controls.a(CyBootAsmGnu.o)
 .debug_abbrev  0x00002b1e      0x1ed .\CortexM3\ARM_GCC_493\Debug\Controls.a(CyFlash.o)
 .debug_abbrev  0x00002d0b      0x1c1 .\CortexM3\ARM_GCC_493\Debug\Controls.a(CySpc.o)

.debug_line     0x00000000     0x396a
 *(.debug_line)
 .debug_line    0x00000000      0x597 .\CortexM3\ARM_GCC_493\Debug\main.o
 .debug_line    0x00000597       0x51 .\CortexM3\ARM_GCC_493\Debug\cymetadata.o
 .debug_line    0x000005e8      0x24f .\CortexM3\ARM_GCC_493\Debug\Cm3Start.o
 .debug_line    0x00000837      0x228 .\CortexM3\ARM_GCC_493\Debug\Controls.a(cyfitter_cfg.o)
 .debug_line    0x00000a5f       0x95 .\CortexM3\ARM_GCC_493\Debug\Controls.a(Enter_SW.o)
 .debug_line    0x00000af4       0x96 .\CortexM3\ARM_GCC_493\Debug\Controls.a(Power_LED.o)
 .debug_line    0x00000b8a       0x93 .\CortexM3\ARM_GCC_493\Debug\Controls.a(D3_LED.o)
 .debug_line    0x00000c1d       0x95 .\CortexM3\ARM_GCC_493\Debug\Controls.a(Power_SW.o)
 .debug_line    0x00000cb2       0x94 .\CortexM3\ARM_GCC_493\Debug\Controls.a(Left_SW.o)
 .debug_line    0x00000d46       0x95 .\CortexM3\ARM_GCC_493\Debug\Controls.a(Right_SW.o)
 .debug_line    0x00000ddb       0x94 .\CortexM3\ARM_GCC_493\Debug\Controls.a(Down_SW.o)
 .debug_line    0x00000e6f       0x93 .\CortexM3\ARM_GCC_493\Debug\Controls.a(D2_LED.o)
 .debug_line    0x00000f02       0x92 .\CortexM3\ARM_GCC_493\Debug\Controls.a(Up_SW.o)
 .debug_line    0x00000f94       0x97 .\CortexM3\ARM_GCC_493\Debug\Controls.a(Input_1_SW.o)
 .debug_line    0x0000102b       0x97 .\CortexM3\ARM_GCC_493\Debug\Controls.a(Input_2_SW.o)
 .debug_line    0x000010c2       0x93 .\CortexM3\ARM_GCC_493\Debug\Controls.a(D1_LED.o)
 .debug_line    0x00001155       0x93 .\CortexM3\ARM_GCC_493\Debug\Controls.a(U1_LED.o)
 .debug_line    0x000011e8       0x93 .\CortexM3\ARM_GCC_493\Debug\Controls.a(U2_LED.o)
 .debug_line    0x0000127b       0x93 .\CortexM3\ARM_GCC_493\Debug\Controls.a(U3_LED.o)
 .debug_line    0x0000130e       0x93 .\CortexM3\ARM_GCC_493\Debug\Controls.a(U4_LED.o)
 .debug_line    0x000013a1       0x93 .\CortexM3\ARM_GCC_493\Debug\Controls.a(U5_LED.o)
 .debug_line    0x00001434       0x93 .\CortexM3\ARM_GCC_493\Debug\Controls.a(U6_LED.o)
 .debug_line    0x000014c7       0x93 .\CortexM3\ARM_GCC_493\Debug\Controls.a(U7_LED.o)
 .debug_line    0x0000155a       0x93 .\CortexM3\ARM_GCC_493\Debug\Controls.a(U8_LED.o)
 .debug_line    0x000015ed      0x816 .\CortexM3\ARM_GCC_493\Debug\Controls.a(CyLib.o)
 .debug_line    0x00001e03      0x364 .\CortexM3\ARM_GCC_493\Debug\Controls.a(cyPm.o)
 .debug_line    0x00002167       0x94 .\CortexM3\ARM_GCC_493\Debug\Controls.a(Mute_SW.o)
 .debug_line    0x000021fb      0x131 .\CortexM3\ARM_GCC_493\Debug\Controls.a(i_Up.o)
 .debug_line    0x0000232c      0x133 .\CortexM3\ARM_GCC_493\Debug\Controls.a(i_Left.o)
 .debug_line    0x0000245f      0x133 .\CortexM3\ARM_GCC_493\Debug\Controls.a(i_Mute.o)
 .debug_line    0x00002592      0x134 .\CortexM3\ARM_GCC_493\Debug\Controls.a(i_Enter.o)
 .debug_line    0x000026c6      0x133 .\CortexM3\ARM_GCC_493\Debug\Controls.a(i_Down.o)
 .debug_line    0x000027f9      0x134 .\CortexM3\ARM_GCC_493\Debug\Controls.a(i_Right.o)
 .debug_line    0x0000292d      0x136 .\CortexM3\ARM_GCC_493\Debug\Controls.a(i_Input_1.o)
 .debug_line    0x00002a63      0x134 .\CortexM3\ARM_GCC_493\Debug\Controls.a(i_Power.o)
 .debug_line    0x00002b97      0x136 .\CortexM3\ARM_GCC_493\Debug\Controls.a(i_Input_2.o)
 .debug_line    0x00002ccd       0x9b .\CortexM3\ARM_GCC_493\Debug\Controls.a(Input_Relais_0.o)
 .debug_line    0x00002d68       0x9b .\CortexM3\ARM_GCC_493\Debug\Controls.a(Input_Relais_1.o)
 .debug_line    0x00002e03       0x9b .\CortexM3\ARM_GCC_493\Debug\Controls.a(Input_Relais_2.o)
 .debug_line    0x00002e9e       0x9b .\CortexM3\ARM_GCC_493\Debug\Controls.a(Input_Relais_3.o)
 .debug_line    0x00002f39      0x15b .\CortexM3\ARM_GCC_493\Debug\Controls.a(Button_Timer.o)
 .debug_line    0x00003094      0x143 .\CortexM3\ARM_GCC_493\Debug\Controls.a(Button_Timer_Interrupt.o)
 .debug_line    0x000031d7       0x9b .\CortexM3\ARM_GCC_493\Debug\Controls.a(Input_Relais_4.o)
 .debug_line    0x00003272       0x9b .\CortexM3\ARM_GCC_493\Debug\Controls.a(Input_Relais_5.o)
 .debug_line    0x0000330d       0x9b .\CortexM3\ARM_GCC_493\Debug\Controls.a(Input_Relais_6.o)
 .debug_line    0x000033a8       0x9b .\CortexM3\ARM_GCC_493\Debug\Controls.a(Input_Relais_7.o)
 .debug_line    0x00003443       0x9b .\CortexM3\ARM_GCC_493\Debug\Controls.a(Protection_CLR.o)
 .debug_line    0x000034de       0x66 .\CortexM3\ARM_GCC_493\Debug\Controls.a(CyBootAsmGnu.o)
 .debug_line    0x00003544      0x1ea .\CortexM3\ARM_GCC_493\Debug\Controls.a(CyFlash.o)
 .debug_line    0x0000372e      0x23c .\CortexM3\ARM_GCC_493\Debug\Controls.a(CySpc.o)

.debug_frame    0x00000000     0x24a8
 *(.debug_frame)
 .debug_frame   0x00000000      0x19c .\CortexM3\ARM_GCC_493\Debug\main.o
 .debug_frame   0x0000019c       0xb8 .\CortexM3\ARM_GCC_493\Debug\Cm3Start.o
 .debug_frame   0x00000254      0x104 .\CortexM3\ARM_GCC_493\Debug\Controls.a(cyfitter_cfg.o)
 .debug_frame   0x00000358       0x50 .\CortexM3\ARM_GCC_493\Debug\Controls.a(Enter_SW.o)
 .debug_frame   0x000003a8       0x50 .\CortexM3\ARM_GCC_493\Debug\Controls.a(Power_LED.o)
 .debug_frame   0x000003f8       0x50 .\CortexM3\ARM_GCC_493\Debug\Controls.a(D3_LED.o)
 .debug_frame   0x00000448       0x50 .\CortexM3\ARM_GCC_493\Debug\Controls.a(Power_SW.o)
 .debug_frame   0x00000498       0x50 .\CortexM3\ARM_GCC_493\Debug\Controls.a(Left_SW.o)
 .debug_frame   0x000004e8       0x50 .\CortexM3\ARM_GCC_493\Debug\Controls.a(Right_SW.o)
 .debug_frame   0x00000538       0x50 .\CortexM3\ARM_GCC_493\Debug\Controls.a(Down_SW.o)
 .debug_frame   0x00000588       0x50 .\CortexM3\ARM_GCC_493\Debug\Controls.a(D2_LED.o)
 .debug_frame   0x000005d8       0x50 .\CortexM3\ARM_GCC_493\Debug\Controls.a(Up_SW.o)
 .debug_frame   0x00000628       0x50 .\CortexM3\ARM_GCC_493\Debug\Controls.a(Input_1_SW.o)
 .debug_frame   0x00000678       0x50 .\CortexM3\ARM_GCC_493\Debug\Controls.a(Input_2_SW.o)
 .debug_frame   0x000006c8       0x50 .\CortexM3\ARM_GCC_493\Debug\Controls.a(D1_LED.o)
 .debug_frame   0x00000718       0x50 .\CortexM3\ARM_GCC_493\Debug\Controls.a(U1_LED.o)
 .debug_frame   0x00000768       0x50 .\CortexM3\ARM_GCC_493\Debug\Controls.a(U2_LED.o)
 .debug_frame   0x000007b8       0x50 .\CortexM3\ARM_GCC_493\Debug\Controls.a(U3_LED.o)
 .debug_frame   0x00000808       0x50 .\CortexM3\ARM_GCC_493\Debug\Controls.a(U4_LED.o)
 .debug_frame   0x00000858       0x50 .\CortexM3\ARM_GCC_493\Debug\Controls.a(U5_LED.o)
 .debug_frame   0x000008a8       0x50 .\CortexM3\ARM_GCC_493\Debug\Controls.a(U6_LED.o)
 .debug_frame   0x000008f8       0x50 .\CortexM3\ARM_GCC_493\Debug\Controls.a(U7_LED.o)
 .debug_frame   0x00000948       0x50 .\CortexM3\ARM_GCC_493\Debug\Controls.a(U8_LED.o)
 .debug_frame   0x00000998      0x738 .\CortexM3\ARM_GCC_493\Debug\Controls.a(CyLib.o)
 .debug_frame   0x000010d0      0x1f8 .\CortexM3\ARM_GCC_493\Debug\Controls.a(cyPm.o)
 .debug_frame   0x000012c8       0x50 .\CortexM3\ARM_GCC_493\Debug\Controls.a(Mute_SW.o)
 .debug_frame   0x00001318      0x104 .\CortexM3\ARM_GCC_493\Debug\Controls.a(i_Up.o)
 .debug_frame   0x0000141c      0x104 .\CortexM3\ARM_GCC_493\Debug\Controls.a(i_Left.o)
 .debug_frame   0x00001520      0x104 .\CortexM3\ARM_GCC_493\Debug\Controls.a(i_Mute.o)
 .debug_frame   0x00001624      0x104 .\CortexM3\ARM_GCC_493\Debug\Controls.a(i_Enter.o)
 .debug_frame   0x00001728      0x104 .\CortexM3\ARM_GCC_493\Debug\Controls.a(i_Down.o)
 .debug_frame   0x0000182c      0x104 .\CortexM3\ARM_GCC_493\Debug\Controls.a(i_Right.o)
 .debug_frame   0x00001930      0x104 .\CortexM3\ARM_GCC_493\Debug\Controls.a(i_Input_1.o)
 .debug_frame   0x00001a34      0x104 .\CortexM3\ARM_GCC_493\Debug\Controls.a(i_Power.o)
 .debug_frame   0x00001b38      0x104 .\CortexM3\ARM_GCC_493\Debug\Controls.a(i_Input_2.o)
 .debug_frame   0x00001c3c       0x50 .\CortexM3\ARM_GCC_493\Debug\Controls.a(Input_Relais_0.o)
 .debug_frame   0x00001c8c       0x50 .\CortexM3\ARM_GCC_493\Debug\Controls.a(Input_Relais_1.o)
 .debug_frame   0x00001cdc       0x50 .\CortexM3\ARM_GCC_493\Debug\Controls.a(Input_Relais_2.o)
 .debug_frame   0x00001d2c       0x50 .\CortexM3\ARM_GCC_493\Debug\Controls.a(Input_Relais_3.o)
 .debug_frame   0x00001d7c      0x108 .\CortexM3\ARM_GCC_493\Debug\Controls.a(Button_Timer.o)
 .debug_frame   0x00001e84      0x104 .\CortexM3\ARM_GCC_493\Debug\Controls.a(Button_Timer_Interrupt.o)
 .debug_frame   0x00001f88       0x50 .\CortexM3\ARM_GCC_493\Debug\Controls.a(Input_Relais_4.o)
 .debug_frame   0x00001fd8       0x50 .\CortexM3\ARM_GCC_493\Debug\Controls.a(Input_Relais_5.o)
 .debug_frame   0x00002028       0x50 .\CortexM3\ARM_GCC_493\Debug\Controls.a(Input_Relais_6.o)
 .debug_frame   0x00002078       0x50 .\CortexM3\ARM_GCC_493\Debug\Controls.a(Input_Relais_7.o)
 .debug_frame   0x000020c8       0x50 .\CortexM3\ARM_GCC_493\Debug\Controls.a(Protection_CLR.o)
 .debug_frame   0x00002118      0x174 .\CortexM3\ARM_GCC_493\Debug\Controls.a(CyFlash.o)
 .debug_frame   0x0000228c      0x160 .\CortexM3\ARM_GCC_493\Debug\Controls.a(CySpc.o)
 .debug_frame   0x000023ec       0x20 c:/program files (x86)/cypress/psoc creator/4.0/psoc creator/import/gnu/arm/4.9.3/bin/../lib/gcc/arm-none-eabi/4.9.3/../../../../arm-none-eabi/lib/armv7-m\libg_nano.a(lib_a-errno.o)
 .debug_frame   0x0000240c       0x28 c:/program files (x86)/cypress/psoc creator/4.0/psoc creator/import/gnu/arm/4.9.3/bin/../lib/gcc/arm-none-eabi/4.9.3/../../../../arm-none-eabi/lib/armv7-m\libg_nano.a(lib_a-exit.o)
 .debug_frame   0x00002434       0x2c c:/program files (x86)/cypress/psoc creator/4.0/psoc creator/import/gnu/arm/4.9.3/bin/../lib/gcc/arm-none-eabi/4.9.3/../../../../arm-none-eabi/lib/armv7-m\libg_nano.a(lib_a-init.o)
 .debug_frame   0x00002460       0x28 c:/program files (x86)/cypress/psoc creator/4.0/psoc creator/import/gnu/arm/4.9.3/bin/../lib/gcc/arm-none-eabi/4.9.3/../../../../arm-none-eabi/lib/armv7-m\libg_nano.a(lib_a-memcpy.o)
 .debug_frame   0x00002488       0x20 c:/program files (x86)/cypress/psoc creator/4.0/psoc creator/import/gnu/arm/4.9.3/bin/../lib/gcc/arm-none-eabi/4.9.3/../../../../arm-none-eabi/lib/armv7-m\libg_nano.a(lib_a-memset.o)

.debug_str      0x00000000     0x2dcf
 *(.debug_str)
 .debug_str     0x00000000      0x839 .\CortexM3\ARM_GCC_493\Debug\main.o
                                0x888 (size before relaxing)
 .debug_str     0x00000839       0x75 .\CortexM3\ARM_GCC_493\Debug\cymetadata.o
                                0x200 (size before relaxing)
 .debug_str     0x000008ae      0x150 .\CortexM3\ARM_GCC_493\Debug\Cm3Start.o
                                0x314 (size before relaxing)
 .debug_str     0x000009fe      0x1f8 .\CortexM3\ARM_GCC_493\Debug\Controls.a(cyfitter_cfg.o)
                                0x3b6 (size before relaxing)
 .debug_str     0x00000bf6       0x6c .\CortexM3\ARM_GCC_493\Debug\Controls.a(Enter_SW.o)
                                0x207 (size before relaxing)
 .debug_str     0x00000c62       0x50 .\CortexM3\ARM_GCC_493\Debug\Controls.a(Power_LED.o)
                                0x20c (size before relaxing)
 .debug_str     0x00000cb2       0x53 .\CortexM3\ARM_GCC_493\Debug\Controls.a(D3_LED.o)
                                0x1fd (size before relaxing)
 .debug_str     0x00000d05       0x5c .\CortexM3\ARM_GCC_493\Debug\Controls.a(Power_SW.o)
                                0x207 (size before relaxing)
 .debug_str     0x00000d61       0x58 .\CortexM3\ARM_GCC_493\Debug\Controls.a(Left_SW.o)
                                0x202 (size before relaxing)
 .debug_str     0x00000db9       0x5c .\CortexM3\ARM_GCC_493\Debug\Controls.a(Right_SW.o)
                                0x207 (size before relaxing)
 .debug_str     0x00000e15       0x58 .\CortexM3\ARM_GCC_493\Debug\Controls.a(Down_SW.o)
                                0x202 (size before relaxing)
 .debug_str     0x00000e6d       0x53 .\CortexM3\ARM_GCC_493\Debug\Controls.a(D2_LED.o)
                                0x1fd (size before relaxing)
 .debug_str     0x00000ec0       0x50 .\CortexM3\ARM_GCC_493\Debug\Controls.a(Up_SW.o)
                                0x1f8 (size before relaxing)
 .debug_str     0x00000f10       0x64 .\CortexM3\ARM_GCC_493\Debug\Controls.a(Input_1_SW.o)
                                0x211 (size before relaxing)
 .debug_str     0x00000f74       0x64 .\CortexM3\ARM_GCC_493\Debug\Controls.a(Input_2_SW.o)
                                0x211 (size before relaxing)
 .debug_str     0x00000fd8       0x47 .\CortexM3\ARM_GCC_493\Debug\Controls.a(D1_LED.o)
                                0x1fd (size before relaxing)
 .debug_str     0x0000101f       0x53 .\CortexM3\ARM_GCC_493\Debug\Controls.a(U1_LED.o)
                                0x1fd (size before relaxing)
 .debug_str     0x00001072       0x53 .\CortexM3\ARM_GCC_493\Debug\Controls.a(U2_LED.o)
                                0x1fd (size before relaxing)
 .debug_str     0x000010c5       0x53 .\CortexM3\ARM_GCC_493\Debug\Controls.a(U3_LED.o)
                                0x1fd (size before relaxing)
 .debug_str     0x00001118       0x47 .\CortexM3\ARM_GCC_493\Debug\Controls.a(U4_LED.o)
                                0x1fd (size before relaxing)
 .debug_str     0x0000115f       0x47 .\CortexM3\ARM_GCC_493\Debug\Controls.a(U5_LED.o)
                                0x1fd (size before relaxing)
 .debug_str     0x000011a6       0x47 .\CortexM3\ARM_GCC_493\Debug\Controls.a(U6_LED.o)
                                0x1fd (size before relaxing)
 .debug_str     0x000011ed       0x47 .\CortexM3\ARM_GCC_493\Debug\Controls.a(U7_LED.o)
                                0x1fd (size before relaxing)
 .debug_str     0x00001234       0x53 .\CortexM3\ARM_GCC_493\Debug\Controls.a(U8_LED.o)
                                0x1fd (size before relaxing)
 .debug_str     0x00001287      0x841 .\CortexM3\ARM_GCC_493\Debug\Controls.a(CyLib.o)
                                0xa51 (size before relaxing)
 .debug_str     0x00001ac8      0x359 .\CortexM3\ARM_GCC_493\Debug\Controls.a(cyPm.o)
                                0x731 (size before relaxing)
 .debug_str     0x00001e21       0x58 .\CortexM3\ARM_GCC_493\Debug\Controls.a(Mute_SW.o)
                                0x202 (size before relaxing)
 .debug_str     0x00001e79       0x8f .\CortexM3\ARM_GCC_493\Debug\Controls.a(i_Up.o)
                                0x2a2 (size before relaxing)
 .debug_str     0x00001f08       0xa1 .\CortexM3\ARM_GCC_493\Debug\Controls.a(i_Left.o)
                                0x2be (size before relaxing)
 .debug_str     0x00001fa9       0xa1 .\CortexM3\ARM_GCC_493\Debug\Controls.a(i_Mute.o)
                                0x2be (size before relaxing)
 .debug_str     0x0000204a       0xaa .\CortexM3\ARM_GCC_493\Debug\Controls.a(i_Enter.o)
                                0x2cc (size before relaxing)
 .debug_str     0x000020f4       0xa1 .\CortexM3\ARM_GCC_493\Debug\Controls.a(i_Down.o)
                                0x2be (size before relaxing)
 .debug_str     0x00002195       0xaa .\CortexM3\ARM_GCC_493\Debug\Controls.a(i_Right.o)
                                0x2cc (size before relaxing)
 .debug_str     0x0000223f       0xbc .\CortexM3\ARM_GCC_493\Debug\Controls.a(i_Input_1.o)
                                0x2e8 (size before relaxing)
 .debug_str     0x000022fb       0xaa .\CortexM3\ARM_GCC_493\Debug\Controls.a(i_Power.o)
                                0x2cc (size before relaxing)
 .debug_str     0x000023a5       0xbc .\CortexM3\ARM_GCC_493\Debug\Controls.a(i_Input_2.o)
                                0x2e8 (size before relaxing)
 .debug_str     0x00002461       0x73 .\CortexM3\ARM_GCC_493\Debug\Controls.a(Input_Relais_0.o)
                                0x225 (size before relaxing)
 .debug_str     0x000024d4       0x73 .\CortexM3\ARM_GCC_493\Debug\Controls.a(Input_Relais_1.o)
                                0x225 (size before relaxing)
 .debug_str     0x00002547       0x73 .\CortexM3\ARM_GCC_493\Debug\Controls.a(Input_Relais_2.o)
                                0x225 (size before relaxing)
 .debug_str     0x000025ba       0x73 .\CortexM3\ARM_GCC_493\Debug\Controls.a(Input_Relais_3.o)
                                0x225 (size before relaxing)
 .debug_str     0x0000262d      0x1ad .\CortexM3\ARM_GCC_493\Debug\Controls.a(Button_Timer.o)
                                0x36f (size before relaxing)
 .debug_str     0x000027da      0x16e .\CortexM3\ARM_GCC_493\Debug\Controls.a(Button_Timer_Interrupt.o)
                                0x39e (size before relaxing)
 .debug_str     0x00002948       0x73 .\CortexM3\ARM_GCC_493\Debug\Controls.a(Input_Relais_4.o)
                                0x225 (size before relaxing)
 .debug_str     0x000029bb       0x73 .\CortexM3\ARM_GCC_493\Debug\Controls.a(Input_Relais_5.o)
                                0x225 (size before relaxing)
 .debug_str     0x00002a2e       0x73 .\CortexM3\ARM_GCC_493\Debug\Controls.a(Input_Relais_6.o)
                                0x225 (size before relaxing)
 .debug_str     0x00002aa1       0x73 .\CortexM3\ARM_GCC_493\Debug\Controls.a(Input_Relais_7.o)
                                0x225 (size before relaxing)
 .debug_str     0x00002b14       0x73 .\CortexM3\ARM_GCC_493\Debug\Controls.a(Protection_CLR.o)
                                0x225 (size before relaxing)
 .debug_str     0x00002b87      0x19c .\CortexM3\ARM_GCC_493\Debug\Controls.a(CyFlash.o)
                                0x3ab (size before relaxing)
 .debug_str     0x00002d23       0xac .\CortexM3\ARM_GCC_493\Debug\Controls.a(CySpc.o)
                                0x334 (size before relaxing)

.debug_loc      0x00000000     0x24bf
 *(.debug_loc)
 .debug_loc     0x00000000       0x3a .\CortexM3\ARM_GCC_493\Debug\main.o
 .debug_loc     0x0000003a      0x144 .\CortexM3\ARM_GCC_493\Debug\Cm3Start.o
 .debug_loc     0x0000017e      0x29b .\CortexM3\ARM_GCC_493\Debug\Controls.a(cyfitter_cfg.o)
 .debug_loc     0x00000419       0x42 .\CortexM3\ARM_GCC_493\Debug\Controls.a(Enter_SW.o)
 .debug_loc     0x0000045b       0x42 .\CortexM3\ARM_GCC_493\Debug\Controls.a(Power_LED.o)
 .debug_loc     0x0000049d       0x42 .\CortexM3\ARM_GCC_493\Debug\Controls.a(D3_LED.o)
 .debug_loc     0x000004df       0x42 .\CortexM3\ARM_GCC_493\Debug\Controls.a(Power_SW.o)
 .debug_loc     0x00000521       0x42 .\CortexM3\ARM_GCC_493\Debug\Controls.a(Left_SW.o)
 .debug_loc     0x00000563       0x42 .\CortexM3\ARM_GCC_493\Debug\Controls.a(Right_SW.o)
 .debug_loc     0x000005a5       0x55 .\CortexM3\ARM_GCC_493\Debug\Controls.a(Down_SW.o)
 .debug_loc     0x000005fa       0x42 .\CortexM3\ARM_GCC_493\Debug\Controls.a(D2_LED.o)
 .debug_loc     0x0000063c       0x42 .\CortexM3\ARM_GCC_493\Debug\Controls.a(Up_SW.o)
 .debug_loc     0x0000067e       0x42 .\CortexM3\ARM_GCC_493\Debug\Controls.a(Input_1_SW.o)
 .debug_loc     0x000006c0       0x42 .\CortexM3\ARM_GCC_493\Debug\Controls.a(Input_2_SW.o)
 .debug_loc     0x00000702       0x42 .\CortexM3\ARM_GCC_493\Debug\Controls.a(D1_LED.o)
 .debug_loc     0x00000744       0x42 .\CortexM3\ARM_GCC_493\Debug\Controls.a(U1_LED.o)
 .debug_loc     0x00000786       0x42 .\CortexM3\ARM_GCC_493\Debug\Controls.a(U2_LED.o)
 .debug_loc     0x000007c8       0x55 .\CortexM3\ARM_GCC_493\Debug\Controls.a(U3_LED.o)
 .debug_loc     0x0000081d       0x42 .\CortexM3\ARM_GCC_493\Debug\Controls.a(U4_LED.o)
 .debug_loc     0x0000085f       0x42 .\CortexM3\ARM_GCC_493\Debug\Controls.a(U5_LED.o)
 .debug_loc     0x000008a1       0x42 .\CortexM3\ARM_GCC_493\Debug\Controls.a(U6_LED.o)
 .debug_loc     0x000008e3       0x42 .\CortexM3\ARM_GCC_493\Debug\Controls.a(U7_LED.o)
 .debug_loc     0x00000925       0x42 .\CortexM3\ARM_GCC_493\Debug\Controls.a(U8_LED.o)
 .debug_loc     0x00000967      0xa11 .\CortexM3\ARM_GCC_493\Debug\Controls.a(CyLib.o)
 .debug_loc     0x00001378      0x1e4 .\CortexM3\ARM_GCC_493\Debug\Controls.a(cyPm.o)
 .debug_loc     0x0000155c       0x42 .\CortexM3\ARM_GCC_493\Debug\Controls.a(Mute_SW.o)
 .debug_loc     0x0000159e       0x56 .\CortexM3\ARM_GCC_493\Debug\Controls.a(i_Up.o)
 .debug_loc     0x000015f4       0x56 .\CortexM3\ARM_GCC_493\Debug\Controls.a(i_Left.o)
 .debug_loc     0x0000164a       0x56 .\CortexM3\ARM_GCC_493\Debug\Controls.a(i_Mute.o)
 .debug_loc     0x000016a0       0x56 .\CortexM3\ARM_GCC_493\Debug\Controls.a(i_Enter.o)
 .debug_loc     0x000016f6       0x56 .\CortexM3\ARM_GCC_493\Debug\Controls.a(i_Down.o)
 .debug_loc     0x0000174c       0x56 .\CortexM3\ARM_GCC_493\Debug\Controls.a(i_Right.o)
 .debug_loc     0x000017a2       0x56 .\CortexM3\ARM_GCC_493\Debug\Controls.a(i_Input_1.o)
 .debug_loc     0x000017f8       0x56 .\CortexM3\ARM_GCC_493\Debug\Controls.a(i_Power.o)
 .debug_loc     0x0000184e       0x56 .\CortexM3\ARM_GCC_493\Debug\Controls.a(i_Input_2.o)
 .debug_loc     0x000018a4       0x55 .\CortexM3\ARM_GCC_493\Debug\Controls.a(Input_Relais_0.o)
 .debug_loc     0x000018f9       0x42 .\CortexM3\ARM_GCC_493\Debug\Controls.a(Input_Relais_1.o)
 .debug_loc     0x0000193b       0x42 .\CortexM3\ARM_GCC_493\Debug\Controls.a(Input_Relais_2.o)
 .debug_loc     0x0000197d       0x42 .\CortexM3\ARM_GCC_493\Debug\Controls.a(Input_Relais_3.o)
 .debug_loc     0x000019bf       0x56 .\CortexM3\ARM_GCC_493\Debug\Controls.a(Button_Timer_Interrupt.o)
 .debug_loc     0x00001a15       0x42 .\CortexM3\ARM_GCC_493\Debug\Controls.a(Input_Relais_4.o)
 .debug_loc     0x00001a57       0x42 .\CortexM3\ARM_GCC_493\Debug\Controls.a(Input_Relais_5.o)
 .debug_loc     0x00001a99       0x42 .\CortexM3\ARM_GCC_493\Debug\Controls.a(Input_Relais_6.o)
 .debug_loc     0x00001adb       0x55 .\CortexM3\ARM_GCC_493\Debug\Controls.a(Input_Relais_7.o)
 .debug_loc     0x00001b30       0x42 .\CortexM3\ARM_GCC_493\Debug\Controls.a(Protection_CLR.o)
 .debug_loc     0x00001b72      0x300 .\CortexM3\ARM_GCC_493\Debug\Controls.a(CyFlash.o)
 .debug_loc     0x00001e72      0x64d .\CortexM3\ARM_GCC_493\Debug\Controls.a(CySpc.o)

.debug_macinfo
 *(.debug_macinfo)

.debug_ranges   0x00000000      0xe88
 *(.debug_ranges)
 .debug_ranges  0x00000000       0x80 .\CortexM3\ARM_GCC_493\Debug\main.o
 .debug_ranges  0x00000080       0x38 .\CortexM3\ARM_GCC_493\Debug\Cm3Start.o
 .debug_ranges  0x000000b8       0x58 .\CortexM3\ARM_GCC_493\Debug\Controls.a(cyfitter_cfg.o)
 .debug_ranges  0x00000110       0x28 .\CortexM3\ARM_GCC_493\Debug\Controls.a(Enter_SW.o)
 .debug_ranges  0x00000138       0x28 .\CortexM3\ARM_GCC_493\Debug\Controls.a(Power_LED.o)
 .debug_ranges  0x00000160       0x28 .\CortexM3\ARM_GCC_493\Debug\Controls.a(D3_LED.o)
 .debug_ranges  0x00000188       0x28 .\CortexM3\ARM_GCC_493\Debug\Controls.a(Power_SW.o)
 .debug_ranges  0x000001b0       0x28 .\CortexM3\ARM_GCC_493\Debug\Controls.a(Left_SW.o)
 .debug_ranges  0x000001d8       0x28 .\CortexM3\ARM_GCC_493\Debug\Controls.a(Right_SW.o)
 .debug_ranges  0x00000200       0x28 .\CortexM3\ARM_GCC_493\Debug\Controls.a(Down_SW.o)
 .debug_ranges  0x00000228       0x28 .\CortexM3\ARM_GCC_493\Debug\Controls.a(D2_LED.o)
 .debug_ranges  0x00000250       0x28 .\CortexM3\ARM_GCC_493\Debug\Controls.a(Up_SW.o)
 .debug_ranges  0x00000278       0x28 .\CortexM3\ARM_GCC_493\Debug\Controls.a(Input_1_SW.o)
 .debug_ranges  0x000002a0       0x28 .\CortexM3\ARM_GCC_493\Debug\Controls.a(Input_2_SW.o)
 .debug_ranges  0x000002c8       0x28 .\CortexM3\ARM_GCC_493\Debug\Controls.a(D1_LED.o)
 .debug_ranges  0x000002f0       0x28 .\CortexM3\ARM_GCC_493\Debug\Controls.a(U1_LED.o)
 .debug_ranges  0x00000318       0x28 .\CortexM3\ARM_GCC_493\Debug\Controls.a(U2_LED.o)
 .debug_ranges  0x00000340       0x28 .\CortexM3\ARM_GCC_493\Debug\Controls.a(U3_LED.o)
 .debug_ranges  0x00000368       0x28 .\CortexM3\ARM_GCC_493\Debug\Controls.a(U4_LED.o)
 .debug_ranges  0x00000390       0x28 .\CortexM3\ARM_GCC_493\Debug\Controls.a(U5_LED.o)
 .debug_ranges  0x000003b8       0x28 .\CortexM3\ARM_GCC_493\Debug\Controls.a(U6_LED.o)
 .debug_ranges  0x000003e0       0x28 .\CortexM3\ARM_GCC_493\Debug\Controls.a(U7_LED.o)
 .debug_ranges  0x00000408       0x28 .\CortexM3\ARM_GCC_493\Debug\Controls.a(U8_LED.o)
 .debug_ranges  0x00000430      0x290 .\CortexM3\ARM_GCC_493\Debug\Controls.a(CyLib.o)
 .debug_ranges  0x000006c0       0x88 .\CortexM3\ARM_GCC_493\Debug\Controls.a(cyPm.o)
 .debug_ranges  0x00000748       0x28 .\CortexM3\ARM_GCC_493\Debug\Controls.a(Mute_SW.o)
 .debug_ranges  0x00000770       0x70 .\CortexM3\ARM_GCC_493\Debug\Controls.a(i_Up.o)
 .debug_ranges  0x000007e0       0x70 .\CortexM3\ARM_GCC_493\Debug\Controls.a(i_Left.o)
 .debug_ranges  0x00000850       0x70 .\CortexM3\ARM_GCC_493\Debug\Controls.a(i_Mute.o)
 .debug_ranges  0x000008c0       0x70 .\CortexM3\ARM_GCC_493\Debug\Controls.a(i_Enter.o)
 .debug_ranges  0x00000930       0x70 .\CortexM3\ARM_GCC_493\Debug\Controls.a(i_Down.o)
 .debug_ranges  0x000009a0       0x70 .\CortexM3\ARM_GCC_493\Debug\Controls.a(i_Right.o)
 .debug_ranges  0x00000a10       0x70 .\CortexM3\ARM_GCC_493\Debug\Controls.a(i_Input_1.o)
 .debug_ranges  0x00000a80       0x70 .\CortexM3\ARM_GCC_493\Debug\Controls.a(i_Power.o)
 .debug_ranges  0x00000af0       0x70 .\CortexM3\ARM_GCC_493\Debug\Controls.a(i_Input_2.o)
 .debug_ranges  0x00000b60       0x28 .\CortexM3\ARM_GCC_493\Debug\Controls.a(Input_Relais_0.o)
 .debug_ranges  0x00000b88       0x28 .\CortexM3\ARM_GCC_493\Debug\Controls.a(Input_Relais_1.o)
 .debug_ranges  0x00000bb0       0x28 .\CortexM3\ARM_GCC_493\Debug\Controls.a(Input_Relais_2.o)
 .debug_ranges  0x00000bd8       0x28 .\CortexM3\ARM_GCC_493\Debug\Controls.a(Input_Relais_3.o)
 .debug_ranges  0x00000c00       0x78 .\CortexM3\ARM_GCC_493\Debug\Controls.a(Button_Timer.o)
 .debug_ranges  0x00000c78       0x70 .\CortexM3\ARM_GCC_493\Debug\Controls.a(Button_Timer_Interrupt.o)
 .debug_ranges  0x00000ce8       0x28 .\CortexM3\ARM_GCC_493\Debug\Controls.a(Input_Relais_4.o)
 .debug_ranges  0x00000d10       0x28 .\CortexM3\ARM_GCC_493\Debug\Controls.a(Input_Relais_5.o)
 .debug_ranges  0x00000d38       0x28 .\CortexM3\ARM_GCC_493\Debug\Controls.a(Input_Relais_6.o)
 .debug_ranges  0x00000d60       0x28 .\CortexM3\ARM_GCC_493\Debug\Controls.a(Input_Relais_7.o)
 .debug_ranges  0x00000d88       0x28 .\CortexM3\ARM_GCC_493\Debug\Controls.a(Protection_CLR.o)
 .debug_ranges  0x00000db0       0x70 .\CortexM3\ARM_GCC_493\Debug\Controls.a(CyFlash.o)
 .debug_ranges  0x00000e20       0x68 .\CortexM3\ARM_GCC_493\Debug\Controls.a(CySpc.o)

.comment        0x00000000       0x70
 .comment       0x00000000       0x70 .\CortexM3\ARM_GCC_493\Debug\main.o
                                 0x71 (size before relaxing)
 .comment       0x00000000       0x71 .\CortexM3\ARM_GCC_493\Debug\cymetadata.o
 .comment       0x00000000       0x71 .\CortexM3\ARM_GCC_493\Debug\Cm3Start.o
 .comment       0x00000000       0x71 .\CortexM3\ARM_GCC_493\Debug\Controls.a(cyfitter_cfg.o)
 .comment       0x00000000       0x71 .\CortexM3\ARM_GCC_493\Debug\Controls.a(Enter_SW.o)
 .comment       0x00000000       0x71 .\CortexM3\ARM_GCC_493\Debug\Controls.a(Power_LED.o)
 .comment       0x00000000       0x71 .\CortexM3\ARM_GCC_493\Debug\Controls.a(D3_LED.o)
 .comment       0x00000000       0x71 .\CortexM3\ARM_GCC_493\Debug\Controls.a(Power_SW.o)
 .comment       0x00000000       0x71 .\CortexM3\ARM_GCC_493\Debug\Controls.a(Left_SW.o)
 .comment       0x00000000       0x71 .\CortexM3\ARM_GCC_493\Debug\Controls.a(Right_SW.o)
 .comment       0x00000000       0x71 .\CortexM3\ARM_GCC_493\Debug\Controls.a(Down_SW.o)
 .comment       0x00000000       0x71 .\CortexM3\ARM_GCC_493\Debug\Controls.a(D2_LED.o)
 .comment       0x00000000       0x71 .\CortexM3\ARM_GCC_493\Debug\Controls.a(Up_SW.o)
 .comment       0x00000000       0x71 .\CortexM3\ARM_GCC_493\Debug\Controls.a(Input_1_SW.o)
 .comment       0x00000000       0x71 .\CortexM3\ARM_GCC_493\Debug\Controls.a(Input_2_SW.o)
 .comment       0x00000000       0x71 .\CortexM3\ARM_GCC_493\Debug\Controls.a(D1_LED.o)
 .comment       0x00000000       0x71 .\CortexM3\ARM_GCC_493\Debug\Controls.a(U1_LED.o)
 .comment       0x00000000       0x71 .\CortexM3\ARM_GCC_493\Debug\Controls.a(U2_LED.o)
 .comment       0x00000000       0x71 .\CortexM3\ARM_GCC_493\Debug\Controls.a(U3_LED.o)
 .comment       0x00000000       0x71 .\CortexM3\ARM_GCC_493\Debug\Controls.a(U4_LED.o)
 .comment       0x00000000       0x71 .\CortexM3\ARM_GCC_493\Debug\Controls.a(U5_LED.o)
 .comment       0x00000000       0x71 .\CortexM3\ARM_GCC_493\Debug\Controls.a(U6_LED.o)
 .comment       0x00000000       0x71 .\CortexM3\ARM_GCC_493\Debug\Controls.a(U7_LED.o)
 .comment       0x00000000       0x71 .\CortexM3\ARM_GCC_493\Debug\Controls.a(U8_LED.o)
 .comment       0x00000000       0x71 .\CortexM3\ARM_GCC_493\Debug\Controls.a(CyLib.o)
 .comment       0x00000000       0x71 .\CortexM3\ARM_GCC_493\Debug\Controls.a(cyPm.o)
 .comment       0x00000000       0x71 .\CortexM3\ARM_GCC_493\Debug\Controls.a(Mute_SW.o)
 .comment       0x00000000       0x71 .\CortexM3\ARM_GCC_493\Debug\Controls.a(i_Up.o)
 .comment       0x00000000       0x71 .\CortexM3\ARM_GCC_493\Debug\Controls.a(i_Left.o)
 .comment       0x00000000       0x71 .\CortexM3\ARM_GCC_493\Debug\Controls.a(i_Mute.o)
 .comment       0x00000000       0x71 .\CortexM3\ARM_GCC_493\Debug\Controls.a(i_Enter.o)
 .comment       0x00000000       0x71 .\CortexM3\ARM_GCC_493\Debug\Controls.a(i_Down.o)
 .comment       0x00000000       0x71 .\CortexM3\ARM_GCC_493\Debug\Controls.a(i_Right.o)
 .comment       0x00000000       0x71 .\CortexM3\ARM_GCC_493\Debug\Controls.a(i_Input_1.o)
 .comment       0x00000000       0x71 .\CortexM3\ARM_GCC_493\Debug\Controls.a(i_Power.o)
 .comment       0x00000000       0x71 .\CortexM3\ARM_GCC_493\Debug\Controls.a(i_Input_2.o)
 .comment       0x00000000       0x71 .\CortexM3\ARM_GCC_493\Debug\Controls.a(Input_Relais_0.o)
 .comment       0x00000000       0x71 .\CortexM3\ARM_GCC_493\Debug\Controls.a(Input_Relais_1.o)
 .comment       0x00000000       0x71 .\CortexM3\ARM_GCC_493\Debug\Controls.a(Input_Relais_2.o)
 .comment       0x00000000       0x71 .\CortexM3\ARM_GCC_493\Debug\Controls.a(Input_Relais_3.o)
 .comment       0x00000000       0x71 .\CortexM3\ARM_GCC_493\Debug\Controls.a(Button_Timer.o)
 .comment       0x00000000       0x71 .\CortexM3\ARM_GCC_493\Debug\Controls.a(Button_Timer_Interrupt.o)
 .comment       0x00000000       0x71 .\CortexM3\ARM_GCC_493\Debug\Controls.a(Input_Relais_4.o)
 .comment       0x00000000       0x71 .\CortexM3\ARM_GCC_493\Debug\Controls.a(Input_Relais_5.o)
 .comment       0x00000000       0x71 .\CortexM3\ARM_GCC_493\Debug\Controls.a(Input_Relais_6.o)
 .comment       0x00000000       0x71 .\CortexM3\ARM_GCC_493\Debug\Controls.a(Input_Relais_7.o)
 .comment       0x00000000       0x71 .\CortexM3\ARM_GCC_493\Debug\Controls.a(Protection_CLR.o)
 .comment       0x00000000       0x71 .\CortexM3\ARM_GCC_493\Debug\Controls.a(CyFlash.o)
 .comment       0x00000000       0x71 .\CortexM3\ARM_GCC_493\Debug\Controls.a(CySpc.o)

.debug_weaknames
 *(.debug_weaknames)

.debug_funcnames
 *(.debug_funcnames)

.debug_typenames
 *(.debug_typenames)

.debug_varnames
 *(.debug_varnames)

.note.gnu.arm.ident
 *(.note.gnu.arm.ident)

.ARM.attributes
                0x00000000       0x29
 *(.ARM.attributes)
 .ARM.attributes
                0x00000000       0x1d c:/program files (x86)/cypress/psoc creator/4.0/psoc creator/import/gnu/arm/4.9.3/bin/../lib/gcc/arm-none-eabi/4.9.3/armv7-m/crti.o
 .ARM.attributes
                0x0000001d       0x2d c:/program files (x86)/cypress/psoc creator/4.0/psoc creator/import/gnu/arm/4.9.3/bin/../lib/gcc/arm-none-eabi/4.9.3/armv7-m/crtbegin.o
 .ARM.attributes
                0x0000004a       0x1b c:/program files (x86)/cypress/psoc creator/4.0/psoc creator/import/gnu/arm/4.9.3/bin/../lib/gcc/arm-none-eabi/4.9.3/../../../../arm-none-eabi/lib/armv7-m/crt0.o
 .ARM.attributes
                0x00000065       0x33 .\CortexM3\ARM_GCC_493\Debug\main.o
 .ARM.attributes
                0x00000098       0x33 .\CortexM3\ARM_GCC_493\Debug\cymetadata.o
 .ARM.attributes
                0x000000cb       0x33 .\CortexM3\ARM_GCC_493\Debug\Cm3Start.o
 .ARM.attributes
                0x000000fe       0x33 .\CortexM3\ARM_GCC_493\Debug\Controls.a(cyfitter_cfg.o)
 .ARM.attributes
                0x00000131       0x33 .\CortexM3\ARM_GCC_493\Debug\Controls.a(Enter_SW.o)
 .ARM.attributes
                0x00000164       0x33 .\CortexM3\ARM_GCC_493\Debug\Controls.a(Power_LED.o)
 .ARM.attributes
                0x00000197       0x33 .\CortexM3\ARM_GCC_493\Debug\Controls.a(D3_LED.o)
 .ARM.attributes
                0x000001ca       0x33 .\CortexM3\ARM_GCC_493\Debug\Controls.a(Power_SW.o)
 .ARM.attributes
                0x000001fd       0x33 .\CortexM3\ARM_GCC_493\Debug\Controls.a(Left_SW.o)
 .ARM.attributes
                0x00000230       0x33 .\CortexM3\ARM_GCC_493\Debug\Controls.a(Right_SW.o)
 .ARM.attributes
                0x00000263       0x33 .\CortexM3\ARM_GCC_493\Debug\Controls.a(Down_SW.o)
 .ARM.attributes
                0x00000296       0x33 .\CortexM3\ARM_GCC_493\Debug\Controls.a(D2_LED.o)
 .ARM.attributes
                0x000002c9       0x33 .\CortexM3\ARM_GCC_493\Debug\Controls.a(Up_SW.o)
 .ARM.attributes
                0x000002fc       0x33 .\CortexM3\ARM_GCC_493\Debug\Controls.a(Input_1_SW.o)
 .ARM.attributes
                0x0000032f       0x33 .\CortexM3\ARM_GCC_493\Debug\Controls.a(Input_2_SW.o)
 .ARM.attributes
                0x00000362       0x33 .\CortexM3\ARM_GCC_493\Debug\Controls.a(D1_LED.o)
 .ARM.attributes
                0x00000395       0x33 .\CortexM3\ARM_GCC_493\Debug\Controls.a(U1_LED.o)
 .ARM.attributes
                0x000003c8       0x33 .\CortexM3\ARM_GCC_493\Debug\Controls.a(U2_LED.o)
 .ARM.attributes
                0x000003fb       0x33 .\CortexM3\ARM_GCC_493\Debug\Controls.a(U3_LED.o)
 .ARM.attributes
                0x0000042e       0x33 .\CortexM3\ARM_GCC_493\Debug\Controls.a(U4_LED.o)
 .ARM.attributes
                0x00000461       0x33 .\CortexM3\ARM_GCC_493\Debug\Controls.a(U5_LED.o)
 .ARM.attributes
                0x00000494       0x33 .\CortexM3\ARM_GCC_493\Debug\Controls.a(U6_LED.o)
 .ARM.attributes
                0x000004c7       0x33 .\CortexM3\ARM_GCC_493\Debug\Controls.a(U7_LED.o)
 .ARM.attributes
                0x000004fa       0x33 .\CortexM3\ARM_GCC_493\Debug\Controls.a(U8_LED.o)
 .ARM.attributes
                0x0000052d       0x33 .\CortexM3\ARM_GCC_493\Debug\Controls.a(CyLib.o)
 .ARM.attributes
                0x00000560       0x33 .\CortexM3\ARM_GCC_493\Debug\Controls.a(cyPm.o)
 .ARM.attributes
                0x00000593       0x33 .\CortexM3\ARM_GCC_493\Debug\Controls.a(Mute_SW.o)
 .ARM.attributes
                0x000005c6       0x33 .\CortexM3\ARM_GCC_493\Debug\Controls.a(i_Up.o)
 .ARM.attributes
                0x000005f9       0x33 .\CortexM3\ARM_GCC_493\Debug\Controls.a(i_Left.o)
 .ARM.attributes
                0x0000062c       0x33 .\CortexM3\ARM_GCC_493\Debug\Controls.a(i_Mute.o)
 .ARM.attributes
                0x0000065f       0x33 .\CortexM3\ARM_GCC_493\Debug\Controls.a(i_Enter.o)
 .ARM.attributes
                0x00000692       0x33 .\CortexM3\ARM_GCC_493\Debug\Controls.a(i_Down.o)
 .ARM.attributes
                0x000006c5       0x33 .\CortexM3\ARM_GCC_493\Debug\Controls.a(i_Right.o)
 .ARM.attributes
                0x000006f8       0x33 .\CortexM3\ARM_GCC_493\Debug\Controls.a(i_Input_1.o)
 .ARM.attributes
                0x0000072b       0x33 .\CortexM3\ARM_GCC_493\Debug\Controls.a(i_Power.o)
 .ARM.attributes
                0x0000075e       0x33 .\CortexM3\ARM_GCC_493\Debug\Controls.a(i_Input_2.o)
 .ARM.attributes
                0x00000791       0x33 .\CortexM3\ARM_GCC_493\Debug\Controls.a(Input_Relais_0.o)
 .ARM.attributes
                0x000007c4       0x33 .\CortexM3\ARM_GCC_493\Debug\Controls.a(Input_Relais_1.o)
 .ARM.attributes
                0x000007f7       0x33 .\CortexM3\ARM_GCC_493\Debug\Controls.a(Input_Relais_2.o)
 .ARM.attributes
                0x0000082a       0x33 .\CortexM3\ARM_GCC_493\Debug\Controls.a(Input_Relais_3.o)
 .ARM.attributes
                0x0000085d       0x33 .\CortexM3\ARM_GCC_493\Debug\Controls.a(Button_Timer.o)
 .ARM.attributes
                0x00000890       0x33 .\CortexM3\ARM_GCC_493\Debug\Controls.a(Button_Timer_Interrupt.o)
 .ARM.attributes
                0x000008c3       0x33 .\CortexM3\ARM_GCC_493\Debug\Controls.a(Input_Relais_4.o)
 .ARM.attributes
                0x000008f6       0x33 .\CortexM3\ARM_GCC_493\Debug\Controls.a(Input_Relais_5.o)
 .ARM.attributes
                0x00000929       0x33 .\CortexM3\ARM_GCC_493\Debug\Controls.a(Input_Relais_6.o)
 .ARM.attributes
                0x0000095c       0x33 .\CortexM3\ARM_GCC_493\Debug\Controls.a(Input_Relais_7.o)
 .ARM.attributes
                0x0000098f       0x33 .\CortexM3\ARM_GCC_493\Debug\Controls.a(Protection_CLR.o)
 .ARM.attributes
                0x000009c2       0x21 .\CortexM3\ARM_GCC_493\Debug\Controls.a(CyBootAsmGnu.o)
 .ARM.attributes
                0x000009e3       0x33 .\CortexM3\ARM_GCC_493\Debug\Controls.a(CyFlash.o)
 .ARM.attributes
                0x00000a16       0x33 .\CortexM3\ARM_GCC_493\Debug\Controls.a(CySpc.o)
 .ARM.attributes
                0x00000a49       0x2d c:/program files (x86)/cypress/psoc creator/4.0/psoc creator/import/gnu/arm/4.9.3/bin/../lib/gcc/arm-none-eabi/4.9.3/../../../../arm-none-eabi/lib/armv7-m\libg_nano.a(lib_a-errno.o)
 .ARM.attributes
                0x00000a76       0x2d c:/program files (x86)/cypress/psoc creator/4.0/psoc creator/import/gnu/arm/4.9.3/bin/../lib/gcc/arm-none-eabi/4.9.3/../../../../arm-none-eabi/lib/armv7-m\libg_nano.a(lib_a-exit.o)
 .ARM.attributes
                0x00000aa3       0x2d c:/program files (x86)/cypress/psoc creator/4.0/psoc creator/import/gnu/arm/4.9.3/bin/../lib/gcc/arm-none-eabi/4.9.3/../../../../arm-none-eabi/lib/armv7-m\libg_nano.a(lib_a-impure.o)
 .ARM.attributes
                0x00000ad0       0x2d c:/program files (x86)/cypress/psoc creator/4.0/psoc creator/import/gnu/arm/4.9.3/bin/../lib/gcc/arm-none-eabi/4.9.3/../../../../arm-none-eabi/lib/armv7-m\libg_nano.a(lib_a-init.o)
 .ARM.attributes
                0x00000afd       0x2d c:/program files (x86)/cypress/psoc creator/4.0/psoc creator/import/gnu/arm/4.9.3/bin/../lib/gcc/arm-none-eabi/4.9.3/../../../../arm-none-eabi/lib/armv7-m\libg_nano.a(lib_a-memcpy.o)
 .ARM.attributes
                0x00000b2a       0x2d c:/program files (x86)/cypress/psoc creator/4.0/psoc creator/import/gnu/arm/4.9.3/bin/../lib/gcc/arm-none-eabi/4.9.3/../../../../arm-none-eabi/lib/armv7-m\libg_nano.a(lib_a-memset.o)
 .ARM.attributes
                0x00000b57       0x2d c:/program files (x86)/cypress/psoc creator/4.0/psoc creator/import/gnu/arm/4.9.3/bin/../lib/gcc/arm-none-eabi/4.9.3/armv7-m/crtend.o
 .ARM.attributes
                0x00000b84       0x1d c:/program files (x86)/cypress/psoc creator/4.0/psoc creator/import/gnu/arm/4.9.3/bin/../lib/gcc/arm-none-eabi/4.9.3/armv7-m/crtn.o

/DISCARD/
 *(.note.GNU-stack)
OUTPUT(.\CortexM3\ARM_GCC_493\Debug\Controls.elf elf32-littlearm)
