Archive member included because of file (symbol)

.\CortexM3\ARM_GCC_493\Debug\Controls.a(cyfitter_cfg.o)
                              .\CortexM3\ARM_GCC_493\Debug\Cm3Start.o (cyfitter_cfg)
.\CortexM3\ARM_GCC_493\Debug\Controls.a(Enter_SW.o)
                              .\CortexM3\ARM_GCC_493\Debug\main.o (Enter_SW_Read)
.\CortexM3\ARM_GCC_493\Debug\Controls.a(Power_LED.o)
                              .\CortexM3\ARM_GCC_493\Debug\main.o (Power_LED_Write)
.\CortexM3\ARM_GCC_493\Debug\Controls.a(D3_LED.o)
                              .\CortexM3\ARM_GCC_493\Debug\main.o (D3_LED_Write)
.\CortexM3\ARM_GCC_493\Debug\Controls.a(Power_SW.o)
                              .\CortexM3\ARM_GCC_493\Debug\main.o (Power_SW_Read)
.\CortexM3\ARM_GCC_493\Debug\Controls.a(Left_SW.o)
                              .\CortexM3\ARM_GCC_493\Debug\main.o (Left_SW_Read)
.\CortexM3\ARM_GCC_493\Debug\Controls.a(Right_SW.o)
                              .\CortexM3\ARM_GCC_493\Debug\main.o (Right_SW_Read)
.\CortexM3\ARM_GCC_493\Debug\Controls.a(Down_SW.o)
                              .\CortexM3\ARM_GCC_493\Debug\main.o (Down_SW_Read)
.\CortexM3\ARM_GCC_493\Debug\Controls.a(D2_LED.o)
                              .\CortexM3\ARM_GCC_493\Debug\main.o (D2_LED_Write)
.\CortexM3\ARM_GCC_493\Debug\Controls.a(Up_SW.o)
                              .\CortexM3\ARM_GCC_493\Debug\main.o (Up_SW_Read)
.\CortexM3\ARM_GCC_493\Debug\Controls.a(Input_1_SW.o)
                              .\CortexM3\ARM_GCC_493\Debug\main.o (Input_1_SW_Read)
.\CortexM3\ARM_GCC_493\Debug\Controls.a(Input_2_SW.o)
                              .\CortexM3\ARM_GCC_493\Debug\main.o (Input_2_SW_Read)
.\CortexM3\ARM_GCC_493\Debug\Controls.a(D1_LED.o)
                              .\CortexM3\ARM_GCC_493\Debug\main.o (D1_LED_Write)
.\CortexM3\ARM_GCC_493\Debug\Controls.a(U1_LED.o)
                              .\CortexM3\ARM_GCC_493\Debug\main.o (U1_LED_Write)
.\CortexM3\ARM_GCC_493\Debug\Controls.a(U2_LED.o)
                              .\CortexM3\ARM_GCC_493\Debug\main.o (U2_LED_Write)
.\CortexM3\ARM_GCC_493\Debug\Controls.a(U3_LED.o)
                              .\CortexM3\ARM_GCC_493\Debug\main.o (U3_LED_Write)
.\CortexM3\ARM_GCC_493\Debug\Controls.a(U4_LED.o)
                              .\CortexM3\ARM_GCC_493\Debug\main.o (U4_LED_Write)
.\CortexM3\ARM_GCC_493\Debug\Controls.a(U5_LED.o)
                              .\CortexM3\ARM_GCC_493\Debug\main.o (U5_LED_Write)
.\CortexM3\ARM_GCC_493\Debug\Controls.a(U6_LED.o)
                              .\CortexM3\ARM_GCC_493\Debug\main.o (U6_LED_Write)
.\CortexM3\ARM_GCC_493\Debug\Controls.a(U7_LED.o)
                              .\CortexM3\ARM_GCC_493\Debug\main.o (U7_LED_Write)
.\CortexM3\ARM_GCC_493\Debug\Controls.a(U8_LED.o)
                              .\CortexM3\ARM_GCC_493\Debug\main.o (U8_LED_Write)
.\CortexM3\ARM_GCC_493\Debug\Controls.a(CyLib.o)
                              .\CortexM3\ARM_GCC_493\Debug\Cm3Start.o (CyHalt)
.\CortexM3\ARM_GCC_493\Debug\Controls.a(cyPm.o)
                              .\CortexM3\ARM_GCC_493\Debug\Controls.a(CyLib.o) (CyPmReadStatus)
.\CortexM3\ARM_GCC_493\Debug\Controls.a(Mute_SW.o)
                              .\CortexM3\ARM_GCC_493\Debug\main.o (Mute_SW_Read)
.\CortexM3\ARM_GCC_493\Debug\Controls.a(i_Up.o)
                              .\CortexM3\ARM_GCC_493\Debug\main.o (i_Up_SetPriority)
.\CortexM3\ARM_GCC_493\Debug\Controls.a(i_Left.o)
                              .\CortexM3\ARM_GCC_493\Debug\main.o (i_Left_SetPriority)
.\CortexM3\ARM_GCC_493\Debug\Controls.a(i_Mute.o)
                              .\CortexM3\ARM_GCC_493\Debug\main.o (i_Mute_SetPriority)
.\CortexM3\ARM_GCC_493\Debug\Controls.a(i_Enter.o)
                              .\CortexM3\ARM_GCC_493\Debug\main.o (i_Enter_SetPriority)
.\CortexM3\ARM_GCC_493\Debug\Controls.a(i_Down.o)
                              .\CortexM3\ARM_GCC_493\Debug\main.o (i_Down_SetPriority)
.\CortexM3\ARM_GCC_493\Debug\Controls.a(i_Right.o)
                              .\CortexM3\ARM_GCC_493\Debug\main.o (i_Right_SetPriority)
.\CortexM3\ARM_GCC_493\Debug\Controls.a(i_Input_1.o)
                              .\CortexM3\ARM_GCC_493\Debug\main.o (i_Input_1_SetPriority)
.\CortexM3\ARM_GCC_493\Debug\Controls.a(i_Power.o)
                              .\CortexM3\ARM_GCC_493\Debug\main.o (i_Power_SetPriority)
.\CortexM3\ARM_GCC_493\Debug\Controls.a(i_Input_2.o)
                              .\CortexM3\ARM_GCC_493\Debug\main.o (i_Input_2_SetPriority)
.\CortexM3\ARM_GCC_493\Debug\Controls.a(Input_Relais_0.o)
                              .\CortexM3\ARM_GCC_493\Debug\main.o (Input_Relais_0_Write)
.\CortexM3\ARM_GCC_493\Debug\Controls.a(Input_Relais_1.o)
                              .\CortexM3\ARM_GCC_493\Debug\main.o (Input_Relais_1_Write)
.\CortexM3\ARM_GCC_493\Debug\Controls.a(Input_Relais_2.o)
                              .\CortexM3\ARM_GCC_493\Debug\main.o (Input_Relais_2_Write)
.\CortexM3\ARM_GCC_493\Debug\Controls.a(Input_Relais_3.o)
[...]
Memory Configuration

Name             Origin             Length             Attributes
rom              0x00000000         0x00040000         xr
ram              0x1fff8000         0x00010000         xrw
*default*        0x00000000         0xffffffff

Linker script and memory map

LOAD c:/program files (x86)/cypress/psoc creator/4.0/psoc creator/import/gnu/arm/4.9.3/bin/../lib/gcc/arm-none-eabi/4.9.3/armv7-m/crti.o
LOAD c:/program files (x86)/cypress/psoc creator/4.0/psoc creator/import/gnu/arm/4.9.3/bin/../lib/gcc/arm-none-eabi/4.9.3/armv7-m/crtbegin.o
LOAD c:/program files (x86)/cypress/psoc creator/4.0/psoc creator/import/gnu/arm/4.9.3/bin/../lib/gcc/arm-none-eabi/4.9.3/../../../../arm-none-eabi/lib/armv7-m/crt0.o
START GROUP
LOAD .\CortexM3\ARM_GCC_493\Debug\main.o
LOAD .\CortexM3\ARM_GCC_493\Debug\cymetadata.o
LOAD .\CortexM3\ARM_GCC_493\Debug\Cm3Start.o
LOAD .\CortexM3\ARM_GCC_493\Debug\Controls.a
LOAD C:\Program Files (x86)\Cypress\PSoC Creator\4.0\PSoC Creator\psoc\content\cycomponentlibrary\CyComponentLibrary.cylib\CortexM3\ARM_GCC_493\Debug\CyComponentLibrary.a
END GROUP
START GROUP
LOAD c:/program files (x86)/cypress/psoc creator/4.0/psoc creator/import/gnu/arm/4.9.3/bin/../lib/gcc/arm-none-eabi/4.9.3/armv7-m\libgcc.a
LOAD c:/program files (x86)/cypress/psoc creator/4.0/psoc creator/import/gnu/arm/4.9.3/bin/../lib/gcc/arm-none-eabi/4.9.3/../../../../arm-none-eabi/lib/armv7-m\libg_nano.a
LOAD c:/program files (x86)/cypress/psoc creator/4.0/psoc creator/import/gnu/arm/4.9.3/bin/../lib/gcc/arm-none-eabi/4.9.3/../../../../arm-none-eabi/lib/armv7-m\libc_nano.a
END GROUP
START GROUP
LOAD c:/program files (x86)/cypress/psoc creator/4.0/psoc creator/import/gnu/arm/4.9.3/bin/../lib/gcc/arm-none-eabi/4.9.3/armv7-m\libgcc.a
LOAD c:/program files (x86)/cypress/psoc creator/4.0/psoc creator/import/gnu/arm/4.9.3/bin/../lib/gcc/arm-none-eabi/4.9.3/../../../../arm-none-eabi/lib/armv7-m\libc_nano.a
END GROUP
LOAD c:/program files (x86)/cypress/psoc creator/4.0/psoc creator/import/gnu/arm/4.9.3/bin/../lib/gcc/arm-none-eabi/4.9.3/armv7-m/crtend.o
LOAD c:/program files (x86)/cypress/psoc creator/4.0/psoc creator/import/gnu/arm/4.9.3/bin/../lib/gcc/arm-none-eabi/4.9.3/armv7-m/crtn.o
START GROUP
LOAD c:/program files (x86)/cypress/psoc creator/4.0/psoc creator/import/gnu/arm/4.9.3/bin/../lib/gcc/arm-none-eabi/4.9.3/armv7-m\libgcc.a
LOAD c:/program files (x86)/cypress/psoc creator/4.0/psoc creator/import/gnu/arm/4.9.3/bin/../lib/gcc/arm-none-eabi/4.9.3/../../../../arm-none-eabi/lib/armv7-m\libc.a
LOAD c:/program files (x86)/cypress/psoc creator/4.0/psoc creator/import/gnu/arm/4.9.3/bin/../lib/gcc/arm-none-eabi/4.9.3/../../../../arm-none-eabi/lib/armv7-m\libnosys.a
END GROUP
                0x00000000                CY_APPL_ORIGIN = 0x0
                0x00000100                CY_FLASH_ROW_SIZE = 0x100
                0x00000020                CY_ECC_ROW_SIZE = 0x20
                0x00000000                CY_EE_IN_BTLDR = 0x0
                0x00000000                CY_APPL_LOADABLE = 0x0
                0x00000800                CY_EE_SIZE = 0x800
                0x00000001                CY_APPL_NUM = 0x1
                0x00000001                CY_APPL_MAX = 0x1
                0x00000040                CY_METADATA_SIZE = 0x40
                0x00000000                CY_APPL_LOADABLE = 0x0
                0x00000000                CY_CHECKSUM_EXCLUDE_SIZE = ALIGN (0x0, CY_FLASH_ROW_SIZE)
                0x1fff81a8                PROVIDE (__cy_heap_start, _end)
                0x00000001                PROVIDE (__cy_region_num, ((__cy_regions_end - __cy_regions) / 0x10))
                0x20008000                PROVIDE (__cy_stack, (ORIGIN (ram) + 0x10000))
                0x20007800                PROVIDE (__cy_heap_end, (__cy_stack - 0x800))

.cybootloader   0x00000000        0x0
 *(.cybootloader)
                0x00000000                appl1_start = CY_APPL_ORIGIN?CY_APPL_ORIGIN:ALIGN (CY_FLASH_ROW_SIZE)
                0x0001ff00                appl2_start = (appl1_start + ALIGN ((((0x40000 - appl1_start) - (0x2 * CY_FLASH_ROW_SIZE)) / 0x2), CY_FLASH_ROW_SIZE))
                0x00000000                appl_start = (CY_APPL_NUM == 0x1)?appl1_start:appl2_start
                0x00000000                ecc_offset = ((appl_start / CY_FLASH_ROW_SIZE) * CY_ECC_ROW_SIZE)
                0x00000000                ee_offset = (CY_APPL_LOADABLE && ! (CY_EE_IN_BTLDR))?((CY_EE_SIZE / CY_APPL_MAX) * (CY_APPL_NUM - 0x1)):0x0
                0x00000800                ee_size = (CY_APPL_LOADABLE && ! (CY_EE_IN_BTLDR))?(CY_EE_SIZE / CY_APPL_MAX):CY_EE_SIZE
                0x00000000                PROVIDE (CY_ECC_OFFSET, ecc_offset)

.text           0x00000000      0xe5e
 CREATE_OBJECT_SYMBOLS
                0x00000000                PROVIDE (__cy_interrupt_vector, RomVectors)
 *(.romvectors)
 .romvectors    0x00000000       0x10 .\CortexM3\ARM_GCC_493\Debug\Cm3Start.o
                0x00000000                RomVectors
                0x00000001                ASSERT ((. != __cy_interrupt_vector), No interrupt vector)
                0x00000001                ASSERT (CY_APPL_ORIGIN?(SIZEOF (.cybootloader) <= CY_APPL_ORIGIN):0x1, Wrong image location)
                0x00000010                PROVIDE (__cy_reset, Reset)
 *(.text.Reset)
 .text.Reset    0x00000010       0x18 .\CortexM3\ARM_GCC_493\Debug\Cm3Start.o
                0x00000010                Reset
                0x00000001                ASSERT ((. != __cy_reset), No reset code)
 *(.dma_init)
                0x00000001                ASSERT ((((appl_start + .) <= 0x10000) || 0x1), DMA Init must be within the first 64k of flash)
 *(.text .text.* .gnu.linkonce.t.*)
 .text          0x00000028       0x5c c:/program files (x86)/cypress/psoc creator/4.0/psoc creator/import/gnu/arm/4.9.3/bin/../lib/gcc/arm-none-eabi/4.9.3/armv7-m/crtbegin.o
 .text.Power_Handler
                0x00000084       0x2c .\CortexM3\ARM_GCC_493\Debug\main.o
                0x00000084                Power_Handler
 .text.Right_Handler
                0x000000b0       0x24 .\CortexM3\ARM_GCC_493\Debug\main.o
                0x000000b0                Right_Handler
 .text.Down_Handler
                0x000000d4       0x24 .\CortexM3\ARM_GCC_493\Debug\main.o
                0x000000d4                Down_Handler
 .text.Up_Handler
                0x000000f8       0x24 .\CortexM3\ARM_GCC_493\Debug\main.o
                0x000000f8                Up_Handler
 .text.Left_Handler
                0x0000011c       0x24 .\CortexM3\ARM_GCC_493\Debug\main.o
                0x0000011c                Left_Handler
 .text.Mute_Handler
                0x00000140       0x24 .\CortexM3\ARM_GCC_493\Debug\main.o
                0x00000140                Mute_Handler
 .text.E_Handler
                0x00000164       0x24 .\CortexM3\ARM_GCC_493\Debug\main.o
                0x00000164                E_Handler
 .text.set_input
                0x00000188       0x5c .\CortexM3\ARM_GCC_493\Debug\main.o
                0x00000188                set_input
 .text.main     0x000001e4      0x1b0 .\CortexM3\ARM_GCC_493\Debug\main.o
                0x000001e4                main
 .text.Input_2_Handler
                0x00000394       0x38 .\CortexM3\ARM_GCC_493\Debug\main.o
                0x00000394                Input_2_Handler
 .text.Input_1_Handler
                0x000003cc       0x38 .\CortexM3\ARM_GCC_493\Debug\main.o
                0x000003cc                Input_1_Handler
 .text.IntDefaultHandler
                0x00000404       0x10 .\CortexM3\ARM_GCC_493\Debug\Cm3Start.o
                0x00000404                IntDefaultHandler
 .text.Start_c  0x00000414       0x4c .\CortexM3\ARM_GCC_493\Debug\Cm3Start.o
                0x00000414                Start_c
 .text.initialize_psoc
                0x00000460       0x74 .\CortexM3\ARM_GCC_493\Debug\Cm3Start.o
                0x00000460                initialize_psoc
 .text.CyClockStartupError
                0x000004d4        0x4 .\CortexM3\ARM_GCC_493\Debug\Controls.a(cyfitter_cfg.o)
 .text.cfg_write_bytes32
                0x000004d8       0x34 .\CortexM3\ARM_GCC_493\Debug\Controls.a(cyfitter_cfg.o)
 .text.AnalogSetDefault
                0x0000050c       0x40 .\CortexM3\ARM_GCC_493\Debug\Controls.a(cyfitter_cfg.o)
 .text.CYMEMZERO
                0x0000054c        0xc .\CortexM3\ARM_GCC_493\Debug\Controls.a(cyfitter_cfg.o)
 .text.CYCONFIGCPY
                0x00000558        0x8 .\CortexM3\ARM_GCC_493\Debug\Controls.a(cyfitter_cfg.o)
 .text.ClockSetup
                0x00000560       0xe8 .\CortexM3\ARM_GCC_493\Debug\Controls.a(cyfitter_cfg.o)
 .text.cyfitter_cfg
                0x00000648      0x140 .\CortexM3\ARM_GCC_493\Debug\Controls.a(cyfitter_cfg.o)
                0x00000648                cyfitter_cfg
 .text.Enter_SW_Read
                0x00000788       0x10 .\CortexM3\ARM_GCC_493\Debug\Controls.a(Enter_SW.o)
                0x00000788                Enter_SW_Read
 .text.Power_LED_Write
                0x00000798       0x18 .\CortexM3\ARM_GCC_493\Debug\Controls.a(Power_LED.o)
                0x00000798                Power_LED_Write
 .text.Power_LED_Read
                0x000007b0       0x10 .\CortexM3\ARM_GCC_493\Debug\Controls.a(Power_LED.o)
                0x000007b0                Power_LED_Read
 .text.D3_LED_Write
                0x000007c0       0x18 .\CortexM3\ARM_GCC_493\Debug\Controls.a(D3_LED.o)
                0x000007c0                D3_LED_Write
 .text.Power_SW_Read
                0x000007d8       0x10 .\CortexM3\ARM_GCC_493\Debug\Controls.a(Power_SW.o)
                0x000007d8                Power_SW_Read
 .text.Left_SW_Read
                0x000007e8       0x10 .\CortexM3\ARM_GCC_493\Debug\Controls.a(Left_SW.o)
                0x000007e8                Left_SW_Read
 .text.Right_SW_Read
                0x000007f8       0x10 .\CortexM3\ARM_GCC_493\Debug\Controls.a(Right_SW.o)
                0x000007f8                Right_SW_Read
 .text.Down_SW_Read
                0x00000808        0xc .\CortexM3\ARM_GCC_493\Debug\Controls.a(Down_SW.o)
                0x00000808                Down_SW_Read
 .text.D2_LED_Write
                0x00000814       0x18 .\CortexM3\ARM_GCC_493\Debug\Controls.a(D2_LED.o)
                0x00000814                D2_LED_Write
 .text.Up_SW_Read
                0x0000082c       0x10 .\CortexM3\ARM_GCC_493\Debug\Controls.a(Up_SW.o)
                0x0000082c                Up_SW_Read
 .text.Input_1_SW_Read
                0x0000083c       0x10 .\CortexM3\ARM_GCC_493\Debug\Controls.a(Input_1_SW.o)
                0x0000083c                Input_1_SW_Read
 .text.Input_2_SW_Read
                0x0000084c       0x10 .\CortexM3\ARM_GCC_493\Debug\Controls.a(Input_2_SW.o)
                0x0000084c                Input_2_SW_Read
 .text.D1_LED_Write
                0x0000085c       0x18 .\CortexM3\ARM_GCC_493\Debug\Controls.a(D1_LED.o)
                0x0000085c                D1_LED_Write
 .text.D1_LED_Read
                0x00000874       0x10 .\CortexM3\ARM_GCC_493\Debug\Controls.a(D1_LED.o)
                0x00000874                D1_LED_Read
 .text.U1_LED_Write
                0x00000884       0x18 .\CortexM3\ARM_GCC_493\Debug\Controls.a(U1_LED.o)
                0x00000884                U1_LED_Write
 .text.U2_LED_Write
                0x0000089c       0x18 .\CortexM3\ARM_GCC_493\Debug\Controls.a(U2_LED.o)
                0x0000089c                U2_LED_Write
 .text.U3_LED_Write
                0x000008b4       0x18 .\CortexM3\ARM_GCC_493\Debug\Controls.a(U3_LED.o)
                0x000008b4                U3_LED_Write
 .text.U4_LED_Write
                0x000008cc       0x18 .\CortexM3\ARM_GCC_493\Debug\Controls.a(U4_LED.o)
                0x000008cc                U4_LED_Write
 .text.U4_LED_Read
                0x000008e4       0x10 .\CortexM3\ARM_GCC_493\Debug\Controls.a(U4_LED.o)
                0x000008e4                U4_LED_Read
 .text.U5_LED_Write
                0x000008f4       0x18 .\CortexM3\ARM_GCC_493\Debug\Controls.a(U5_LED.o)
                0x000008f4                U5_LED_Write
 .text.U5_LED_Read
                0x0000090c       0x10 .\CortexM3\ARM_GCC_493\Debug\Controls.a(U5_LED.o)
                0x0000090c                U5_LED_Read
 .text.U6_LED_Write
                0x0000091c       0x18 .\CortexM3\ARM_GCC_493\Debug\Controls.a(U6_LED.o)
                0x0000091c                U6_LED_Write
 .text.U6_LED_Read
                0x00000934       0x10 .\CortexM3\ARM_GCC_493\Debug\Controls.a(U6_LED.o)
                0x00000934                U6_LED_Read
 .text.U7_LED_Write
                0x00000944       0x18 .\CortexM3\ARM_GCC_493\Debug\Controls.a(U7_LED.o)
                0x00000944                U7_LED_Write
 .text.U7_LED_Read
                0x0000095c       0x10 .\CortexM3\ARM_GCC_493\Debug\Controls.a(U7_LED.o)
                0x0000095c                U7_LED_Read
 .text.U8_LED_Write
                0x0000096c       0x18 .\CortexM3\ARM_GCC_493\Debug\Controls.a(U8_LED.o)
                0x0000096c                U8_LED_Write
 .text.U8_LED_Read
                0x00000984       0x10 .\CortexM3\ARM_GCC_493\Debug\Controls.a(U8_LED.o)
                0x00000984                U8_LED_Read
 .text.CyDelay  0x00000994       0x2c .\CortexM3\ARM_GCC_493\Debug\Controls.a(CyLib.o)
                0x00000994                CyDelay
 .text.Mute_SW_Read
                0x000009c0       0x10 .\CortexM3\ARM_GCC_493\Debug\Controls.a(Mute_SW.o)
                0x000009c0                Mute_SW_Read
 .text.i_Up_SetVector
                0x000009d0        0xc .\CortexM3\ARM_GCC_493\Debug\Controls.a(i_Up.o)
                0x000009d0                i_Up_SetVector
 .text.i_Up_SetPriority
                0x000009dc       0x10 .\CortexM3\ARM_GCC_493\Debug\Controls.a(i_Up.o)
                0x000009dc                i_Up_SetPriority
 .text.i_Up_Enable
                0x000009ec       0x10 .\CortexM3\ARM_GCC_493\Debug\Controls.a(i_Up.o)
                0x000009ec                i_Up_Enable
 .text.i_Up_Disable
                0x000009fc       0x10 .\CortexM3\ARM_GCC_493\Debug\Controls.a(i_Up.o)
                0x000009fc                i_Up_Disable
 .text.i_Up_StartEx
                0x00000a0c       0x1c .\CortexM3\ARM_GCC_493\Debug\Controls.a(i_Up.o)
                0x00000a0c                i_Up_StartEx
 .text.i_Up_ClearPending
                0x00000a28       0x10 .\CortexM3\ARM_GCC_493\Debug\Controls.a(i_Up.o)
                0x00000a28                i_Up_ClearPending
 .text.i_Left_SetVector
                0x00000a38        0xc .\CortexM3\ARM_GCC_493\Debug\Controls.a(i_Left.o)
                0x00000a38                i_Left_SetVector
 .text.i_Left_SetPriority
                0x00000a44       0x10 .\CortexM3\ARM_GCC_493\Debug\Controls.a(i_Left.o)
                0x00000a44                i_Left_SetPriority
 .text.i_Left_Enable
                0x00000a54       0x10 .\CortexM3\ARM_GCC_493\Debug\Controls.a(i_Left.o)
                0x00000a54                i_Left_Enable
 .text.i_Left_Disable
                0x00000a64       0x10 .\CortexM3\ARM_GCC_493\Debug\Controls.a(i_Left.o)
                0x00000a64                i_Left_Disable
 .text.i_Left_StartEx
                0x00000a74       0x1c .\CortexM3\ARM_GCC_493\Debug\Controls.a(i_Left.o)
                0x00000a74                i_Left_StartEx
 .text.i_Left_ClearPending
                0x00000a90       0x10 .\CortexM3\ARM_GCC_493\Debug\Controls.a(i_Left.o)
                0x00000a90                i_Left_ClearPending
 .text.i_Mute_SetVector
                0x00000aa0        0xc .\CortexM3\ARM_GCC_493\Debug\Controls.a(i_Mute.o)
                0x00000aa0                i_Mute_SetVector
 .text.i_Mute_SetPriority
                0x00000aac       0x10 .\CortexM3\ARM_GCC_493\Debug\Controls.a(i_Mute.o)
                0x00000aac                i_Mute_SetPriority
 .text.i_Mute_Enable
                0x00000abc       0x10 .\CortexM3\ARM_GCC_493\Debug\Controls.a(i_Mute.o)
                0x00000abc                i_Mute_Enable
 .text.i_Mute_Disable
                0x00000acc       0x10 .\CortexM3\ARM_GCC_493\Debug\Controls.a(i_Mute.o)
                0x00000acc                i_Mute_Disable
 .text.i_Mute_StartEx
                0x00000adc       0x1c .\CortexM3\ARM_GCC_493\Debug\Controls.a(i_Mute.o)
                0x00000adc                i_Mute_StartEx
 .text.i_Mute_ClearPending
                0x00000af8       0x10 .\CortexM3\ARM_GCC_493\Debug\Controls.a(i_Mute.o)
                0x00000af8                i_Mute_ClearPending
 .text.i_Enter_SetVector
                0x00000b08        0xc .\CortexM3\ARM_GCC_493\Debug\Controls.a(i_Enter.o)
                0x00000b08                i_Enter_SetVector
 .text.i_Enter_SetPriority
                0x00000b14       0x10 .\CortexM3\ARM_GCC_493\Debug\Controls.a(i_Enter.o)
                0x00000b14                i_Enter_SetPriority
 .text.i_Enter_Enable
                0x00000b24        0xc .\CortexM3\ARM_GCC_493\Debug\Controls.a(i_Enter.o)
                0x00000b24                i_Enter_Enable
 .text.i_Enter_Disable
                0x00000b30        0xc .\CortexM3\ARM_GCC_493\Debug\Controls.a(i_Enter.o)
                0x00000b30                i_Enter_Disable
 .text.i_Enter_StartEx
                0x00000b3c       0x1c .\CortexM3\ARM_GCC_493\Debug\Controls.a(i_Enter.o)
                0x00000b3c                i_Enter_StartEx
 .text.i_Enter_ClearPending
                0x00000b58        0xc .\CortexM3\ARM_GCC_493\Debug\Controls.a(i_Enter.o)
                0x00000b58                i_Enter_ClearPending
 .text.i_Down_SetVector
                0x00000b64        0xc .\CortexM3\ARM_GCC_493\Debug\Controls.a(i_Down.o)
                0x00000b64                i_Down_SetVector
 .text.i_Down_SetPriority
                0x00000b70       0x10 .\CortexM3\ARM_GCC_493\Debug\Controls.a(i_Down.o)
                0x00000b70                i_Down_SetPriority
 .text.i_Down_Enable
                0x00000b80        0xc .\CortexM3\ARM_GCC_493\Debug\Controls.a(i_Down.o)
                0x00000b80                i_Down_Enable
 .text.i_Down_Disable
                0x00000b8c        0xc .\CortexM3\ARM_GCC_493\Debug\Controls.a(i_Down.o)
                0x00000b8c                i_Down_Disable
 .text.i_Down_StartEx
                0x00000b98       0x1c .\CortexM3\ARM_GCC_493\Debug\Controls.a(i_Down.o)
                0x00000b98                i_Down_StartEx
 .text.i_Down_ClearPending
                0x00000bb4        0xc .\CortexM3\ARM_GCC_493\Debug\Controls.a(i_Down.o)
                0x00000bb4                i_Down_ClearPending
 .text.i_Right_SetVector
                0x00000bc0        0xc .\CortexM3\ARM_GCC_493\Debug\Controls.a(i_Right.o)
                0x00000bc0                i_Right_SetVector
 .text.i_Right_SetPriority
                0x00000bcc       0x10 .\CortexM3\ARM_GCC_493\Debug\Controls.a(i_Right.o)
                0x00000bcc                i_Right_SetPriority
 .text.i_Right_Enable
                0x00000bdc       0x10 .\CortexM3\ARM_GCC_493\Debug\Controls.a(i_Right.o)
                0x00000bdc                i_Right_Enable
 .text.i_Right_Disable
                0x00000bec       0x10 .\CortexM3\ARM_GCC_493\Debug\Controls.a(i_Right.o)
                0x00000bec                i_Right_Disable
 .text.i_Right_StartEx
                0x00000bfc       0x1c .\CortexM3\ARM_GCC_493\Debug\Controls.a(i_Right.o)
                0x00000bfc                i_Right_StartEx
 .text.i_Right_ClearPending
                0x00000c18       0x10 .\CortexM3\ARM_GCC_493\Debug\Controls.a(i_Right.o)
                0x00000c18                i_Right_ClearPending
 .text.i_Input_1_SetVector
                0x00000c28        0xc .\CortexM3\ARM_GCC_493\Debug\Controls.a(i_Input_1.o)
                0x00000c28                i_Input_1_SetVector
 .text.i_Input_1_SetPriority
                0x00000c34       0x10 .\CortexM3\ARM_GCC_493\Debug\Controls.a(i_Input_1.o)
                0x00000c34                i_Input_1_SetPriority
 .text.i_Input_1_Enable
                0x00000c44       0x10 .\CortexM3\ARM_GCC_493\Debug\Controls.a(i_Input_1.o)
                0x00000c44                i_Input_1_Enable
 .text.i_Input_1_Disable
                0x00000c54       0x10 .\CortexM3\ARM_GCC_493\Debug\Controls.a(i_Input_1.o)
                0x00000c54                i_Input_1_Disable
 .text.i_Input_1_StartEx
                0x00000c64       0x1c .\CortexM3\ARM_GCC_493\Debug\Controls.a(i_Input_1.o)
                0x00000c64                i_Input_1_StartEx
 .text.i_Input_1_ClearPending
                0x00000c80       0x10 .\CortexM3\ARM_GCC_493\Debug\Controls.a(i_Input_1.o)
                0x00000c80                i_Input_1_ClearPending
 .text.i_Power_SetVector
                0x00000c90        0xc .\CortexM3\ARM_GCC_493\Debug\Controls.a(i_Power.o)
                0x00000c90                i_Power_SetVector
 .text.i_Power_SetPriority
                0x00000c9c       0x10 .\CortexM3\ARM_GCC_493\Debug\Controls.a(i_Power.o)
                0x00000c9c                i_Power_SetPriority
 .text.i_Power_Enable
                0x00000cac       0x10 .\CortexM3\ARM_GCC_493\Debug\Controls.a(i_Power.o)
                0x00000cac                i_Power_Enable
 .text.i_Power_Disable
                0x00000cbc       0x10 .\CortexM3\ARM_GCC_493\Debug\Controls.a(i_Power.o)
                0x00000cbc                i_Power_Disable
 .text.i_Power_StartEx
                0x00000ccc       0x1c .\CortexM3\ARM_GCC_493\Debug\Controls.a(i_Power.o)
                0x00000ccc                i_Power_StartEx
 .text.i_Power_ClearPending
                0x00000ce8       0x10 .\CortexM3\ARM_GCC_493\Debug\Controls.a(i_Power.o)
                0x00000ce8                i_Power_ClearPending
 .text.i_Input_2_SetVector
                0x00000cf8        0xc .\CortexM3\ARM_GCC_493\Debug\Controls.a(i_Input_2.o)
                0x00000cf8                i_Input_2_SetVector
 .text.i_Input_2_SetPriority
                0x00000d04       0x10 .\CortexM3\ARM_GCC_493\Debug\Controls.a(i_Input_2.o)
                0x00000d04                i_Input_2_SetPriority
 .text.i_Input_2_Enable
                0x00000d14       0x10 .\CortexM3\ARM_GCC_493\Debug\Controls.a(i_Input_2.o)
                0x00000d14                i_Input_2_Enable
 .text.i_Input_2_Disable
                0x00000d24       0x10 .\CortexM3\ARM_GCC_493\Debug\Controls.a(i_Input_2.o)
                0x00000d24                i_Input_2_Disable
 .text.i_Input_2_StartEx
                0x00000d34       0x1c .\CortexM3\ARM_GCC_493\Debug\Controls.a(i_Input_2.o)
                0x00000d34                i_Input_2_StartEx
 .text.i_Input_2_ClearPending
                0x00000d50       0x10 .\CortexM3\ARM_GCC_493\Debug\Controls.a(i_Input_2.o)
                0x00000d50                i_Input_2_ClearPending
 .text.Input_Relais_0_Write
                0x00000d60       0x18 .\CortexM3\ARM_GCC_493\Debug\Controls.a(Input_Relais_0.o)
                0x00000d60                Input_Relais_0_Write
 .text.Input_Relais_1_Write
                0x00000d78       0x18 .\CortexM3\ARM_GCC_493\Debug\Controls.a(Input_Relais_1.o)
                0x00000d78                Input_Relais_1_Write
 .text.Input_Relais_2_Write
                0x00000d90       0x18 .\CortexM3\ARM_GCC_493\Debug\Controls.a(Input_Relais_2.o)
                0x00000d90                Input_Relais_2_Write
 .text.Input_Relais_3_Write
                0x00000da8       0x18 .\CortexM3\ARM_GCC_493\Debug\Controls.a(Input_Relais_3.o)
                0x00000da8                Input_Relais_3_Write
 .text          0x00000dc0       0x20 .\CortexM3\ARM_GCC_493\Debug\Controls.a(CyBootAsmGnu.o)
                0x00000dc0                CyDelayCycles
                0x00000dd0                CyEnterCriticalSection
                0x00000dd8                CyExitCriticalSection
 .text.__errno  0x00000de0        0xc c:/program files (x86)/cypress/psoc creator/4.0/psoc creator/import/gnu/arm/4.9.3/bin/../lib/gcc/arm-none-eabi/4.9.3/../../../../arm-none-eabi/lib/armv7-m\libg_nano.a(lib_a-errno.o)
                0x00000de0                __errno
 .text.__libc_init_array
                0x00000dec       0x4c c:/program files (x86)/cypress/psoc creator/4.0/psoc creator/import/gnu/arm/4.9.3/bin/../lib/gcc/arm-none-eabi/4.9.3/../../../../arm-none-eabi/lib/armv7-m\libg_nano.a(lib_a-init.o)
                0x00000dec                __libc_init_array
 .text.memcpy   0x00000e38       0x16 c:/program files (x86)/cypress/psoc creator/4.0/psoc creator/import/gnu/arm/4.9.3/bin/../lib/gcc/arm-none-eabi/4.9.3/../../../../arm-none-eabi/lib/armv7-m\libg_nano.a(lib_a-memcpy.o)
                0x00000e38                memcpy
 .text.memset   0x00000e4e       0x10 c:/program files (x86)/cypress/psoc creator/4.0/psoc creator/import/gnu/arm/4.9.3/bin/../lib/gcc/arm-none-eabi/4.9.3/../../../../arm-none-eabi/lib/armv7-m\libg_nano.a(lib_a-memset.o)
                0x00000e4e                memset
 *(.plt)
 *(.gnu.warning)
 *(.glue_7t)
 .glue_7t       0x00000000        0x0 linker stubs
 *(.glue_7)
 .glue_7        0x00000000        0x0 linker stubs
 *(.vfp11_veneer)
 .vfp11_veneer  0x00000000        0x0 linker stubs
 *(.bootloader)
 *(.ARM.extab* .gnu.linkonce.armextab.*)
 *(.gcc_except_table)

.v4_bx          0x00000e60        0x0
 .v4_bx         0x00000000        0x0 linker stubs

.iplt           0x00000e60        0x0
 .iplt          0x00000000        0x0 c:/program files (x86)/cypress/psoc creator/4.0/psoc creator/import/gnu/arm/4.9.3/bin/../lib/gcc/arm-none-eabi/4.9.3/armv7-m/crtbegin.o

.eh_frame_hdr
 *(.eh_frame_hdr)

.eh_frame       0x00000e60        0x4
 *(.eh_frame)
 .eh_frame      0x00000e60        0x0 c:/program files (x86)/cypress/psoc creator/4.0/psoc creator/import/gnu/arm/4.9.3/bin/../lib/gcc/arm-none-eabi/4.9.3/armv7-m/crtbegin.o
 .eh_frame      0x00000e60        0x4 c:/program files (x86)/cypress/psoc creator/4.0/psoc creator/import/gnu/arm/4.9.3/bin/../lib/gcc/arm-none-eabi/4.9.3/armv7-m/crtend.o
                0x00000e64                PROVIDE (__exidx_start, .)

.ARM.exidx
 *(.ARM.exidx* .gnu.linkonce.armexidx.*)
                0x00000e64                __exidx_end = .

.rodata         0x00000e64       0x74
 *(.rodata .rodata.* .gnu.linkonce.r.*)
 .rodata        0x00000e64       0x3c .\CortexM3\ARM_GCC_493\Debug\Controls.a(cyfitter_cfg.o)
                0x00000e64                Volume_ADC_AMux__addrTable
                0x00000e6c                Volume_ADC_AMux__maskTable
 .rodata.str1.1
                0x00000ea0        0x2 c:/program files (x86)/cypress/psoc creator/4.0/psoc creator/import/gnu/arm/4.9.3/bin/../lib/gcc/arm-none-eabi/4.9.3/../../../../arm-none-eabi/lib/armv7-m\libg_nano.a(lib_a-impure.o)
                0x00000ea4                . = ALIGN (0x4)
 *fill*         0x00000ea2        0x2 
 *(.init)
 .init          0x00000ea4        0x4 c:/program files (x86)/cypress/psoc creator/4.0/psoc creator/import/gnu/arm/4.9.3/bin/../lib/gcc/arm-none-eabi/4.9.3/armv7-m/crti.o
                0x00000ea4                _init
 .init          0x00000ea8        0x8 c:/program files (x86)/cypress/psoc creator/4.0/psoc creator/import/gnu/arm/4.9.3/bin/../lib/gcc/arm-none-eabi/4.9.3/armv7-m/crtn.o
                0x00000eb0                . = ALIGN (0x4)
                0x00000eb0                __preinit_array_start = .
 *(.preinit_array)
                0x00000eb0                __preinit_array_end = .
                0x00000eb0                . = ALIGN (0x4)
                0x00000eb0                __init_array_start = .
 *(SORT(.init_array.*))
 *(.init_array)
 .init_array    0x00000eb0        0x4 c:/program files (x86)/cypress/psoc creator/4.0/psoc creator/import/gnu/arm/4.9.3/bin/../lib/gcc/arm-none-eabi/4.9.3/armv7-m/crtbegin.o
 .init_array    0x00000eb4        0x4 .\CortexM3\ARM_GCC_493\Debug\Cm3Start.o
                0x00000eb8                __init_array_end = .
                0x00000eb8                . = ALIGN (0x4)
 *(.fini)
 .fini          0x00000eb8        0x4 c:/program files (x86)/cypress/psoc creator/4.0/psoc creator/import/gnu/arm/4.9.3/bin/../lib/gcc/arm-none-eabi/4.9.3/armv7-m/crti.o
                0x00000eb8                _fini
 .fini          0x00000ebc        0x8 c:/program files (x86)/cypress/psoc creator/4.0/psoc creator/import/gnu/arm/4.9.3/bin/../lib/gcc/arm-none-eabi/4.9.3/armv7-m/crtn.o
                0x00000ec4                . = ALIGN (0x4)
                0x00000ec4                __fini_array_start = .
 *(.fini_array)
 .fini_array    0x00000ec4        0x4 c:/program files (x86)/cypress/psoc creator/4.0/psoc creator/import/gnu/arm/4.9.3/bin/../lib/gcc/arm-none-eabi/4.9.3/armv7-m/crtbegin.o
 *(SORT(.fini_array.*))
                0x00000ec8                __fini_array_end = .
                0x00000ec8                . = ALIGN (0x4)
 *crtbegin.o(.ctors)
 *(EXCLUDE_FILE(*crtend.o) .ctors)
 *(SORT(.ctors.*))
 *crtend.o(.ctors)
                0x00000ec8                . = ALIGN (0x4)
 *crtbegin.o(.dtors)
 *(EXCLUDE_FILE(*crtend.o) .dtors)
 *(SORT(.dtors.*))
 *crtend.o(.dtors)
                0x00000ec8                . = ALIGN (0x4)
                0x00000ec8                __cy_regions = .
                0x00000ec8        0x4 LONG 0xed8 __cy_region_init_ram
                0x00000ecc        0x4 LONG 0x1fff8108 __cy_region_start_data
                0x00000ed0        0x4 LONG 0x80 __cy_region_init_size_ram
                0x00000ed4        0x4 LONG 0x20 __cy_region_zero_size_ram
                0x00000ed8                __cy_regions_end = .
                0x00000ed8                . = ALIGN (0x8)
                0x00000ed8                _etext = .

.cy_checksum_exclude
                0x00000ed8        0x0
 *(.cy_checksum_exclude)

.ramvectors     0x1fff8000      0x100
                0x1fff8000                __cy_region_start_ram = .
 *(.ramvectors)
 .ramvectors    0x1fff8000      0x100 .\CortexM3\ARM_GCC_493\Debug\Cm3Start.o
                0x1fff8000                CyRamVectors

.noinit         0x1fff8100        0x5
 *(.noinit)
 .noinit        0x1fff8100        0x4 .\CortexM3\ARM_GCC_493\Debug\Cm3Start.o
 .noinit        0x1fff8104        0x1 .\CortexM3\ARM_GCC_493\Debug\Controls.a(CyLib.o)
                0x1fff8104                CyResetStatus

.data           0x1fff8108       0x80 load address 0x00000ed8
                0x1fff8108                __cy_region_start_data = .
 *(.jcr)
 .jcr           0x1fff8108        0x0 c:/program files (x86)/cypress/psoc creator/4.0/psoc creator/import/gnu/arm/4.9.3/bin/../lib/gcc/arm-none-eabi/4.9.3/armv7-m/crtbegin.o
 .jcr           0x1fff8108        0x4 c:/program files (x86)/cypress/psoc creator/4.0/psoc creator/import/gnu/arm/4.9.3/bin/../lib/gcc/arm-none-eabi/4.9.3/armv7-m/crtend.o
 *(.got.plt)
 *(.got)
 *(.shdata)
 *(.data .data.* .gnu.linkonce.d.*)
 .data          0x1fff810c        0x1 .\CortexM3\ARM_GCC_493\Debug\main.o
                0x1fff810c                input
 *fill*         0x1fff810d        0x3 
 .data          0x1fff8110       0x10 .\CortexM3\ARM_GCC_493\Debug\Controls.a(CyLib.o)
                0x1fff8110                cydelay_32k_ms
                0x1fff8114                cydelay_freq_khz
                0x1fff8118                cydelay_freq_mhz
                0x1fff811c                cydelay_freq_hz
 .data.impure_data
                0x1fff8120       0x60 c:/program files (x86)/cypress/psoc creator/4.0/psoc creator/import/gnu/arm/4.9.3/bin/../lib/gcc/arm-none-eabi/4.9.3/../../../../arm-none-eabi/lib/armv7-m\libg_nano.a(lib_a-impure.o)
 .data._impure_ptr
                0x1fff8180        0x4 c:/program files (x86)/cypress/psoc creator/4.0/psoc creator/import/gnu/arm/4.9.3/bin/../lib/gcc/arm-none-eabi/4.9.3/../../../../arm-none-eabi/lib/armv7-m\libg_nano.a(lib_a-impure.o)
                0x1fff8180                _impure_ptr
                0x1fff8188                . = ALIGN (0x8)
 *fill*         0x1fff8184        0x4 
 *(.ram)
                0x1fff8188                _edata = .

.igot.plt       0x1fff8188        0x0 load address 0x00000f58
 .igot.plt      0x00000000        0x0 c:/program files (x86)/cypress/psoc creator/4.0/psoc creator/import/gnu/arm/4.9.3/bin/../lib/gcc/arm-none-eabi/4.9.3/armv7-m/crtbegin.o

.bss            0x1fff8188       0x20 load address 0x00000f58
                0x1fff8188                PROVIDE (__bss_start__, .)
 *(.shbss)
 *(.bss .bss.* .gnu.linkonce.b.*)
 .bss           0x1fff8188       0x1c c:/program files (x86)/cypress/psoc creator/4.0/psoc creator/import/gnu/arm/4.9.3/bin/../lib/gcc/arm-none-eabi/4.9.3/armv7-m/crtbegin.o
 .bss           0x1fff81a4        0x1 .\CortexM3\ARM_GCC_493\Debug\main.o
                0x1fff81a4                globalstate
 *(COMMON)
                0x1fff81a8                . = ALIGN (0x8)
 *fill*         0x1fff81a5        0x3 
 *(.ram.b)
                0x1fff81a8                _end = .
                0x1fff81a8                __end = .
                0x1fff81a8                PROVIDE (end, .)
                0x1fff81a8                PROVIDE (__bss_end__, .)
                0x00000ed8                __cy_region_init_ram = LOADADDR (.data)
                0x00000080                __cy_region_init_size_ram = (_edata - ADDR (.data))
                0x00000020                __cy_region_zero_size_ram = (_end - _edata)

.heap           0x1fff81a8       0x80 load address 0x00000f58
                0x1fff81a8                . = _end
                0x1fff8228                . = (. + 0x80)
 *fill*         0x1fff81a8       0x80 
                0x1fff8228                __cy_heap_limit = .

.stack          0x20007800      0x800
                0x20007800                __cy_stack_limit = .
                0x20008000                . = (. + 0x800)
 *fill*         0x20007800      0x800 
                0x00000001                ASSERT ((__cy_stack_limit >= __cy_heap_limit), region RAM overflowed with stack)
                0x00000000                cy_checksum_exclude_size = (CY_APPL_LOADABLE == 0x1)?SIZEOF (.cy_checksum_exclude):0x0
                0x00000001                ASSERT ((cy_checksum_exclude_size <= CY_CHECKSUM_EXCLUDE_SIZE), CY_BOOT: Section .cy_checksum_exclude size exceedes specified limit.)

.cyloadermeta
 *(.cyloadermeta)

.cyloadablemeta
 *(.cyloadablemeta)

.cyconfigecc    0x80000000      0x1b8
 *(.cyconfigecc)
 .cyconfigecc   0x80000000      0x1b8 .\CortexM3\ARM_GCC_493\Debug\cymetadata.o
                0x80000000                cy_meta_configecc

.cycustnvl      0x90000000        0x4
 *(.cycustnvl)
 .cycustnvl     0x90000000        0x4 .\CortexM3\ARM_GCC_493\Debug\cymetadata.o
                0x90000000                cy_meta_custnvl

.cywolatch      0x90100000        0x4
 *(.cywolatch)
 .cywolatch     0x90100000        0x4 .\CortexM3\ARM_GCC_493\Debug\cymetadata.o
                0x90100000                cy_meta_wonvl

.cyeeprom       0x90200000        0x0
 *(.cyeeprom)
                0x00000001                ASSERT ((. <= ((0x90200000 + ee_offset) + ee_size)), .cyeeprom data will not fit in EEPROM)

.cyflashprotect
                0x90400000      0x100
 *(.cyflashprotect)
 .cyflashprotect
                0x90400000      0x100 .\CortexM3\ARM_GCC_493\Debug\cymetadata.o
                0x90400000                cy_meta_flashprotect

.cymeta         0x90500000        0xc
 *(.cymeta)
 .cymeta        0x90500000        0xc .\CortexM3\ARM_GCC_493\Debug\cymetadata.o
                0x90500000                cy_metadata

.rel.dyn        0x00000f58        0x0 load address 0x9050000c
 .rel.iplt      0x00000000        0x0 c:/program files (x86)/cypress/psoc creator/4.0/psoc creator/import/gnu/arm/4.9.3/bin/../lib/gcc/arm-none-eabi/4.9.3/armv7-m/crtbegin.o

.stab
 *(.stab)

.stabstr
 *(.stabstr)

.debug
 *(.debug)

.line
 *(.line)

.debug_srcinfo
 *(.debug_srcinfo)

.debug_sfnames
 *(.debug_sfnames)

.debug_aranges  0x00000000      0xf88
 *(.debug_aranges)
 .debug_aranges
                0x00000000       0x78 .\CortexM3\ARM_GCC_493\Debug\main.o
 .debug_aranges
                0x00000078       0x18 .\CortexM3\ARM_GCC_493\Debug\cymetadata.o
 .debug_aranges
                0x00000090       0x48 .\CortexM3\ARM_GCC_493\Debug\Cm3Start.o
 .debug_aranges
                0x000000d8       0x68 .\CortexM3\ARM_GCC_493\Debug\Controls.a(cyfitter_cfg.o)
 .debug_aranges
                0x00000140       0x38 .\CortexM3\ARM_GCC_493\Debug\Controls.a(Enter_SW.o)
 .debug_aranges
                0x00000178       0x38 .\CortexM3\ARM_GCC_493\Debug\Controls.a(Power_LED.o)
 .debug_aranges
                0x000001b0       0x38 .\CortexM3\ARM_GCC_493\Debug\Controls.a(D3_LED.o)
 .debug_aranges
                0x000001e8       0x38 .\CortexM3\ARM_GCC_493\Debug\Controls.a(Power_SW.o)
 .debug_aranges
                0x00000220       0x38 .\CortexM3\ARM_GCC_493\Debug\Controls.a(Left_SW.o)
 .debug_aranges
                0x00000258       0x38 .\CortexM3\ARM_GCC_493\Debug\Controls.a(Right_SW.o)
 .debug_aranges
                0x00000290       0x38 .\CortexM3\ARM_GCC_493\Debug\Controls.a(Down_SW.o)
 .debug_aranges
                0x000002c8       0x38 .\CortexM3\ARM_GCC_493\Debug\Controls.a(D2_LED.o)
 .debug_aranges
                0x00000300       0x38 .\CortexM3\ARM_GCC_493\Debug\Controls.a(Up_SW.o)
 .debug_aranges
                0x00000338       0x38 .\CortexM3\ARM_GCC_493\Debug\Controls.a(Input_1_SW.o)
 .debug_aranges
                0x00000370       0x38 .\CortexM3\ARM_GCC_493\Debug\Controls.a(Input_2_SW.o)
 .debug_aranges
                0x000003a8       0x38 .\CortexM3\ARM_GCC_493\Debug\Controls.a(D1_LED.o)
 .debug_aranges
                0x000003e0       0x38 .\CortexM3\ARM_GCC_493\Debug\Controls.a(U1_LED.o)
 .debug_aranges
                0x00000418       0x38 .\CortexM3\ARM_GCC_493\Debug\Controls.a(U2_LED.o)
 .debug_aranges
                0x00000450       0x38 .\CortexM3\ARM_GCC_493\Debug\Controls.a(U3_LED.o)
 .debug_aranges
                0x00000488       0x38 .\CortexM3\ARM_GCC_493\Debug\Controls.a(U4_LED.o)
 .debug_aranges
                0x000004c0       0x38 .\CortexM3\ARM_GCC_493\Debug\Controls.a(U5_LED.o)
 .debug_aranges
                0x000004f8       0x38 .\CortexM3\ARM_GCC_493\Debug\Controls.a(U6_LED.o)
 .debug_aranges
                0x00000530       0x38 .\CortexM3\ARM_GCC_493\Debug\Controls.a(U7_LED.o)
 .debug_aranges
                0x00000568       0x38 .\CortexM3\ARM_GCC_493\Debug\Controls.a(U8_LED.o)
 .debug_aranges
                0x000005a0      0x2a0 .\CortexM3\ARM_GCC_493\Debug\Controls.a(CyLib.o)
 .debug_aranges
                0x00000840       0x98 .\CortexM3\ARM_GCC_493\Debug\Controls.a(cyPm.o)
 .debug_aranges
                0x000008d8       0x38 .\CortexM3\ARM_GCC_493\Debug\Controls.a(Mute_SW.o)
 .debug_aranges
                0x00000910       0x80 .\CortexM3\ARM_GCC_493\Debug\Controls.a(i_Up.o)
 .debug_aranges
                0x00000990       0x80 .\CortexM3\ARM_GCC_493\Debug\Controls.a(i_Left.o)
 .debug_aranges
                0x00000a10       0x80 .\CortexM3\ARM_GCC_493\Debug\Controls.a(i_Mute.o)
 .debug_aranges
                0x00000a90       0x80 .\CortexM3\ARM_GCC_493\Debug\Controls.a(i_Enter.o)
 .debug_aranges
                0x00000b10       0x80 .\CortexM3\ARM_GCC_493\Debug\Controls.a(i_Down.o)
 .debug_aranges
                0x00000b90       0x80 .\CortexM3\ARM_GCC_493\Debug\Controls.a(i_Right.o)
 .debug_aranges
                0x00000c10       0x80 .\CortexM3\ARM_GCC_493\Debug\Controls.a(i_Input_1.o)
 .debug_aranges
                0x00000c90       0x80 .\CortexM3\ARM_GCC_493\Debug\Controls.a(i_Power.o)
 .debug_aranges
                0x00000d10       0x80 .\CortexM3\ARM_GCC_493\Debug\Controls.a(i_Input_2.o)
 .debug_aranges
                0x00000d90       0x38 .\CortexM3\ARM_GCC_493\Debug\Controls.a(Input_Relais_0.o)
 .debug_aranges
                0x00000dc8       0x38 .\CortexM3\ARM_GCC_493\Debug\Controls.a(Input_Relais_1.o)
 .debug_aranges
                0x00000e00       0x38 .\CortexM3\ARM_GCC_493\Debug\Controls.a(Input_Relais_2.o)
 .debug_aranges
                0x00000e38       0x38 .\CortexM3\ARM_GCC_493\Debug\Controls.a(Input_Relais_3.o)
 .debug_aranges
                0x00000e70       0x20 .\CortexM3\ARM_GCC_493\Debug\Controls.a(CyBootAsmGnu.o)
 .debug_aranges
                0x00000e90       0x80 .\CortexM3\ARM_GCC_493\Debug\Controls.a(CyFlash.o)
 .debug_aranges
                0x00000f10       0x78 .\CortexM3\ARM_GCC_493\Debug\Controls.a(CySpc.o)

.debug_pubnames
 *(.debug_pubnames)

.debug_info     0x00000000     0x766a
 *(.debug_info .gnu.linkonce.wi.*)
 .debug_info    0x00000000      0xc00 .\CortexM3\ARM_GCC_493\Debug\main.o
 .debug_info    0x00000c00      0x13b .\CortexM3\ARM_GCC_493\Debug\cymetadata.o
 .debug_info    0x00000d3b      0x3b3 .\CortexM3\ARM_GCC_493\Debug\Cm3Start.o
 .debug_info    0x000010ee      0x6d8 .\CortexM3\ARM_GCC_493\Debug\Controls.a(cyfitter_cfg.o)
 .debug_info    0x000017c6      0x11f .\CortexM3\ARM_GCC_493\Debug\Controls.a(Enter_SW.o)
 .debug_info    0x000018e5      0x11f .\CortexM3\ARM_GCC_493\Debug\Controls.a(Power_LED.o)
 .debug_info    0x00001a04      0x11f .\CortexM3\ARM_GCC_493\Debug\Controls.a(D3_LED.o)
 .debug_info    0x00001b23      0x11f .\CortexM3\ARM_GCC_493\Debug\Controls.a(Power_SW.o)
 .debug_info    0x00001c42      0x11f .\CortexM3\ARM_GCC_493\Debug\Controls.a(Left_SW.o)
 .debug_info    0x00001d61      0x11f .\CortexM3\ARM_GCC_493\Debug\Controls.a(Right_SW.o)
 .debug_info    0x00001e80      0x121 .\CortexM3\ARM_GCC_493\Debug\Controls.a(Down_SW.o)
 .debug_info    0x00001fa1      0x11f .\CortexM3\ARM_GCC_493\Debug\Controls.a(D2_LED.o)
 .debug_info    0x000020c0      0x11f .\CortexM3\ARM_GCC_493\Debug\Controls.a(Up_SW.o)
 .debug_info    0x000021df      0x11f .\CortexM3\ARM_GCC_493\Debug\Controls.a(Input_1_SW.o)
 .debug_info    0x000022fe      0x11f .\CortexM3\ARM_GCC_493\Debug\Controls.a(Input_2_SW.o)
 .debug_info    0x0000241d      0x11f .\CortexM3\ARM_GCC_493\Debug\Controls.a(D1_LED.o)
 .debug_info    0x0000253c      0x11f .\CortexM3\ARM_GCC_493\Debug\Controls.a(U1_LED.o)
 .debug_info    0x0000265b      0x11f .\CortexM3\ARM_GCC_493\Debug\Controls.a(U2_LED.o)
 .debug_info    0x0000277a      0x121 .\CortexM3\ARM_GCC_493\Debug\Controls.a(U3_LED.o)
 .debug_info    0x0000289b      0x11f .\CortexM3\ARM_GCC_493\Debug\Controls.a(U4_LED.o)
 .debug_info    0x000029ba      0x11f .\CortexM3\ARM_GCC_493\Debug\Controls.a(U5_LED.o)
 .debug_info    0x00002ad9      0x11f .\CortexM3\ARM_GCC_493\Debug\Controls.a(U6_LED.o)
 .debug_info    0x00002bf8      0x11f .\CortexM3\ARM_GCC_493\Debug\Controls.a(U7_LED.o)
 .debug_info    0x00002d17      0x11f .\CortexM3\ARM_GCC_493\Debug\Controls.a(U8_LED.o)
 .debug_info    0x00002e36     0x1385 .\CortexM3\ARM_GCC_493\Debug\Controls.a(CyLib.o)
 .debug_info    0x000041bb      0xa57 .\CortexM3\ARM_GCC_493\Debug\Controls.a(cyPm.o)
 .debug_info    0x00004c12      0x11f .\CortexM3\ARM_GCC_493\Debug\Controls.a(Mute_SW.o)
 .debug_info    0x00004d31      0x2cb .\CortexM3\ARM_GCC_493\Debug\Controls.a(i_Up.o)
 .debug_info    0x00004ffc      0x2cb .\CortexM3\ARM_GCC_493\Debug\Controls.a(i_Left.o)
 .debug_info    0x000052c7      0x2cb .\CortexM3\ARM_GCC_493\Debug\Controls.a(i_Mute.o)
 .debug_info    0x00005592      0x2cb .\CortexM3\ARM_GCC_493\Debug\Controls.a(i_Enter.o)
 .debug_info    0x0000585d      0x2cb .\CortexM3\ARM_GCC_493\Debug\Controls.a(i_Down.o)
 .debug_info    0x00005b28      0x2cb .\CortexM3\ARM_GCC_493\Debug\Controls.a(i_Right.o)
 .debug_info    0x00005df3      0x2cb .\CortexM3\ARM_GCC_493\Debug\Controls.a(i_Input_1.o)
 .debug_info    0x000060be      0x2cb .\CortexM3\ARM_GCC_493\Debug\Controls.a(i_Power.o)
 .debug_info    0x00006389      0x2cb .\CortexM3\ARM_GCC_493\Debug\Controls.a(i_Input_2.o)
 .debug_info    0x00006654      0x121 .\CortexM3\ARM_GCC_493\Debug\Controls.a(Input_Relais_0.o)
 .debug_info    0x00006775      0x11f .\CortexM3\ARM_GCC_493\Debug\Controls.a(Input_Relais_1.o)
 .debug_info    0x00006894      0x11f .\CortexM3\ARM_GCC_493\Debug\Controls.a(Input_Relais_2.o)
 .debug_info    0x000069b3      0x11f .\CortexM3\ARM_GCC_493\Debug\Controls.a(Input_Relais_3.o)
 .debug_info    0x00006ad2       0xa6 .\CortexM3\ARM_GCC_493\Debug\Controls.a(CyBootAsmGnu.o)
 .debug_info    0x00006b78      0x608 .\CortexM3\ARM_GCC_493\Debug\Controls.a(CyFlash.o)
 .debug_info    0x00007180      0x4ea .\CortexM3\ARM_GCC_493\Debug\Controls.a(CySpc.o)

.debug_abbrev   0x00000000     0x293f
 *(.debug_abbrev)
 .debug_abbrev  0x00000000      0x163 .\CortexM3\ARM_GCC_493\Debug\main.o
 .debug_abbrev  0x00000163       0x66 .\CortexM3\ARM_GCC_493\Debug\cymetadata.o
 .debug_abbrev  0x000001c9      0x1f7 .\CortexM3\ARM_GCC_493\Debug\Cm3Start.o
 .debug_abbrev  0x000003c0      0x21f .\CortexM3\ARM_GCC_493\Debug\Controls.a(cyfitter_cfg.o)
 .debug_abbrev  0x000005df       0x90 .\CortexM3\ARM_GCC_493\Debug\Controls.a(Enter_SW.o)
 .debug_abbrev  0x0000066f       0x90 .\CortexM3\ARM_GCC_493\Debug\Controls.a(Power_LED.o)
 .debug_abbrev  0x000006ff       0x90 .\CortexM3\ARM_GCC_493\Debug\Controls.a(D3_LED.o)
 .debug_abbrev  0x0000078f       0x90 .\CortexM3\ARM_GCC_493\Debug\Controls.a(Power_SW.o)
 .debug_abbrev  0x0000081f       0x90 .\CortexM3\ARM_GCC_493\Debug\Controls.a(Left_SW.o)
 .debug_abbrev  0x000008af       0x90 .\CortexM3\ARM_GCC_493\Debug\Controls.a(Right_SW.o)
 .debug_abbrev  0x0000093f       0x90 .\CortexM3\ARM_GCC_493\Debug\Controls.a(Down_SW.o)
 .debug_abbrev  0x000009cf       0x90 .\CortexM3\ARM_GCC_493\Debug\Controls.a(D2_LED.o)
 .debug_abbrev  0x00000a5f       0x90 .\CortexM3\ARM_GCC_493\Debug\Controls.a(Up_SW.o)
 .debug_abbrev  0x00000aef       0x90 .\CortexM3\ARM_GCC_493\Debug\Controls.a(Input_1_SW.o)
 .debug_abbrev  0x00000b7f       0x90 .\CortexM3\ARM_GCC_493\Debug\Controls.a(Input_2_SW.o)
 .debug_abbrev  0x00000c0f       0x90 .\CortexM3\ARM_GCC_493\Debug\Controls.a(D1_LED.o)
 .debug_abbrev  0x00000c9f       0x90 .\CortexM3\ARM_GCC_493\Debug\Controls.a(U1_LED.o)
 .debug_abbrev  0x00000d2f       0x90 .\CortexM3\ARM_GCC_493\Debug\Controls.a(U2_LED.o)
 .debug_abbrev  0x00000dbf       0x90 .\CortexM3\ARM_GCC_493\Debug\Controls.a(U3_LED.o)
 .debug_abbrev  0x00000e4f       0x90 .\CortexM3\ARM_GCC_493\Debug\Controls.a(U4_LED.o)
 .debug_abbrev  0x00000edf       0x90 .\CortexM3\ARM_GCC_493\Debug\Controls.a(U5_LED.o)
 .debug_abbrev  0x00000f6f       0x90 .\CortexM3\ARM_GCC_493\Debug\Controls.a(U6_LED.o)
 .debug_abbrev  0x00000fff       0x90 .\CortexM3\ARM_GCC_493\Debug\Controls.a(U7_LED.o)
 .debug_abbrev  0x0000108f       0x90 .\CortexM3\ARM_GCC_493\Debug\Controls.a(U8_LED.o)
 .debug_abbrev  0x0000111f      0x296 .\CortexM3\ARM_GCC_493\Debug\Controls.a(CyLib.o)
 .debug_abbrev  0x000013b5      0x1ed .\CortexM3\ARM_GCC_493\Debug\Controls.a(cyPm.o)
 .debug_abbrev  0x000015a2       0x90 .\CortexM3\ARM_GCC_493\Debug\Controls.a(Mute_SW.o)
 .debug_abbrev  0x00001632      0x173 .\CortexM3\ARM_GCC_493\Debug\Controls.a(i_Up.o)
 .debug_abbrev  0x000017a5      0x173 .\CortexM3\ARM_GCC_493\Debug\Controls.a(i_Left.o)
 .debug_abbrev  0x00001918      0x173 .\CortexM3\ARM_GCC_493\Debug\Controls.a(i_Mute.o)
 .debug_abbrev  0x00001a8b      0x173 .\CortexM3\ARM_GCC_493\Debug\Controls.a(i_Enter.o)
 .debug_abbrev  0x00001bfe      0x173 .\CortexM3\ARM_GCC_493\Debug\Controls.a(i_Down.o)
 .debug_abbrev  0x00001d71      0x173 .\CortexM3\ARM_GCC_493\Debug\Controls.a(i_Right.o)
 .debug_abbrev  0x00001ee4      0x173 .\CortexM3\ARM_GCC_493\Debug\Controls.a(i_Input_1.o)
 .debug_abbrev  0x00002057      0x173 .\CortexM3\ARM_GCC_493\Debug\Controls.a(i_Power.o)
 .debug_abbrev  0x000021ca      0x173 .\CortexM3\ARM_GCC_493\Debug\Controls.a(i_Input_2.o)
 .debug_abbrev  0x0000233d       0x90 .\CortexM3\ARM_GCC_493\Debug\Controls.a(Input_Relais_0.o)
 .debug_abbrev  0x000023cd       0x90 .\CortexM3\ARM_GCC_493\Debug\Controls.a(Input_Relais_1.o)
 .debug_abbrev  0x0000245d       0x90 .\CortexM3\ARM_GCC_493\Debug\Controls.a(Input_Relais_2.o)
 .debug_abbrev  0x000024ed       0x90 .\CortexM3\ARM_GCC_493\Debug\Controls.a(Input_Relais_3.o)
 .debug_abbrev  0x0000257d       0x14 .\CortexM3\ARM_GCC_493\Debug\Controls.a(CyBootAsmGnu.o)
 .debug_abbrev  0x00002591      0x1ed .\CortexM3\ARM_GCC_493\Debug\Controls.a(CyFlash.o)
 .debug_abbrev  0x0000277e      0x1c1 .\CortexM3\ARM_GCC_493\Debug\Controls.a(CySpc.o)

.debug_line     0x00000000     0x32bc
 *(.debug_line)
 .debug_line    0x00000000      0x490 .\CortexM3\ARM_GCC_493\Debug\main.o
 .debug_line    0x00000490       0x51 .\CortexM3\ARM_GCC_493\Debug\cymetadata.o
 .debug_line    0x000004e1      0x24f .\CortexM3\ARM_GCC_493\Debug\Cm3Start.o
 .debug_line    0x00000730      0x226 .\CortexM3\ARM_GCC_493\Debug\Controls.a(cyfitter_cfg.o)
 .debug_line    0x00000956       0x95 .\CortexM3\ARM_GCC_493\Debug\Controls.a(Enter_SW.o)
 .debug_line    0x000009eb       0x96 .\CortexM3\ARM_GCC_493\Debug\Controls.a(Power_LED.o)
 .debug_line    0x00000a81       0x93 .\CortexM3\ARM_GCC_493\Debug\Controls.a(D3_LED.o)
 .debug_line    0x00000b14       0x95 .\CortexM3\ARM_GCC_493\Debug\Controls.a(Power_SW.o)
 .debug_line    0x00000ba9       0x94 .\CortexM3\ARM_GCC_493\Debug\Controls.a(Left_SW.o)
 .debug_line    0x00000c3d       0x95 .\CortexM3\ARM_GCC_493\Debug\Controls.a(Right_SW.o)
 .debug_line    0x00000cd2       0x94 .\CortexM3\ARM_GCC_493\Debug\Controls.a(Down_SW.o)
 .debug_line    0x00000d66       0x93 .\CortexM3\ARM_GCC_493\Debug\Controls.a(D2_LED.o)
 .debug_line    0x00000df9       0x92 .\CortexM3\ARM_GCC_493\Debug\Controls.a(Up_SW.o)
 .debug_line    0x00000e8b       0x97 .\CortexM3\ARM_GCC_493\Debug\Controls.a(Input_1_SW.o)
 .debug_line    0x00000f22       0x97 .\CortexM3\ARM_GCC_493\Debug\Controls.a(Input_2_SW.o)
 .debug_line    0x00000fb9       0x93 .\CortexM3\ARM_GCC_493\Debug\Controls.a(D1_LED.o)
 .debug_line    0x0000104c       0x93 .\CortexM3\ARM_GCC_493\Debug\Controls.a(U1_LED.o)
 .debug_line    0x000010df       0x93 .\CortexM3\ARM_GCC_493\Debug\Controls.a(U2_LED.o)
 .debug_line    0x00001172       0x93 .\CortexM3\ARM_GCC_493\Debug\Controls.a(U3_LED.o)
 .debug_line    0x00001205       0x93 .\CortexM3\ARM_GCC_493\Debug\Controls.a(U4_LED.o)
 .debug_line    0x00001298       0x93 .\CortexM3\ARM_GCC_493\Debug\Controls.a(U5_LED.o)
 .debug_line    0x0000132b       0x93 .\CortexM3\ARM_GCC_493\Debug\Controls.a(U6_LED.o)
 .debug_line    0x000013be       0x93 .\CortexM3\ARM_GCC_493\Debug\Controls.a(U7_LED.o)
 .debug_line    0x00001451       0x93 .\CortexM3\ARM_GCC_493\Debug\Controls.a(U8_LED.o)
 .debug_line    0x000014e4      0x816 .\CortexM3\ARM_GCC_493\Debug\Controls.a(CyLib.o)
 .debug_line    0x00001cfa      0x364 .\CortexM3\ARM_GCC_493\Debug\Controls.a(cyPm.o)
 .debug_line    0x0000205e       0x94 .\CortexM3\ARM_GCC_493\Debug\Controls.a(Mute_SW.o)
 .debug_line    0x000020f2      0x131 .\CortexM3\ARM_GCC_493\Debug\Controls.a(i_Up.o)
 .debug_line    0x00002223      0x133 .\CortexM3\ARM_GCC_493\Debug\Controls.a(i_Left.o)
 .debug_line    0x00002356      0x133 .\CortexM3\ARM_GCC_493\Debug\Controls.a(i_Mute.o)
 .debug_line    0x00002489      0x134 .\CortexM3\ARM_GCC_493\Debug\Controls.a(i_Enter.o)
 .debug_line    0x000025bd      0x133 .\CortexM3\ARM_GCC_493\Debug\Controls.a(i_Down.o)
 .debug_line    0x000026f0      0x134 .\CortexM3\ARM_GCC_493\Debug\Controls.a(i_Right.o)
 .debug_line    0x00002824      0x136 .\CortexM3\ARM_GCC_493\Debug\Controls.a(i_Input_1.o)
 .debug_line    0x0000295a      0x134 .\CortexM3\ARM_GCC_493\Debug\Controls.a(i_Power.o)
 .debug_line    0x00002a8e      0x136 .\CortexM3\ARM_GCC_493\Debug\Controls.a(i_Input_2.o)
 .debug_line    0x00002bc4       0x9b .\CortexM3\ARM_GCC_493\Debug\Controls.a(Input_Relais_0.o)
 .debug_line    0x00002c5f       0x9b .\CortexM3\ARM_GCC_493\Debug\Controls.a(Input_Relais_1.o)
 .debug_line    0x00002cfa       0x9b .\CortexM3\ARM_GCC_493\Debug\Controls.a(Input_Relais_2.o)
 .debug_line    0x00002d95       0x9b .\CortexM3\ARM_GCC_493\Debug\Controls.a(Input_Relais_3.o)
 .debug_line    0x00002e30       0x66 .\CortexM3\ARM_GCC_493\Debug\Controls.a(CyBootAsmGnu.o)
 .debug_line    0x00002e96      0x1ea .\CortexM3\ARM_GCC_493\Debug\Controls.a(CyFlash.o)
 .debug_line    0x00003080      0x23c .\CortexM3\ARM_GCC_493\Debug\Controls.a(CySpc.o)

.debug_frame    0x00000000     0x20d4
 *(.debug_frame)
 .debug_frame   0x00000000      0x164 .\CortexM3\ARM_GCC_493\Debug\main.o
 .debug_frame   0x00000164       0xb8 .\CortexM3\ARM_GCC_493\Debug\Cm3Start.o
 .debug_frame   0x0000021c      0x104 .\CortexM3\ARM_GCC_493\Debug\Controls.a(cyfitter_cfg.o)
 .debug_frame   0x00000320       0x50 .\CortexM3\ARM_GCC_493\Debug\Controls.a(Enter_SW.o)
 .debug_frame   0x00000370       0x50 .\CortexM3\ARM_GCC_493\Debug\Controls.a(Power_LED.o)
 .debug_frame   0x000003c0       0x50 .\CortexM3\ARM_GCC_493\Debug\Controls.a(D3_LED.o)
 .debug_frame   0x00000410       0x50 .\CortexM3\ARM_GCC_493\Debug\Controls.a(Power_SW.o)
 .debug_frame   0x00000460       0x50 .\CortexM3\ARM_GCC_493\Debug\Controls.a(Left_SW.o)
 .debug_frame   0x000004b0       0x50 .\CortexM3\ARM_GCC_493\Debug\Controls.a(Right_SW.o)
 .debug_frame   0x00000500       0x50 .\CortexM3\ARM_GCC_493\Debug\Controls.a(Down_SW.o)
 .debug_frame   0x00000550       0x50 .\CortexM3\ARM_GCC_493\Debug\Controls.a(D2_LED.o)
 .debug_frame   0x000005a0       0x50 .\CortexM3\ARM_GCC_493\Debug\Controls.a(Up_SW.o)
 .debug_frame   0x000005f0       0x50 .\CortexM3\ARM_GCC_493\Debug\Controls.a(Input_1_SW.o)
 .debug_frame   0x00000640       0x50 .\CortexM3\ARM_GCC_493\Debug\Controls.a(Input_2_SW.o)
 .debug_frame   0x00000690       0x50 .\CortexM3\ARM_GCC_493\Debug\Controls.a(D1_LED.o)
 .debug_frame   0x000006e0       0x50 .\CortexM3\ARM_GCC_493\Debug\Controls.a(U1_LED.o)
 .debug_frame   0x00000730       0x50 .\CortexM3\ARM_GCC_493\Debug\Controls.a(U2_LED.o)
 .debug_frame   0x00000780       0x50 .\CortexM3\ARM_GCC_493\Debug\Controls.a(U3_LED.o)
 .debug_frame   0x000007d0       0x50 .\CortexM3\ARM_GCC_493\Debug\Controls.a(U4_LED.o)
 .debug_frame   0x00000820       0x50 .\CortexM3\ARM_GCC_493\Debug\Controls.a(U5_LED.o)
 .debug_frame   0x00000870       0x50 .\CortexM3\ARM_GCC_493\Debug\Controls.a(U6_LED.o)
 .debug_frame   0x000008c0       0x50 .\CortexM3\ARM_GCC_493\Debug\Controls.a(U7_LED.o)
 .debug_frame   0x00000910       0x50 .\CortexM3\ARM_GCC_493\Debug\Controls.a(U8_LED.o)
 .debug_frame   0x00000960      0x738 .\CortexM3\ARM_GCC_493\Debug\Controls.a(CyLib.o)
 .debug_frame   0x00001098      0x1f8 .\CortexM3\ARM_GCC_493\Debug\Controls.a(cyPm.o)
 .debug_frame   0x00001290       0x50 .\CortexM3\ARM_GCC_493\Debug\Controls.a(Mute_SW.o)
 .debug_frame   0x000012e0      0x104 .\CortexM3\ARM_GCC_493\Debug\Controls.a(i_Up.o)
 .debug_frame   0x000013e4      0x104 .\CortexM3\ARM_GCC_493\Debug\Controls.a(i_Left.o)
 .debug_frame   0x000014e8      0x104 .\CortexM3\ARM_GCC_493\Debug\Controls.a(i_Mute.o)
 .debug_frame   0x000015ec      0x104 .\CortexM3\ARM_GCC_493\Debug\Controls.a(i_Enter.o)
 .debug_frame   0x000016f0      0x104 .\CortexM3\ARM_GCC_493\Debug\Controls.a(i_Down.o)
 .debug_frame   0x000017f4      0x104 .\CortexM3\ARM_GCC_493\Debug\Controls.a(i_Right.o)
 .debug_frame   0x000018f8      0x104 .\CortexM3\ARM_GCC_493\Debug\Controls.a(i_Input_1.o)
 .debug_frame   0x000019fc      0x104 .\CortexM3\ARM_GCC_493\Debug\Controls.a(i_Power.o)
 .debug_frame   0x00001b00      0x104 .\CortexM3\ARM_GCC_493\Debug\Controls.a(i_Input_2.o)
 .debug_frame   0x00001c04       0x50 .\CortexM3\ARM_GCC_493\Debug\Controls.a(Input_Relais_0.o)
 .debug_frame   0x00001c54       0x50 .\CortexM3\ARM_GCC_493\Debug\Controls.a(Input_Relais_1.o)
 .debug_frame   0x00001ca4       0x50 .\CortexM3\ARM_GCC_493\Debug\Controls.a(Input_Relais_2.o)
 .debug_frame   0x00001cf4       0x50 .\CortexM3\ARM_GCC_493\Debug\Controls.a(Input_Relais_3.o)
 .debug_frame   0x00001d44      0x174 .\CortexM3\ARM_GCC_493\Debug\Controls.a(CyFlash.o)
 .debug_frame   0x00001eb8      0x160 .\CortexM3\ARM_GCC_493\Debug\Controls.a(CySpc.o)
 .debug_frame   0x00002018       0x20 c:/program files (x86)/cypress/psoc creator/4.0/psoc creator/import/gnu/arm/4.9.3/bin/../lib/gcc/arm-none-eabi/4.9.3/../../../../arm-none-eabi/lib/armv7-m\libg_nano.a(lib_a-errno.o)
 .debug_frame   0x00002038       0x28 c:/program files (x86)/cypress/psoc creator/4.0/psoc creator/import/gnu/arm/4.9.3/bin/../lib/gcc/arm-none-eabi/4.9.3/../../../../arm-none-eabi/lib/armv7-m\libg_nano.a(lib_a-exit.o)
 .debug_frame   0x00002060       0x2c c:/program files (x86)/cypress/psoc creator/4.0/psoc creator/import/gnu/arm/4.9.3/bin/../lib/gcc/arm-none-eabi/4.9.3/../../../../arm-none-eabi/lib/armv7-m\libg_nano.a(lib_a-init.o)
 .debug_frame   0x0000208c       0x28 c:/program files (x86)/cypress/psoc creator/4.0/psoc creator/import/gnu/arm/4.9.3/bin/../lib/gcc/arm-none-eabi/4.9.3/../../../../arm-none-eabi/lib/armv7-m\libg_nano.a(lib_a-memcpy.o)
 .debug_frame   0x000020b4       0x20 c:/program files (x86)/cypress/psoc creator/4.0/psoc creator/import/gnu/arm/4.9.3/bin/../lib/gcc/arm-none-eabi/4.9.3/../../../../arm-none-eabi/lib/armv7-m\libg_nano.a(lib_a-memset.o)

.debug_str      0x00000000     0x273c
 *(.debug_str)
 .debug_str     0x00000000      0x5f9 .\CortexM3\ARM_GCC_493\Debug\main.o
                                0x640 (size before relaxing)
 .debug_str     0x000005f9       0x75 .\CortexM3\ARM_GCC_493\Debug\cymetadata.o
                                0x200 (size before relaxing)
 .debug_str     0x0000066e      0x150 .\CortexM3\ARM_GCC_493\Debug\Cm3Start.o
                                0x314 (size before relaxing)
 .debug_str     0x000007be      0x1f8 .\CortexM3\ARM_GCC_493\Debug\Controls.a(cyfitter_cfg.o)
                                0x3b6 (size before relaxing)
 .debug_str     0x000009b6       0x6c .\CortexM3\ARM_GCC_493\Debug\Controls.a(Enter_SW.o)
                                0x207 (size before relaxing)
 .debug_str     0x00000a22       0x50 .\CortexM3\ARM_GCC_493\Debug\Controls.a(Power_LED.o)
                                0x20c (size before relaxing)
 .debug_str     0x00000a72       0x53 .\CortexM3\ARM_GCC_493\Debug\Controls.a(D3_LED.o)
                                0x1fd (size before relaxing)
 .debug_str     0x00000ac5       0x5c .\CortexM3\ARM_GCC_493\Debug\Controls.a(Power_SW.o)
                                0x207 (size before relaxing)
 .debug_str     0x00000b21       0x58 .\CortexM3\ARM_GCC_493\Debug\Controls.a(Left_SW.o)
                                0x202 (size before relaxing)
 .debug_str     0x00000b79       0x5c .\CortexM3\ARM_GCC_493\Debug\Controls.a(Right_SW.o)
                                0x207 (size before relaxing)
 .debug_str     0x00000bd5       0x58 .\CortexM3\ARM_GCC_493\Debug\Controls.a(Down_SW.o)
                                0x202 (size before relaxing)
 .debug_str     0x00000c2d       0x53 .\CortexM3\ARM_GCC_493\Debug\Controls.a(D2_LED.o)
                                0x1fd (size before relaxing)
 .debug_str     0x00000c80       0x50 .\CortexM3\ARM_GCC_493\Debug\Controls.a(Up_SW.o)
                                0x1f8 (size before relaxing)
 .debug_str     0x00000cd0       0x64 .\CortexM3\ARM_GCC_493\Debug\Controls.a(Input_1_SW.o)
                                0x211 (size before relaxing)
 .debug_str     0x00000d34       0x64 .\CortexM3\ARM_GCC_493\Debug\Controls.a(Input_2_SW.o)
                                0x211 (size before relaxing)
 .debug_str     0x00000d98       0x47 .\CortexM3\ARM_GCC_493\Debug\Controls.a(D1_LED.o)
                                0x1fd (size before relaxing)
 .debug_str     0x00000ddf       0x53 .\CortexM3\ARM_GCC_493\Debug\Controls.a(U1_LED.o)
                                0x1fd (size before relaxing)
 .debug_str     0x00000e32       0x53 .\CortexM3\ARM_GCC_493\Debug\Controls.a(U2_LED.o)
                                0x1fd (size before relaxing)
 .debug_str     0x00000e85       0x53 .\CortexM3\ARM_GCC_493\Debug\Controls.a(U3_LED.o)
                                0x1fd (size before relaxing)
 .debug_str     0x00000ed8       0x47 .\CortexM3\ARM_GCC_493\Debug\Controls.a(U4_LED.o)
                                0x1fd (size before relaxing)
 .debug_str     0x00000f1f       0x47 .\CortexM3\ARM_GCC_493\Debug\Controls.a(U5_LED.o)
                                0x1fd (size before relaxing)
 .debug_str     0x00000f66       0x47 .\CortexM3\ARM_GCC_493\Debug\Controls.a(U6_LED.o)
                                0x1fd (size before relaxing)
 .debug_str     0x00000fad       0x47 .\CortexM3\ARM_GCC_493\Debug\Controls.a(U7_LED.o)
                                0x1fd (size before relaxing)
 .debug_str     0x00000ff4       0x47 .\CortexM3\ARM_GCC_493\Debug\Controls.a(U8_LED.o)
                                0x1fd (size before relaxing)
 .debug_str     0x0000103b      0x841 .\CortexM3\ARM_GCC_493\Debug\Controls.a(CyLib.o)
                                0xa51 (size before relaxing)
 .debug_str     0x0000187c      0x359 .\CortexM3\ARM_GCC_493\Debug\Controls.a(cyPm.o)
                                0x731 (size before relaxing)
 .debug_str     0x00001bd5       0x58 .\CortexM3\ARM_GCC_493\Debug\Controls.a(Mute_SW.o)
                                0x202 (size before relaxing)
 .debug_str     0x00001c2d       0xa8 .\CortexM3\ARM_GCC_493\Debug\Controls.a(i_Up.o)
                                0x2a2 (size before relaxing)
 .debug_str     0x00001cd5       0xbe .\CortexM3\ARM_GCC_493\Debug\Controls.a(i_Left.o)
                                0x2be (size before relaxing)
 .debug_str     0x00001d93       0xbe .\CortexM3\ARM_GCC_493\Debug\Controls.a(i_Mute.o)
                                0x2be (size before relaxing)
 .debug_str     0x00001e51       0xc9 .\CortexM3\ARM_GCC_493\Debug\Controls.a(i_Enter.o)
                                0x2cc (size before relaxing)
 .debug_str     0x00001f1a       0xbe .\CortexM3\ARM_GCC_493\Debug\Controls.a(i_Down.o)
                                0x2be (size before relaxing)
 .debug_str     0x00001fd8       0xc9 .\CortexM3\ARM_GCC_493\Debug\Controls.a(i_Right.o)
                                0x2cc (size before relaxing)
 .debug_str     0x000020a1       0xdf .\CortexM3\ARM_GCC_493\Debug\Controls.a(i_Input_1.o)
                                0x2e8 (size before relaxing)
 .debug_str     0x00002180       0xc9 .\CortexM3\ARM_GCC_493\Debug\Controls.a(i_Power.o)
                                0x2cc (size before relaxing)
 .debug_str     0x00002249       0xdf .\CortexM3\ARM_GCC_493\Debug\Controls.a(i_Input_2.o)
                                0x2e8 (size before relaxing)
 .debug_str     0x00002328       0x73 .\CortexM3\ARM_GCC_493\Debug\Controls.a(Input_Relais_0.o)
                                0x225 (size before relaxing)
 .debug_str     0x0000239b       0x73 .\CortexM3\ARM_GCC_493\Debug\Controls.a(Input_Relais_1.o)
                                0x225 (size before relaxing)
 .debug_str     0x0000240e       0x73 .\CortexM3\ARM_GCC_493\Debug\Controls.a(Input_Relais_2.o)
                                0x225 (size before relaxing)
 .debug_str     0x00002481       0x73 .\CortexM3\ARM_GCC_493\Debug\Controls.a(Input_Relais_3.o)
                                0x225 (size before relaxing)
 .debug_str     0x000024f4      0x19c .\CortexM3\ARM_GCC_493\Debug\Controls.a(CyFlash.o)
                                0x3ab (size before relaxing)
 .debug_str     0x00002690       0xac .\CortexM3\ARM_GCC_493\Debug\Controls.a(CySpc.o)
                                0x334 (size before relaxing)

.debug_loc      0x00000000     0x230c
 *(.debug_loc)
 .debug_loc     0x00000000       0x3a .\CortexM3\ARM_GCC_493\Debug\main.o
 .debug_loc     0x0000003a      0x144 .\CortexM3\ARM_GCC_493\Debug\Cm3Start.o
 .debug_loc     0x0000017e      0x29b .\CortexM3\ARM_GCC_493\Debug\Controls.a(cyfitter_cfg.o)
 .debug_loc     0x00000419       0x42 .\CortexM3\ARM_GCC_493\Debug\Controls.a(Enter_SW.o)
 .debug_loc     0x0000045b       0x42 .\CortexM3\ARM_GCC_493\Debug\Controls.a(Power_LED.o)
 .debug_loc     0x0000049d       0x42 .\CortexM3\ARM_GCC_493\Debug\Controls.a(D3_LED.o)
 .debug_loc     0x000004df       0x42 .\CortexM3\ARM_GCC_493\Debug\Controls.a(Power_SW.o)
 .debug_loc     0x00000521       0x42 .\CortexM3\ARM_GCC_493\Debug\Controls.a(Left_SW.o)
 .debug_loc     0x00000563       0x42 .\CortexM3\ARM_GCC_493\Debug\Controls.a(Right_SW.o)
 .debug_loc     0x000005a5       0x55 .\CortexM3\ARM_GCC_493\Debug\Controls.a(Down_SW.o)
 .debug_loc     0x000005fa       0x42 .\CortexM3\ARM_GCC_493\Debug\Controls.a(D2_LED.o)
 .debug_loc     0x0000063c       0x42 .\CortexM3\ARM_GCC_493\Debug\Controls.a(Up_SW.o)
 .debug_loc     0x0000067e       0x42 .\CortexM3\ARM_GCC_493\Debug\Controls.a(Input_1_SW.o)
 .debug_loc     0x000006c0       0x42 .\CortexM3\ARM_GCC_493\Debug\Controls.a(Input_2_SW.o)
 .debug_loc     0x00000702       0x42 .\CortexM3\ARM_GCC_493\Debug\Controls.a(D1_LED.o)
 .debug_loc     0x00000744       0x42 .\CortexM3\ARM_GCC_493\Debug\Controls.a(U1_LED.o)
 .debug_loc     0x00000786       0x42 .\CortexM3\ARM_GCC_493\Debug\Controls.a(U2_LED.o)
 .debug_loc     0x000007c8       0x55 .\CortexM3\ARM_GCC_493\Debug\Controls.a(U3_LED.o)
 .debug_loc     0x0000081d       0x42 .\CortexM3\ARM_GCC_493\Debug\Controls.a(U4_LED.o)
 .debug_loc     0x0000085f       0x42 .\CortexM3\ARM_GCC_493\Debug\Controls.a(U5_LED.o)
 .debug_loc     0x000008a1       0x42 .\CortexM3\ARM_GCC_493\Debug\Controls.a(U6_LED.o)
 .debug_loc     0x000008e3       0x42 .\CortexM3\ARM_GCC_493\Debug\Controls.a(U7_LED.o)
 .debug_loc     0x00000925       0x42 .\CortexM3\ARM_GCC_493\Debug\Controls.a(U8_LED.o)
 .debug_loc     0x00000967      0xa11 .\CortexM3\ARM_GCC_493\Debug\Controls.a(CyLib.o)
 .debug_loc     0x00001378      0x1e4 .\CortexM3\ARM_GCC_493\Debug\Controls.a(cyPm.o)
 .debug_loc     0x0000155c       0x42 .\CortexM3\ARM_GCC_493\Debug\Controls.a(Mute_SW.o)
 .debug_loc     0x0000159e       0x56 .\CortexM3\ARM_GCC_493\Debug\Controls.a(i_Up.o)
 .debug_loc     0x000015f4       0x56 .\CortexM3\ARM_GCC_493\Debug\Controls.a(i_Left.o)
 .debug_loc     0x0000164a       0x56 .\CortexM3\ARM_GCC_493\Debug\Controls.a(i_Mute.o)
 .debug_loc     0x000016a0       0x56 .\CortexM3\ARM_GCC_493\Debug\Controls.a(i_Enter.o)
 .debug_loc     0x000016f6       0x56 .\CortexM3\ARM_GCC_493\Debug\Controls.a(i_Down.o)
 .debug_loc     0x0000174c       0x56 .\CortexM3\ARM_GCC_493\Debug\Controls.a(i_Right.o)
 .debug_loc     0x000017a2       0x56 .\CortexM3\ARM_GCC_493\Debug\Controls.a(i_Input_1.o)
 .debug_loc     0x000017f8       0x56 .\CortexM3\ARM_GCC_493\Debug\Controls.a(i_Power.o)
 .debug_loc     0x0000184e       0x56 .\CortexM3\ARM_GCC_493\Debug\Controls.a(i_Input_2.o)
 .debug_loc     0x000018a4       0x55 .\CortexM3\ARM_GCC_493\Debug\Controls.a(Input_Relais_0.o)
 .debug_loc     0x000018f9       0x42 .\CortexM3\ARM_GCC_493\Debug\Controls.a(Input_Relais_1.o)
 .debug_loc     0x0000193b       0x42 .\CortexM3\ARM_GCC_493\Debug\Controls.a(Input_Relais_2.o)
 .debug_loc     0x0000197d       0x42 .\CortexM3\ARM_GCC_493\Debug\Controls.a(Input_Relais_3.o)
 .debug_loc     0x000019bf      0x300 .\CortexM3\ARM_GCC_493\Debug\Controls.a(CyFlash.o)
 .debug_loc     0x00001cbf      0x64d .\CortexM3\ARM_GCC_493\Debug\Controls.a(CySpc.o)

.debug_macinfo
 *(.debug_macinfo)

.debug_ranges   0x00000000      0xcc0
 *(.debug_ranges)
 .debug_ranges  0x00000000       0x68 .\CortexM3\ARM_GCC_493\Debug\main.o
 .debug_ranges  0x00000068       0x38 .\CortexM3\ARM_GCC_493\Debug\Cm3Start.o
 .debug_ranges  0x000000a0       0x58 .\CortexM3\ARM_GCC_493\Debug\Controls.a(cyfitter_cfg.o)
 .debug_ranges  0x000000f8       0x28 .\CortexM3\ARM_GCC_493\Debug\Controls.a(Enter_SW.o)
 .debug_ranges  0x00000120       0x28 .\CortexM3\ARM_GCC_493\Debug\Controls.a(Power_LED.o)
 .debug_ranges  0x00000148       0x28 .\CortexM3\ARM_GCC_493\Debug\Controls.a(D3_LED.o)
 .debug_ranges  0x00000170       0x28 .\CortexM3\ARM_GCC_493\Debug\Controls.a(Power_SW.o)
 .debug_ranges  0x00000198       0x28 .\CortexM3\ARM_GCC_493\Debug\Controls.a(Left_SW.o)
 .debug_ranges  0x000001c0       0x28 .\CortexM3\ARM_GCC_493\Debug\Controls.a(Right_SW.o)
 .debug_ranges  0x000001e8       0x28 .\CortexM3\ARM_GCC_493\Debug\Controls.a(Down_SW.o)
 .debug_ranges  0x00000210       0x28 .\CortexM3\ARM_GCC_493\Debug\Controls.a(D2_LED.o)
 .debug_ranges  0x00000238       0x28 .\CortexM3\ARM_GCC_493\Debug\Controls.a(Up_SW.o)
 .debug_ranges  0x00000260       0x28 .\CortexM3\ARM_GCC_493\Debug\Controls.a(Input_1_SW.o)
 .debug_ranges  0x00000288       0x28 .\CortexM3\ARM_GCC_493\Debug\Controls.a(Input_2_SW.o)
 .debug_ranges  0x000002b0       0x28 .\CortexM3\ARM_GCC_493\Debug\Controls.a(D1_LED.o)
 .debug_ranges  0x000002d8       0x28 .\CortexM3\ARM_GCC_493\Debug\Controls.a(U1_LED.o)
 .debug_ranges  0x00000300       0x28 .\CortexM3\ARM_GCC_493\Debug\Controls.a(U2_LED.o)
 .debug_ranges  0x00000328       0x28 .\CortexM3\ARM_GCC_493\Debug\Controls.a(U3_LED.o)
 .debug_ranges  0x00000350       0x28 .\CortexM3\ARM_GCC_493\Debug\Controls.a(U4_LED.o)
 .debug_ranges  0x00000378       0x28 .\CortexM3\ARM_GCC_493\Debug\Controls.a(U5_LED.o)
 .debug_ranges  0x000003a0       0x28 .\CortexM3\ARM_GCC_493\Debug\Controls.a(U6_LED.o)
 .debug_ranges  0x000003c8       0x28 .\CortexM3\ARM_GCC_493\Debug\Controls.a(U7_LED.o)
 .debug_ranges  0x000003f0       0x28 .\CortexM3\ARM_GCC_493\Debug\Controls.a(U8_LED.o)
 .debug_ranges  0x00000418      0x290 .\CortexM3\ARM_GCC_493\Debug\Controls.a(CyLib.o)
 .debug_ranges  0x000006a8       0x88 .\CortexM3\ARM_GCC_493\Debug\Controls.a(cyPm.o)
 .debug_ranges  0x00000730       0x28 .\CortexM3\ARM_GCC_493\Debug\Controls.a(Mute_SW.o)
 .debug_ranges  0x00000758       0x70 .\CortexM3\ARM_GCC_493\Debug\Controls.a(i_Up.o)
 .debug_ranges  0x000007c8       0x70 .\CortexM3\ARM_GCC_493\Debug\Controls.a(i_Left.o)
 .debug_ranges  0x00000838       0x70 .\CortexM3\ARM_GCC_493\Debug\Controls.a(i_Mute.o)
 .debug_ranges  0x000008a8       0x70 .\CortexM3\ARM_GCC_493\Debug\Controls.a(i_Enter.o)
 .debug_ranges  0x00000918       0x70 .\CortexM3\ARM_GCC_493\Debug\Controls.a(i_Down.o)
 .debug_ranges  0x00000988       0x70 .\CortexM3\ARM_GCC_493\Debug\Controls.a(i_Right.o)
 .debug_ranges  0x000009f8       0x70 .\CortexM3\ARM_GCC_493\Debug\Controls.a(i_Input_1.o)
 .debug_ranges  0x00000a68       0x70 .\CortexM3\ARM_GCC_493\Debug\Controls.a(i_Power.o)
 .debug_ranges  0x00000ad8       0x70 .\CortexM3\ARM_GCC_493\Debug\Controls.a(i_Input_2.o)
 .debug_ranges  0x00000b48       0x28 .\CortexM3\ARM_GCC_493\Debug\Controls.a(Input_Relais_0.o)
 .debug_ranges  0x00000b70       0x28 .\CortexM3\ARM_GCC_493\Debug\Controls.a(Input_Relais_1.o)
 .debug_ranges  0x00000b98       0x28 .\CortexM3\ARM_GCC_493\Debug\Controls.a(Input_Relais_2.o)
 .debug_ranges  0x00000bc0       0x28 .\CortexM3\ARM_GCC_493\Debug\Controls.a(Input_Relais_3.o)
 .debug_ranges  0x00000be8       0x70 .\CortexM3\ARM_GCC_493\Debug\Controls.a(CyFlash.o)
 .debug_ranges  0x00000c58       0x68 .\CortexM3\ARM_GCC_493\Debug\Controls.a(CySpc.o)

.comment        0x00000000       0x70
 .comment       0x00000000       0x70 .\CortexM3\ARM_GCC_493\Debug\main.o
                                 0x71 (size before relaxing)
 .comment       0x00000000       0x71 .\CortexM3\ARM_GCC_493\Debug\cymetadata.o
 .comment       0x00000000       0x71 .\CortexM3\ARM_GCC_493\Debug\Cm3Start.o
 .comment       0x00000000       0x71 .\CortexM3\ARM_GCC_493\Debug\Controls.a(cyfitter_cfg.o)
 .comment       0x00000000       0x71 .\CortexM3\ARM_GCC_493\Debug\Controls.a(Enter_SW.o)
 .comment       0x00000000       0x71 .\CortexM3\ARM_GCC_493\Debug\Controls.a(Power_LED.o)
 .comment       0x00000000       0x71 .\CortexM3\ARM_GCC_493\Debug\Controls.a(D3_LED.o)
 .comment       0x00000000       0x71 .\CortexM3\ARM_GCC_493\Debug\Controls.a(Power_SW.o)
 .comment       0x00000000       0x71 .\CortexM3\ARM_GCC_493\Debug\Controls.a(Left_SW.o)
 .comment       0x00000000       0x71 .\CortexM3\ARM_GCC_493\Debug\Controls.a(Right_SW.o)
 .comment       0x00000000       0x71 .\CortexM3\ARM_GCC_493\Debug\Controls.a(Down_SW.o)
 .comment       0x00000000       0x71 .\CortexM3\ARM_GCC_493\Debug\Controls.a(D2_LED.o)
 .comment       0x00000000       0x71 .\CortexM3\ARM_GCC_493\Debug\Controls.a(Up_SW.o)
 .comment       0x00000000       0x71 .\CortexM3\ARM_GCC_493\Debug\Controls.a(Input_1_SW.o)
 .comment       0x00000000       0x71 .\CortexM3\ARM_GCC_493\Debug\Controls.a(Input_2_SW.o)
 .comment       0x00000000       0x71 .\CortexM3\ARM_GCC_493\Debug\Controls.a(D1_LED.o)
 .comment       0x00000000       0x71 .\CortexM3\ARM_GCC_493\Debug\Controls.a(U1_LED.o)
 .comment       0x00000000       0x71 .\CortexM3\ARM_GCC_493\Debug\Controls.a(U2_LED.o)
 .comment       0x00000000       0x71 .\CortexM3\ARM_GCC_493\Debug\Controls.a(U3_LED.o)
 .comment       0x00000000       0x71 .\CortexM3\ARM_GCC_493\Debug\Controls.a(U4_LED.o)
 .comment       0x00000000       0x71 .\CortexM3\ARM_GCC_493\Debug\Controls.a(U5_LED.o)
 .comment       0x00000000       0x71 .\CortexM3\ARM_GCC_493\Debug\Controls.a(U6_LED.o)
 .comment       0x00000000       0x71 .\CortexM3\ARM_GCC_493\Debug\Controls.a(U7_LED.o)
 .comment       0x00000000       0x71 .\CortexM3\ARM_GCC_493\Debug\Controls.a(U8_LED.o)
 .comment       0x00000000       0x71 .\CortexM3\ARM_GCC_493\Debug\Controls.a(CyLib.o)
 .comment       0x00000000       0x71 .\CortexM3\ARM_GCC_493\Debug\Controls.a(cyPm.o)
 .comment       0x00000000       0x71 .\CortexM3\ARM_GCC_493\Debug\Controls.a(Mute_SW.o)
 .comment       0x00000000       0x71 .\CortexM3\ARM_GCC_493\Debug\Controls.a(i_Up.o)
 .comment       0x00000000       0x71 .\CortexM3\ARM_GCC_493\Debug\Controls.a(i_Left.o)
 .comment       0x00000000       0x71 .\CortexM3\ARM_GCC_493\Debug\Controls.a(i_Mute.o)
 .comment       0x00000000       0x71 .\CortexM3\ARM_GCC_493\Debug\Controls.a(i_Enter.o)
 .comment       0x00000000       0x71 .\CortexM3\ARM_GCC_493\Debug\Controls.a(i_Down.o)
 .comment       0x00000000       0x71 .\CortexM3\ARM_GCC_493\Debug\Controls.a(i_Right.o)
 .comment       0x00000000       0x71 .\CortexM3\ARM_GCC_493\Debug\Controls.a(i_Input_1.o)
 .comment       0x00000000       0x71 .\CortexM3\ARM_GCC_493\Debug\Controls.a(i_Power.o)
 .comment       0x00000000       0x71 .\CortexM3\ARM_GCC_493\Debug\Controls.a(i_Input_2.o)
 .comment       0x00000000       0x71 .\CortexM3\ARM_GCC_493\Debug\Controls.a(Input_Relais_0.o)
 .comment       0x00000000       0x71 .\CortexM3\ARM_GCC_493\Debug\Controls.a(Input_Relais_1.o)
 .comment       0x00000000       0x71 .\CortexM3\ARM_GCC_493\Debug\Controls.a(Input_Relais_2.o)
 .comment       0x00000000       0x71 .\CortexM3\ARM_GCC_493\Debug\Controls.a(Input_Relais_3.o)
 .comment       0x00000000       0x71 .\CortexM3\ARM_GCC_493\Debug\Controls.a(CyFlash.o)
 .comment       0x00000000       0x71 .\CortexM3\ARM_GCC_493\Debug\Controls.a(CySpc.o)

.debug_weaknames
 *(.debug_weaknames)

.debug_funcnames
 *(.debug_funcnames)

.debug_typenames
 *(.debug_typenames)

.debug_varnames
 *(.debug_varnames)

.note.gnu.arm.ident
 *(.note.gnu.arm.ident)

.ARM.attributes
                0x00000000       0x29
 *(.ARM.attributes)
 .ARM.attributes
                0x00000000       0x1d c:/program files (x86)/cypress/psoc creator/4.0/psoc creator/import/gnu/arm/4.9.3/bin/../lib/gcc/arm-none-eabi/4.9.3/armv7-m/crti.o
 .ARM.attributes
                0x0000001d       0x2d c:/program files (x86)/cypress/psoc creator/4.0/psoc creator/import/gnu/arm/4.9.3/bin/../lib/gcc/arm-none-eabi/4.9.3/armv7-m/crtbegin.o
 .ARM.attributes
                0x0000004a       0x1b c:/program files (x86)/cypress/psoc creator/4.0/psoc creator/import/gnu/arm/4.9.3/bin/../lib/gcc/arm-none-eabi/4.9.3/../../../../arm-none-eabi/lib/armv7-m/crt0.o
 .ARM.attributes
                0x00000065       0x33 .\CortexM3\ARM_GCC_493\Debug\main.o
 .ARM.attributes
                0x00000098       0x33 .\CortexM3\ARM_GCC_493\Debug\cymetadata.o
 .ARM.attributes
                0x000000cb       0x33 .\CortexM3\ARM_GCC_493\Debug\Cm3Start.o
 .ARM.attributes
                0x000000fe       0x33 .\CortexM3\ARM_GCC_493\Debug\Controls.a(cyfitter_cfg.o)
 .ARM.attributes
                0x00000131       0x33 .\CortexM3\ARM_GCC_493\Debug\Controls.a(Enter_SW.o)
 .ARM.attributes
                0x00000164       0x33 .\CortexM3\ARM_GCC_493\Debug\Controls.a(Power_LED.o)
 .ARM.attributes
                0x00000197       0x33 .\CortexM3\ARM_GCC_493\Debug\Controls.a(D3_LED.o)
 .ARM.attributes
                0x000001ca       0x33 .\CortexM3\ARM_GCC_493\Debug\Controls.a(Power_SW.o)
 .ARM.attributes
                0x000001fd       0x33 .\CortexM3\ARM_GCC_493\Debug\Controls.a(Left_SW.o)
 .ARM.attributes
                0x00000230       0x33 .\CortexM3\ARM_GCC_493\Debug\Controls.a(Right_SW.o)
 .ARM.attributes
                0x00000263       0x33 .\CortexM3\ARM_GCC_493\Debug\Controls.a(Down_SW.o)
 .ARM.attributes
                0x00000296       0x33 .\CortexM3\ARM_GCC_493\Debug\Controls.a(D2_LED.o)
 .ARM.attributes
                0x000002c9       0x33 .\CortexM3\ARM_GCC_493\Debug\Controls.a(Up_SW.o)
 .ARM.attributes
                0x000002fc       0x33 .\CortexM3\ARM_GCC_493\Debug\Controls.a(Input_1_SW.o)
 .ARM.attributes
                0x0000032f       0x33 .\CortexM3\ARM_GCC_493\Debug\Controls.a(Input_2_SW.o)
 .ARM.attributes
                0x00000362       0x33 .\CortexM3\ARM_GCC_493\Debug\Controls.a(D1_LED.o)
 .ARM.attributes
                0x00000395       0x33 .\CortexM3\ARM_GCC_493\Debug\Controls.a(U1_LED.o)
 .ARM.attributes
                0x000003c8       0x33 .\CortexM3\ARM_GCC_493\Debug\Controls.a(U2_LED.o)
 .ARM.attributes
                0x000003fb       0x33 .\CortexM3\ARM_GCC_493\Debug\Controls.a(U3_LED.o)
 .ARM.attributes
                0x0000042e       0x33 .\CortexM3\ARM_GCC_493\Debug\Controls.a(U4_LED.o)
 .ARM.attributes
                0x00000461       0x33 .\CortexM3\ARM_GCC_493\Debug\Controls.a(U5_LED.o)
 .ARM.attributes
                0x00000494       0x33 .\CortexM3\ARM_GCC_493\Debug\Controls.a(U6_LED.o)
 .ARM.attributes
                0x000004c7       0x33 .\CortexM3\ARM_GCC_493\Debug\Controls.a(U7_LED.o)
 .ARM.attributes
                0x000004fa       0x33 .\CortexM3\ARM_GCC_493\Debug\Controls.a(U8_LED.o)
 .ARM.attributes
                0x0000052d       0x33 .\CortexM3\ARM_GCC_493\Debug\Controls.a(CyLib.o)
 .ARM.attributes
                0x00000560       0x33 .\CortexM3\ARM_GCC_493\Debug\Controls.a(cyPm.o)
 .ARM.attributes
                0x00000593       0x33 .\CortexM3\ARM_GCC_493\Debug\Controls.a(Mute_SW.o)
 .ARM.attributes
                0x000005c6       0x33 .\CortexM3\ARM_GCC_493\Debug\Controls.a(i_Up.o)
 .ARM.attributes
                0x000005f9       0x33 .\CortexM3\ARM_GCC_493\Debug\Controls.a(i_Left.o)
 .ARM.attributes
                0x0000062c       0x33 .\CortexM3\ARM_GCC_493\Debug\Controls.a(i_Mute.o)
 .ARM.attributes
                0x0000065f       0x33 .\CortexM3\ARM_GCC_493\Debug\Controls.a(i_Enter.o)
 .ARM.attributes
                0x00000692       0x33 .\CortexM3\ARM_GCC_493\Debug\Controls.a(i_Down.o)
 .ARM.attributes
                0x000006c5       0x33 .\CortexM3\ARM_GCC_493\Debug\Controls.a(i_Right.o)
 .ARM.attributes
                0x000006f8       0x33 .\CortexM3\ARM_GCC_493\Debug\Controls.a(i_Input_1.o)
 .ARM.attributes
                0x0000072b       0x33 .\CortexM3\ARM_GCC_493\Debug\Controls.a(i_Power.o)
 .ARM.attributes
                0x0000075e       0x33 .\CortexM3\ARM_GCC_493\Debug\Controls.a(i_Input_2.o)
 .ARM.attributes
                0x00000791       0x33 .\CortexM3\ARM_GCC_493\Debug\Controls.a(Input_Relais_0.o)
 .ARM.attributes
                0x000007c4       0x33 .\CortexM3\ARM_GCC_493\Debug\Controls.a(Input_Relais_1.o)
 .ARM.attributes
                0x000007f7       0x33 .\CortexM3\ARM_GCC_493\Debug\Controls.a(Input_Relais_2.o)
 .ARM.attributes
                0x0000082a       0x33 .\CortexM3\ARM_GCC_493\Debug\Controls.a(Input_Relais_3.o)
 .ARM.attributes
                0x0000085d       0x21 .\CortexM3\ARM_GCC_493\Debug\Controls.a(CyBootAsmGnu.o)
 .ARM.attributes
                0x0000087e       0x33 .\CortexM3\ARM_GCC_493\Debug\Controls.a(CyFlash.o)
 .ARM.attributes
                0x000008b1       0x33 .\CortexM3\ARM_GCC_493\Debug\Controls.a(CySpc.o)
 .ARM.attributes
                0x000008e4       0x2d c:/program files (x86)/cypress/psoc creator/4.0/psoc creator/import/gnu/arm/4.9.3/bin/../lib/gcc/arm-none-eabi/4.9.3/../../../../arm-none-eabi/lib/armv7-m\libg_nano.a(lib_a-errno.o)
 .ARM.attributes
                0x00000911       0x2d c:/program files (x86)/cypress/psoc creator/4.0/psoc creator/import/gnu/arm/4.9.3/bin/../lib/gcc/arm-none-eabi/4.9.3/../../../../arm-none-eabi/lib/armv7-m\libg_nano.a(lib_a-exit.o)
 .ARM.attributes
                0x0000093e       0x2d c:/program files (x86)/cypress/psoc creator/4.0/psoc creator/import/gnu/arm/4.9.3/bin/../lib/gcc/arm-none-eabi/4.9.3/../../../../arm-none-eabi/lib/armv7-m\libg_nano.a(lib_a-impure.o)
 .ARM.attributes
                0x0000096b       0x2d c:/program files (x86)/cypress/psoc creator/4.0/psoc creator/import/gnu/arm/4.9.3/bin/../lib/gcc/arm-none-eabi/4.9.3/../../../../arm-none-eabi/lib/armv7-m\libg_nano.a(lib_a-init.o)
 .ARM.attributes
                0x00000998       0x2d c:/program files (x86)/cypress/psoc creator/4.0/psoc creator/import/gnu/arm/4.9.3/bin/../lib/gcc/arm-none-eabi/4.9.3/../../../../arm-none-eabi/lib/armv7-m\libg_nano.a(lib_a-memcpy.o)
 .ARM.attributes
                0x000009c5       0x2d c:/program files (x86)/cypress/psoc creator/4.0/psoc creator/import/gnu/arm/4.9.3/bin/../lib/gcc/arm-none-eabi/4.9.3/../../../../arm-none-eabi/lib/armv7-m\libg_nano.a(lib_a-memset.o)
 .ARM.attributes
                0x000009f2       0x2d c:/program files (x86)/cypress/psoc creator/4.0/psoc creator/import/gnu/arm/4.9.3/bin/../lib/gcc/arm-none-eabi/4.9.3/armv7-m/crtend.o
 .ARM.attributes
                0x00000a1f       0x1d c:/program files (x86)/cypress/psoc creator/4.0/psoc creator/import/gnu/arm/4.9.3/bin/../lib/gcc/arm-none-eabi/4.9.3/armv7-m/crtn.o

/DISCARD/
 *(.note.GNU-stack)
OUTPUT(.\CortexM3\ARM_GCC_493\Debug\Controls.elf elf32-littlearm)
