Archive member included because of file (symbol)

.\CortexM3\ARM_GCC_493\Debug\Controls.a(cyfitter_cfg.o)
                              .\CortexM3\ARM_GCC_493\Debug\Cm3Start.o (cyfitter_cfg)
.\CortexM3\ARM_GCC_493\Debug\Controls.a(Enter_SW.o)
                              .\CortexM3\ARM_GCC_493\Debug\main.o (Enter_SW_Read)
.\CortexM3\ARM_GCC_493\Debug\Controls.a(Power_LED.o)
                              .\CortexM3\ARM_GCC_493\Debug\main.o (Power_LED_Write)
.\CortexM3\ARM_GCC_493\Debug\Controls.a(D3_LED.o)
                              .\CortexM3\ARM_GCC_493\Debug\main.o (D3_LED_Write)
.\CortexM3\ARM_GCC_493\Debug\Controls.a(Power_SW.o)
                              .\CortexM3\ARM_GCC_493\Debug\main.o (Power_SW_Read)
.\CortexM3\ARM_GCC_493\Debug\Controls.a(Left_SW.o)
                              .\CortexM3\ARM_GCC_493\Debug\main.o (Left_SW_Read)
.\CortexM3\ARM_GCC_493\Debug\Controls.a(Right_SW.o)
                              .\CortexM3\ARM_GCC_493\Debug\main.o (Right_SW_Read)
.\CortexM3\ARM_GCC_493\Debug\Controls.a(Down_SW.o)
                              .\CortexM3\ARM_GCC_493\Debug\main.o (Down_SW_Read)
.\CortexM3\ARM_GCC_493\Debug\Controls.a(D2_LED.o)
                              .\CortexM3\ARM_GCC_493\Debug\main.o (D2_LED_Write)
.\CortexM3\ARM_GCC_493\Debug\Controls.a(Up_SW.o)
                              .\CortexM3\ARM_GCC_493\Debug\main.o (Up_SW_Read)
.\CortexM3\ARM_GCC_493\Debug\Controls.a(Input_1_SW.o)
                              .\CortexM3\ARM_GCC_493\Debug\main.o (Input_1_SW_Read)
.\CortexM3\ARM_GCC_493\Debug\Controls.a(Input_2_SW.o)
                              .\CortexM3\ARM_GCC_493\Debug\main.o (Input_2_SW_Read)
.\CortexM3\ARM_GCC_493\Debug\Controls.a(D1_LED.o)
                              .\CortexM3\ARM_GCC_493\Debug\main.o (D1_LED_Write)
.\CortexM3\ARM_GCC_493\Debug\Controls.a(U1_LED.o)
                              .\CortexM3\ARM_GCC_493\Debug\main.o (U1_LED_Write)
.\CortexM3\ARM_GCC_493\Debug\Controls.a(U2_LED.o)
                              .\CortexM3\ARM_GCC_493\Debug\main.o (U2_LED_Write)
.\CortexM3\ARM_GCC_493\Debug\Controls.a(U3_LED.o)
                              .\CortexM3\ARM_GCC_493\Debug\main.o (U3_LED_Write)
.\CortexM3\ARM_GCC_493\Debug\Controls.a(U4_LED.o)
                              .\CortexM3\ARM_GCC_493\Debug\main.o (U4_LED_Write)
.\CortexM3\ARM_GCC_493\Debug\Controls.a(U5_LED.o)
                              .\CortexM3\ARM_GCC_493\Debug\main.o (U5_LED_Write)
.\CortexM3\ARM_GCC_493\Debug\Controls.a(U6_LED.o)
                              .\CortexM3\ARM_GCC_493\Debug\main.o (U6_LED_Write)
.\CortexM3\ARM_GCC_493\Debug\Controls.a(U7_LED.o)
                              .\CortexM3\ARM_GCC_493\Debug\main.o (U7_LED_Write)
.\CortexM3\ARM_GCC_493\Debug\Controls.a(U8_LED.o)
                              .\CortexM3\ARM_GCC_493\Debug\main.o (U8_LED_Write)
.\CortexM3\ARM_GCC_493\Debug\Controls.a(CyLib.o)
                              .\CortexM3\ARM_GCC_493\Debug\Cm3Start.o (CyHalt)
.\CortexM3\ARM_GCC_493\Debug\Controls.a(cyPm.o)
                              .\CortexM3\ARM_GCC_493\Debug\Controls.a(CyLib.o) (CyPmReadStatus)
.\CortexM3\ARM_GCC_493\Debug\Controls.a(Volume_2.o)
                              .\CortexM3\ARM_GCC_493\Debug\main.o (Volume_2_Write)
.\CortexM3\ARM_GCC_493\Debug\Controls.a(Volume_1.o)
                              .\CortexM3\ARM_GCC_493\Debug\main.o (Volume_1_Write)
.\CortexM3\ARM_GCC_493\Debug\Controls.a(Volume_ADC.o)
                              .\CortexM3\ARM_GCC_493\Debug\main.o (Volume_ADC_Start)
.\CortexM3\ARM_GCC_493\Debug\Controls.a(Volume_ADC_INT.o)
                              .\CortexM3\ARM_GCC_493\Debug\Controls.a(Volume_ADC.o) (Volume_ADC_ISR1)
.\CortexM3\ARM_GCC_493\Debug\Controls.a(Volume_ADC_AMux.o)
                              .\CortexM3\ARM_GCC_493\Debug\Controls.a(Volume_ADC.o) (Volume_ADC_AMux_Select)
.\CortexM3\ARM_GCC_493\Debug\Controls.a(Volume_ADC_Ext_CP_Clk.o)
                              .\CortexM3\ARM_GCC_493\Debug\Controls.a(Volume_ADC.o) (Volume_ADC_Ext_CP_Clk_SetModeRegister)
.\CortexM3\ARM_GCC_493\Debug\Controls.a(Volume_ADC_theACLK.o)
                              .\CortexM3\ARM_GCC_493\Debug\Controls.a(Volume_ADC.o) (Volume_ADC_theACLK_SetModeRegister)
.\CortexM3\ARM_GCC_493\Debug\Controls.a(Mute_SW.o)
                              .\CortexM3\ARM_GCC_493\Debug\main.o (Mute_SW_Read)
.\CortexM3\ARM_GCC_493\Debug\Controls.a(i_Up.o)
                              .\CortexM3\ARM_GCC_493\Debug\main.o (i_Up_SetPriority)
.\CortexM3\ARM_GCC_493\Debug\Controls.a(i_Left.o)
                              .\CortexM3\ARM_GCC_493\Debug\main.o (i_Left_SetPriority)
.\CortexM3\ARM_GCC_493\Debug\Controls.a(i_Mute.o)
                              .\CortexM3\ARM_GCC_493\Debug\main.o (i_Mute_SetPriority)
.\CortexM3\ARM_GCC_493\Debug\Controls.a(i_Enter.o)
                              .\CortexM3\ARM_GCC_493\Debug\main.o (i_Enter_SetPriority)
.\CortexM3\ARM_GCC_493\Debug\Controls.a(i_Down.o)
[...]
Memory Configuration

Name             Origin             Length             Attributes
rom              0x00000000         0x00040000         xr
ram              0x1fff8000         0x00010000         xrw
*default*        0x00000000         0xffffffff

Linker script and memory map

LOAD c:/program files (x86)/cypress/psoc creator/4.0/psoc creator/import/gnu/arm/4.9.3/bin/../lib/gcc/arm-none-eabi/4.9.3/armv7-m/crti.o
LOAD c:/program files (x86)/cypress/psoc creator/4.0/psoc creator/import/gnu/arm/4.9.3/bin/../lib/gcc/arm-none-eabi/4.9.3/armv7-m/crtbegin.o
LOAD c:/program files (x86)/cypress/psoc creator/4.0/psoc creator/import/gnu/arm/4.9.3/bin/../lib/gcc/arm-none-eabi/4.9.3/../../../../arm-none-eabi/lib/armv7-m/crt0.o
START GROUP
LOAD .\CortexM3\ARM_GCC_493\Debug\main.o
LOAD .\CortexM3\ARM_GCC_493\Debug\cymetadata.o
LOAD .\CortexM3\ARM_GCC_493\Debug\Cm3Start.o
LOAD .\CortexM3\ARM_GCC_493\Debug\Controls.a
LOAD C:\Program Files (x86)\Cypress\PSoC Creator\4.0\PSoC Creator\psoc\content\cycomponentlibrary\CyComponentLibrary.cylib\CortexM3\ARM_GCC_493\Debug\CyComponentLibrary.a
END GROUP
START GROUP
LOAD c:/program files (x86)/cypress/psoc creator/4.0/psoc creator/import/gnu/arm/4.9.3/bin/../lib/gcc/arm-none-eabi/4.9.3/armv7-m\libgcc.a
LOAD c:/program files (x86)/cypress/psoc creator/4.0/psoc creator/import/gnu/arm/4.9.3/bin/../lib/gcc/arm-none-eabi/4.9.3/../../../../arm-none-eabi/lib/armv7-m\libg_nano.a
LOAD c:/program files (x86)/cypress/psoc creator/4.0/psoc creator/import/gnu/arm/4.9.3/bin/../lib/gcc/arm-none-eabi/4.9.3/../../../../arm-none-eabi/lib/armv7-m\libc_nano.a
END GROUP
START GROUP
LOAD c:/program files (x86)/cypress/psoc creator/4.0/psoc creator/import/gnu/arm/4.9.3/bin/../lib/gcc/arm-none-eabi/4.9.3/armv7-m\libgcc.a
LOAD c:/program files (x86)/cypress/psoc creator/4.0/psoc creator/import/gnu/arm/4.9.3/bin/../lib/gcc/arm-none-eabi/4.9.3/../../../../arm-none-eabi/lib/armv7-m\libc_nano.a
END GROUP
LOAD c:/program files (x86)/cypress/psoc creator/4.0/psoc creator/import/gnu/arm/4.9.3/bin/../lib/gcc/arm-none-eabi/4.9.3/armv7-m/crtend.o
LOAD c:/program files (x86)/cypress/psoc creator/4.0/psoc creator/import/gnu/arm/4.9.3/bin/../lib/gcc/arm-none-eabi/4.9.3/armv7-m/crtn.o
START GROUP
LOAD c:/program files (x86)/cypress/psoc creator/4.0/psoc creator/import/gnu/arm/4.9.3/bin/../lib/gcc/arm-none-eabi/4.9.3/armv7-m\libgcc.a
LOAD c:/program files (x86)/cypress/psoc creator/4.0/psoc creator/import/gnu/arm/4.9.3/bin/../lib/gcc/arm-none-eabi/4.9.3/../../../../arm-none-eabi/lib/armv7-m\libc.a
LOAD c:/program files (x86)/cypress/psoc creator/4.0/psoc creator/import/gnu/arm/4.9.3/bin/../lib/gcc/arm-none-eabi/4.9.3/../../../../arm-none-eabi/lib/armv7-m\libnosys.a
END GROUP
                0x00000000                CY_APPL_ORIGIN = 0x0
                0x00000100                CY_FLASH_ROW_SIZE = 0x100
                0x00000020                CY_ECC_ROW_SIZE = 0x20
                0x00000000                CY_EE_IN_BTLDR = 0x0
                0x00000000                CY_APPL_LOADABLE = 0x0
                0x00000800                CY_EE_SIZE = 0x800
                0x00000001                CY_APPL_NUM = 0x1
                0x00000001                CY_APPL_MAX = 0x1
                0x00000040                CY_METADATA_SIZE = 0x40
                0x00000000                CY_APPL_LOADABLE = 0x0
                0x00000000                CY_CHECKSUM_EXCLUDE_SIZE = ALIGN (0x0, CY_FLASH_ROW_SIZE)
                0x1fff82e8                PROVIDE (__cy_heap_start, _end)
                0x00000001                PROVIDE (__cy_region_num, ((__cy_regions_end - __cy_regions) / 0x10))
                0x20008000                PROVIDE (__cy_stack, (ORIGIN (ram) + 0x10000))
                0x20007800                PROVIDE (__cy_heap_end, (__cy_stack - 0x800))

.cybootloader   0x00000000        0x0
 *(.cybootloader)
                0x00000000                appl1_start = CY_APPL_ORIGIN?CY_APPL_ORIGIN:ALIGN (CY_FLASH_ROW_SIZE)
                0x0001ff00                appl2_start = (appl1_start + ALIGN ((((0x40000 - appl1_start) - (0x2 * CY_FLASH_ROW_SIZE)) / 0x2), CY_FLASH_ROW_SIZE))
                0x00000000                appl_start = (CY_APPL_NUM == 0x1)?appl1_start:appl2_start
                0x00000000                ecc_offset = ((appl_start / CY_FLASH_ROW_SIZE) * CY_ECC_ROW_SIZE)
                0x00000000                ee_offset = (CY_APPL_LOADABLE && ! (CY_EE_IN_BTLDR))?((CY_EE_SIZE / CY_APPL_MAX) * (CY_APPL_NUM - 0x1)):0x0
                0x00000800                ee_size = (CY_APPL_LOADABLE && ! (CY_EE_IN_BTLDR))?(CY_EE_SIZE / CY_APPL_MAX):CY_EE_SIZE
                0x00000000                PROVIDE (CY_ECC_OFFSET, ecc_offset)

.text           0x00000000     0x32be
 CREATE_OBJECT_SYMBOLS
                0x00000000                PROVIDE (__cy_interrupt_vector, RomVectors)
 *(.romvectors)
 .romvectors    0x00000000       0x10 .\CortexM3\ARM_GCC_493\Debug\Cm3Start.o
                0x00000000                RomVectors
                0x00000001                ASSERT ((. != __cy_interrupt_vector), No interrupt vector)
                0x00000001                ASSERT (CY_APPL_ORIGIN?(SIZEOF (.cybootloader) <= CY_APPL_ORIGIN):0x1, Wrong image location)
                0x00000010                PROVIDE (__cy_reset, Reset)
 *(.text.Reset)
 .text.Reset    0x00000010       0x18 .\CortexM3\ARM_GCC_493\Debug\Cm3Start.o
                0x00000010                Reset
                0x00000001                ASSERT ((. != __cy_reset), No reset code)
 *(.dma_init)
                0x00000001                ASSERT ((((appl_start + .) <= 0x10000) || 0x1), DMA Init must be within the first 64k of flash)
 *(.text .text.* .gnu.linkonce.t.*)
 .text          0x00000028       0x5c c:/program files (x86)/cypress/psoc creator/4.0/psoc creator/import/gnu/arm/4.9.3/bin/../lib/gcc/arm-none-eabi/4.9.3/armv7-m/crtbegin.o
 .text.Power_Handler
                0x00000084       0x40 .\CortexM3\ARM_GCC_493\Debug\main.o
                0x00000084                Power_Handler
 .text.Right_Handler
                0x000000c4       0x30 .\CortexM3\ARM_GCC_493\Debug\main.o
                0x000000c4                Right_Handler
 .text.Down_Handler
                0x000000f4       0x30 .\CortexM3\ARM_GCC_493\Debug\main.o
                0x000000f4                Down_Handler
 .text.Up_Handler
                0x00000124       0x30 .\CortexM3\ARM_GCC_493\Debug\main.o
                0x00000124                Up_Handler
 .text.Left_Handler
                0x00000154       0x4c .\CortexM3\ARM_GCC_493\Debug\main.o
                0x00000154                Left_Handler
 .text.E_Handler
                0x000001a0       0x30 .\CortexM3\ARM_GCC_493\Debug\main.o
                0x000001a0                E_Handler
 .text.Button_Timer_Handler
                0x000001d0       0x4c .\CortexM3\ARM_GCC_493\Debug\main.o
                0x000001d0                Button_Timer_Handler
 .text.protection_clear
                0x0000021c       0x14 .\CortexM3\ARM_GCC_493\Debug\main.o
                0x0000021c                protection_clear
 .text.protection_set
                0x00000230       0x3c .\CortexM3\ARM_GCC_493\Debug\main.o
                0x00000230                protection_set
 .text.set_input
                0x0000026c       0xc8 .\CortexM3\ARM_GCC_493\Debug\main.o
                0x0000026c                set_input
 .text.main     0x00000334      0x288 .\CortexM3\ARM_GCC_493\Debug\main.o
                0x00000334                main
 .text.Input_2_Handler
                0x000005bc       0x48 .\CortexM3\ARM_GCC_493\Debug\main.o
                0x000005bc                Input_2_Handler
 .text.Input_1_Handler
                0x00000604       0x44 .\CortexM3\ARM_GCC_493\Debug\main.o
                0x00000604                Input_1_Handler
 .text.Mute_Handler
                0x00000648       0x48 .\CortexM3\ARM_GCC_493\Debug\main.o
                0x00000648                Mute_Handler
 .text.IntDefaultHandler
                0x00000690       0x10 .\CortexM3\ARM_GCC_493\Debug\Cm3Start.o
                0x00000690                IntDefaultHandler
 .text.Start_c  0x000006a0       0x4c .\CortexM3\ARM_GCC_493\Debug\Cm3Start.o
                0x000006a0                Start_c
 .text.initialize_psoc
                0x000006ec       0x74 .\CortexM3\ARM_GCC_493\Debug\Cm3Start.o
                0x000006ec                initialize_psoc
 .text.CyClockStartupError
                0x00000760        0x4 .\CortexM3\ARM_GCC_493\Debug\Controls.a(cyfitter_cfg.o)
 .text.cfg_write_bytes32
                0x00000764       0x34 .\CortexM3\ARM_GCC_493\Debug\Controls.a(cyfitter_cfg.o)
 .text.AnalogSetDefault
                0x00000798       0x40 .\CortexM3\ARM_GCC_493\Debug\Controls.a(cyfitter_cfg.o)
 .text.CYMEMZERO
                0x000007d8        0xc .\CortexM3\ARM_GCC_493\Debug\Controls.a(cyfitter_cfg.o)
 .text.CYCONFIGCPY
                0x000007e4        0x8 .\CortexM3\ARM_GCC_493\Debug\Controls.a(cyfitter_cfg.o)
 .text.ClockSetup
                0x000007ec       0xf4 .\CortexM3\ARM_GCC_493\Debug\Controls.a(cyfitter_cfg.o)
 .text.Volume_ADC_AMux_Set
                0x000008e0       0x1c .\CortexM3\ARM_GCC_493\Debug\Controls.a(cyfitter_cfg.o)
                0x000008e0                Volume_ADC_AMux_Set
 .text.Volume_ADC_AMux_Unset
                0x000008fc       0x1c .\CortexM3\ARM_GCC_493\Debug\Controls.a(cyfitter_cfg.o)
                0x000008fc                Volume_ADC_AMux_Unset
 .text.cyfitter_cfg
                0x00000918      0x140 .\CortexM3\ARM_GCC_493\Debug\Controls.a(cyfitter_cfg.o)
                0x00000918                cyfitter_cfg
 .text.Enter_SW_Read
                0x00000a58       0x10 .\CortexM3\ARM_GCC_493\Debug\Controls.a(Enter_SW.o)
                0x00000a58                Enter_SW_Read
 .text.Power_LED_Write
                0x00000a68       0x18 .\CortexM3\ARM_GCC_493\Debug\Controls.a(Power_LED.o)
                0x00000a68                Power_LED_Write
 .text.Power_LED_Read
                0x00000a80       0x10 .\CortexM3\ARM_GCC_493\Debug\Controls.a(Power_LED.o)
                0x00000a80                Power_LED_Read
 .text.D3_LED_Write
                0x00000a90       0x18 .\CortexM3\ARM_GCC_493\Debug\Controls.a(D3_LED.o)
                0x00000a90                D3_LED_Write
 .text.Power_SW_Read
                0x00000aa8       0x10 .\CortexM3\ARM_GCC_493\Debug\Controls.a(Power_SW.o)
                0x00000aa8                Power_SW_Read
 .text.Left_SW_Read
                0x00000ab8       0x10 .\CortexM3\ARM_GCC_493\Debug\Controls.a(Left_SW.o)
                0x00000ab8                Left_SW_Read
 .text.Right_SW_Read
                0x00000ac8       0x10 .\CortexM3\ARM_GCC_493\Debug\Controls.a(Right_SW.o)
                0x00000ac8                Right_SW_Read
 .text.Down_SW_Read
                0x00000ad8        0xc .\CortexM3\ARM_GCC_493\Debug\Controls.a(Down_SW.o)
                0x00000ad8                Down_SW_Read
 .text.D2_LED_Write
                0x00000ae4       0x18 .\CortexM3\ARM_GCC_493\Debug\Controls.a(D2_LED.o)
                0x00000ae4                D2_LED_Write
 .text.Up_SW_Read
                0x00000afc       0x10 .\CortexM3\ARM_GCC_493\Debug\Controls.a(Up_SW.o)
                0x00000afc                Up_SW_Read
 .text.Input_1_SW_Read
                0x00000b0c       0x10 .\CortexM3\ARM_GCC_493\Debug\Controls.a(Input_1_SW.o)
                0x00000b0c                Input_1_SW_Read
 .text.Input_2_SW_Read
                0x00000b1c       0x10 .\CortexM3\ARM_GCC_493\Debug\Controls.a(Input_2_SW.o)
                0x00000b1c                Input_2_SW_Read
 .text.D1_LED_Write
                0x00000b2c       0x18 .\CortexM3\ARM_GCC_493\Debug\Controls.a(D1_LED.o)
                0x00000b2c                D1_LED_Write
 .text.D1_LED_Read
                0x00000b44       0x10 .\CortexM3\ARM_GCC_493\Debug\Controls.a(D1_LED.o)
                0x00000b44                D1_LED_Read
 .text.U1_LED_Write
                0x00000b54       0x18 .\CortexM3\ARM_GCC_493\Debug\Controls.a(U1_LED.o)
                0x00000b54                U1_LED_Write
 .text.U2_LED_Write
                0x00000b6c       0x18 .\CortexM3\ARM_GCC_493\Debug\Controls.a(U2_LED.o)
                0x00000b6c                U2_LED_Write
 .text.U3_LED_Write
                0x00000b84       0x18 .\CortexM3\ARM_GCC_493\Debug\Controls.a(U3_LED.o)
                0x00000b84                U3_LED_Write
 .text.U4_LED_Write
                0x00000b9c       0x18 .\CortexM3\ARM_GCC_493\Debug\Controls.a(U4_LED.o)
                0x00000b9c                U4_LED_Write
 .text.U4_LED_Read
                0x00000bb4       0x10 .\CortexM3\ARM_GCC_493\Debug\Controls.a(U4_LED.o)
                0x00000bb4                U4_LED_Read
 .text.U5_LED_Write
                0x00000bc4       0x18 .\CortexM3\ARM_GCC_493\Debug\Controls.a(U5_LED.o)
                0x00000bc4                U5_LED_Write
 .text.U5_LED_Read
                0x00000bdc       0x10 .\CortexM3\ARM_GCC_493\Debug\Controls.a(U5_LED.o)
                0x00000bdc                U5_LED_Read
 .text.U6_LED_Write
                0x00000bec       0x18 .\CortexM3\ARM_GCC_493\Debug\Controls.a(U6_LED.o)
                0x00000bec                U6_LED_Write
 .text.U6_LED_Read
                0x00000c04       0x10 .\CortexM3\ARM_GCC_493\Debug\Controls.a(U6_LED.o)
                0x00000c04                U6_LED_Read
 .text.U7_LED_Write
                0x00000c14       0x18 .\CortexM3\ARM_GCC_493\Debug\Controls.a(U7_LED.o)
                0x00000c14                U7_LED_Write
 .text.U8_LED_Write
                0x00000c2c       0x18 .\CortexM3\ARM_GCC_493\Debug\Controls.a(U8_LED.o)
                0x00000c2c                U8_LED_Write
 .text.CyHalt   0x00000c44        0x4 .\CortexM3\ARM_GCC_493\Debug\Controls.a(CyLib.o)
                0x00000c44                CyHalt
 .text.CyDelay  0x00000c48       0x2c .\CortexM3\ARM_GCC_493\Debug\Controls.a(CyLib.o)
                0x00000c48                CyDelay
 .text.CyDelayUs
                0x00000c74       0x14 .\CortexM3\ARM_GCC_493\Debug\Controls.a(CyLib.o)
                0x00000c74                CyDelayUs
 .text.CyIntSetVector
                0x00000c88       0x28 .\CortexM3\ARM_GCC_493\Debug\Controls.a(CyLib.o)
                0x00000c88                CyIntSetVector
 .text.CyIntSetPriority
                0x00000cb0       0x30 .\CortexM3\ARM_GCC_493\Debug\Controls.a(CyLib.o)
                0x00000cb0                CyIntSetPriority
 .text.CyGetUniqueId
                0x00000ce0       0x70 .\CortexM3\ARM_GCC_493\Debug\Controls.a(CyLib.o)
                0x00000ce0                CyGetUniqueId
 .text.Volume_2_Write
                0x00000d50       0x18 .\CortexM3\ARM_GCC_493\Debug\Controls.a(Volume_2.o)
                0x00000d50                Volume_2_Write
 .text.Volume_1_Write
                0x00000d68       0x18 .\CortexM3\ARM_GCC_493\Debug\Controls.a(Volume_1.o)
                0x00000d68                Volume_1_Write
 .text.Volume_ADC_GainCompensation
                0x00000d80       0xcc .\CortexM3\ARM_GCC_493\Debug\Controls.a(Volume_ADC.o)
 .text.Volume_ADC_SetDSMRef0Reg
                0x00000e4c       0x4c .\CortexM3\ARM_GCC_493\Debug\Controls.a(Volume_ADC.o)
 .text.Volume_ADC_InitConfig
                0x00000e98       0xe0 .\CortexM3\ARM_GCC_493\Debug\Controls.a(Volume_ADC.o)
 .text.Volume_ADC_Init
                0x00000f78       0xc4 .\CortexM3\ARM_GCC_493\Debug\Controls.a(Volume_ADC.o)
                0x00000f78                Volume_ADC_Init
 .text.Volume_ADC_Enable
                0x0000103c       0xd8 .\CortexM3\ARM_GCC_493\Debug\Controls.a(Volume_ADC.o)
                0x0000103c                Volume_ADC_Enable
 .text.Volume_ADC_Start
                0x00001114       0x28 .\CortexM3\ARM_GCC_493\Debug\Controls.a(Volume_ADC.o)
                0x00001114                Volume_ADC_Start
 .text.Volume_ADC_StartConvert
                0x0000113c       0x10 .\CortexM3\ARM_GCC_493\Debug\Controls.a(Volume_ADC.o)
                0x0000113c                Volume_ADC_StartConvert
 .text.Volume_ADC_StopConvert
                0x0000114c       0x10 .\CortexM3\ARM_GCC_493\Debug\Controls.a(Volume_ADC.o)
                0x0000114c                Volume_ADC_StopConvert
 .text.Volume_ADC_IsEndConversion
                0x0000115c       0x30 .\CortexM3\ARM_GCC_493\Debug\Controls.a(Volume_ADC.o)
                0x0000115c                Volume_ADC_IsEndConversion
 .text.Volume_ADC_GetResult16
                0x0000118c       0x50 .\CortexM3\ARM_GCC_493\Debug\Controls.a(Volume_ADC.o)
                0x0000118c                Volume_ADC_GetResult16
 .text.Volume_ADC_Read16
                0x000011dc       0x28 .\CortexM3\ARM_GCC_493\Debug\Controls.a(Volume_ADC.o)
                0x000011dc                Volume_ADC_Read16
 .text.Volume_ADC_ISR1
                0x00001204        0x4 .\CortexM3\ARM_GCC_493\Debug\Controls.a(Volume_ADC_INT.o)
                0x00001204                Volume_ADC_ISR1
 .text.Volume_ADC_AMux_Start
                0x00001208       0x20 .\CortexM3\ARM_GCC_493\Debug\Controls.a(Volume_ADC_AMux.o)
                0x00001208                Volume_ADC_AMux_Start
 .text.Volume_ADC_AMux_Select
                0x00001228       0x18 .\CortexM3\ARM_GCC_493\Debug\Controls.a(Volume_ADC_AMux.o)
                0x00001228                Volume_ADC_AMux_Select
 .text.Volume_ADC_Ext_CP_Clk_GetDividerRegister
                0x00001240        0xc .\CortexM3\ARM_GCC_493\Debug\Controls.a(Volume_ADC_Ext_CP_Clk.o)
                0x00001240                Volume_ADC_Ext_CP_Clk_GetDividerRegister
 .text.Volume_ADC_Ext_CP_Clk_SetModeRegister
                0x0000124c       0x14 .\CortexM3\ARM_GCC_493\Debug\Controls.a(Volume_ADC_Ext_CP_Clk.o)
                0x0000124c                Volume_ADC_Ext_CP_Clk_SetModeRegister
 .text.Volume_ADC_Ext_CP_Clk_GetSourceRegister
                0x00001260       0x10 .\CortexM3\ARM_GCC_493\Debug\Controls.a(Volume_ADC_Ext_CP_Clk.o)
                0x00001260                Volume_ADC_Ext_CP_Clk_GetSourceRegister
 .text.Volume_ADC_Ext_CP_Clk_SetDividerRegister
                0x00001270       0xd8 .\CortexM3\ARM_GCC_493\Debug\Controls.a(Volume_ADC_Ext_CP_Clk.o)
                0x00001270                Volume_ADC_Ext_CP_Clk_SetDividerRegister
 .text.Volume_ADC_theACLK_GetDividerRegister
                0x00001348        0xc .\CortexM3\ARM_GCC_493\Debug\Controls.a(Volume_ADC_theACLK.o)
                0x00001348                Volume_ADC_theACLK_GetDividerRegister
 .text.Volume_ADC_theACLK_SetModeRegister
                0x00001354       0x14 .\CortexM3\ARM_GCC_493\Debug\Controls.a(Volume_ADC_theACLK.o)
                0x00001354                Volume_ADC_theACLK_SetModeRegister
 .text.Volume_ADC_theACLK_GetSourceRegister
                0x00001368       0x10 .\CortexM3\ARM_GCC_493\Debug\Controls.a(Volume_ADC_theACLK.o)
                0x00001368                Volume_ADC_theACLK_GetSourceRegister
 .text.Volume_ADC_theACLK_SetDividerRegister
                0x00001378       0xd8 .\CortexM3\ARM_GCC_493\Debug\Controls.a(Volume_ADC_theACLK.o)
                0x00001378                Volume_ADC_theACLK_SetDividerRegister
 .text.Mute_SW_Read
                0x00001450       0x10 .\CortexM3\ARM_GCC_493\Debug\Controls.a(Mute_SW.o)
                0x00001450                Mute_SW_Read
 .text.i_Up_SetVector
                0x00001460        0xc .\CortexM3\ARM_GCC_493\Debug\Controls.a(i_Up.o)
                0x00001460                i_Up_SetVector
 .text.i_Up_SetPriority
                0x0000146c       0x10 .\CortexM3\ARM_GCC_493\Debug\Controls.a(i_Up.o)
                0x0000146c                i_Up_SetPriority
 .text.i_Up_Enable
                0x0000147c       0x10 .\CortexM3\ARM_GCC_493\Debug\Controls.a(i_Up.o)
                0x0000147c                i_Up_Enable
 .text.i_Up_Disable
                0x0000148c       0x10 .\CortexM3\ARM_GCC_493\Debug\Controls.a(i_Up.o)
                0x0000148c                i_Up_Disable
 .text.i_Up_StartEx
                0x0000149c       0x1c .\CortexM3\ARM_GCC_493\Debug\Controls.a(i_Up.o)
                0x0000149c                i_Up_StartEx
 .text.i_Up_ClearPending
                0x000014b8       0x10 .\CortexM3\ARM_GCC_493\Debug\Controls.a(i_Up.o)
                0x000014b8                i_Up_ClearPending
 .text.i_Left_SetVector
                0x000014c8        0xc .\CortexM3\ARM_GCC_493\Debug\Controls.a(i_Left.o)
                0x000014c8                i_Left_SetVector
 .text.i_Left_SetPriority
                0x000014d4       0x10 .\CortexM3\ARM_GCC_493\Debug\Controls.a(i_Left.o)
                0x000014d4                i_Left_SetPriority
 .text.i_Left_Enable
                0x000014e4       0x10 .\CortexM3\ARM_GCC_493\Debug\Controls.a(i_Left.o)
                0x000014e4                i_Left_Enable
 .text.i_Left_Disable
                0x000014f4       0x10 .\CortexM3\ARM_GCC_493\Debug\Controls.a(i_Left.o)
                0x000014f4                i_Left_Disable
 .text.i_Left_StartEx
                0x00001504       0x1c .\CortexM3\ARM_GCC_493\Debug\Controls.a(i_Left.o)
                0x00001504                i_Left_StartEx
 .text.i_Left_ClearPending
                0x00001520       0x10 .\CortexM3\ARM_GCC_493\Debug\Controls.a(i_Left.o)
                0x00001520                i_Left_ClearPending
 .text.i_Mute_SetVector
                0x00001530        0xc .\CortexM3\ARM_GCC_493\Debug\Controls.a(i_Mute.o)
                0x00001530                i_Mute_SetVector
 .text.i_Mute_SetPriority
                0x0000153c       0x10 .\CortexM3\ARM_GCC_493\Debug\Controls.a(i_Mute.o)
                0x0000153c                i_Mute_SetPriority
 .text.i_Mute_Enable
                0x0000154c       0x10 .\CortexM3\ARM_GCC_493\Debug\Controls.a(i_Mute.o)
                0x0000154c                i_Mute_Enable
 .text.i_Mute_Disable
                0x0000155c       0x10 .\CortexM3\ARM_GCC_493\Debug\Controls.a(i_Mute.o)
                0x0000155c                i_Mute_Disable
 .text.i_Mute_StartEx
                0x0000156c       0x1c .\CortexM3\ARM_GCC_493\Debug\Controls.a(i_Mute.o)
                0x0000156c                i_Mute_StartEx
 .text.i_Mute_ClearPending
                0x00001588       0x10 .\CortexM3\ARM_GCC_493\Debug\Controls.a(i_Mute.o)
                0x00001588                i_Mute_ClearPending
 .text.i_Enter_SetVector
                0x00001598        0xc .\CortexM3\ARM_GCC_493\Debug\Controls.a(i_Enter.o)
                0x00001598                i_Enter_SetVector
 .text.i_Enter_SetPriority
                0x000015a4       0x10 .\CortexM3\ARM_GCC_493\Debug\Controls.a(i_Enter.o)
                0x000015a4                i_Enter_SetPriority
 .text.i_Enter_Enable
                0x000015b4        0xc .\CortexM3\ARM_GCC_493\Debug\Controls.a(i_Enter.o)
                0x000015b4                i_Enter_Enable
 .text.i_Enter_Disable
                0x000015c0        0xc .\CortexM3\ARM_GCC_493\Debug\Controls.a(i_Enter.o)
                0x000015c0                i_Enter_Disable
 .text.i_Enter_StartEx
                0x000015cc       0x1c .\CortexM3\ARM_GCC_493\Debug\Controls.a(i_Enter.o)
                0x000015cc                i_Enter_StartEx
 .text.i_Enter_ClearPending
                0x000015e8        0xc .\CortexM3\ARM_GCC_493\Debug\Controls.a(i_Enter.o)
                0x000015e8                i_Enter_ClearPending
 .text.i_Down_SetVector
                0x000015f4        0xc .\CortexM3\ARM_GCC_493\Debug\Controls.a(i_Down.o)
                0x000015f4                i_Down_SetVector
 .text.i_Down_SetPriority
                0x00001600       0x10 .\CortexM3\ARM_GCC_493\Debug\Controls.a(i_Down.o)
                0x00001600                i_Down_SetPriority
 .text.i_Down_Enable
                0x00001610        0xc .\CortexM3\ARM_GCC_493\Debug\Controls.a(i_Down.o)
                0x00001610                i_Down_Enable
 .text.i_Down_Disable
                0x0000161c        0xc .\CortexM3\ARM_GCC_493\Debug\Controls.a(i_Down.o)
                0x0000161c                i_Down_Disable
 .text.i_Down_StartEx
                0x00001628       0x1c .\CortexM3\ARM_GCC_493\Debug\Controls.a(i_Down.o)
                0x00001628                i_Down_StartEx
 .text.i_Down_ClearPending
                0x00001644        0xc .\CortexM3\ARM_GCC_493\Debug\Controls.a(i_Down.o)
                0x00001644                i_Down_ClearPending
 .text.i_Right_SetVector
                0x00001650        0xc .\CortexM3\ARM_GCC_493\Debug\Controls.a(i_Right.o)
                0x00001650                i_Right_SetVector
 .text.i_Right_SetPriority
                0x0000165c       0x10 .\CortexM3\ARM_GCC_493\Debug\Controls.a(i_Right.o)
                0x0000165c                i_Right_SetPriority
 .text.i_Right_Enable
                0x0000166c       0x10 .\CortexM3\ARM_GCC_493\Debug\Controls.a(i_Right.o)
                0x0000166c                i_Right_Enable
 .text.i_Right_Disable
                0x0000167c       0x10 .\CortexM3\ARM_GCC_493\Debug\Controls.a(i_Right.o)
                0x0000167c                i_Right_Disable
 .text.i_Right_StartEx
                0x0000168c       0x1c .\CortexM3\ARM_GCC_493\Debug\Controls.a(i_Right.o)
                0x0000168c                i_Right_StartEx
 .text.i_Right_ClearPending
                0x000016a8       0x10 .\CortexM3\ARM_GCC_493\Debug\Controls.a(i_Right.o)
                0x000016a8                i_Right_ClearPending
 .text.i_Input_1_SetVector
                0x000016b8        0xc .\CortexM3\ARM_GCC_493\Debug\Controls.a(i_Input_1.o)
                0x000016b8                i_Input_1_SetVector
 .text.i_Input_1_SetPriority
                0x000016c4       0x10 .\CortexM3\ARM_GCC_493\Debug\Controls.a(i_Input_1.o)
                0x000016c4                i_Input_1_SetPriority
 .text.i_Input_1_Enable
                0x000016d4        0xc .\CortexM3\ARM_GCC_493\Debug\Controls.a(i_Input_1.o)
                0x000016d4                i_Input_1_Enable
 .text.i_Input_1_Disable
                0x000016e0        0xc .\CortexM3\ARM_GCC_493\Debug\Controls.a(i_Input_1.o)
                0x000016e0                i_Input_1_Disable
 .text.i_Input_1_StartEx
                0x000016ec       0x1c .\CortexM3\ARM_GCC_493\Debug\Controls.a(i_Input_1.o)
                0x000016ec                i_Input_1_StartEx
 .text.i_Input_1_ClearPending
                0x00001708        0xc .\CortexM3\ARM_GCC_493\Debug\Controls.a(i_Input_1.o)
                0x00001708                i_Input_1_ClearPending
 .text.i_Power_SetVector
                0x00001714        0xc .\CortexM3\ARM_GCC_493\Debug\Controls.a(i_Power.o)
                0x00001714                i_Power_SetVector
 .text.i_Power_SetPriority
                0x00001720       0x10 .\CortexM3\ARM_GCC_493\Debug\Controls.a(i_Power.o)
                0x00001720                i_Power_SetPriority
 .text.i_Power_Enable
                0x00001730       0x10 .\CortexM3\ARM_GCC_493\Debug\Controls.a(i_Power.o)
                0x00001730                i_Power_Enable
 .text.i_Power_Disable
                0x00001740       0x10 .\CortexM3\ARM_GCC_493\Debug\Controls.a(i_Power.o)
                0x00001740                i_Power_Disable
 .text.i_Power_StartEx
                0x00001750       0x1c .\CortexM3\ARM_GCC_493\Debug\Controls.a(i_Power.o)
                0x00001750                i_Power_StartEx
 .text.i_Power_ClearPending
                0x0000176c       0x10 .\CortexM3\ARM_GCC_493\Debug\Controls.a(i_Power.o)
                0x0000176c                i_Power_ClearPending
 .text.i_Input_2_SetVector
                0x0000177c        0xc .\CortexM3\ARM_GCC_493\Debug\Controls.a(i_Input_2.o)
                0x0000177c                i_Input_2_SetVector
 .text.i_Input_2_SetPriority
                0x00001788       0x10 .\CortexM3\ARM_GCC_493\Debug\Controls.a(i_Input_2.o)
                0x00001788                i_Input_2_SetPriority
 .text.i_Input_2_Enable
                0x00001798        0xc .\CortexM3\ARM_GCC_493\Debug\Controls.a(i_Input_2.o)
                0x00001798                i_Input_2_Enable
 .text.i_Input_2_Disable
                0x000017a4        0xc .\CortexM3\ARM_GCC_493\Debug\Controls.a(i_Input_2.o)
                0x000017a4                i_Input_2_Disable
 .text.i_Input_2_StartEx
                0x000017b0       0x1c .\CortexM3\ARM_GCC_493\Debug\Controls.a(i_Input_2.o)
                0x000017b0                i_Input_2_StartEx
 .text.i_Input_2_ClearPending
                0x000017cc        0xc .\CortexM3\ARM_GCC_493\Debug\Controls.a(i_Input_2.o)
                0x000017cc                i_Input_2_ClearPending
 .text.Input_Relais_0_Write
                0x000017d8       0x18 .\CortexM3\ARM_GCC_493\Debug\Controls.a(Input_Relais_0.o)
                0x000017d8                Input_Relais_0_Write
 .text.Input_Relais_1_Write
                0x000017f0       0x18 .\CortexM3\ARM_GCC_493\Debug\Controls.a(Input_Relais_1.o)
                0x000017f0                Input_Relais_1_Write
 .text.Input_Relais_2_Write
                0x00001808       0x18 .\CortexM3\ARM_GCC_493\Debug\Controls.a(Input_Relais_2.o)
                0x00001808                Input_Relais_2_Write
 .text.Input_Relais_3_Write
                0x00001820       0x18 .\CortexM3\ARM_GCC_493\Debug\Controls.a(Input_Relais_3.o)
                0x00001820                Input_Relais_3_Write
 .text.Button_Timer_Enable
                0x00001838       0x28 .\CortexM3\ARM_GCC_493\Debug\Controls.a(Button_Timer.o)
                0x00001838                Button_Timer_Enable
 .text.Button_Timer_Stop
                0x00001860       0x28 .\CortexM3\ARM_GCC_493\Debug\Controls.a(Button_Timer.o)
                0x00001860                Button_Timer_Stop
 .text.Button_Timer_SetInterruptMode
                0x00001888        0xc .\CortexM3\ARM_GCC_493\Debug\Controls.a(Button_Timer.o)
                0x00001888                Button_Timer_SetInterruptMode
 .text.Button_Timer_WritePeriod
                0x00001894        0xc .\CortexM3\ARM_GCC_493\Debug\Controls.a(Button_Timer.o)
                0x00001894                Button_Timer_WritePeriod
 .text.Button_Timer_WriteCounter
                0x000018a0        0xc .\CortexM3\ARM_GCC_493\Debug\Controls.a(Button_Timer.o)
                0x000018a0                Button_Timer_WriteCounter
 .text.Button_Timer_Init
                0x000018ac       0x6c .\CortexM3\ARM_GCC_493\Debug\Controls.a(Button_Timer.o)
                0x000018ac                Button_Timer_Init
 .text.Button_Timer_Start
                0x00001918       0x1c .\CortexM3\ARM_GCC_493\Debug\Controls.a(Button_Timer.o)
                0x00001918                Button_Timer_Start
 .text.Button_Timer_Interrupt_SetVector
                0x00001934        0xc .\CortexM3\ARM_GCC_493\Debug\Controls.a(Button_Timer_Interrupt.o)
                0x00001934                Button_Timer_Interrupt_SetVector
 .text.Button_Timer_Interrupt_SetPriority
                0x00001940       0x10 .\CortexM3\ARM_GCC_493\Debug\Controls.a(Button_Timer_Interrupt.o)
                0x00001940                Button_Timer_Interrupt_SetPriority
 .text.Button_Timer_Interrupt_Enable
                0x00001950        0xc .\CortexM3\ARM_GCC_493\Debug\Controls.a(Button_Timer_Interrupt.o)
                0x00001950                Button_Timer_Interrupt_Enable
 .text.Button_Timer_Interrupt_Disable
                0x0000195c        0xc .\CortexM3\ARM_GCC_493\Debug\Controls.a(Button_Timer_Interrupt.o)
                0x0000195c                Button_Timer_Interrupt_Disable
 .text.Button_Timer_Interrupt_StartEx
                0x00001968       0x1c .\CortexM3\ARM_GCC_493\Debug\Controls.a(Button_Timer_Interrupt.o)
                0x00001968                Button_Timer_Interrupt_StartEx
 .text.Button_Timer_Interrupt_ClearPending
                0x00001984        0xc .\CortexM3\ARM_GCC_493\Debug\Controls.a(Button_Timer_Interrupt.o)
                0x00001984                Button_Timer_Interrupt_ClearPending
 .text.Input_Relais_4_Write
                0x00001990       0x18 .\CortexM3\ARM_GCC_493\Debug\Controls.a(Input_Relais_4.o)
                0x00001990                Input_Relais_4_Write
 .text.Input_Relais_5_Write
                0x000019a8       0x18 .\CortexM3\ARM_GCC_493\Debug\Controls.a(Input_Relais_5.o)
                0x000019a8                Input_Relais_5_Write
 .text.Input_Relais_6_Write
                0x000019c0       0x18 .\CortexM3\ARM_GCC_493\Debug\Controls.a(Input_Relais_6.o)
                0x000019c0                Input_Relais_6_Write
 .text.Input_Relais_7_Write
                0x000019d8       0x18 .\CortexM3\ARM_GCC_493\Debug\Controls.a(Input_Relais_7.o)
                0x000019d8                Input_Relais_7_Write
 .text.Protection_IN_Write
                0x000019f0       0x18 .\CortexM3\ARM_GCC_493\Debug\Controls.a(Protection_IN.o)
                0x000019f0                Protection_IN_Write
 .text.Protection_CLR_Write
                0x00001a08       0x18 .\CortexM3\ARM_GCC_493\Debug\Controls.a(Protection_CLR.o)
                0x00001a08                Protection_CLR_Write
 .text.Protection_CLK_Write
                0x00001a20       0x18 .\CortexM3\ARM_GCC_493\Debug\Controls.a(Protection_CLK.o)
                0x00001a20                Protection_CLK_Write
 .text.USBUART_Init
                0x00001a38      0x140 .\CortexM3\ARM_GCC_493\Debug\Controls.a(USBUART.o)
                0x00001a38                USBUART_Init
 .text.USBUART_InitComponent
                0x00001b78       0xd0 .\CortexM3\ARM_GCC_493\Debug\Controls.a(USBUART.o)
                0x00001b78                USBUART_InitComponent
 .text.USBUART_Start
                0x00001c48       0x24 .\CortexM3\ARM_GCC_493\Debug\Controls.a(USBUART.o)
                0x00001c48                USBUART_Start
 .text.USBUART_ReInitComponent
                0x00001c6c       0x64 .\CortexM3\ARM_GCC_493\Debug\Controls.a(USBUART.o)
                0x00001c6c                USBUART_ReInitComponent
 .text.USBUART_GetConfiguration
                0x00001cd0        0xc .\CortexM3\ARM_GCC_493\Debug\Controls.a(USBUART.o)
                0x00001cd0                USBUART_GetConfiguration
 .text.USBUART_IsConfigurationChanged
                0x00001cdc       0x20 .\CortexM3\ARM_GCC_493\Debug\Controls.a(USBUART.o)
                0x00001cdc                USBUART_IsConfigurationChanged
 .text.USBUART_GetEPState
                0x00001cfc       0x14 .\CortexM3\ARM_GCC_493\Debug\Controls.a(USBUART.o)
                0x00001cfc                USBUART_GetEPState
 .text.USBUART_GetEPCount
                0x00001d10       0x28 .\CortexM3\ARM_GCC_493\Debug\Controls.a(USBUART.o)
                0x00001d10                USBUART_GetEPCount
 .text.USBUART_LoadInEP
                0x00001d38       0x94 .\CortexM3\ARM_GCC_493\Debug\Controls.a(USBUART.o)
                0x00001d38                USBUART_LoadInEP
 .text.USBUART_EnableOutEP
                0x00001dcc       0x2c .\CortexM3\ARM_GCC_493\Debug\Controls.a(USBUART.o)
                0x00001dcc                USBUART_EnableOutEP
 .text.USBUART_ReadOutEP
                0x00001df8       0x50 .\CortexM3\ARM_GCC_493\Debug\Controls.a(USBUART.o)
                0x00001df8                USBUART_ReadOutEP
 .text.USBUART_GetInterfaceComPort
                0x00001e48       0x3c .\CortexM3\ARM_GCC_493\Debug\Controls.a(USBUART_cdc.o)
                0x00001e48                USBUART_GetInterfaceComPort
 .text.USBUART_DispatchCDCClassRqst
                0x00001e84       0x98 .\CortexM3\ARM_GCC_493\Debug\Controls.a(USBUART_cdc.o)
                0x00001e84                USBUART_DispatchCDCClassRqst
 .text.USBUART_CDC_Init
                0x00001f1c       0x98 .\CortexM3\ARM_GCC_493\Debug\Controls.a(USBUART_cdc.o)
                0x00001f1c                USBUART_CDC_Init
 .text.USBUART_PutData
                0x00001fb4       0x4c .\CortexM3\ARM_GCC_493\Debug\Controls.a(USBUART_cdc.o)
                0x00001fb4                USBUART_PutData
 .text.USBUART_DataIsReady
                0x00002000       0x18 .\CortexM3\ARM_GCC_493\Debug\Controls.a(USBUART_cdc.o)
                0x00002000                USBUART_DataIsReady
 .text.USBUART_CDCIsReady
                0x00002018       0x18 .\CortexM3\ARM_GCC_493\Debug\Controls.a(USBUART_cdc.o)
                0x00002018                USBUART_CDCIsReady
 .text.USBUART_GetAll
                0x00002030       0x30 .\CortexM3\ARM_GCC_493\Debug\Controls.a(USBUART_cdc.o)
                0x00002030                USBUART_GetAll
 .text.USBUART_Cdc_EpInit
                0x00002060       0x50 .\CortexM3\ARM_GCC_493\Debug\Controls.a(USBUART_cdc.o)
                0x00002060                USBUART_Cdc_EpInit
 .text.USBUART_LoadEP0
                0x000020b0       0x94 .\CortexM3\ARM_GCC_493\Debug\Controls.a(USBUART_drv.o)
                0x000020b0                USBUART_LoadEP0
 .text.USBUART_InitZeroLengthControlTransfer
                0x00002144       0x34 .\CortexM3\ARM_GCC_493\Debug\Controls.a(USBUART_drv.o)
                0x00002144                USBUART_InitZeroLengthControlTransfer
 .text.USBUART_ControlReadDataStage
                0x00002178        0x8 .\CortexM3\ARM_GCC_493\Debug\Controls.a(USBUART_drv.o)
                0x00002178                USBUART_ControlReadDataStage
 .text.USBUART_ControlWriteDataStage
                0x00002180       0x80 .\CortexM3\ARM_GCC_493\Debug\Controls.a(USBUART_drv.o)
                0x00002180                USBUART_ControlWriteDataStage
 .text.USBUART_InitNoDataControlTransfer
                0x00002200       0x2c .\CortexM3\ARM_GCC_493\Debug\Controls.a(USBUART_drv.o)
                0x00002200                USBUART_InitNoDataControlTransfer
 .text.USBUART_UpdateStatusBlock
                0x0000222c       0x24 .\CortexM3\ARM_GCC_493\Debug\Controls.a(USBUART_drv.o)
                0x0000222c                USBUART_UpdateStatusBlock
 .text.USBUART_HandleSetup
                0x00002250       0x5c .\CortexM3\ARM_GCC_493\Debug\Controls.a(USBUART_drv.o)
                0x00002250                USBUART_HandleSetup
 .text.USBUART_ControlReadStatusStage
                0x000022ac       0x34 .\CortexM3\ARM_GCC_493\Debug\Controls.a(USBUART_drv.o)
                0x000022ac                USBUART_ControlReadStatusStage
 .text.USBUART_HandleOUT
                0x000022e0       0x38 .\CortexM3\ARM_GCC_493\Debug\Controls.a(USBUART_drv.o)
                0x000022e0                USBUART_HandleOUT
 .text.USBUART_ControlWriteStatusStage
                0x00002318       0x20 .\CortexM3\ARM_GCC_493\Debug\Controls.a(USBUART_drv.o)
                0x00002318                USBUART_ControlWriteStatusStage
 .text.USBUART_NoDataControlStatusStage
                0x00002338       0x40 .\CortexM3\ARM_GCC_493\Debug\Controls.a(USBUART_drv.o)
                0x00002338                USBUART_NoDataControlStatusStage
 .text.USBUART_HandleIN
                0x00002378       0x2c .\CortexM3\ARM_GCC_493\Debug\Controls.a(USBUART_drv.o)
                0x00002378                USBUART_HandleIN
 .text.USBUART_EP_0_ISR
                0x000023a4       0xb8 .\CortexM3\ARM_GCC_493\Debug\Controls.a(USBUART_drv.o)
                0x000023a4                USBUART_EP_0_ISR
 .text.USBUART_InitializeStatusBlock
                0x0000245c       0x24 .\CortexM3\ARM_GCC_493\Debug\Controls.a(USBUART_drv.o)
                0x0000245c                USBUART_InitializeStatusBlock
 .text.USBUART_InitControlRead
                0x00002480       0x50 .\CortexM3\ARM_GCC_493\Debug\Controls.a(USBUART_drv.o)
                0x00002480                USBUART_InitControlRead
 .text.USBUART_InitControlWrite
                0x000024d0       0x48 .\CortexM3\ARM_GCC_493\Debug\Controls.a(USBUART_drv.o)
                0x000024d0                USBUART_InitControlWrite
 .text.USBUART_EP_1_ISR
                0x00002518       0x30 .\CortexM3\ARM_GCC_493\Debug\Controls.a(USBUART_episr.o)
                0x00002518                USBUART_EP_1_ISR
 .text.USBUART_EP_2_ISR
                0x00002548       0x34 .\CortexM3\ARM_GCC_493\Debug\Controls.a(USBUART_episr.o)
                0x00002548                USBUART_EP_2_ISR
 .text.USBUART_EP_3_ISR
                0x0000257c       0x3c .\CortexM3\ARM_GCC_493\Debug\Controls.a(USBUART_episr.o)
                0x0000257c                USBUART_EP_3_ISR
 .text.USBUART_SOF_ISR
                0x000025b8        0x4 .\CortexM3\ARM_GCC_493\Debug\Controls.a(USBUART_episr.o)
                0x000025b8                USBUART_SOF_ISR
 .text.USBUART_BUS_RESET_ISR
                0x000025bc        0x8 .\CortexM3\ARM_GCC_493\Debug\Controls.a(USBUART_episr.o)
                0x000025bc                USBUART_BUS_RESET_ISR
 .text.USBUART_FindHidClassDecriptor
                0x000025c4       0x40 .\CortexM3\ARM_GCC_493\Debug\Controls.a(USBUART_hid.o)
                0x000025c4                USBUART_FindHidClassDecriptor
 .text.USBUART_FindReportDescriptor
                0x00002604       0x48 .\CortexM3\ARM_GCC_493\Debug\Controls.a(USBUART_hid.o)
                0x00002604                USBUART_FindReportDescriptor
 .text.USBUART_FindReport
                0x0000264c       0x7c .\CortexM3\ARM_GCC_493\Debug\Controls.a(USBUART_hid.o)
                0x0000264c                USBUART_FindReport
 .text.USBUART_DispatchHIDClassRqst
                0x000026c8      0x184 .\CortexM3\ARM_GCC_493\Debug\Controls.a(USBUART_hid.o)
                0x000026c8                USBUART_DispatchHIDClassRqst
 .text.USBUART_DP_ISR
                0x0000284c        0x8 .\CortexM3\ARM_GCC_493\Debug\Controls.a(USBUART_pm.o)
                0x0000284c                USBUART_DP_ISR
 .text.USBUART_ReadDieID
                0x00002854       0x6c .\CortexM3\ARM_GCC_493\Debug\Controls.a(USBUART_std.o)
                0x00002854                USBUART_ReadDieID
 .text.USBUART_ConfigReg
                0x000028c0       0xa4 .\CortexM3\ARM_GCC_493\Debug\Controls.a(USBUART_std.o)
                0x000028c0                USBUART_ConfigReg
 .text.USBUART_GetConfigTablePtr
                0x00002964       0x28 .\CortexM3\ARM_GCC_493\Debug\Controls.a(USBUART_std.o)
                0x00002964                USBUART_GetConfigTablePtr
 .text.USBUART_ConfigAltChanged
                0x0000298c      0x11c .\CortexM3\ARM_GCC_493\Debug\Controls.a(USBUART_std.o)
                0x0000298c                USBUART_ConfigAltChanged
 .text.USBUART_GetDeviceTablePtr
                0x00002aa8       0x18 .\CortexM3\ARM_GCC_493\Debug\Controls.a(USBUART_std.o)
                0x00002aa8                USBUART_GetDeviceTablePtr
 .text.USBUART_GetInterfaceClassTablePtr
                0x00002ac0       0x24 .\CortexM3\ARM_GCC_493\Debug\Controls.a(USBUART_std.o)
                0x00002ac0                USBUART_GetInterfaceClassTablePtr
 .text.USBUART_Config
                0x00002ae4      0x1dc .\CortexM3\ARM_GCC_493\Debug\Controls.a(USBUART_std.o)
                0x00002ae4                USBUART_Config
 .text.USBUART_SetEndpointHalt
                0x00002cc0       0x64 .\CortexM3\ARM_GCC_493\Debug\Controls.a(USBUART_std.o)
                0x00002cc0                USBUART_SetEndpointHalt
 .text.USBUART_ClearEndpointHalt
                0x00002d24       0xa8 .\CortexM3\ARM_GCC_493\Debug\Controls.a(USBUART_std.o)
                0x00002d24                USBUART_ClearEndpointHalt
 .text.USBUART_ValidateAlternateSetting
                0x00002dcc       0x4c .\CortexM3\ARM_GCC_493\Debug\Controls.a(USBUART_std.o)
                0x00002dcc                USBUART_ValidateAlternateSetting
 .text.USBUART_HandleStandardRqst
                0x00002e18      0x35c .\CortexM3\ARM_GCC_493\Debug\Controls.a(USBUART_std.o)
                0x00002e18                USBUART_HandleStandardRqst
 .text.USBUART_HandleVendorRqst
                0x00003174       0x3c .\CortexM3\ARM_GCC_493\Debug\Controls.a(USBUART_vnd.o)
                0x00003174                USBUART_HandleVendorRqst
 .text.USBUART_Dp_ClearInterrupt
                0x000031b0       0x10 .\CortexM3\ARM_GCC_493\Debug\Controls.a(USBUART_Dp.o)
                0x000031b0                USBUART_Dp_ClearInterrupt
 .text          0x000031c0       0x20 .\CortexM3\ARM_GCC_493\Debug\Controls.a(CyBootAsmGnu.o)
                0x000031c0                CyDelayCycles
                0x000031d0                CyEnterCriticalSection
                0x000031d8                CyExitCriticalSection
 .text.USBUART_DispatchClassRqst
                0x000031e0       0x60 .\CortexM3\ARM_GCC_493\Debug\Controls.a(USBUART_cls.o)
                0x000031e0                USBUART_DispatchClassRqst
 .text.__errno  0x00003240        0xc c:/program files (x86)/cypress/psoc creator/4.0/psoc creator/import/gnu/arm/4.9.3/bin/../lib/gcc/arm-none-eabi/4.9.3/../../../../arm-none-eabi/lib/armv7-m\libg_nano.a(lib_a-errno.o)
                0x00003240                __errno
 .text.__libc_init_array
                0x0000324c       0x4c c:/program files (x86)/cypress/psoc creator/4.0/psoc creator/import/gnu/arm/4.9.3/bin/../lib/gcc/arm-none-eabi/4.9.3/../../../../arm-none-eabi/lib/armv7-m\libg_nano.a(lib_a-init.o)
                0x0000324c                __libc_init_array
 .text.memcpy   0x00003298       0x16 c:/program files (x86)/cypress/psoc creator/4.0/psoc creator/import/gnu/arm/4.9.3/bin/../lib/gcc/arm-none-eabi/4.9.3/../../../../arm-none-eabi/lib/armv7-m\libg_nano.a(lib_a-memcpy.o)
                0x00003298                memcpy
 .text.memset   0x000032ae       0x10 c:/program files (x86)/cypress/psoc creator/4.0/psoc creator/import/gnu/arm/4.9.3/bin/../lib/gcc/arm-none-eabi/4.9.3/../../../../arm-none-eabi/lib/armv7-m\libg_nano.a(lib_a-memset.o)
                0x000032ae                memset
 *(.plt)
 *(.gnu.warning)
 *(.glue_7t)
 .glue_7t       0x00000000        0x0 linker stubs
 *(.glue_7)
 .glue_7        0x00000000        0x0 linker stubs
 *(.vfp11_veneer)
 .vfp11_veneer  0x00000000        0x0 linker stubs
 *(.bootloader)
 *(.ARM.extab* .gnu.linkonce.armextab.*)
 *(.gcc_except_table)

.v4_bx          0x000032c0        0x0
 .v4_bx         0x00000000        0x0 linker stubs

.iplt           0x000032c0        0x0
 .iplt          0x00000000        0x0 c:/program files (x86)/cypress/psoc creator/4.0/psoc creator/import/gnu/arm/4.9.3/bin/../lib/gcc/arm-none-eabi/4.9.3/armv7-m/crtbegin.o

.eh_frame_hdr
 *(.eh_frame_hdr)

.eh_frame       0x000032c0        0x4
 *(.eh_frame)
 .eh_frame      0x000032c0        0x0 c:/program files (x86)/cypress/psoc creator/4.0/psoc creator/import/gnu/arm/4.9.3/bin/../lib/gcc/arm-none-eabi/4.9.3/armv7-m/crtbegin.o
 .eh_frame      0x000032c0        0x0 c:/program files (x86)/cypress/psoc creator/4.0/psoc creator/import/gnu/arm/4.9.3/bin/../lib/gcc/arm-none-eabi/4.9.3/../../../../arm-none-eabi/lib/armv7-m\libg_nano.a(lib_a-strcmp.o)
                                 0x28 (size before relaxing)
 .eh_frame      0x000032c0        0x4 c:/program files (x86)/cypress/psoc creator/4.0/psoc creator/import/gnu/arm/4.9.3/bin/../lib/gcc/arm-none-eabi/4.9.3/armv7-m/crtend.o
                0x000032c4                PROVIDE (__exidx_start, .)

.ARM.exidx
 *(.ARM.exidx* .gnu.linkonce.armexidx.*)
                0x000032c4                __exidx_end = .

.rodata         0x000032c4      0x2cc
 *(.rodata .rodata.* .gnu.linkonce.r.*)
 .rodata.str1.4
                0x000032c4       0x2e .\CortexM3\ARM_GCC_493\Debug\main.o
                                 0x30 (size before relaxing)
 *fill*         0x000032f2        0x2 
 .rodata        0x000032f4       0x44 .\CortexM3\ARM_GCC_493\Debug\Controls.a(cyfitter_cfg.o)
                0x000032f4                Volume_ADC_AMux__addrTable
                0x000032fc                Volume_ADC_AMux__maskTable
 .rodata.str1.4
                0x00003338       0x14 .\CortexM3\ARM_GCC_493\Debug\Controls.a(USBUART_std.o)
 .rodata        0x0000334c      0x208 .\CortexM3\ARM_GCC_493\Debug\Controls.a(USBUART_descr.o)
                0x0000334c                USBUART_MSOS_CONFIGURATION_DESCR
                0x00003374                USBUART_MSOS_DESCRIPTOR
                0x00003388                USBUART_TABLE
                0x00003390                USBUART_DEVICE0_TABLE
                0x000033a8                USBUART_DEVICE0_CONFIGURATION0_TABLE
                0x000033d0                USBUART_DEVICE0_CONFIGURATION0_INTERFACE_CLASS
                0x000033d4                USBUART_DEVICE0_CONFIGURATION0_EP_SETTINGS_TABLE
                0x000033ec                USBUART_HIDREPORT_DESCRIPTOR1
                0x00003424                USBUART_SN_STRING_DESCRIPTOR
                0x00003428                USBUART_STRING_DESCRIPTORS
                0x000034fc                USBUART_DEVICE0_CONFIGURATION0_DESCR
                0x00003540                USBUART_DEVICE0_DESCR
 .rodata.str1.1
                0x00003554        0x2 c:/program files (x86)/cypress/psoc creator/4.0/psoc creator/import/gnu/arm/4.9.3/bin/../lib/gcc/arm-none-eabi/4.9.3/../../../../arm-none-eabi/lib/armv7-m\libg_nano.a(lib_a-impure.o)
                0x00003558                . = ALIGN (0x4)
 *fill*         0x00003556        0x2 
 *(.init)
 .init          0x00003558        0x4 c:/program files (x86)/cypress/psoc creator/4.0/psoc creator/import/gnu/arm/4.9.3/bin/../lib/gcc/arm-none-eabi/4.9.3/armv7-m/crti.o
                0x00003558                _init
 .init          0x0000355c        0x8 c:/program files (x86)/cypress/psoc creator/4.0/psoc creator/import/gnu/arm/4.9.3/bin/../lib/gcc/arm-none-eabi/4.9.3/armv7-m/crtn.o
                0x00003564                . = ALIGN (0x4)
                0x00003564                __preinit_array_start = .
 *(.preinit_array)
                0x00003564                __preinit_array_end = .
                0x00003564                . = ALIGN (0x4)
                0x00003564                __init_array_start = .
 *(SORT(.init_array.*))
 *(.init_array)
 .init_array    0x00003564        0x4 c:/program files (x86)/cypress/psoc creator/4.0/psoc creator/import/gnu/arm/4.9.3/bin/../lib/gcc/arm-none-eabi/4.9.3/armv7-m/crtbegin.o
 .init_array    0x00003568        0x4 .\CortexM3\ARM_GCC_493\Debug\Cm3Start.o
                0x0000356c                __init_array_end = .
                0x0000356c                . = ALIGN (0x4)
 *(.fini)
 .fini          0x0000356c        0x4 c:/program files (x86)/cypress/psoc creator/4.0/psoc creator/import/gnu/arm/4.9.3/bin/../lib/gcc/arm-none-eabi/4.9.3/armv7-m/crti.o
                0x0000356c                _fini
 .fini          0x00003570        0x8 c:/program files (x86)/cypress/psoc creator/4.0/psoc creator/import/gnu/arm/4.9.3/bin/../lib/gcc/arm-none-eabi/4.9.3/armv7-m/crtn.o
                0x00003578                . = ALIGN (0x4)
                0x00003578                __fini_array_start = .
 *(.fini_array)
 .fini_array    0x00003578        0x4 c:/program files (x86)/cypress/psoc creator/4.0/psoc creator/import/gnu/arm/4.9.3/bin/../lib/gcc/arm-none-eabi/4.9.3/armv7-m/crtbegin.o
 *(SORT(.fini_array.*))
                0x0000357c                __fini_array_end = .
                0x0000357c                . = ALIGN (0x4)
 *crtbegin.o(.ctors)
 *(EXCLUDE_FILE(*crtend.o) .ctors)
 *(SORT(.ctors.*))
 *crtend.o(.ctors)
                0x0000357c                . = ALIGN (0x4)
 *crtbegin.o(.dtors)
 *(EXCLUDE_FILE(*crtend.o) .dtors)
 *(SORT(.dtors.*))
 *crtend.o(.dtors)
                0x0000357c                . = ALIGN (0x4)
                0x0000357c                __cy_regions = .
                0x0000357c        0x4 LONG 0x3590 __cy_region_init_ram
                0x00003580        0x4 LONG 0x1fff8108 __cy_region_start_data
                0x00003584        0x4 LONG 0xc0 __cy_region_init_size_ram
                0x00003588        0x4 LONG 0x120 __cy_region_zero_size_ram
                0x0000358c                __cy_regions_end = .
                0x00003590                . = ALIGN (0x8)
 *fill*         0x0000358c        0x4 
                0x00003590                _etext = .

.cy_checksum_exclude
                0x00003590        0x0
 *(.cy_checksum_exclude)

.ramvectors     0x1fff8000      0x100
                0x1fff8000                __cy_region_start_ram = .
 *(.ramvectors)
 .ramvectors    0x1fff8000      0x100 .\CortexM3\ARM_GCC_493\Debug\Cm3Start.o
                0x1fff8000                CyRamVectors

.noinit         0x1fff8100        0x5
 *(.noinit)
 .noinit        0x1fff8100        0x4 .\CortexM3\ARM_GCC_493\Debug\Cm3Start.o
 .noinit        0x1fff8104        0x1 .\CortexM3\ARM_GCC_493\Debug\Controls.a(CyLib.o)
                0x1fff8104                CyResetStatus

.data           0x1fff8108       0xc0 load address 0x00003590
                0x1fff8108                __cy_region_start_data = .
 *(.jcr)
 .jcr           0x1fff8108        0x0 c:/program files (x86)/cypress/psoc creator/4.0/psoc creator/import/gnu/arm/4.9.3/bin/../lib/gcc/arm-none-eabi/4.9.3/armv7-m/crtbegin.o
 .jcr           0x1fff8108        0x4 c:/program files (x86)/cypress/psoc creator/4.0/psoc creator/import/gnu/arm/4.9.3/bin/../lib/gcc/arm-none-eabi/4.9.3/armv7-m/crtend.o
 *(.got.plt)
 *(.got)
 *(.shdata)
 *(.data .data.* .gnu.linkonce.d.*)
 .data          0x1fff810c       0x24 .\CortexM3\ARM_GCC_493\Debug\main.o
                0x1fff810c                globalstate
                0x1fff810d                input
                0x1fff8110                stop
                0x1fff811c                parity
 .data          0x1fff8130       0x10 .\CortexM3\ARM_GCC_493\Debug\Controls.a(CyLib.o)
                0x1fff8130                cydelay_32k_ms
                0x1fff8134                cydelay_freq_khz
                0x1fff8138                cydelay_freq_mhz
                0x1fff813c                cydelay_freq_hz
 .data          0x1fff8140        0x1 .\CortexM3\ARM_GCC_493\Debug\Controls.a(Volume_ADC.o)
                0x1fff8140                Volume_ADC_Config
 .data          0x1fff8141        0x1 .\CortexM3\ARM_GCC_493\Debug\Controls.a(Volume_ADC_AMux.o)
 *fill*         0x1fff8142        0x2 
 .data          0x1fff8144       0x1c .\CortexM3\ARM_GCC_493\Debug\Controls.a(USBUART_cdc.o)
                0x1fff8144                USBUART_linesCoding
 .data.impure_data
                0x1fff8160       0x60 c:/program files (x86)/cypress/psoc creator/4.0/psoc creator/import/gnu/arm/4.9.3/bin/../lib/gcc/arm-none-eabi/4.9.3/../../../../arm-none-eabi/lib/armv7-m\libg_nano.a(lib_a-impure.o)
 .data._impure_ptr
                0x1fff81c0        0x4 c:/program files (x86)/cypress/psoc creator/4.0/psoc creator/import/gnu/arm/4.9.3/bin/../lib/gcc/arm-none-eabi/4.9.3/../../../../arm-none-eabi/lib/armv7-m\libg_nano.a(lib_a-impure.o)
                0x1fff81c0                _impure_ptr
                0x1fff81c8                . = ALIGN (0x8)
 *fill*         0x1fff81c4        0x4 
 *(.ram)
                0x1fff81c8                _edata = .

.igot.plt       0x1fff81c8        0x0 load address 0x00003650
 .igot.plt      0x00000000        0x0 c:/program files (x86)/cypress/psoc creator/4.0/psoc creator/import/gnu/arm/4.9.3/bin/../lib/gcc/arm-none-eabi/4.9.3/armv7-m/crtbegin.o

.bss            0x1fff81c8      0x120 load address 0x00003650
                0x1fff81c8                PROVIDE (__bss_start__, .)
 *(.shbss)
 *(.bss .bss.* .gnu.linkonce.b.*)
 .bss           0x1fff81c8       0x1c c:/program files (x86)/cypress/psoc creator/4.0/psoc creator/import/gnu/arm/4.9.3/bin/../lib/gcc/arm-none-eabi/4.9.3/armv7-m/crtbegin.o
 .bss           0x1fff81e4        0x1 .\CortexM3\ARM_GCC_493\Debug\main.o
                0x1fff81e4                muted
 *fill*         0x1fff81e5        0x3 
 .bss           0x1fff81e8        0x8 .\CortexM3\ARM_GCC_493\Debug\Controls.a(Volume_ADC.o)
                0x1fff81ec                Volume_ADC_stopConversion
                0x1fff81ed                Volume_ADC_convDone
                0x1fff81ee                Volume_ADC_initVar
                0x1fff81ef                Volume_ADC_started
 .bss           0x1fff81f0        0x1 .\CortexM3\ARM_GCC_493\Debug\Controls.a(Button_Timer.o)
                0x1fff81f0                Button_Timer_initVar
 .bss           0x1fff81f1        0x1 .\CortexM3\ARM_GCC_493\Debug\Controls.a(USBUART.o)
                0x1fff81f1                USBUART_initVar
 .bss           0x1fff81f2        0x1 .\CortexM3\ARM_GCC_493\Debug\Controls.a(USBUART_cdc.o)
 *fill*         0x1fff81f3        0x1 
 .bss           0x1fff81f4        0x4 .\CortexM3\ARM_GCC_493\Debug\Controls.a(USBUART_std.o)
 *(COMMON)
 COMMON         0x1fff81f8        0x8 .\CortexM3\ARM_GCC_493\Debug\Controls.a(Volume_ADC.o)
                0x1fff81f8                Volume_ADC_CountsPerVolt
                0x1fff81fc                Volume_ADC_Offset
 COMMON         0x1fff8200       0x18 .\CortexM3\ARM_GCC_493\Debug\Controls.a(USBUART_cdc.o)
                0x1fff8200                USBUART_linesChanged
                0x1fff8204                USBUART_cdcDataInEp
                0x1fff8208                USBUART_cdcCommInInterruptEp
                0x1fff820c                USBUART_cdcDataOutEp
                0x1fff8210                USBUART_serialStateBitmap
                0x1fff8214                USBUART_linesControlBitmap
 COMMON         0x1fff8218       0x9a .\CortexM3\ARM_GCC_493\Debug\Controls.a(USBUART_drv.o)
                0x1fff8218                USBUART_lastPacketSize
                0x1fff8219                USBUART_device
                0x1fff821a                USBUART_transferByteCount
                0x1fff821c                USBUART_transferState
                0x1fff8220                USBUART_interfaceSettingLast
                0x1fff8224                USBUART_currentTD
                0x1fff8230                USBUART_interfaceNumber
                0x1fff8234                USBUART_interfaceClass
                0x1fff8238                USBUART_configurationChanged
                0x1fff8239                USBUART_ep0Mode
                0x1fff823a                USBUART_deviceAddress
                0x1fff823b                USBUART_configuration
                0x1fff823c                USBUART_ep0Count
                0x1fff823d                USBUART_deviceStatus
                0x1fff8240                USBUART_EP
                0x1fff82ac                USBUART_interfaceSetting
                0x1fff82ae                USBUART_ep0Toggle
                0x1fff82b0                USBUART_interfaceStatus
 *fill*         0x1fff82b2        0x2 
 COMMON         0x1fff82b4        0xa .\CortexM3\ARM_GCC_493\Debug\Controls.a(USBUART_hid.o)
                0x1fff82b4                USBUART_hidProtocol
                0x1fff82b8                USBUART_hidIdleTimer
                0x1fff82bc                USBUART_hidIdleRate
 *fill*         0x1fff82be        0x2 
 COMMON         0x1fff82c0       0x22 .\CortexM3\ARM_GCC_493\Debug\Controls.a(USBUART_descr.o)
                0x1fff82c0                USBUART_idSerialNumberStringDescriptor
                0x1fff82e8                . = ALIGN (0x8)
 *fill*         0x1fff82e2        0x6 
 *(.ram.b)
                0x1fff82e8                _end = .
                0x1fff82e8                __end = .
                0x1fff82e8                PROVIDE (end, .)
                0x1fff82e8                PROVIDE (__bss_end__, .)
                0x00003590                __cy_region_init_ram = LOADADDR (.data)
                0x000000c0                __cy_region_init_size_ram = (_edata - ADDR (.data))
                0x00000120                __cy_region_zero_size_ram = (_end - _edata)

.heap           0x1fff82e8       0x80 load address 0x00003650
                0x1fff82e8                . = _end
                0x1fff8368                . = (. + 0x80)
 *fill*         0x1fff82e8       0x80 
                0x1fff8368                __cy_heap_limit = .

.stack          0x20007800      0x800
                0x20007800                __cy_stack_limit = .
                0x20008000                . = (. + 0x800)
 *fill*         0x20007800      0x800 
                0x00000001                ASSERT ((__cy_stack_limit >= __cy_heap_limit), region RAM overflowed with stack)
                0x00000000                cy_checksum_exclude_size = (CY_APPL_LOADABLE == 0x1)?SIZEOF (.cy_checksum_exclude):0x0
                0x00000001                ASSERT ((cy_checksum_exclude_size <= CY_CHECKSUM_EXCLUDE_SIZE), CY_BOOT: Section .cy_checksum_exclude size exceedes specified limit.)

.cyloadermeta
 *(.cyloadermeta)

.cyloadablemeta
 *(.cyloadablemeta)

.cyconfigecc    0x80000000      0x1ac
 *(.cyconfigecc)
 .cyconfigecc   0x80000000      0x1ac .\CortexM3\ARM_GCC_493\Debug\cymetadata.o
                0x80000000                cy_meta_configecc

.cycustnvl      0x90000000        0x4
 *(.cycustnvl)
 .cycustnvl     0x90000000        0x4 .\CortexM3\ARM_GCC_493\Debug\cymetadata.o
                0x90000000                cy_meta_custnvl

.cywolatch      0x90100000        0x4
 *(.cywolatch)
 .cywolatch     0x90100000        0x4 .\CortexM3\ARM_GCC_493\Debug\cymetadata.o
                0x90100000                cy_meta_wonvl

.cyeeprom       0x90200000        0x0
 *(.cyeeprom)
                0x00000001                ASSERT ((. <= ((0x90200000 + ee_offset) + ee_size)), .cyeeprom data will not fit in EEPROM)

.cyflashprotect
                0x90400000      0x100
 *(.cyflashprotect)
 .cyflashprotect
                0x90400000      0x100 .\CortexM3\ARM_GCC_493\Debug\cymetadata.o
                0x90400000                cy_meta_flashprotect

.cymeta         0x90500000        0xc
 *(.cymeta)
 .cymeta        0x90500000        0xc .\CortexM3\ARM_GCC_493\Debug\cymetadata.o
                0x90500000                cy_metadata

.rel.dyn        0x00003650        0x0 load address 0x9050000c
 .rel.iplt      0x00000000        0x0 c:/program files (x86)/cypress/psoc creator/4.0/psoc creator/import/gnu/arm/4.9.3/bin/../lib/gcc/arm-none-eabi/4.9.3/armv7-m/crtbegin.o

.stab
 *(.stab)

.stabstr
 *(.stabstr)

.debug
 *(.debug)

.line
 *(.line)

.debug_srcinfo
 *(.debug_srcinfo)

.debug_sfnames
 *(.debug_sfnames)

.debug_aranges  0x00000000     0x1910
 *(.debug_aranges)
 .debug_aranges
                0x00000000       0x90 .\CortexM3\ARM_GCC_493\Debug\main.o
 .debug_aranges
                0x00000090       0x18 .\CortexM3\ARM_GCC_493\Debug\cymetadata.o
 .debug_aranges
                0x000000a8       0x48 .\CortexM3\ARM_GCC_493\Debug\Cm3Start.o
 .debug_aranges
                0x000000f0       0x68 .\CortexM3\ARM_GCC_493\Debug\Controls.a(cyfitter_cfg.o)
 .debug_aranges
                0x00000158       0x38 .\CortexM3\ARM_GCC_493\Debug\Controls.a(Enter_SW.o)
 .debug_aranges
                0x00000190       0x38 .\CortexM3\ARM_GCC_493\Debug\Controls.a(Power_LED.o)
 .debug_aranges
                0x000001c8       0x38 .\CortexM3\ARM_GCC_493\Debug\Controls.a(D3_LED.o)
 .debug_aranges
                0x00000200       0x38 .\CortexM3\ARM_GCC_493\Debug\Controls.a(Power_SW.o)
 .debug_aranges
                0x00000238       0x38 .\CortexM3\ARM_GCC_493\Debug\Controls.a(Left_SW.o)
 .debug_aranges
                0x00000270       0x38 .\CortexM3\ARM_GCC_493\Debug\Controls.a(Right_SW.o)
 .debug_aranges
                0x000002a8       0x38 .\CortexM3\ARM_GCC_493\Debug\Controls.a(Down_SW.o)
 .debug_aranges
                0x000002e0       0x38 .\CortexM3\ARM_GCC_493\Debug\Controls.a(D2_LED.o)
 .debug_aranges
                0x00000318       0x38 .\CortexM3\ARM_GCC_493\Debug\Controls.a(Up_SW.o)
 .debug_aranges
                0x00000350       0x38 .\CortexM3\ARM_GCC_493\Debug\Controls.a(Input_1_SW.o)
 .debug_aranges
                0x00000388       0x38 .\CortexM3\ARM_GCC_493\Debug\Controls.a(Input_2_SW.o)
 .debug_aranges
                0x000003c0       0x38 .\CortexM3\ARM_GCC_493\Debug\Controls.a(D1_LED.o)
 .debug_aranges
                0x000003f8       0x38 .\CortexM3\ARM_GCC_493\Debug\Controls.a(U1_LED.o)
 .debug_aranges
                0x00000430       0x38 .\CortexM3\ARM_GCC_493\Debug\Controls.a(U2_LED.o)
 .debug_aranges
                0x00000468       0x38 .\CortexM3\ARM_GCC_493\Debug\Controls.a(U3_LED.o)
 .debug_aranges
                0x000004a0       0x38 .\CortexM3\ARM_GCC_493\Debug\Controls.a(U4_LED.o)
 .debug_aranges
                0x000004d8       0x38 .\CortexM3\ARM_GCC_493\Debug\Controls.a(U5_LED.o)
 .debug_aranges
                0x00000510       0x38 .\CortexM3\ARM_GCC_493\Debug\Controls.a(U6_LED.o)
 .debug_aranges
                0x00000548       0x38 .\CortexM3\ARM_GCC_493\Debug\Controls.a(U7_LED.o)
 .debug_aranges
                0x00000580       0x38 .\CortexM3\ARM_GCC_493\Debug\Controls.a(U8_LED.o)
 .debug_aranges
                0x000005b8      0x2a0 .\CortexM3\ARM_GCC_493\Debug\Controls.a(CyLib.o)
 .debug_aranges
                0x00000858       0x98 .\CortexM3\ARM_GCC_493\Debug\Controls.a(cyPm.o)
 .debug_aranges
                0x000008f0       0x38 .\CortexM3\ARM_GCC_493\Debug\Controls.a(Volume_2.o)
 .debug_aranges
                0x00000928       0x38 .\CortexM3\ARM_GCC_493\Debug\Controls.a(Volume_1.o)
 .debug_aranges
                0x00000960       0xe8 .\CortexM3\ARM_GCC_493\Debug\Controls.a(Volume_ADC.o)
 .debug_aranges
                0x00000a48       0x38 .\CortexM3\ARM_GCC_493\Debug\Controls.a(Volume_ADC_INT.o)
 .debug_aranges
                0x00000a80       0x30 .\CortexM3\ARM_GCC_493\Debug\Controls.a(Volume_ADC_AMux.o)
 .debug_aranges
                0x00000ab0       0x70 .\CortexM3\ARM_GCC_493\Debug\Controls.a(Volume_ADC_Ext_CP_Clk.o)
 .debug_aranges
                0x00000b20       0x80 .\CortexM3\ARM_GCC_493\Debug\Controls.a(Volume_ADC_theACLK.o)
 .debug_aranges
                0x00000ba0       0x38 .\CortexM3\ARM_GCC_493\Debug\Controls.a(Mute_SW.o)
 .debug_aranges
                0x00000bd8       0x80 .\CortexM3\ARM_GCC_493\Debug\Controls.a(i_Up.o)
 .debug_aranges
                0x00000c58       0x80 .\CortexM3\ARM_GCC_493\Debug\Controls.a(i_Left.o)
 .debug_aranges
                0x00000cd8       0x80 .\CortexM3\ARM_GCC_493\Debug\Controls.a(i_Mute.o)
 .debug_aranges
                0x00000d58       0x80 .\CortexM3\ARM_GCC_493\Debug\Controls.a(i_Enter.o)
 .debug_aranges
                0x00000dd8       0x80 .\CortexM3\ARM_GCC_493\Debug\Controls.a(i_Down.o)
 .debug_aranges
                0x00000e58       0x80 .\CortexM3\ARM_GCC_493\Debug\Controls.a(i_Right.o)
 .debug_aranges
                0x00000ed8       0x80 .\CortexM3\ARM_GCC_493\Debug\Controls.a(i_Input_1.o)
 .debug_aranges
                0x00000f58       0x80 .\CortexM3\ARM_GCC_493\Debug\Controls.a(i_Power.o)
 .debug_aranges
                0x00000fd8       0x80 .\CortexM3\ARM_GCC_493\Debug\Controls.a(i_Input_2.o)
 .debug_aranges
                0x00001058       0x38 .\CortexM3\ARM_GCC_493\Debug\Controls.a(Input_Relais_0.o)
 .debug_aranges
                0x00001090       0x38 .\CortexM3\ARM_GCC_493\Debug\Controls.a(Input_Relais_1.o)
 .debug_aranges
                0x000010c8       0x38 .\CortexM3\ARM_GCC_493\Debug\Controls.a(Input_Relais_2.o)
 .debug_aranges
                0x00001100       0x38 .\CortexM3\ARM_GCC_493\Debug\Controls.a(Input_Relais_3.o)
 .debug_aranges
                0x00001138       0x88 .\CortexM3\ARM_GCC_493\Debug\Controls.a(Button_Timer.o)
 .debug_aranges
                0x000011c0       0x80 .\CortexM3\ARM_GCC_493\Debug\Controls.a(Button_Timer_Interrupt.o)
 .debug_aranges
                0x00001240       0x38 .\CortexM3\ARM_GCC_493\Debug\Controls.a(Input_Relais_4.o)
 .debug_aranges
                0x00001278       0x38 .\CortexM3\ARM_GCC_493\Debug\Controls.a(Input_Relais_5.o)
 .debug_aranges
                0x000012b0       0x38 .\CortexM3\ARM_GCC_493\Debug\Controls.a(Input_Relais_6.o)
 .debug_aranges
                0x000012e8       0x38 .\CortexM3\ARM_GCC_493\Debug\Controls.a(Input_Relais_7.o)
 .debug_aranges
                0x00001320       0x38 .\CortexM3\ARM_GCC_493\Debug\Controls.a(Protection_IN.o)
 .debug_aranges
                0x00001358       0x38 .\CortexM3\ARM_GCC_493\Debug\Controls.a(Protection_CLR.o)
 .debug_aranges
                0x00001390       0x38 .\CortexM3\ARM_GCC_493\Debug\Controls.a(Protection_CLK.o)
 .debug_aranges
                0x000013c8       0xc8 .\CortexM3\ARM_GCC_493\Debug\Controls.a(USBUART.o)
 .debug_aranges
                0x00001490       0xe8 .\CortexM3\ARM_GCC_493\Debug\Controls.a(USBUART_cdc.o)
 .debug_aranges
                0x00001578       0x98 .\CortexM3\ARM_GCC_493\Debug\Controls.a(USBUART_drv.o)
 .debug_aranges
                0x00001610       0x40 .\CortexM3\ARM_GCC_493\Debug\Controls.a(USBUART_episr.o)
 .debug_aranges
                0x00001650       0x48 .\CortexM3\ARM_GCC_493\Debug\Controls.a(USBUART_hid.o)
 .debug_aranges
                0x00001698       0x40 .\CortexM3\ARM_GCC_493\Debug\Controls.a(USBUART_pm.o)
 .debug_aranges
                0x000016d8       0x80 .\CortexM3\ARM_GCC_493\Debug\Controls.a(USBUART_std.o)
 .debug_aranges
                0x00001758       0x20 .\CortexM3\ARM_GCC_493\Debug\Controls.a(USBUART_vnd.o)
 .debug_aranges
                0x00001778       0x48 .\CortexM3\ARM_GCC_493\Debug\Controls.a(USBUART_Dp.o)
 .debug_aranges
                0x000017c0       0x20 .\CortexM3\ARM_GCC_493\Debug\Controls.a(CyBootAsmGnu.o)
 .debug_aranges
                0x000017e0       0x80 .\CortexM3\ARM_GCC_493\Debug\Controls.a(CyFlash.o)
 .debug_aranges
                0x00001860       0x78 .\CortexM3\ARM_GCC_493\Debug\Controls.a(CySpc.o)
 .debug_aranges
                0x000018d8       0x20 .\CortexM3\ARM_GCC_493\Debug\Controls.a(USBUART_cls.o)
 .debug_aranges
                0x000018f8       0x18 .\CortexM3\ARM_GCC_493\Debug\Controls.a(USBUART_descr.o)

.debug_pubnames
 *(.debug_pubnames)

.debug_info     0x00000000     0xd831
 *(.debug_info .gnu.linkonce.wi.*)
 .debug_info    0x00000000     0x1458 .\CortexM3\ARM_GCC_493\Debug\main.o
 .debug_info    0x00001458      0x13b .\CortexM3\ARM_GCC_493\Debug\cymetadata.o
 .debug_info    0x00001593      0x3b3 .\CortexM3\ARM_GCC_493\Debug\Cm3Start.o
 .debug_info    0x00001946      0x6d8 .\CortexM3\ARM_GCC_493\Debug\Controls.a(cyfitter_cfg.o)
 .debug_info    0x0000201e      0x11f .\CortexM3\ARM_GCC_493\Debug\Controls.a(Enter_SW.o)
 .debug_info    0x0000213d      0x11f .\CortexM3\ARM_GCC_493\Debug\Controls.a(Power_LED.o)
 .debug_info    0x0000225c      0x11f .\CortexM3\ARM_GCC_493\Debug\Controls.a(D3_LED.o)
 .debug_info    0x0000237b      0x11f .\CortexM3\ARM_GCC_493\Debug\Controls.a(Power_SW.o)
 .debug_info    0x0000249a      0x11f .\CortexM3\ARM_GCC_493\Debug\Controls.a(Left_SW.o)
 .debug_info    0x000025b9      0x11f .\CortexM3\ARM_GCC_493\Debug\Controls.a(Right_SW.o)
 .debug_info    0x000026d8      0x121 .\CortexM3\ARM_GCC_493\Debug\Controls.a(Down_SW.o)
 .debug_info    0x000027f9      0x11f .\CortexM3\ARM_GCC_493\Debug\Controls.a(D2_LED.o)
 .debug_info    0x00002918      0x11f .\CortexM3\ARM_GCC_493\Debug\Controls.a(Up_SW.o)
 .debug_info    0x00002a37      0x11f .\CortexM3\ARM_GCC_493\Debug\Controls.a(Input_1_SW.o)
 .debug_info    0x00002b56      0x11f .\CortexM3\ARM_GCC_493\Debug\Controls.a(Input_2_SW.o)
 .debug_info    0x00002c75      0x11f .\CortexM3\ARM_GCC_493\Debug\Controls.a(D1_LED.o)
 .debug_info    0x00002d94      0x11f .\CortexM3\ARM_GCC_493\Debug\Controls.a(U1_LED.o)
 .debug_info    0x00002eb3      0x11f .\CortexM3\ARM_GCC_493\Debug\Controls.a(U2_LED.o)
 .debug_info    0x00002fd2      0x121 .\CortexM3\ARM_GCC_493\Debug\Controls.a(U3_LED.o)
 .debug_info    0x000030f3      0x11f .\CortexM3\ARM_GCC_493\Debug\Controls.a(U4_LED.o)
 .debug_info    0x00003212      0x11f .\CortexM3\ARM_GCC_493\Debug\Controls.a(U5_LED.o)
 .debug_info    0x00003331      0x11f .\CortexM3\ARM_GCC_493\Debug\Controls.a(U6_LED.o)
 .debug_info    0x00003450      0x11f .\CortexM3\ARM_GCC_493\Debug\Controls.a(U7_LED.o)
 .debug_info    0x0000356f      0x11f .\CortexM3\ARM_GCC_493\Debug\Controls.a(U8_LED.o)
 .debug_info    0x0000368e     0x1385 .\CortexM3\ARM_GCC_493\Debug\Controls.a(CyLib.o)
 .debug_info    0x00004a13      0xa57 .\CortexM3\ARM_GCC_493\Debug\Controls.a(cyPm.o)
 .debug_info    0x0000546a      0x11f .\CortexM3\ARM_GCC_493\Debug\Controls.a(Volume_2.o)
 .debug_info    0x00005589      0x11f .\CortexM3\ARM_GCC_493\Debug\Controls.a(Volume_1.o)
 .debug_info    0x000056a8      0xa74 .\CortexM3\ARM_GCC_493\Debug\Controls.a(Volume_ADC.o)
 .debug_info    0x0000611c       0xcc .\CortexM3\ARM_GCC_493\Debug\Controls.a(Volume_ADC_INT.o)
 .debug_info    0x000061e8      0x16d .\CortexM3\ARM_GCC_493\Debug\Controls.a(Volume_ADC_AMux.o)
 .debug_info    0x00006355      0x283 .\CortexM3\ARM_GCC_493\Debug\Controls.a(Volume_ADC_Ext_CP_Clk.o)
 .debug_info    0x000065d8      0x2c4 .\CortexM3\ARM_GCC_493\Debug\Controls.a(Volume_ADC_theACLK.o)
 .debug_info    0x0000689c      0x11f .\CortexM3\ARM_GCC_493\Debug\Controls.a(Mute_SW.o)
 .debug_info    0x000069bb      0x2cb .\CortexM3\ARM_GCC_493\Debug\Controls.a(i_Up.o)
 .debug_info    0x00006c86      0x2cb .\CortexM3\ARM_GCC_493\Debug\Controls.a(i_Left.o)
 .debug_info    0x00006f51      0x2cb .\CortexM3\ARM_GCC_493\Debug\Controls.a(i_Mute.o)
 .debug_info    0x0000721c      0x2cb .\CortexM3\ARM_GCC_493\Debug\Controls.a(i_Enter.o)
 .debug_info    0x000074e7      0x2cb .\CortexM3\ARM_GCC_493\Debug\Controls.a(i_Down.o)
 .debug_info    0x000077b2      0x2cb .\CortexM3\ARM_GCC_493\Debug\Controls.a(i_Right.o)
 .debug_info    0x00007a7d      0x2cb .\CortexM3\ARM_GCC_493\Debug\Controls.a(i_Input_1.o)
 .debug_info    0x00007d48      0x2cb .\CortexM3\ARM_GCC_493\Debug\Controls.a(i_Power.o)
 .debug_info    0x00008013      0x2cb .\CortexM3\ARM_GCC_493\Debug\Controls.a(i_Input_2.o)
 .debug_info    0x000082de      0x121 .\CortexM3\ARM_GCC_493\Debug\Controls.a(Input_Relais_0.o)
 .debug_info    0x000083ff      0x11f .\CortexM3\ARM_GCC_493\Debug\Controls.a(Input_Relais_1.o)
 .debug_info    0x0000851e      0x11f .\CortexM3\ARM_GCC_493\Debug\Controls.a(Input_Relais_2.o)
 .debug_info    0x0000863d      0x11f .\CortexM3\ARM_GCC_493\Debug\Controls.a(Input_Relais_3.o)
 .debug_info    0x0000875c      0x28a .\CortexM3\ARM_GCC_493\Debug\Controls.a(Button_Timer.o)
 .debug_info    0x000089e6      0x2cb .\CortexM3\ARM_GCC_493\Debug\Controls.a(Button_Timer_Interrupt.o)
 .debug_info    0x00008cb1      0x11f .\CortexM3\ARM_GCC_493\Debug\Controls.a(Input_Relais_4.o)
 .debug_info    0x00008dd0      0x11f .\CortexM3\ARM_GCC_493\Debug\Controls.a(Input_Relais_5.o)
 .debug_info    0x00008eef      0x11f .\CortexM3\ARM_GCC_493\Debug\Controls.a(Input_Relais_6.o)
 .debug_info    0x0000900e      0x11f .\CortexM3\ARM_GCC_493\Debug\Controls.a(Input_Relais_7.o)
 .debug_info    0x0000912d      0x11f .\CortexM3\ARM_GCC_493\Debug\Controls.a(Protection_IN.o)
 .debug_info    0x0000924c      0x11f .\CortexM3\ARM_GCC_493\Debug\Controls.a(Protection_CLR.o)
 .debug_info    0x0000936b      0x11f .\CortexM3\ARM_GCC_493\Debug\Controls.a(Protection_CLK.o)
 .debug_info    0x0000948a      0x9f8 .\CortexM3\ARM_GCC_493\Debug\Controls.a(USBUART.o)
 .debug_info    0x00009e82      0xb16 .\CortexM3\ARM_GCC_493\Debug\Controls.a(USBUART_cdc.o)
 .debug_info    0x0000a998      0x649 .\CortexM3\ARM_GCC_493\Debug\Controls.a(USBUART_drv.o)
 .debug_info    0x0000afe1      0x244 .\CortexM3\ARM_GCC_493\Debug\Controls.a(USBUART_episr.o)
 .debug_info    0x0000b225      0x43e .\CortexM3\ARM_GCC_493\Debug\Controls.a(USBUART_hid.o)
 .debug_info    0x0000b663      0x2ef .\CortexM3\ARM_GCC_493\Debug\Controls.a(USBUART_pm.o)
 .debug_info    0x0000b952      0xb45 .\CortexM3\ARM_GCC_493\Debug\Controls.a(USBUART_std.o)
 .debug_info    0x0000c497      0x1b2 .\CortexM3\ARM_GCC_493\Debug\Controls.a(USBUART_vnd.o)
 .debug_info    0x0000c649      0x174 .\CortexM3\ARM_GCC_493\Debug\Controls.a(USBUART_Dp.o)
 .debug_info    0x0000c7bd       0xa6 .\CortexM3\ARM_GCC_493\Debug\Controls.a(CyBootAsmGnu.o)
 .debug_info    0x0000c863      0x608 .\CortexM3\ARM_GCC_493\Debug\Controls.a(CyFlash.o)
 .debug_info    0x0000ce6b      0x4ea .\CortexM3\ARM_GCC_493\Debug\Controls.a(CySpc.o)
 .debug_info    0x0000d355      0x1e6 .\CortexM3\ARM_GCC_493\Debug\Controls.a(USBUART_cls.o)
 .debug_info    0x0000d53b      0x2f6 .\CortexM3\ARM_GCC_493\Debug\Controls.a(USBUART_descr.o)

.debug_abbrev   0x00000000     0x46c9
 *(.debug_abbrev)
 .debug_abbrev  0x00000000      0x216 .\CortexM3\ARM_GCC_493\Debug\main.o
 .debug_abbrev  0x00000216       0x66 .\CortexM3\ARM_GCC_493\Debug\cymetadata.o
 .debug_abbrev  0x0000027c      0x1f7 .\CortexM3\ARM_GCC_493\Debug\Cm3Start.o
 .debug_abbrev  0x00000473      0x21f .\CortexM3\ARM_GCC_493\Debug\Controls.a(cyfitter_cfg.o)
 .debug_abbrev  0x00000692       0x90 .\CortexM3\ARM_GCC_493\Debug\Controls.a(Enter_SW.o)
 .debug_abbrev  0x00000722       0x90 .\CortexM3\ARM_GCC_493\Debug\Controls.a(Power_LED.o)
 .debug_abbrev  0x000007b2       0x90 .\CortexM3\ARM_GCC_493\Debug\Controls.a(D3_LED.o)
 .debug_abbrev  0x00000842       0x90 .\CortexM3\ARM_GCC_493\Debug\Controls.a(Power_SW.o)
 .debug_abbrev  0x000008d2       0x90 .\CortexM3\ARM_GCC_493\Debug\Controls.a(Left_SW.o)
 .debug_abbrev  0x00000962       0x90 .\CortexM3\ARM_GCC_493\Debug\Controls.a(Right_SW.o)
 .debug_abbrev  0x000009f2       0x90 .\CortexM3\ARM_GCC_493\Debug\Controls.a(Down_SW.o)
 .debug_abbrev  0x00000a82       0x90 .\CortexM3\ARM_GCC_493\Debug\Controls.a(D2_LED.o)
 .debug_abbrev  0x00000b12       0x90 .\CortexM3\ARM_GCC_493\Debug\Controls.a(Up_SW.o)
 .debug_abbrev  0x00000ba2       0x90 .\CortexM3\ARM_GCC_493\Debug\Controls.a(Input_1_SW.o)
 .debug_abbrev  0x00000c32       0x90 .\CortexM3\ARM_GCC_493\Debug\Controls.a(Input_2_SW.o)
 .debug_abbrev  0x00000cc2       0x90 .\CortexM3\ARM_GCC_493\Debug\Controls.a(D1_LED.o)
 .debug_abbrev  0x00000d52       0x90 .\CortexM3\ARM_GCC_493\Debug\Controls.a(U1_LED.o)
 .debug_abbrev  0x00000de2       0x90 .\CortexM3\ARM_GCC_493\Debug\Controls.a(U2_LED.o)
 .debug_abbrev  0x00000e72       0x90 .\CortexM3\ARM_GCC_493\Debug\Controls.a(U3_LED.o)
 .debug_abbrev  0x00000f02       0x90 .\CortexM3\ARM_GCC_493\Debug\Controls.a(U4_LED.o)
 .debug_abbrev  0x00000f92       0x90 .\CortexM3\ARM_GCC_493\Debug\Controls.a(U5_LED.o)
 .debug_abbrev  0x00001022       0x90 .\CortexM3\ARM_GCC_493\Debug\Controls.a(U6_LED.o)
 .debug_abbrev  0x000010b2       0x90 .\CortexM3\ARM_GCC_493\Debug\Controls.a(U7_LED.o)
 .debug_abbrev  0x00001142       0x90 .\CortexM3\ARM_GCC_493\Debug\Controls.a(U8_LED.o)
 .debug_abbrev  0x000011d2      0x296 .\CortexM3\ARM_GCC_493\Debug\Controls.a(CyLib.o)
 .debug_abbrev  0x00001468      0x1ed .\CortexM3\ARM_GCC_493\Debug\Controls.a(cyPm.o)
 .debug_abbrev  0x00001655       0x90 .\CortexM3\ARM_GCC_493\Debug\Controls.a(Volume_2.o)
 .debug_abbrev  0x000016e5       0x90 .\CortexM3\ARM_GCC_493\Debug\Controls.a(Volume_1.o)
 .debug_abbrev  0x00001775      0x23d .\CortexM3\ARM_GCC_493\Debug\Controls.a(Volume_ADC.o)
 .debug_abbrev  0x000019b2       0x42 .\CortexM3\ARM_GCC_493\Debug\Controls.a(Volume_ADC_INT.o)
 .debug_abbrev  0x000019f4       0xcb .\CortexM3\ARM_GCC_493\Debug\Controls.a(Volume_ADC_AMux.o)
 .debug_abbrev  0x00001abf      0x139 .\CortexM3\ARM_GCC_493\Debug\Controls.a(Volume_ADC_Ext_CP_Clk.o)
 .debug_abbrev  0x00001bf8      0x121 .\CortexM3\ARM_GCC_493\Debug\Controls.a(Volume_ADC_theACLK.o)
 .debug_abbrev  0x00001d19       0x90 .\CortexM3\ARM_GCC_493\Debug\Controls.a(Mute_SW.o)
 .debug_abbrev  0x00001da9      0x173 .\CortexM3\ARM_GCC_493\Debug\Controls.a(i_Up.o)
 .debug_abbrev  0x00001f1c      0x173 .\CortexM3\ARM_GCC_493\Debug\Controls.a(i_Left.o)
 .debug_abbrev  0x0000208f      0x173 .\CortexM3\ARM_GCC_493\Debug\Controls.a(i_Mute.o)
 .debug_abbrev  0x00002202      0x173 .\CortexM3\ARM_GCC_493\Debug\Controls.a(i_Enter.o)
 .debug_abbrev  0x00002375      0x173 .\CortexM3\ARM_GCC_493\Debug\Controls.a(i_Down.o)
 .debug_abbrev  0x000024e8      0x173 .\CortexM3\ARM_GCC_493\Debug\Controls.a(i_Right.o)
 .debug_abbrev  0x0000265b      0x173 .\CortexM3\ARM_GCC_493\Debug\Controls.a(i_Input_1.o)
 .debug_abbrev  0x000027ce      0x173 .\CortexM3\ARM_GCC_493\Debug\Controls.a(i_Power.o)
 .debug_abbrev  0x00002941      0x173 .\CortexM3\ARM_GCC_493\Debug\Controls.a(i_Input_2.o)
 .debug_abbrev  0x00002ab4       0x90 .\CortexM3\ARM_GCC_493\Debug\Controls.a(Input_Relais_0.o)
 .debug_abbrev  0x00002b44       0x90 .\CortexM3\ARM_GCC_493\Debug\Controls.a(Input_Relais_1.o)
 .debug_abbrev  0x00002bd4       0x90 .\CortexM3\ARM_GCC_493\Debug\Controls.a(Input_Relais_2.o)
 .debug_abbrev  0x00002c64       0x90 .\CortexM3\ARM_GCC_493\Debug\Controls.a(Input_Relais_3.o)
 .debug_abbrev  0x00002cf4      0x11a .\CortexM3\ARM_GCC_493\Debug\Controls.a(Button_Timer.o)
 .debug_abbrev  0x00002e0e      0x173 .\CortexM3\ARM_GCC_493\Debug\Controls.a(Button_Timer_Interrupt.o)
 .debug_abbrev  0x00002f81       0x90 .\CortexM3\ARM_GCC_493\Debug\Controls.a(Input_Relais_4.o)
 .debug_abbrev  0x00003011       0x90 .\CortexM3\ARM_GCC_493\Debug\Controls.a(Input_Relais_5.o)
 .debug_abbrev  0x000030a1       0x90 .\CortexM3\ARM_GCC_493\Debug\Controls.a(Input_Relais_6.o)
 .debug_abbrev  0x00003131       0x90 .\CortexM3\ARM_GCC_493\Debug\Controls.a(Input_Relais_7.o)
 .debug_abbrev  0x000031c1       0x90 .\CortexM3\ARM_GCC_493\Debug\Controls.a(Protection_IN.o)
 .debug_abbrev  0x00003251       0x90 .\CortexM3\ARM_GCC_493\Debug\Controls.a(Protection_CLR.o)
 .debug_abbrev  0x000032e1       0x90 .\CortexM3\ARM_GCC_493\Debug\Controls.a(Protection_CLK.o)
 .debug_abbrev  0x00003371      0x24d .\CortexM3\ARM_GCC_493\Debug\Controls.a(USBUART.o)
 .debug_abbrev  0x000035be      0x28b .\CortexM3\ARM_GCC_493\Debug\Controls.a(USBUART_cdc.o)
 .debug_abbrev  0x00003849      0x18b .\CortexM3\ARM_GCC_493\Debug\Controls.a(USBUART_drv.o)
 .debug_abbrev  0x000039d4      0x11b .\CortexM3\ARM_GCC_493\Debug\Controls.a(USBUART_episr.o)
 .debug_abbrev  0x00003aef      0x18b .\CortexM3\ARM_GCC_493\Debug\Controls.a(USBUART_hid.o)
 .debug_abbrev  0x00003c7a      0x146 .\CortexM3\ARM_GCC_493\Debug\Controls.a(USBUART_pm.o)
 .debug_abbrev  0x00003dc0      0x23d .\CortexM3\ARM_GCC_493\Debug\Controls.a(USBUART_std.o)
 .debug_abbrev  0x00003ffd       0xe3 .\CortexM3\ARM_GCC_493\Debug\Controls.a(USBUART_vnd.o)
 .debug_abbrev  0x000040e0       0x90 .\CortexM3\ARM_GCC_493\Debug\Controls.a(USBUART_Dp.o)
 .debug_abbrev  0x00004170       0x14 .\CortexM3\ARM_GCC_493\Debug\Controls.a(CyBootAsmGnu.o)
 .debug_abbrev  0x00004184      0x1ed .\CortexM3\ARM_GCC_493\Debug\Controls.a(CyFlash.o)
 .debug_abbrev  0x00004371      0x1c1 .\CortexM3\ARM_GCC_493\Debug\Controls.a(CySpc.o)
 .debug_abbrev  0x00004532       0xe3 .\CortexM3\ARM_GCC_493\Debug\Controls.a(USBUART_cls.o)
 .debug_abbrev  0x00004615       0xb4 .\CortexM3\ARM_GCC_493\Debug\Controls.a(USBUART_descr.o)

.debug_line     0x00000000     0x55c8
 *(.debug_line)
 .debug_line    0x00000000      0x657 .\CortexM3\ARM_GCC_493\Debug\main.o
 .debug_line    0x00000657       0x51 .\CortexM3\ARM_GCC_493\Debug\cymetadata.o
 .debug_line    0x000006a8      0x24f .\CortexM3\ARM_GCC_493\Debug\Cm3Start.o
 .debug_line    0x000008f7      0x228 .\CortexM3\ARM_GCC_493\Debug\Controls.a(cyfitter_cfg.o)
 .debug_line    0x00000b1f       0x95 .\CortexM3\ARM_GCC_493\Debug\Controls.a(Enter_SW.o)
 .debug_line    0x00000bb4       0x96 .\CortexM3\ARM_GCC_493\Debug\Controls.a(Power_LED.o)
 .debug_line    0x00000c4a       0x93 .\CortexM3\ARM_GCC_493\Debug\Controls.a(D3_LED.o)
 .debug_line    0x00000cdd       0x95 .\CortexM3\ARM_GCC_493\Debug\Controls.a(Power_SW.o)
 .debug_line    0x00000d72       0x94 .\CortexM3\ARM_GCC_493\Debug\Controls.a(Left_SW.o)
 .debug_line    0x00000e06       0x95 .\CortexM3\ARM_GCC_493\Debug\Controls.a(Right_SW.o)
 .debug_line    0x00000e9b       0x94 .\CortexM3\ARM_GCC_493\Debug\Controls.a(Down_SW.o)
 .debug_line    0x00000f2f       0x93 .\CortexM3\ARM_GCC_493\Debug\Controls.a(D2_LED.o)
 .debug_line    0x00000fc2       0x92 .\CortexM3\ARM_GCC_493\Debug\Controls.a(Up_SW.o)
 .debug_line    0x00001054       0x97 .\CortexM3\ARM_GCC_493\Debug\Controls.a(Input_1_SW.o)
 .debug_line    0x000010eb       0x97 .\CortexM3\ARM_GCC_493\Debug\Controls.a(Input_2_SW.o)
 .debug_line    0x00001182       0x93 .\CortexM3\ARM_GCC_493\Debug\Controls.a(D1_LED.o)
 .debug_line    0x00001215       0x93 .\CortexM3\ARM_GCC_493\Debug\Controls.a(U1_LED.o)
 .debug_line    0x000012a8       0x93 .\CortexM3\ARM_GCC_493\Debug\Controls.a(U2_LED.o)
 .debug_line    0x0000133b       0x93 .\CortexM3\ARM_GCC_493\Debug\Controls.a(U3_LED.o)
 .debug_line    0x000013ce       0x93 .\CortexM3\ARM_GCC_493\Debug\Controls.a(U4_LED.o)
 .debug_line    0x00001461       0x93 .\CortexM3\ARM_GCC_493\Debug\Controls.a(U5_LED.o)
 .debug_line    0x000014f4       0x93 .\CortexM3\ARM_GCC_493\Debug\Controls.a(U6_LED.o)
 .debug_line    0x00001587       0x93 .\CortexM3\ARM_GCC_493\Debug\Controls.a(U7_LED.o)
 .debug_line    0x0000161a       0x93 .\CortexM3\ARM_GCC_493\Debug\Controls.a(U8_LED.o)
 .debug_line    0x000016ad      0x816 .\CortexM3\ARM_GCC_493\Debug\Controls.a(CyLib.o)
 .debug_line    0x00001ec3      0x364 .\CortexM3\ARM_GCC_493\Debug\Controls.a(cyPm.o)
 .debug_line    0x00002227       0x95 .\CortexM3\ARM_GCC_493\Debug\Controls.a(Volume_2.o)
 .debug_line    0x000022bc       0x95 .\CortexM3\ARM_GCC_493\Debug\Controls.a(Volume_1.o)
 .debug_line    0x00002351      0x372 .\CortexM3\ARM_GCC_493\Debug\Controls.a(Volume_ADC.o)
 .debug_line    0x000026c3       0x87 .\CortexM3\ARM_GCC_493\Debug\Controls.a(Volume_ADC_INT.o)
 .debug_line    0x0000274a       0xb3 .\CortexM3\ARM_GCC_493\Debug\Controls.a(Volume_ADC_AMux.o)
 .debug_line    0x000027fd      0x184 .\CortexM3\ARM_GCC_493\Debug\Controls.a(Volume_ADC_Ext_CP_Clk.o)
 .debug_line    0x00002981      0x1a4 .\CortexM3\ARM_GCC_493\Debug\Controls.a(Volume_ADC_theACLK.o)
 .debug_line    0x00002b25       0x94 .\CortexM3\ARM_GCC_493\Debug\Controls.a(Mute_SW.o)
 .debug_line    0x00002bb9      0x131 .\CortexM3\ARM_GCC_493\Debug\Controls.a(i_Up.o)
 .debug_line    0x00002cea      0x133 .\CortexM3\ARM_GCC_493\Debug\Controls.a(i_Left.o)
 .debug_line    0x00002e1d      0x133 .\CortexM3\ARM_GCC_493\Debug\Controls.a(i_Mute.o)
 .debug_line    0x00002f50      0x134 .\CortexM3\ARM_GCC_493\Debug\Controls.a(i_Enter.o)
 .debug_line    0x00003084      0x133 .\CortexM3\ARM_GCC_493\Debug\Controls.a(i_Down.o)
 .debug_line    0x000031b7      0x134 .\CortexM3\ARM_GCC_493\Debug\Controls.a(i_Right.o)
 .debug_line    0x000032eb      0x136 .\CortexM3\ARM_GCC_493\Debug\Controls.a(i_Input_1.o)
 .debug_line    0x00003421      0x134 .\CortexM3\ARM_GCC_493\Debug\Controls.a(i_Power.o)
 .debug_line    0x00003555      0x136 .\CortexM3\ARM_GCC_493\Debug\Controls.a(i_Input_2.o)
 .debug_line    0x0000368b       0x9b .\CortexM3\ARM_GCC_493\Debug\Controls.a(Input_Relais_0.o)
 .debug_line    0x00003726       0x9b .\CortexM3\ARM_GCC_493\Debug\Controls.a(Input_Relais_1.o)
 .debug_line    0x000037c1       0x9b .\CortexM3\ARM_GCC_493\Debug\Controls.a(Input_Relais_2.o)
 .debug_line    0x0000385c       0x9b .\CortexM3\ARM_GCC_493\Debug\Controls.a(Input_Relais_3.o)
 .debug_line    0x000038f7      0x15b .\CortexM3\ARM_GCC_493\Debug\Controls.a(Button_Timer.o)
 .debug_line    0x00003a52      0x143 .\CortexM3\ARM_GCC_493\Debug\Controls.a(Button_Timer_Interrupt.o)
 .debug_line    0x00003b95       0x9b .\CortexM3\ARM_GCC_493\Debug\Controls.a(Input_Relais_4.o)
 .debug_line    0x00003c30       0x9b .\CortexM3\ARM_GCC_493\Debug\Controls.a(Input_Relais_5.o)
 .debug_line    0x00003ccb       0x9b .\CortexM3\ARM_GCC_493\Debug\Controls.a(Input_Relais_6.o)
 .debug_line    0x00003d66       0x9b .\CortexM3\ARM_GCC_493\Debug\Controls.a(Input_Relais_7.o)
 .debug_line    0x00003e01       0x9a .\CortexM3\ARM_GCC_493\Debug\Controls.a(Protection_IN.o)
 .debug_line    0x00003e9b       0x9b .\CortexM3\ARM_GCC_493\Debug\Controls.a(Protection_CLR.o)
 .debug_line    0x00003f36       0x9b .\CortexM3\ARM_GCC_493\Debug\Controls.a(Protection_CLK.o)
 .debug_line    0x00003fd1      0x2fc .\CortexM3\ARM_GCC_493\Debug\Controls.a(USBUART.o)
 .debug_line    0x000042cd      0x2f2 .\CortexM3\ARM_GCC_493\Debug\Controls.a(USBUART_cdc.o)
 .debug_line    0x000045bf      0x221 .\CortexM3\ARM_GCC_493\Debug\Controls.a(USBUART_drv.o)
 .debug_line    0x000047e0       0xe6 .\CortexM3\ARM_GCC_493\Debug\Controls.a(USBUART_episr.o)
 .debug_line    0x000048c6      0x14f .\CortexM3\ARM_GCC_493\Debug\Controls.a(USBUART_hid.o)
 .debug_line    0x00004a15      0x10e .\CortexM3\ARM_GCC_493\Debug\Controls.a(USBUART_pm.o)
 .debug_line    0x00004b23      0x3de .\CortexM3\ARM_GCC_493\Debug\Controls.a(USBUART_std.o)
 .debug_line    0x00004f01       0x8b .\CortexM3\ARM_GCC_493\Debug\Controls.a(USBUART_vnd.o)
 .debug_line    0x00004f8c       0xbb .\CortexM3\ARM_GCC_493\Debug\Controls.a(USBUART_Dp.o)
 .debug_line    0x00005047       0x66 .\CortexM3\ARM_GCC_493\Debug\Controls.a(CyBootAsmGnu.o)
 .debug_line    0x000050ad      0x1ea .\CortexM3\ARM_GCC_493\Debug\Controls.a(CyFlash.o)
 .debug_line    0x00005297      0x23c .\CortexM3\ARM_GCC_493\Debug\Controls.a(CySpc.o)
 .debug_line    0x000054d3       0x94 .\CortexM3\ARM_GCC_493\Debug\Controls.a(USBUART_cls.o)
 .debug_line    0x00005567       0x61 .\CortexM3\ARM_GCC_493\Debug\Controls.a(USBUART_descr.o)

.debug_frame    0x00000000     0x3a9c
 *(.debug_frame)
 .debug_frame   0x00000000      0x1a8 .\CortexM3\ARM_GCC_493\Debug\main.o
 .debug_frame   0x000001a8       0xb8 .\CortexM3\ARM_GCC_493\Debug\Cm3Start.o
 .debug_frame   0x00000260      0x104 .\CortexM3\ARM_GCC_493\Debug\Controls.a(cyfitter_cfg.o)
 .debug_frame   0x00000364       0x50 .\CortexM3\ARM_GCC_493\Debug\Controls.a(Enter_SW.o)
 .debug_frame   0x000003b4       0x50 .\CortexM3\ARM_GCC_493\Debug\Controls.a(Power_LED.o)
 .debug_frame   0x00000404       0x50 .\CortexM3\ARM_GCC_493\Debug\Controls.a(D3_LED.o)
 .debug_frame   0x00000454       0x50 .\CortexM3\ARM_GCC_493\Debug\Controls.a(Power_SW.o)
 .debug_frame   0x000004a4       0x50 .\CortexM3\ARM_GCC_493\Debug\Controls.a(Left_SW.o)
 .debug_frame   0x000004f4       0x50 .\CortexM3\ARM_GCC_493\Debug\Controls.a(Right_SW.o)
 .debug_frame   0x00000544       0x50 .\CortexM3\ARM_GCC_493\Debug\Controls.a(Down_SW.o)
 .debug_frame   0x00000594       0x50 .\CortexM3\ARM_GCC_493\Debug\Controls.a(D2_LED.o)
 .debug_frame   0x000005e4       0x50 .\CortexM3\ARM_GCC_493\Debug\Controls.a(Up_SW.o)
 .debug_frame   0x00000634       0x50 .\CortexM3\ARM_GCC_493\Debug\Controls.a(Input_1_SW.o)
 .debug_frame   0x00000684       0x50 .\CortexM3\ARM_GCC_493\Debug\Controls.a(Input_2_SW.o)
 .debug_frame   0x000006d4       0x50 .\CortexM3\ARM_GCC_493\Debug\Controls.a(D1_LED.o)
 .debug_frame   0x00000724       0x50 .\CortexM3\ARM_GCC_493\Debug\Controls.a(U1_LED.o)
 .debug_frame   0x00000774       0x50 .\CortexM3\ARM_GCC_493\Debug\Controls.a(U2_LED.o)
 .debug_frame   0x000007c4       0x50 .\CortexM3\ARM_GCC_493\Debug\Controls.a(U3_LED.o)
 .debug_frame   0x00000814       0x50 .\CortexM3\ARM_GCC_493\Debug\Controls.a(U4_LED.o)
 .debug_frame   0x00000864       0x50 .\CortexM3\ARM_GCC_493\Debug\Controls.a(U5_LED.o)
 .debug_frame   0x000008b4       0x50 .\CortexM3\ARM_GCC_493\Debug\Controls.a(U6_LED.o)
 .debug_frame   0x00000904       0x50 .\CortexM3\ARM_GCC_493\Debug\Controls.a(U7_LED.o)
 .debug_frame   0x00000954       0x50 .\CortexM3\ARM_GCC_493\Debug\Controls.a(U8_LED.o)
 .debug_frame   0x000009a4      0x738 .\CortexM3\ARM_GCC_493\Debug\Controls.a(CyLib.o)
 .debug_frame   0x000010dc      0x1f8 .\CortexM3\ARM_GCC_493\Debug\Controls.a(cyPm.o)
 .debug_frame   0x000012d4       0x50 .\CortexM3\ARM_GCC_493\Debug\Controls.a(Volume_2.o)
 .debug_frame   0x00001324       0x50 .\CortexM3\ARM_GCC_493\Debug\Controls.a(Volume_1.o)
 .debug_frame   0x00001374      0x278 .\CortexM3\ARM_GCC_493\Debug\Controls.a(Volume_ADC.o)
 .debug_frame   0x000015ec       0x50 .\CortexM3\ARM_GCC_493\Debug\Controls.a(Volume_ADC_INT.o)
 .debug_frame   0x0000163c       0x64 .\CortexM3\ARM_GCC_493\Debug\Controls.a(Volume_ADC_AMux.o)
 .debug_frame   0x000016a0       0xe0 .\CortexM3\ARM_GCC_493\Debug\Controls.a(Volume_ADC_Ext_CP_Clk.o)
 .debug_frame   0x00001780      0x100 .\CortexM3\ARM_GCC_493\Debug\Controls.a(Volume_ADC_theACLK.o)
 .debug_frame   0x00001880       0x50 .\CortexM3\ARM_GCC_493\Debug\Controls.a(Mute_SW.o)
 .debug_frame   0x000018d0      0x104 .\CortexM3\ARM_GCC_493\Debug\Controls.a(i_Up.o)
 .debug_frame   0x000019d4      0x104 .\CortexM3\ARM_GCC_493\Debug\Controls.a(i_Left.o)
 .debug_frame   0x00001ad8      0x104 .\CortexM3\ARM_GCC_493\Debug\Controls.a(i_Mute.o)
 .debug_frame   0x00001bdc      0x104 .\CortexM3\ARM_GCC_493\Debug\Controls.a(i_Enter.o)
 .debug_frame   0x00001ce0      0x104 .\CortexM3\ARM_GCC_493\Debug\Controls.a(i_Down.o)
 .debug_frame   0x00001de4      0x104 .\CortexM3\ARM_GCC_493\Debug\Controls.a(i_Right.o)
 .debug_frame   0x00001ee8      0x104 .\CortexM3\ARM_GCC_493\Debug\Controls.a(i_Input_1.o)
 .debug_frame   0x00001fec      0x104 .\CortexM3\ARM_GCC_493\Debug\Controls.a(i_Power.o)
 .debug_frame   0x000020f0      0x104 .\CortexM3\ARM_GCC_493\Debug\Controls.a(i_Input_2.o)
 .debug_frame   0x000021f4       0x50 .\CortexM3\ARM_GCC_493\Debug\Controls.a(Input_Relais_0.o)
 .debug_frame   0x00002244       0x50 .\CortexM3\ARM_GCC_493\Debug\Controls.a(Input_Relais_1.o)
 .debug_frame   0x00002294       0x50 .\CortexM3\ARM_GCC_493\Debug\Controls.a(Input_Relais_2.o)
 .debug_frame   0x000022e4       0x50 .\CortexM3\ARM_GCC_493\Debug\Controls.a(Input_Relais_3.o)
 .debug_frame   0x00002334      0x108 .\CortexM3\ARM_GCC_493\Debug\Controls.a(Button_Timer.o)
 .debug_frame   0x0000243c      0x104 .\CortexM3\ARM_GCC_493\Debug\Controls.a(Button_Timer_Interrupt.o)
 .debug_frame   0x00002540       0x50 .\CortexM3\ARM_GCC_493\Debug\Controls.a(Input_Relais_4.o)
 .debug_frame   0x00002590       0x50 .\CortexM3\ARM_GCC_493\Debug\Controls.a(Input_Relais_5.o)
 .debug_frame   0x000025e0       0x50 .\CortexM3\ARM_GCC_493\Debug\Controls.a(Input_Relais_6.o)
 .debug_frame   0x00002630       0x50 .\CortexM3\ARM_GCC_493\Debug\Controls.a(Input_Relais_7.o)
 .debug_frame   0x00002680       0x50 .\CortexM3\ARM_GCC_493\Debug\Controls.a(Protection_IN.o)
 .debug_frame   0x000026d0       0x50 .\CortexM3\ARM_GCC_493\Debug\Controls.a(Protection_CLR.o)
 .debug_frame   0x00002720       0x50 .\CortexM3\ARM_GCC_493\Debug\Controls.a(Protection_CLK.o)
 .debug_frame   0x00002770      0x1dc .\CortexM3\ARM_GCC_493\Debug\Controls.a(USBUART.o)
 .debug_frame   0x0000294c      0x278 .\CortexM3\ARM_GCC_493\Debug\Controls.a(USBUART_cdc.o)
 .debug_frame   0x00002bc4      0x194 .\CortexM3\ARM_GCC_493\Debug\Controls.a(USBUART_drv.o)
 .debug_frame   0x00002d58       0x6c .\CortexM3\ARM_GCC_493\Debug\Controls.a(USBUART_episr.o)
 .debug_frame   0x00002dc4       0xa0 .\CortexM3\ARM_GCC_493\Debug\Controls.a(USBUART_hid.o)
 .debug_frame   0x00002e64       0xa0 .\CortexM3\ARM_GCC_493\Debug\Controls.a(USBUART_pm.o)
 .debug_frame   0x00002f04      0x17c .\CortexM3\ARM_GCC_493\Debug\Controls.a(USBUART_std.o)