Archive member included because of file (symbol)

.\CortexM3\ARM_GCC_493\Debug\Controls.a(cyfitter_cfg.o)
                              .\CortexM3\ARM_GCC_493\Debug\Cm3Start.o (cyfitter_cfg)
.\CortexM3\ARM_GCC_493\Debug\Controls.a(Enter_SW.o)
                              .\CortexM3\ARM_GCC_493\Debug\main.o (Enter_SW_Read)
.\CortexM3\ARM_GCC_493\Debug\Controls.a(Power_LED.o)
                              .\CortexM3\ARM_GCC_493\Debug\main.o (Power_LED_Write)
.\CortexM3\ARM_GCC_493\Debug\Controls.a(D3_LED.o)
                              .\CortexM3\ARM_GCC_493\Debug\main.o (D3_LED_Write)
.\CortexM3\ARM_GCC_493\Debug\Controls.a(Power_SW.o)
                              .\CortexM3\ARM_GCC_493\Debug\main.o (Power_SW_Read)
.\CortexM3\ARM_GCC_493\Debug\Controls.a(Left_SW.o)
                              .\CortexM3\ARM_GCC_493\Debug\main.o (Left_SW_Read)
.\CortexM3\ARM_GCC_493\Debug\Controls.a(Right_SW.o)
                              .\CortexM3\ARM_GCC_493\Debug\main.o (Right_SW_Read)
.\CortexM3\ARM_GCC_493\Debug\Controls.a(Down_SW.o)
                              .\CortexM3\ARM_GCC_493\Debug\main.o (Down_SW_Read)
.\CortexM3\ARM_GCC_493\Debug\Controls.a(D2_LED.o)
                              .\CortexM3\ARM_GCC_493\Debug\main.o (D2_LED_Write)
.\CortexM3\ARM_GCC_493\Debug\Controls.a(Up_SW.o)
                              .\CortexM3\ARM_GCC_493\Debug\main.o (Up_SW_Read)
.\CortexM3\ARM_GCC_493\Debug\Controls.a(Input_1_SW.o)
                              .\CortexM3\ARM_GCC_493\Debug\main.o (Input_1_SW_Read)
.\CortexM3\ARM_GCC_493\Debug\Controls.a(Input_2_SW.o)
                              .\CortexM3\ARM_GCC_493\Debug\main.o (Input_2_SW_Read)
.\CortexM3\ARM_GCC_493\Debug\Controls.a(D1_LED.o)
                              .\CortexM3\ARM_GCC_493\Debug\main.o (D1_LED_Write)
.\CortexM3\ARM_GCC_493\Debug\Controls.a(U1_LED.o)
                              .\CortexM3\ARM_GCC_493\Debug\main.o (U1_LED_Write)
.\CortexM3\ARM_GCC_493\Debug\Controls.a(U2_LED.o)
                              .\CortexM3\ARM_GCC_493\Debug\main.o (U2_LED_Write)
.\CortexM3\ARM_GCC_493\Debug\Controls.a(U3_LED.o)
                              .\CortexM3\ARM_GCC_493\Debug\main.o (U3_LED_Write)
.\CortexM3\ARM_GCC_493\Debug\Controls.a(U4_LED.o)
                              .\CortexM3\ARM_GCC_493\Debug\main.o (U4_LED_Write)
.\CortexM3\ARM_GCC_493\Debug\Controls.a(U5_LED.o)
                              .\CortexM3\ARM_GCC_493\Debug\main.o (U5_LED_Write)
.\CortexM3\ARM_GCC_493\Debug\Controls.a(U6_LED.o)
                              .\CortexM3\ARM_GCC_493\Debug\main.o (U6_LED_Write)
.\CortexM3\ARM_GCC_493\Debug\Controls.a(U7_LED.o)
                              .\CortexM3\ARM_GCC_493\Debug\main.o (U7_LED_Write)
.\CortexM3\ARM_GCC_493\Debug\Controls.a(U8_LED.o)
                              .\CortexM3\ARM_GCC_493\Debug\main.o (U8_LED_Write)
.\CortexM3\ARM_GCC_493\Debug\Controls.a(CyLib.o)
                              .\CortexM3\ARM_GCC_493\Debug\Cm3Start.o (CyHalt)
.\CortexM3\ARM_GCC_493\Debug\Controls.a(cyPm.o)
                              .\CortexM3\ARM_GCC_493\Debug\Controls.a(CyLib.o) (CyPmReadStatus)
.\CortexM3\ARM_GCC_493\Debug\Controls.a(Volume_2.o)
                              .\CortexM3\ARM_GCC_493\Debug\main.o (Volume_2_Write)
.\CortexM3\ARM_GCC_493\Debug\Controls.a(Volume_1.o)
                              .\CortexM3\ARM_GCC_493\Debug\main.o (Volume_1_Write)
.\CortexM3\ARM_GCC_493\Debug\Controls.a(Volume_ADC.o)
                              .\CortexM3\ARM_GCC_493\Debug\main.o (Volume_ADC_Start)
.\CortexM3\ARM_GCC_493\Debug\Controls.a(Volume_ADC_INT.o)
                              .\CortexM3\ARM_GCC_493\Debug\Controls.a(Volume_ADC.o) (Volume_ADC_ISR)
.\CortexM3\ARM_GCC_493\Debug\Controls.a(Volume_ADC_theACLK.o)
                              .\CortexM3\ARM_GCC_493\Debug\Controls.a(Volume_ADC.o) (Volume_ADC_theACLK_SetModeRegister)
.\CortexM3\ARM_GCC_493\Debug\Controls.a(Mute_SW.o)
                              .\CortexM3\ARM_GCC_493\Debug\main.o (Mute_SW_Read)
.\CortexM3\ARM_GCC_493\Debug\Controls.a(i_Up.o)
                              .\CortexM3\ARM_GCC_493\Debug\main.o (i_Up_SetPriority)
.\CortexM3\ARM_GCC_493\Debug\Controls.a(i_Left.o)
                              .\CortexM3\ARM_GCC_493\Debug\main.o (i_Left_SetPriority)
.\CortexM3\ARM_GCC_493\Debug\Controls.a(i_Mute.o)
                              .\CortexM3\ARM_GCC_493\Debug\main.o (i_Mute_SetPriority)
.\CortexM3\ARM_GCC_493\Debug\Controls.a(i_Enter.o)
                              .\CortexM3\ARM_GCC_493\Debug\main.o (i_Enter_SetPriority)
.\CortexM3\ARM_GCC_493\Debug\Controls.a(i_Down.o)
                              .\CortexM3\ARM_GCC_493\Debug\main.o (i_Down_SetPriority)
.\CortexM3\ARM_GCC_493\Debug\Controls.a(i_Right.o)
                              .\CortexM3\ARM_GCC_493\Debug\main.o (i_Right_SetPriority)
.\CortexM3\ARM_GCC_493\Debug\Controls.a(i_Input_1.o)
                              .\CortexM3\ARM_GCC_493\Debug\main.o (i_Input_1_SetPriority)
[...]
Memory Configuration

Name             Origin             Length             Attributes
rom              0x00000000         0x00040000         xr
ram              0x1fff8000         0x00010000         xrw
*default*        0x00000000         0xffffffff

Linker script and memory map

LOAD c:/program files (x86)/cypress/psoc creator/4.0/psoc creator/import/gnu/arm/4.9.3/bin/../lib/gcc/arm-none-eabi/4.9.3/armv7-m/crti.o
LOAD c:/program files (x86)/cypress/psoc creator/4.0/psoc creator/import/gnu/arm/4.9.3/bin/../lib/gcc/arm-none-eabi/4.9.3/armv7-m/crtbegin.o
LOAD c:/program files (x86)/cypress/psoc creator/4.0/psoc creator/import/gnu/arm/4.9.3/bin/../lib/gcc/arm-none-eabi/4.9.3/../../../../arm-none-eabi/lib/armv7-m/crt0.o
START GROUP
LOAD .\CortexM3\ARM_GCC_493\Debug\main.o
LOAD .\CortexM3\ARM_GCC_493\Debug\cymetadata.o
LOAD .\CortexM3\ARM_GCC_493\Debug\Cm3Start.o
LOAD .\CortexM3\ARM_GCC_493\Debug\Controls.a
LOAD C:\Program Files (x86)\Cypress\PSoC Creator\4.0\PSoC Creator\psoc\content\cycomponentlibrary\CyComponentLibrary.cylib\CortexM3\ARM_GCC_493\Debug\CyComponentLibrary.a
END GROUP
START GROUP
LOAD c:/program files (x86)/cypress/psoc creator/4.0/psoc creator/import/gnu/arm/4.9.3/bin/../lib/gcc/arm-none-eabi/4.9.3/armv7-m\libgcc.a
LOAD c:/program files (x86)/cypress/psoc creator/4.0/psoc creator/import/gnu/arm/4.9.3/bin/../lib/gcc/arm-none-eabi/4.9.3/../../../../arm-none-eabi/lib/armv7-m\libg_nano.a
LOAD c:/program files (x86)/cypress/psoc creator/4.0/psoc creator/import/gnu/arm/4.9.3/bin/../lib/gcc/arm-none-eabi/4.9.3/../../../../arm-none-eabi/lib/armv7-m\libc_nano.a
END GROUP
START GROUP
LOAD c:/program files (x86)/cypress/psoc creator/4.0/psoc creator/import/gnu/arm/4.9.3/bin/../lib/gcc/arm-none-eabi/4.9.3/armv7-m\libgcc.a
LOAD c:/program files (x86)/cypress/psoc creator/4.0/psoc creator/import/gnu/arm/4.9.3/bin/../lib/gcc/arm-none-eabi/4.9.3/../../../../arm-none-eabi/lib/armv7-m\libc_nano.a
END GROUP
LOAD c:/program files (x86)/cypress/psoc creator/4.0/psoc creator/import/gnu/arm/4.9.3/bin/../lib/gcc/arm-none-eabi/4.9.3/armv7-m/crtend.o
LOAD c:/program files (x86)/cypress/psoc creator/4.0/psoc creator/import/gnu/arm/4.9.3/bin/../lib/gcc/arm-none-eabi/4.9.3/armv7-m/crtn.o
START GROUP
LOAD c:/program files (x86)/cypress/psoc creator/4.0/psoc creator/import/gnu/arm/4.9.3/bin/../lib/gcc/arm-none-eabi/4.9.3/armv7-m\libgcc.a
LOAD c:/program files (x86)/cypress/psoc creator/4.0/psoc creator/import/gnu/arm/4.9.3/bin/../lib/gcc/arm-none-eabi/4.9.3/../../../../arm-none-eabi/lib/armv7-m\libc.a
LOAD c:/program files (x86)/cypress/psoc creator/4.0/psoc creator/import/gnu/arm/4.9.3/bin/../lib/gcc/arm-none-eabi/4.9.3/../../../../arm-none-eabi/lib/armv7-m\libnosys.a
END GROUP
                0x00000000                CY_APPL_ORIGIN = 0x0
                0x00000100                CY_FLASH_ROW_SIZE = 0x100
                0x00000020                CY_ECC_ROW_SIZE = 0x20
                0x00000000                CY_EE_IN_BTLDR = 0x0
                0x00000000                CY_APPL_LOADABLE = 0x0
                0x00000800                CY_EE_SIZE = 0x800
                0x00000001                CY_APPL_NUM = 0x1
                0x00000001                CY_APPL_MAX = 0x1
                0x00000040                CY_METADATA_SIZE = 0x40
                0x00000000                CY_APPL_LOADABLE = 0x0
                0x00000000                CY_CHECKSUM_EXCLUDE_SIZE = ALIGN (0x0, CY_FLASH_ROW_SIZE)
                0x1fff82e0                PROVIDE (__cy_heap_start, _end)
                0x00000001                PROVIDE (__cy_region_num, ((__cy_regions_end - __cy_regions) / 0x10))
                0x20008000                PROVIDE (__cy_stack, (ORIGIN (ram) + 0x10000))
                0x20007800                PROVIDE (__cy_heap_end, (__cy_stack - 0x800))

.cybootloader   0x00000000        0x0
 *(.cybootloader)
                0x00000000                appl1_start = CY_APPL_ORIGIN?CY_APPL_ORIGIN:ALIGN (CY_FLASH_ROW_SIZE)
                0x0001ff00                appl2_start = (appl1_start + ALIGN ((((0x40000 - appl1_start) - (0x2 * CY_FLASH_ROW_SIZE)) / 0x2), CY_FLASH_ROW_SIZE))
                0x00000000                appl_start = (CY_APPL_NUM == 0x1)?appl1_start:appl2_start
                0x00000000                ecc_offset = ((appl_start / CY_FLASH_ROW_SIZE) * CY_ECC_ROW_SIZE)
                0x00000000                ee_offset = (CY_APPL_LOADABLE && ! (CY_EE_IN_BTLDR))?((CY_EE_SIZE / CY_APPL_MAX) * (CY_APPL_NUM - 0x1)):0x0
                0x00000800                ee_size = (CY_APPL_LOADABLE && ! (CY_EE_IN_BTLDR))?(CY_EE_SIZE / CY_APPL_MAX):CY_EE_SIZE
                0x00000000                PROVIDE (CY_ECC_OFFSET, ecc_offset)

.text           0x00000000     0x2f76
 CREATE_OBJECT_SYMBOLS
                0x00000000                PROVIDE (__cy_interrupt_vector, RomVectors)
 *(.romvectors)
 .romvectors    0x00000000       0x10 .\CortexM3\ARM_GCC_493\Debug\Cm3Start.o
                0x00000000                RomVectors
                0x00000001                ASSERT ((. != __cy_interrupt_vector), No interrupt vector)
                0x00000001                ASSERT (CY_APPL_ORIGIN?(SIZEOF (.cybootloader) <= CY_APPL_ORIGIN):0x1, Wrong image location)
                0x00000010                PROVIDE (__cy_reset, Reset)
 *(.text.Reset)
 .text.Reset    0x00000010       0x18 .\CortexM3\ARM_GCC_493\Debug\Cm3Start.o
                0x00000010                Reset
                0x00000001                ASSERT ((. != __cy_reset), No reset code)
 *(.dma_init)
                0x00000001                ASSERT ((((appl_start + .) <= 0x10000) || 0x1), DMA Init must be within the first 64k of flash)
 *(.text .text.* .gnu.linkonce.t.*)
 .text          0x00000028       0x5c c:/program files (x86)/cypress/psoc creator/4.0/psoc creator/import/gnu/arm/4.9.3/bin/../lib/gcc/arm-none-eabi/4.9.3/armv7-m/crtbegin.o
 .text.Power_Handler
                0x00000084       0x40 .\CortexM3\ARM_GCC_493\Debug\main.o
                0x00000084                Power_Handler
 .text.Right_Handler
                0x000000c4       0x2c .\CortexM3\ARM_GCC_493\Debug\main.o
                0x000000c4                Right_Handler
 .text.Left_Handler
                0x000000f0       0x20 .\CortexM3\ARM_GCC_493\Debug\main.o
                0x000000f0                Left_Handler
 .text.Button_Timer_Handler
                0x00000110       0x4c .\CortexM3\ARM_GCC_493\Debug\main.o
                0x00000110                Button_Timer_Handler
 .text.protection_clear
                0x0000015c       0x14 .\CortexM3\ARM_GCC_493\Debug\main.o
                0x0000015c                protection_clear
 .text.protection_set
                0x00000170       0x3c .\CortexM3\ARM_GCC_493\Debug\main.o
                0x00000170                protection_set
 .text.volume_zero
                0x000001ac       0x40 .\CortexM3\ARM_GCC_493\Debug\main.o
                0x000001ac                volume_zero
 .text.E_Handler
                0x000001ec       0x28 .\CortexM3\ARM_GCC_493\Debug\main.o
                0x000001ec                E_Handler
 .text.set_volume
                0x00000214       0x34 .\CortexM3\ARM_GCC_493\Debug\main.o
                0x00000214                set_volume
 .text.Up_Handler
                0x00000248       0x28 .\CortexM3\ARM_GCC_493\Debug\main.o
                0x00000248                Up_Handler
 .text.get_volume
                0x00000270       0x44 .\CortexM3\ARM_GCC_493\Debug\main.o
                0x00000270                get_volume
 .text.Down_Handler
                0x000002b4       0x28 .\CortexM3\ARM_GCC_493\Debug\main.o
                0x000002b4                Down_Handler
 .text.set_input
                0x000002dc       0xc8 .\CortexM3\ARM_GCC_493\Debug\main.o
                0x000002dc                set_input
 .text.main     0x000003a4      0x28c .\CortexM3\ARM_GCC_493\Debug\main.o
                0x000003a4                main
 .text.Input_2_Handler
                0x00000630       0x48 .\CortexM3\ARM_GCC_493\Debug\main.o
                0x00000630                Input_2_Handler
 .text.Input_1_Handler
                0x00000678       0x44 .\CortexM3\ARM_GCC_493\Debug\main.o
                0x00000678                Input_1_Handler
 .text.Mute_Handler
                0x000006bc       0x48 .\CortexM3\ARM_GCC_493\Debug\main.o
                0x000006bc                Mute_Handler
 .text.IntDefaultHandler
                0x00000704       0x10 .\CortexM3\ARM_GCC_493\Debug\Cm3Start.o
                0x00000704                IntDefaultHandler
 .text.Start_c  0x00000714       0x4c .\CortexM3\ARM_GCC_493\Debug\Cm3Start.o
                0x00000714                Start_c
 .text.initialize_psoc
                0x00000760       0x74 .\CortexM3\ARM_GCC_493\Debug\Cm3Start.o
                0x00000760                initialize_psoc
 .text.CyClockStartupError
                0x000007d4        0x4 .\CortexM3\ARM_GCC_493\Debug\Controls.a(cyfitter_cfg.o)
 .text.cfg_write_bytes32
                0x000007d8       0x34 .\CortexM3\ARM_GCC_493\Debug\Controls.a(cyfitter_cfg.o)
 .text.CYMEMZERO
                0x0000080c        0xc .\CortexM3\ARM_GCC_493\Debug\Controls.a(cyfitter_cfg.o)
 .text.ClockSetup
                0x00000818       0xd8 .\CortexM3\ARM_GCC_493\Debug\Controls.a(cyfitter_cfg.o)
 .text.AnalogSetDefault
                0x000008f0       0x74 .\CortexM3\ARM_GCC_493\Debug\Controls.a(cyfitter_cfg.o)
 .text.CYCONFIGCPY
                0x00000964        0x8 .\CortexM3\ARM_GCC_493\Debug\Controls.a(cyfitter_cfg.o)
 .text.cyfitter_cfg
                0x0000096c      0x13c .\CortexM3\ARM_GCC_493\Debug\Controls.a(cyfitter_cfg.o)
                0x0000096c                cyfitter_cfg
 .text.Enter_SW_Read
                0x00000aa8       0x10 .\CortexM3\ARM_GCC_493\Debug\Controls.a(Enter_SW.o)
                0x00000aa8                Enter_SW_Read
 .text.Power_LED_Write
                0x00000ab8       0x18 .\CortexM3\ARM_GCC_493\Debug\Controls.a(Power_LED.o)
                0x00000ab8                Power_LED_Write
 .text.Power_LED_Read
                0x00000ad0       0x10 .\CortexM3\ARM_GCC_493\Debug\Controls.a(Power_LED.o)
                0x00000ad0                Power_LED_Read
 .text.D3_LED_Write
                0x00000ae0       0x18 .\CortexM3\ARM_GCC_493\Debug\Controls.a(D3_LED.o)
                0x00000ae0                D3_LED_Write
 .text.Power_SW_Read
                0x00000af8       0x10 .\CortexM3\ARM_GCC_493\Debug\Controls.a(Power_SW.o)
                0x00000af8                Power_SW_Read
 .text.Left_SW_Read
                0x00000b08       0x10 .\CortexM3\ARM_GCC_493\Debug\Controls.a(Left_SW.o)
                0x00000b08                Left_SW_Read
 .text.Right_SW_Read
                0x00000b18       0x10 .\CortexM3\ARM_GCC_493\Debug\Controls.a(Right_SW.o)
                0x00000b18                Right_SW_Read
 .text.Down_SW_Read
                0x00000b28        0xc .\CortexM3\ARM_GCC_493\Debug\Controls.a(Down_SW.o)
                0x00000b28                Down_SW_Read
 .text.D2_LED_Write
                0x00000b34       0x18 .\CortexM3\ARM_GCC_493\Debug\Controls.a(D2_LED.o)
                0x00000b34                D2_LED_Write
 .text.Up_SW_Read
                0x00000b4c       0x10 .\CortexM3\ARM_GCC_493\Debug\Controls.a(Up_SW.o)
                0x00000b4c                Up_SW_Read
 .text.Input_1_SW_Read
                0x00000b5c       0x10 .\CortexM3\ARM_GCC_493\Debug\Controls.a(Input_1_SW.o)
                0x00000b5c                Input_1_SW_Read
 .text.Input_2_SW_Read
                0x00000b6c       0x10 .\CortexM3\ARM_GCC_493\Debug\Controls.a(Input_2_SW.o)
                0x00000b6c                Input_2_SW_Read
 .text.D1_LED_Write
                0x00000b7c       0x18 .\CortexM3\ARM_GCC_493\Debug\Controls.a(D1_LED.o)
                0x00000b7c                D1_LED_Write
 .text.U1_LED_Write
                0x00000b94       0x18 .\CortexM3\ARM_GCC_493\Debug\Controls.a(U1_LED.o)
                0x00000b94                U1_LED_Write
 .text.U2_LED_Write
                0x00000bac       0x18 .\CortexM3\ARM_GCC_493\Debug\Controls.a(U2_LED.o)
                0x00000bac                U2_LED_Write
 .text.U3_LED_Write
                0x00000bc4       0x18 .\CortexM3\ARM_GCC_493\Debug\Controls.a(U3_LED.o)
                0x00000bc4                U3_LED_Write
 .text.U4_LED_Write
                0x00000bdc       0x18 .\CortexM3\ARM_GCC_493\Debug\Controls.a(U4_LED.o)
                0x00000bdc                U4_LED_Write
 .text.U5_LED_Write
                0x00000bf4       0x18 .\CortexM3\ARM_GCC_493\Debug\Controls.a(U5_LED.o)
                0x00000bf4                U5_LED_Write
 .text.U6_LED_Write
                0x00000c0c       0x18 .\CortexM3\ARM_GCC_493\Debug\Controls.a(U6_LED.o)
                0x00000c0c                U6_LED_Write
 .text.U7_LED_Write
                0x00000c24       0x18 .\CortexM3\ARM_GCC_493\Debug\Controls.a(U7_LED.o)
                0x00000c24                U7_LED_Write
 .text.U8_LED_Write
                0x00000c3c       0x18 .\CortexM3\ARM_GCC_493\Debug\Controls.a(U8_LED.o)
                0x00000c3c                U8_LED_Write
 .text.CyHalt   0x00000c54        0x4 .\CortexM3\ARM_GCC_493\Debug\Controls.a(CyLib.o)
                0x00000c54                CyHalt
 .text.CyDelay  0x00000c58       0x2c .\CortexM3\ARM_GCC_493\Debug\Controls.a(CyLib.o)
                0x00000c58                CyDelay
 .text.CyDelayUs
                0x00000c84       0x14 .\CortexM3\ARM_GCC_493\Debug\Controls.a(CyLib.o)
                0x00000c84                CyDelayUs
 .text.CyIntSetVector
                0x00000c98       0x28 .\CortexM3\ARM_GCC_493\Debug\Controls.a(CyLib.o)
                0x00000c98                CyIntSetVector
 .text.CyIntSetPriority
                0x00000cc0       0x30 .\CortexM3\ARM_GCC_493\Debug\Controls.a(CyLib.o)
                0x00000cc0                CyIntSetPriority
 .text.CyGetUniqueId
                0x00000cf0       0x70 .\CortexM3\ARM_GCC_493\Debug\Controls.a(CyLib.o)
                0x00000cf0                CyGetUniqueId
 .text.Volume_2_Write
                0x00000d60       0x18 .\CortexM3\ARM_GCC_493\Debug\Controls.a(Volume_2.o)
                0x00000d60                Volume_2_Write
 .text.Volume_1_Write
                0x00000d78       0x18 .\CortexM3\ARM_GCC_493\Debug\Controls.a(Volume_1.o)
                0x00000d78                Volume_1_Write
 .text.Volume_ADC_CalcGain
                0x00000d90       0x5c .\CortexM3\ARM_GCC_493\Debug\Controls.a(Volume_ADC.o)
 .text.Volume_ADC_Enable
                0x00000dec       0x94 .\CortexM3\ARM_GCC_493\Debug\Controls.a(Volume_ADC.o)
                0x00000dec                Volume_ADC_Enable
 .text.Volume_ADC_SetResolution
                0x00000e80       0x38 .\CortexM3\ARM_GCC_493\Debug\Controls.a(Volume_ADC.o)
                0x00000e80                Volume_ADC_SetResolution
 .text.Volume_ADC_Init
                0x00000eb8       0x3c .\CortexM3\ARM_GCC_493\Debug\Controls.a(Volume_ADC.o)
                0x00000eb8                Volume_ADC_Init
 .text.Volume_ADC_Start
                0x00000ef4       0x1c .\CortexM3\ARM_GCC_493\Debug\Controls.a(Volume_ADC.o)
                0x00000ef4                Volume_ADC_Start
 .text.Volume_ADC_StartConvert
                0x00000f10       0x10 .\CortexM3\ARM_GCC_493\Debug\Controls.a(Volume_ADC.o)
                0x00000f10                Volume_ADC_StartConvert
 .text.Volume_ADC_GetResult8
                0x00000f20       0x18 .\CortexM3\ARM_GCC_493\Debug\Controls.a(Volume_ADC.o)
                0x00000f20                Volume_ADC_GetResult8
 .text.Volume_ADC_ISR
                0x00000f38        0x4 .\CortexM3\ARM_GCC_493\Debug\Controls.a(Volume_ADC_INT.o)
                0x00000f38                Volume_ADC_ISR
 .text.Volume_ADC_theACLK_SetModeRegister
                0x00000f3c       0x14 .\CortexM3\ARM_GCC_493\Debug\Controls.a(Volume_ADC_theACLK.o)
                0x00000f3c                Volume_ADC_theACLK_SetModeRegister
 .text.Mute_SW_Read
                0x00000f50       0x10 .\CortexM3\ARM_GCC_493\Debug\Controls.a(Mute_SW.o)
                0x00000f50                Mute_SW_Read
 .text.i_Up_SetVector
                0x00000f60        0xc .\CortexM3\ARM_GCC_493\Debug\Controls.a(i_Up.o)
                0x00000f60                i_Up_SetVector
 .text.i_Up_SetPriority
                0x00000f6c       0x10 .\CortexM3\ARM_GCC_493\Debug\Controls.a(i_Up.o)
                0x00000f6c                i_Up_SetPriority
 .text.i_Up_Enable
                0x00000f7c       0x10 .\CortexM3\ARM_GCC_493\Debug\Controls.a(i_Up.o)
                0x00000f7c                i_Up_Enable
 .text.i_Up_Disable
                0x00000f8c       0x10 .\CortexM3\ARM_GCC_493\Debug\Controls.a(i_Up.o)
                0x00000f8c                i_Up_Disable
 .text.i_Up_StartEx
                0x00000f9c       0x1c .\CortexM3\ARM_GCC_493\Debug\Controls.a(i_Up.o)
                0x00000f9c                i_Up_StartEx
 .text.i_Up_ClearPending
                0x00000fb8       0x10 .\CortexM3\ARM_GCC_493\Debug\Controls.a(i_Up.o)
                0x00000fb8                i_Up_ClearPending
 .text.i_Left_SetVector
                0x00000fc8        0xc .\CortexM3\ARM_GCC_493\Debug\Controls.a(i_Left.o)
                0x00000fc8                i_Left_SetVector
 .text.i_Left_SetPriority
                0x00000fd4       0x10 .\CortexM3\ARM_GCC_493\Debug\Controls.a(i_Left.o)
                0x00000fd4                i_Left_SetPriority
 .text.i_Left_Enable
                0x00000fe4       0x10 .\CortexM3\ARM_GCC_493\Debug\Controls.a(i_Left.o)
                0x00000fe4                i_Left_Enable
 .text.i_Left_Disable
                0x00000ff4       0x10 .\CortexM3\ARM_GCC_493\Debug\Controls.a(i_Left.o)
                0x00000ff4                i_Left_Disable
 .text.i_Left_StartEx
                0x00001004       0x1c .\CortexM3\ARM_GCC_493\Debug\Controls.a(i_Left.o)
                0x00001004                i_Left_StartEx
 .text.i_Left_ClearPending
                0x00001020       0x10 .\CortexM3\ARM_GCC_493\Debug\Controls.a(i_Left.o)
                0x00001020                i_Left_ClearPending
 .text.i_Mute_SetVector
                0x00001030        0xc .\CortexM3\ARM_GCC_493\Debug\Controls.a(i_Mute.o)
                0x00001030                i_Mute_SetVector
 .text.i_Mute_SetPriority
                0x0000103c       0x10 .\CortexM3\ARM_GCC_493\Debug\Controls.a(i_Mute.o)
                0x0000103c                i_Mute_SetPriority
 .text.i_Mute_Enable
                0x0000104c       0x10 .\CortexM3\ARM_GCC_493\Debug\Controls.a(i_Mute.o)
                0x0000104c                i_Mute_Enable
 .text.i_Mute_Disable
                0x0000105c       0x10 .\CortexM3\ARM_GCC_493\Debug\Controls.a(i_Mute.o)
                0x0000105c                i_Mute_Disable
 .text.i_Mute_StartEx
                0x0000106c       0x1c .\CortexM3\ARM_GCC_493\Debug\Controls.a(i_Mute.o)
                0x0000106c                i_Mute_StartEx
 .text.i_Mute_ClearPending
                0x00001088       0x10 .\CortexM3\ARM_GCC_493\Debug\Controls.a(i_Mute.o)
                0x00001088                i_Mute_ClearPending
 .text.i_Enter_SetVector
                0x00001098        0xc .\CortexM3\ARM_GCC_493\Debug\Controls.a(i_Enter.o)
                0x00001098                i_Enter_SetVector
 .text.i_Enter_SetPriority
                0x000010a4       0x10 .\CortexM3\ARM_GCC_493\Debug\Controls.a(i_Enter.o)
                0x000010a4                i_Enter_SetPriority
 .text.i_Enter_Enable
                0x000010b4        0xc .\CortexM3\ARM_GCC_493\Debug\Controls.a(i_Enter.o)
                0x000010b4                i_Enter_Enable
 .text.i_Enter_Disable
                0x000010c0        0xc .\CortexM3\ARM_GCC_493\Debug\Controls.a(i_Enter.o)
                0x000010c0                i_Enter_Disable
 .text.i_Enter_StartEx
                0x000010cc       0x1c .\CortexM3\ARM_GCC_493\Debug\Controls.a(i_Enter.o)
                0x000010cc                i_Enter_StartEx
 .text.i_Enter_ClearPending
                0x000010e8        0xc .\CortexM3\ARM_GCC_493\Debug\Controls.a(i_Enter.o)
                0x000010e8                i_Enter_ClearPending
 .text.i_Down_SetVector
                0x000010f4        0xc .\CortexM3\ARM_GCC_493\Debug\Controls.a(i_Down.o)
                0x000010f4                i_Down_SetVector
 .text.i_Down_SetPriority
                0x00001100       0x10 .\CortexM3\ARM_GCC_493\Debug\Controls.a(i_Down.o)
                0x00001100                i_Down_SetPriority
 .text.i_Down_Enable
                0x00001110        0xc .\CortexM3\ARM_GCC_493\Debug\Controls.a(i_Down.o)
                0x00001110                i_Down_Enable
 .text.i_Down_Disable
                0x0000111c        0xc .\CortexM3\ARM_GCC_493\Debug\Controls.a(i_Down.o)
                0x0000111c                i_Down_Disable
 .text.i_Down_StartEx
                0x00001128       0x1c .\CortexM3\ARM_GCC_493\Debug\Controls.a(i_Down.o)
                0x00001128                i_Down_StartEx
 .text.i_Down_ClearPending
                0x00001144        0xc .\CortexM3\ARM_GCC_493\Debug\Controls.a(i_Down.o)
                0x00001144                i_Down_ClearPending
 .text.i_Right_SetVector
                0x00001150        0xc .\CortexM3\ARM_GCC_493\Debug\Controls.a(i_Right.o)
                0x00001150                i_Right_SetVector
 .text.i_Right_SetPriority
                0x0000115c       0x10 .\CortexM3\ARM_GCC_493\Debug\Controls.a(i_Right.o)
                0x0000115c                i_Right_SetPriority
 .text.i_Right_Enable
                0x0000116c       0x10 .\CortexM3\ARM_GCC_493\Debug\Controls.a(i_Right.o)
                0x0000116c                i_Right_Enable
 .text.i_Right_Disable
                0x0000117c       0x10 .\CortexM3\ARM_GCC_493\Debug\Controls.a(i_Right.o)
                0x0000117c                i_Right_Disable
 .text.i_Right_StartEx
                0x0000118c       0x1c .\CortexM3\ARM_GCC_493\Debug\Controls.a(i_Right.o)
                0x0000118c                i_Right_StartEx
 .text.i_Right_ClearPending
                0x000011a8       0x10 .\CortexM3\ARM_GCC_493\Debug\Controls.a(i_Right.o)
                0x000011a8                i_Right_ClearPending
 .text.i_Input_1_SetVector
                0x000011b8        0xc .\CortexM3\ARM_GCC_493\Debug\Controls.a(i_Input_1.o)
                0x000011b8                i_Input_1_SetVector
 .text.i_Input_1_SetPriority
                0x000011c4       0x10 .\CortexM3\ARM_GCC_493\Debug\Controls.a(i_Input_1.o)
                0x000011c4                i_Input_1_SetPriority
 .text.i_Input_1_Enable
                0x000011d4        0xc .\CortexM3\ARM_GCC_493\Debug\Controls.a(i_Input_1.o)
                0x000011d4                i_Input_1_Enable
 .text.i_Input_1_Disable
                0x000011e0        0xc .\CortexM3\ARM_GCC_493\Debug\Controls.a(i_Input_1.o)
                0x000011e0                i_Input_1_Disable
 .text.i_Input_1_StartEx
                0x000011ec       0x1c .\CortexM3\ARM_GCC_493\Debug\Controls.a(i_Input_1.o)
                0x000011ec                i_Input_1_StartEx
 .text.i_Input_1_ClearPending
                0x00001208        0xc .\CortexM3\ARM_GCC_493\Debug\Controls.a(i_Input_1.o)
                0x00001208                i_Input_1_ClearPending
 .text.i_Power_SetVector
                0x00001214        0xc .\CortexM3\ARM_GCC_493\Debug\Controls.a(i_Power.o)
                0x00001214                i_Power_SetVector
 .text.i_Power_SetPriority
                0x00001220       0x10 .\CortexM3\ARM_GCC_493\Debug\Controls.a(i_Power.o)
                0x00001220                i_Power_SetPriority
 .text.i_Power_Enable
                0x00001230       0x10 .\CortexM3\ARM_GCC_493\Debug\Controls.a(i_Power.o)
                0x00001230                i_Power_Enable
 .text.i_Power_Disable
                0x00001240       0x10 .\CortexM3\ARM_GCC_493\Debug\Controls.a(i_Power.o)
                0x00001240                i_Power_Disable
 .text.i_Power_StartEx
                0x00001250       0x1c .\CortexM3\ARM_GCC_493\Debug\Controls.a(i_Power.o)
                0x00001250                i_Power_StartEx
 .text.i_Power_ClearPending
                0x0000126c       0x10 .\CortexM3\ARM_GCC_493\Debug\Controls.a(i_Power.o)
                0x0000126c                i_Power_ClearPending
 .text.i_Input_2_SetVector
                0x0000127c        0xc .\CortexM3\ARM_GCC_493\Debug\Controls.a(i_Input_2.o)
                0x0000127c                i_Input_2_SetVector
 .text.i_Input_2_SetPriority
                0x00001288       0x10 .\CortexM3\ARM_GCC_493\Debug\Controls.a(i_Input_2.o)
                0x00001288                i_Input_2_SetPriority
 .text.i_Input_2_Enable
                0x00001298       0x10 .\CortexM3\ARM_GCC_493\Debug\Controls.a(i_Input_2.o)
                0x00001298                i_Input_2_Enable
 .text.i_Input_2_Disable
                0x000012a8       0x10 .\CortexM3\ARM_GCC_493\Debug\Controls.a(i_Input_2.o)
                0x000012a8                i_Input_2_Disable
 .text.i_Input_2_StartEx
                0x000012b8       0x1c .\CortexM3\ARM_GCC_493\Debug\Controls.a(i_Input_2.o)
                0x000012b8                i_Input_2_StartEx
 .text.i_Input_2_ClearPending
                0x000012d4       0x10 .\CortexM3\ARM_GCC_493\Debug\Controls.a(i_Input_2.o)
                0x000012d4                i_Input_2_ClearPending
 .text.Input_Relais_0_Write
                0x000012e4       0x18 .\CortexM3\ARM_GCC_493\Debug\Controls.a(Input_Relais_0.o)
                0x000012e4                Input_Relais_0_Write
 .text.Input_Relais_1_Write
                0x000012fc       0x18 .\CortexM3\ARM_GCC_493\Debug\Controls.a(Input_Relais_1.o)
                0x000012fc                Input_Relais_1_Write
 .text.Input_Relais_2_Write
                0x00001314       0x18 .\CortexM3\ARM_GCC_493\Debug\Controls.a(Input_Relais_2.o)
                0x00001314                Input_Relais_2_Write
 .text.Input_Relais_3_Write
                0x0000132c       0x18 .\CortexM3\ARM_GCC_493\Debug\Controls.a(Input_Relais_3.o)
                0x0000132c                Input_Relais_3_Write
 .text.Button_Timer_Enable
                0x00001344       0x28 .\CortexM3\ARM_GCC_493\Debug\Controls.a(Button_Timer.o)
                0x00001344                Button_Timer_Enable
 .text.Button_Timer_Stop
                0x0000136c       0x28 .\CortexM3\ARM_GCC_493\Debug\Controls.a(Button_Timer.o)
                0x0000136c                Button_Timer_Stop
 .text.Button_Timer_SetInterruptMode
                0x00001394        0xc .\CortexM3\ARM_GCC_493\Debug\Controls.a(Button_Timer.o)
                0x00001394                Button_Timer_SetInterruptMode
 .text.Button_Timer_WritePeriod
                0x000013a0        0xc .\CortexM3\ARM_GCC_493\Debug\Controls.a(Button_Timer.o)
                0x000013a0                Button_Timer_WritePeriod
 .text.Button_Timer_WriteCounter
                0x000013ac        0xc .\CortexM3\ARM_GCC_493\Debug\Controls.a(Button_Timer.o)
                0x000013ac                Button_Timer_WriteCounter
 .text.Button_Timer_Init
                0x000013b8       0x6c .\CortexM3\ARM_GCC_493\Debug\Controls.a(Button_Timer.o)
                0x000013b8                Button_Timer_Init
 .text.Button_Timer_Start
                0x00001424       0x1c .\CortexM3\ARM_GCC_493\Debug\Controls.a(Button_Timer.o)
                0x00001424                Button_Timer_Start
 .text.Button_Timer_Interrupt_SetVector
                0x00001440        0xc .\CortexM3\ARM_GCC_493\Debug\Controls.a(Button_Timer_Interrupt.o)
                0x00001440                Button_Timer_Interrupt_SetVector
 .text.Button_Timer_Interrupt_SetPriority
                0x0000144c       0x10 .\CortexM3\ARM_GCC_493\Debug\Controls.a(Button_Timer_Interrupt.o)
                0x0000144c                Button_Timer_Interrupt_SetPriority
 .text.Button_Timer_Interrupt_Enable
                0x0000145c        0xc .\CortexM3\ARM_GCC_493\Debug\Controls.a(Button_Timer_Interrupt.o)
                0x0000145c                Button_Timer_Interrupt_Enable
 .text.Button_Timer_Interrupt_Disable
                0x00001468        0xc .\CortexM3\ARM_GCC_493\Debug\Controls.a(Button_Timer_Interrupt.o)
                0x00001468                Button_Timer_Interrupt_Disable
 .text.Button_Timer_Interrupt_StartEx
                0x00001474       0x1c .\CortexM3\ARM_GCC_493\Debug\Controls.a(Button_Timer_Interrupt.o)
                0x00001474                Button_Timer_Interrupt_StartEx
 .text.Button_Timer_Interrupt_ClearPending
                0x00001490        0xc .\CortexM3\ARM_GCC_493\Debug\Controls.a(Button_Timer_Interrupt.o)
                0x00001490                Button_Timer_Interrupt_ClearPending
 .text.Input_Relais_4_Write
                0x0000149c       0x18 .\CortexM3\ARM_GCC_493\Debug\Controls.a(Input_Relais_4.o)
                0x0000149c                Input_Relais_4_Write
 .text.Input_Relais_5_Write
                0x000014b4       0x18 .\CortexM3\ARM_GCC_493\Debug\Controls.a(Input_Relais_5.o)
                0x000014b4                Input_Relais_5_Write
 .text.Input_Relais_6_Write
                0x000014cc       0x18 .\CortexM3\ARM_GCC_493\Debug\Controls.a(Input_Relais_6.o)
                0x000014cc                Input_Relais_6_Write
 .text.Input_Relais_7_Write
                0x000014e4       0x18 .\CortexM3\ARM_GCC_493\Debug\Controls.a(Input_Relais_7.o)
                0x000014e4                Input_Relais_7_Write
 .text.Protection_IN_Write
                0x000014fc       0x18 .\CortexM3\ARM_GCC_493\Debug\Controls.a(Protection_IN.o)
                0x000014fc                Protection_IN_Write
 .text.Protection_CLR_Write
                0x00001514       0x18 .\CortexM3\ARM_GCC_493\Debug\Controls.a(Protection_CLR.o)
                0x00001514                Protection_CLR_Write
 .text.Protection_CLK_Write
                0x0000152c       0x18 .\CortexM3\ARM_GCC_493\Debug\Controls.a(Protection_CLK.o)
                0x0000152c                Protection_CLK_Write
 .text.USBUART_Init
                0x00001544      0x140 .\CortexM3\ARM_GCC_493\Debug\Controls.a(USBUART.o)
                0x00001544                USBUART_Init
 .text.USBUART_InitComponent
                0x00001684       0xd0 .\CortexM3\ARM_GCC_493\Debug\Controls.a(USBUART.o)
                0x00001684                USBUART_InitComponent
 .text.USBUART_Start
                0x00001754       0x24 .\CortexM3\ARM_GCC_493\Debug\Controls.a(USBUART.o)
                0x00001754                USBUART_Start
 .text.USBUART_ReInitComponent
                0x00001778       0x64 .\CortexM3\ARM_GCC_493\Debug\Controls.a(USBUART.o)
                0x00001778                USBUART_ReInitComponent
 .text.USBUART_GetConfiguration
                0x000017dc        0xc .\CortexM3\ARM_GCC_493\Debug\Controls.a(USBUART.o)
                0x000017dc                USBUART_GetConfiguration
 .text.USBUART_IsConfigurationChanged
                0x000017e8       0x20 .\CortexM3\ARM_GCC_493\Debug\Controls.a(USBUART.o)
                0x000017e8                USBUART_IsConfigurationChanged
 .text.USBUART_GetEPState
                0x00001808       0x14 .\CortexM3\ARM_GCC_493\Debug\Controls.a(USBUART.o)
                0x00001808                USBUART_GetEPState
 .text.USBUART_GetEPCount
                0x0000181c       0x28 .\CortexM3\ARM_GCC_493\Debug\Controls.a(USBUART.o)
                0x0000181c                USBUART_GetEPCount
 .text.USBUART_LoadInEP
                0x00001844       0x94 .\CortexM3\ARM_GCC_493\Debug\Controls.a(USBUART.o)
                0x00001844                USBUART_LoadInEP
 .text.USBUART_EnableOutEP
                0x000018d8       0x2c .\CortexM3\ARM_GCC_493\Debug\Controls.a(USBUART.o)
                0x000018d8                USBUART_EnableOutEP
 .text.USBUART_ReadOutEP
                0x00001904       0x50 .\CortexM3\ARM_GCC_493\Debug\Controls.a(USBUART.o)
                0x00001904                USBUART_ReadOutEP
 .text.USBUART_StrLen
                0x00001954       0x14 .\CortexM3\ARM_GCC_493\Debug\Controls.a(USBUART_cdc.o)
 .text.USBUART_GetInterfaceComPort
                0x00001968       0x3c .\CortexM3\ARM_GCC_493\Debug\Controls.a(USBUART_cdc.o)
                0x00001968                USBUART_GetInterfaceComPort
 .text.USBUART_DispatchCDCClassRqst
                0x000019a4       0x98 .\CortexM3\ARM_GCC_493\Debug\Controls.a(USBUART_cdc.o)
                0x000019a4                USBUART_DispatchCDCClassRqst
 .text.USBUART_CDC_Init
                0x00001a3c       0x98 .\CortexM3\ARM_GCC_493\Debug\Controls.a(USBUART_cdc.o)
                0x00001a3c                USBUART_CDC_Init
 .text.USBUART_PutData
                0x00001ad4       0x4c .\CortexM3\ARM_GCC_493\Debug\Controls.a(USBUART_cdc.o)
                0x00001ad4                USBUART_PutData
 .text.USBUART_PutString
                0x00001b20       0x9c .\CortexM3\ARM_GCC_493\Debug\Controls.a(USBUART_cdc.o)
                0x00001b20                USBUART_PutString
 .text.USBUART_PutChar
                0x00001bbc       0x28 .\CortexM3\ARM_GCC_493\Debug\Controls.a(USBUART_cdc.o)
                0x00001bbc                USBUART_PutChar
 .text.USBUART_DataIsReady
                0x00001be4       0x18 .\CortexM3\ARM_GCC_493\Debug\Controls.a(USBUART_cdc.o)
                0x00001be4                USBUART_DataIsReady
 .text.USBUART_CDCIsReady
                0x00001bfc       0x18 .\CortexM3\ARM_GCC_493\Debug\Controls.a(USBUART_cdc.o)
                0x00001bfc                USBUART_CDCIsReady
 .text.USBUART_GetAll
                0x00001c14       0x30 .\CortexM3\ARM_GCC_493\Debug\Controls.a(USBUART_cdc.o)
                0x00001c14                USBUART_GetAll
 .text.USBUART_Cdc_EpInit
                0x00001c44       0x50 .\CortexM3\ARM_GCC_493\Debug\Controls.a(USBUART_cdc.o)
                0x00001c44                USBUART_Cdc_EpInit
 .text.USBUART_LoadEP0
                0x00001c94       0x94 .\CortexM3\ARM_GCC_493\Debug\Controls.a(USBUART_drv.o)
                0x00001c94                USBUART_LoadEP0
 .text.USBUART_InitZeroLengthControlTransfer
                0x00001d28       0x34 .\CortexM3\ARM_GCC_493\Debug\Controls.a(USBUART_drv.o)
                0x00001d28                USBUART_InitZeroLengthControlTransfer
 .text.USBUART_ControlReadDataStage
                0x00001d5c        0x8 .\CortexM3\ARM_GCC_493\Debug\Controls.a(USBUART_drv.o)
                0x00001d5c                USBUART_ControlReadDataStage
 .text.USBUART_ControlWriteDataStage
                0x00001d64       0x80 .\CortexM3\ARM_GCC_493\Debug\Controls.a(USBUART_drv.o)
                0x00001d64                USBUART_ControlWriteDataStage
 .text.USBUART_InitNoDataControlTransfer
                0x00001de4       0x2c .\CortexM3\ARM_GCC_493\Debug\Controls.a(USBUART_drv.o)
                0x00001de4                USBUART_InitNoDataControlTransfer
 .text.USBUART_UpdateStatusBlock
                0x00001e10       0x24 .\CortexM3\ARM_GCC_493\Debug\Controls.a(USBUART_drv.o)
                0x00001e10                USBUART_UpdateStatusBlock
 .text.USBUART_HandleSetup
                0x00001e34       0x5c .\CortexM3\ARM_GCC_493\Debug\Controls.a(USBUART_drv.o)
                0x00001e34                USBUART_HandleSetup
 .text.USBUART_ControlReadStatusStage
                0x00001e90       0x34 .\CortexM3\ARM_GCC_493\Debug\Controls.a(USBUART_drv.o)
                0x00001e90                USBUART_ControlReadStatusStage
 .text.USBUART_HandleOUT
                0x00001ec4       0x38 .\CortexM3\ARM_GCC_493\Debug\Controls.a(USBUART_drv.o)
                0x00001ec4                USBUART_HandleOUT
 .text.USBUART_ControlWriteStatusStage
                0x00001efc       0x20 .\CortexM3\ARM_GCC_493\Debug\Controls.a(USBUART_drv.o)
                0x00001efc                USBUART_ControlWriteStatusStage
 .text.USBUART_NoDataControlStatusStage
                0x00001f1c       0x40 .\CortexM3\ARM_GCC_493\Debug\Controls.a(USBUART_drv.o)
                0x00001f1c                USBUART_NoDataControlStatusStage
 .text.USBUART_HandleIN
                0x00001f5c       0x2c .\CortexM3\ARM_GCC_493\Debug\Controls.a(USBUART_drv.o)
                0x00001f5c                USBUART_HandleIN
 .text.USBUART_EP_0_ISR
                0x00001f88       0xb8 .\CortexM3\ARM_GCC_493\Debug\Controls.a(USBUART_drv.o)
                0x00001f88                USBUART_EP_0_ISR
 .text.USBUART_InitializeStatusBlock
                0x00002040       0x24 .\CortexM3\ARM_GCC_493\Debug\Controls.a(USBUART_drv.o)
                0x00002040                USBUART_InitializeStatusBlock
 .text.USBUART_InitControlRead
                0x00002064       0x50 .\CortexM3\ARM_GCC_493\Debug\Controls.a(USBUART_drv.o)
                0x00002064                USBUART_InitControlRead
 .text.USBUART_InitControlWrite
                0x000020b4       0x48 .\CortexM3\ARM_GCC_493\Debug\Controls.a(USBUART_drv.o)
                0x000020b4                USBUART_InitControlWrite
 .text.USBUART_EP_1_ISR
                0x000020fc       0x30 .\CortexM3\ARM_GCC_493\Debug\Controls.a(USBUART_episr.o)
                0x000020fc                USBUART_EP_1_ISR
 .text.USBUART_EP_2_ISR
                0x0000212c       0x34 .\CortexM3\ARM_GCC_493\Debug\Controls.a(USBUART_episr.o)
                0x0000212c                USBUART_EP_2_ISR
 .text.USBUART_EP_3_ISR
                0x00002160       0x3c .\CortexM3\ARM_GCC_493\Debug\Controls.a(USBUART_episr.o)
                0x00002160                USBUART_EP_3_ISR
 .text.USBUART_SOF_ISR
                0x0000219c        0x4 .\CortexM3\ARM_GCC_493\Debug\Controls.a(USBUART_episr.o)
                0x0000219c                USBUART_SOF_ISR
 .text.USBUART_BUS_RESET_ISR
                0x000021a0        0x8 .\CortexM3\ARM_GCC_493\Debug\Controls.a(USBUART_episr.o)
                0x000021a0                USBUART_BUS_RESET_ISR
 .text.USBUART_FindHidClassDecriptor
                0x000021a8       0x40 .\CortexM3\ARM_GCC_493\Debug\Controls.a(USBUART_hid.o)
                0x000021a8                USBUART_FindHidClassDecriptor
 .text.USBUART_FindReportDescriptor
                0x000021e8       0x48 .\CortexM3\ARM_GCC_493\Debug\Controls.a(USBUART_hid.o)
                0x000021e8                USBUART_FindReportDescriptor
 .text.USBUART_FindReport
                0x00002230       0x7c .\CortexM3\ARM_GCC_493\Debug\Controls.a(USBUART_hid.o)
                0x00002230                USBUART_FindReport
 .text.USBUART_DispatchHIDClassRqst
                0x000022ac      0x184 .\CortexM3\ARM_GCC_493\Debug\Controls.a(USBUART_hid.o)
                0x000022ac                USBUART_DispatchHIDClassRqst
 .text.USBUART_DP_ISR
                0x00002430        0x8 .\CortexM3\ARM_GCC_493\Debug\Controls.a(USBUART_pm.o)
                0x00002430                USBUART_DP_ISR
 .text.USBUART_ReadDieID
                0x00002438       0x6c .\CortexM3\ARM_GCC_493\Debug\Controls.a(USBUART_std.o)
                0x00002438                USBUART_ReadDieID
 .text.USBUART_ConfigReg
                0x000024a4       0xa4 .\CortexM3\ARM_GCC_493\Debug\Controls.a(USBUART_std.o)
                0x000024a4                USBUART_ConfigReg
 .text.USBUART_GetConfigTablePtr
                0x00002548       0x28 .\CortexM3\ARM_GCC_493\Debug\Controls.a(USBUART_std.o)
                0x00002548                USBUART_GetConfigTablePtr
 .text.USBUART_ConfigAltChanged
                0x00002570      0x11c .\CortexM3\ARM_GCC_493\Debug\Controls.a(USBUART_std.o)
                0x00002570                USBUART_ConfigAltChanged
 .text.USBUART_GetDeviceTablePtr
                0x0000268c       0x18 .\CortexM3\ARM_GCC_493\Debug\Controls.a(USBUART_std.o)
                0x0000268c                USBUART_GetDeviceTablePtr
 .text.USBUART_GetInterfaceClassTablePtr
                0x000026a4       0x24 .\CortexM3\ARM_GCC_493\Debug\Controls.a(USBUART_std.o)
                0x000026a4                USBUART_GetInterfaceClassTablePtr
 .text.USBUART_Config
                0x000026c8      0x1dc .\CortexM3\ARM_GCC_493\Debug\Controls.a(USBUART_std.o)
                0x000026c8                USBUART_Config
 .text.USBUART_SetEndpointHalt
                0x000028a4       0x64 .\CortexM3\ARM_GCC_493\Debug\Controls.a(USBUART_std.o)
                0x000028a4                USBUART_SetEndpointHalt
 .text.USBUART_ClearEndpointHalt
                0x00002908       0xa8 .\CortexM3\ARM_GCC_493\Debug\Controls.a(USBUART_std.o)
                0x00002908                USBUART_ClearEndpointHalt
 .text.USBUART_ValidateAlternateSetting
                0x000029b0       0x4c .\CortexM3\ARM_GCC_493\Debug\Controls.a(USBUART_std.o)
                0x000029b0                USBUART_ValidateAlternateSetting
 .text.USBUART_HandleStandardRqst
                0x000029fc      0x35c .\CortexM3\ARM_GCC_493\Debug\Controls.a(USBUART_std.o)
                0x000029fc                USBUART_HandleStandardRqst
 .text.USBUART_HandleVendorRqst
                0x00002d58       0x3c .\CortexM3\ARM_GCC_493\Debug\Controls.a(USBUART_vnd.o)
                0x00002d58                USBUART_HandleVendorRqst
 .text.USBUART_Dp_ClearInterrupt
                0x00002d94       0x10 .\CortexM3\ARM_GCC_493\Debug\Controls.a(USBUART_Dp.o)
                0x00002d94                USBUART_Dp_ClearInterrupt
 .text.Volume_Timer_Enable
                0x00002da4       0x10 .\CortexM3\ARM_GCC_493\Debug\Controls.a(Volume_Timer.o)
                0x00002da4                Volume_Timer_Enable
 .text.Volume_Timer_Stop
                0x00002db4       0x10 .\CortexM3\ARM_GCC_493\Debug\Controls.a(Volume_Timer.o)
                0x00002db4                Volume_Timer_Stop
 .text.Volume_Timer_SetInterruptMode
                0x00002dc4        0xc .\CortexM3\ARM_GCC_493\Debug\Controls.a(Volume_Timer.o)
                0x00002dc4                Volume_Timer_SetInterruptMode
 .text.Volume_Timer_ReadStatusRegister
                0x00002dd0        0xc .\CortexM3\ARM_GCC_493\Debug\Controls.a(Volume_Timer.o)
                0x00002dd0                Volume_Timer_ReadStatusRegister
 .text.Volume_Timer_WritePeriod
                0x00002ddc        0xc .\CortexM3\ARM_GCC_493\Debug\Controls.a(Volume_Timer.o)
                0x00002ddc                Volume_Timer_WritePeriod
 .text.Volume_Timer_ReadCapture
                0x00002de8        0xc .\CortexM3\ARM_GCC_493\Debug\Controls.a(Volume_Timer.o)
                0x00002de8                Volume_Timer_ReadCapture
 .text.Volume_Timer_WriteCounter
                0x00002df4        0xc .\CortexM3\ARM_GCC_493\Debug\Controls.a(Volume_Timer.o)
                0x00002df4                Volume_Timer_WriteCounter
 .text.Volume_Timer_ReadCounter
                0x00002e00       0x14 .\CortexM3\ARM_GCC_493\Debug\Controls.a(Volume_Timer.o)
                0x00002e00                Volume_Timer_ReadCounter
 .text.Volume_Timer_ClearFIFO
                0x00002e14       0x14 .\CortexM3\ARM_GCC_493\Debug\Controls.a(Volume_Timer.o)
                0x00002e14                Volume_Timer_ClearFIFO
 .text.Volume_Timer_Init
                0x00002e28       0x34 .\CortexM3\ARM_GCC_493\Debug\Controls.a(Volume_Timer.o)
                0x00002e28                Volume_Timer_Init
 .text.Volume_Timer_Start
                0x00002e5c       0x1c .\CortexM3\ARM_GCC_493\Debug\Controls.a(Volume_Timer.o)
                0x00002e5c                Volume_Timer_Start
 .text          0x00002e78       0x20 .\CortexM3\ARM_GCC_493\Debug\Controls.a(CyBootAsmGnu.o)
                0x00002e78                CyDelayCycles
                0x00002e88                CyEnterCriticalSection
                0x00002e90                CyExitCriticalSection
 .text.USBUART_DispatchClassRqst
                0x00002e98       0x60 .\CortexM3\ARM_GCC_493\Debug\Controls.a(USBUART_cls.o)
                0x00002e98                USBUART_DispatchClassRqst
 .text.__errno  0x00002ef8        0xc c:/program files (x86)/cypress/psoc creator/4.0/psoc creator/import/gnu/arm/4.9.3/bin/../lib/gcc/arm-none-eabi/4.9.3/../../../../arm-none-eabi/lib/armv7-m\libg_nano.a(lib_a-errno.o)
                0x00002ef8                __errno
 .text.__libc_init_array
                0x00002f04       0x4c c:/program files (x86)/cypress/psoc creator/4.0/psoc creator/import/gnu/arm/4.9.3/bin/../lib/gcc/arm-none-eabi/4.9.3/../../../../arm-none-eabi/lib/armv7-m\libg_nano.a(lib_a-init.o)
                0x00002f04                __libc_init_array
 .text.memcpy   0x00002f50       0x16 c:/program files (x86)/cypress/psoc creator/4.0/psoc creator/import/gnu/arm/4.9.3/bin/../lib/gcc/arm-none-eabi/4.9.3/../../../../arm-none-eabi/lib/armv7-m\libg_nano.a(lib_a-memcpy.o)
                0x00002f50                memcpy
 .text.memset   0x00002f66       0x10 c:/program files (x86)/cypress/psoc creator/4.0/psoc creator/import/gnu/arm/4.9.3/bin/../lib/gcc/arm-none-eabi/4.9.3/../../../../arm-none-eabi/lib/armv7-m\libg_nano.a(lib_a-memset.o)
                0x00002f66                memset
 *(.plt)
 *(.gnu.warning)
 *(.glue_7t)
 .glue_7t       0x00000000        0x0 linker stubs
 *(.glue_7)
 .glue_7        0x00000000        0x0 linker stubs
 *(.vfp11_veneer)
 .vfp11_veneer  0x00000000        0x0 linker stubs
 *(.bootloader)
 *(.ARM.extab* .gnu.linkonce.armextab.*)
 *(.gcc_except_table)

.v4_bx          0x00002f78        0x0
 .v4_bx         0x00000000        0x0 linker stubs

.iplt           0x00002f78        0x0
 .iplt          0x00000000        0x0 c:/program files (x86)/cypress/psoc creator/4.0/psoc creator/import/gnu/arm/4.9.3/bin/../lib/gcc/arm-none-eabi/4.9.3/armv7-m/crtbegin.o

.eh_frame_hdr
 *(.eh_frame_hdr)

.eh_frame       0x00002f78        0x4
 *(.eh_frame)
 .eh_frame      0x00002f78        0x0 c:/program files (x86)/cypress/psoc creator/4.0/psoc creator/import/gnu/arm/4.9.3/bin/../lib/gcc/arm-none-eabi/4.9.3/armv7-m/crtbegin.o
 .eh_frame      0x00002f78        0x0 c:/program files (x86)/cypress/psoc creator/4.0/psoc creator/import/gnu/arm/4.9.3/bin/../lib/gcc/arm-none-eabi/4.9.3/../../../../arm-none-eabi/lib/armv7-m\libg_nano.a(lib_a-strcmp.o)
                                 0x28 (size before relaxing)
 .eh_frame      0x00002f78        0x4 c:/program files (x86)/cypress/psoc creator/4.0/psoc creator/import/gnu/arm/4.9.3/bin/../lib/gcc/arm-none-eabi/4.9.3/armv7-m/crtend.o
                0x00002f7c                PROVIDE (__exidx_start, .)

.ARM.exidx
 *(.ARM.exidx* .gnu.linkonce.armexidx.*)
                0x00002f7c                __exidx_end = .

.rodata         0x00002f7c      0x2c4
 *(.rodata .rodata.* .gnu.linkonce.r.*)
 .rodata.str1.4
                0x00002f7c       0x36 .\CortexM3\ARM_GCC_493\Debug\main.o
                                 0x38 (size before relaxing)
 *fill*         0x00002fb2        0x2 
 .rodata        0x00002fb4       0x38 .\CortexM3\ARM_GCC_493\Debug\Controls.a(cyfitter_cfg.o)
 .rodata.str1.4
                0x00002fec       0x14 .\CortexM3\ARM_GCC_493\Debug\Controls.a(USBUART_std.o)
 .rodata        0x00003000      0x208 .\CortexM3\ARM_GCC_493\Debug\Controls.a(USBUART_descr.o)
                0x00003000                USBUART_MSOS_CONFIGURATION_DESCR
                0x00003028                USBUART_MSOS_DESCRIPTOR
                0x0000303c                USBUART_TABLE
                0x00003044                USBUART_DEVICE0_TABLE
                0x0000305c                USBUART_DEVICE0_CONFIGURATION0_TABLE
                0x00003084                USBUART_DEVICE0_CONFIGURATION0_INTERFACE_CLASS
                0x00003088                USBUART_DEVICE0_CONFIGURATION0_EP_SETTINGS_TABLE
                0x000030a0                USBUART_HIDREPORT_DESCRIPTOR1
                0x000030d8                USBUART_SN_STRING_DESCRIPTOR
                0x000030dc                USBUART_STRING_DESCRIPTORS
                0x000031b0                USBUART_DEVICE0_CONFIGURATION0_DESCR
                0x000031f4                USBUART_DEVICE0_DESCR
 .rodata.str1.1
                0x00003208        0x2 c:/program files (x86)/cypress/psoc creator/4.0/psoc creator/import/gnu/arm/4.9.3/bin/../lib/gcc/arm-none-eabi/4.9.3/../../../../arm-none-eabi/lib/armv7-m\libg_nano.a(lib_a-impure.o)
                0x0000320c                . = ALIGN (0x4)
 *fill*         0x0000320a        0x2 
 *(.init)
 .init          0x0000320c        0x4 c:/program files (x86)/cypress/psoc creator/4.0/psoc creator/import/gnu/arm/4.9.3/bin/../lib/gcc/arm-none-eabi/4.9.3/armv7-m/crti.o
                0x0000320c                _init
 .init          0x00003210        0x8 c:/program files (x86)/cypress/psoc creator/4.0/psoc creator/import/gnu/arm/4.9.3/bin/../lib/gcc/arm-none-eabi/4.9.3/armv7-m/crtn.o
                0x00003218                . = ALIGN (0x4)
                0x00003218                __preinit_array_start = .
 *(.preinit_array)
                0x00003218                __preinit_array_end = .
                0x00003218                . = ALIGN (0x4)
                0x00003218                __init_array_start = .
 *(SORT(.init_array.*))
 *(.init_array)
 .init_array    0x00003218        0x4 c:/program files (x86)/cypress/psoc creator/4.0/psoc creator/import/gnu/arm/4.9.3/bin/../lib/gcc/arm-none-eabi/4.9.3/armv7-m/crtbegin.o
 .init_array    0x0000321c        0x4 .\CortexM3\ARM_GCC_493\Debug\Cm3Start.o
                0x00003220                __init_array_end = .
                0x00003220                . = ALIGN (0x4)
 *(.fini)
 .fini          0x00003220        0x4 c:/program files (x86)/cypress/psoc creator/4.0/psoc creator/import/gnu/arm/4.9.3/bin/../lib/gcc/arm-none-eabi/4.9.3/armv7-m/crti.o
                0x00003220                _fini
 .fini          0x00003224        0x8 c:/program files (x86)/cypress/psoc creator/4.0/psoc creator/import/gnu/arm/4.9.3/bin/../lib/gcc/arm-none-eabi/4.9.3/armv7-m/crtn.o
                0x0000322c                . = ALIGN (0x4)
                0x0000322c                __fini_array_start = .
 *(.fini_array)
 .fini_array    0x0000322c        0x4 c:/program files (x86)/cypress/psoc creator/4.0/psoc creator/import/gnu/arm/4.9.3/bin/../lib/gcc/arm-none-eabi/4.9.3/armv7-m/crtbegin.o
 *(SORT(.fini_array.*))
                0x00003230                __fini_array_end = .
                0x00003230                . = ALIGN (0x4)
 *crtbegin.o(.ctors)
 *(EXCLUDE_FILE(*crtend.o) .ctors)
 *(SORT(.ctors.*))
 *crtend.o(.ctors)
                0x00003230                . = ALIGN (0x4)
 *crtbegin.o(.dtors)
 *(EXCLUDE_FILE(*crtend.o) .dtors)
 *(SORT(.dtors.*))
 *crtend.o(.dtors)
                0x00003230                . = ALIGN (0x4)
                0x00003230                __cy_regions = .
                0x00003230        0x4 LONG 0x3240 __cy_region_init_ram
                0x00003234        0x4 LONG 0x1fff8108 __cy_region_start_data
                0x00003238        0x4 LONG 0xb8 __cy_region_init_size_ram
                0x0000323c        0x4 LONG 0x120 __cy_region_zero_size_ram
                0x00003240                __cy_regions_end = .
                0x00003240                . = ALIGN (0x8)
                0x00003240                _etext = .

.cy_checksum_exclude
                0x00003240        0x0
 *(.cy_checksum_exclude)

.ramvectors     0x1fff8000      0x100
                0x1fff8000                __cy_region_start_ram = .
 *(.ramvectors)
 .ramvectors    0x1fff8000      0x100 .\CortexM3\ARM_GCC_493\Debug\Cm3Start.o
                0x1fff8000                CyRamVectors

.noinit         0x1fff8100        0x5
 *(.noinit)
 .noinit        0x1fff8100        0x4 .\CortexM3\ARM_GCC_493\Debug\Cm3Start.o
 .noinit        0x1fff8104        0x1 .\CortexM3\ARM_GCC_493\Debug\Controls.a(CyLib.o)
                0x1fff8104                CyResetStatus

.data           0x1fff8108       0xb8 load address 0x00003240
                0x1fff8108                __cy_region_start_data = .
 *(.jcr)
 .jcr           0x1fff8108        0x0 c:/program files (x86)/cypress/psoc creator/4.0/psoc creator/import/gnu/arm/4.9.3/bin/../lib/gcc/arm-none-eabi/4.9.3/armv7-m/crtbegin.o
 .jcr           0x1fff8108        0x4 c:/program files (x86)/cypress/psoc creator/4.0/psoc creator/import/gnu/arm/4.9.3/bin/../lib/gcc/arm-none-eabi/4.9.3/armv7-m/crtend.o
 *(.got.plt)
 *(.got)
 *(.shdata)
 *(.data .data.* .gnu.linkonce.d.*)
 .data          0x1fff810c       0x24 .\CortexM3\ARM_GCC_493\Debug\main.o
                0x1fff810c                globalstate
                0x1fff810d                input
                0x1fff8110                stop
                0x1fff811c                parity
 .data          0x1fff8130       0x10 .\CortexM3\ARM_GCC_493\Debug\Controls.a(CyLib.o)
                0x1fff8130                cydelay_32k_ms
                0x1fff8134                cydelay_freq_khz
                0x1fff8138                cydelay_freq_mhz
                0x1fff813c                cydelay_freq_hz
 .data          0x1fff8140       0x1c .\CortexM3\ARM_GCC_493\Debug\Controls.a(USBUART_cdc.o)
                0x1fff8140                USBUART_linesCoding
 .data.impure_data
                0x1fff815c       0x60 c:/program files (x86)/cypress/psoc creator/4.0/psoc creator/import/gnu/arm/4.9.3/bin/../lib/gcc/arm-none-eabi/4.9.3/../../../../arm-none-eabi/lib/armv7-m\libg_nano.a(lib_a-impure.o)
 .data._impure_ptr
                0x1fff81bc        0x4 c:/program files (x86)/cypress/psoc creator/4.0/psoc creator/import/gnu/arm/4.9.3/bin/../lib/gcc/arm-none-eabi/4.9.3/../../../../arm-none-eabi/lib/armv7-m\libg_nano.a(lib_a-impure.o)
                0x1fff81bc                _impure_ptr
                0x1fff81c0                . = ALIGN (0x8)
 *(.ram)
                0x1fff81c0                _edata = .

.igot.plt       0x1fff81c0        0x0 load address 0x000032f8
 .igot.plt      0x00000000        0x0 c:/program files (x86)/cypress/psoc creator/4.0/psoc creator/import/gnu/arm/4.9.3/bin/../lib/gcc/arm-none-eabi/4.9.3/armv7-m/crtbegin.o

.bss            0x1fff81c0      0x120 load address 0x000032f8
                0x1fff81c0                PROVIDE (__bss_start__, .)
 *(.shbss)
 *(.bss .bss.* .gnu.linkonce.b.*)
 .bss           0x1fff81c0       0x1c c:/program files (x86)/cypress/psoc creator/4.0/psoc creator/import/gnu/arm/4.9.3/bin/../lib/gcc/arm-none-eabi/4.9.3/armv7-m/crtbegin.o
 .bss           0x1fff81dc        0x1 .\CortexM3\ARM_GCC_493\Debug\main.o
                0x1fff81dc                muted
 .bss           0x1fff81dd        0x1 .\CortexM3\ARM_GCC_493\Debug\Controls.a(Volume_ADC.o)
                0x1fff81dd                Volume_ADC_initVar
 .bss           0x1fff81de        0x1 .\CortexM3\ARM_GCC_493\Debug\Controls.a(Button_Timer.o)
                0x1fff81de                Button_Timer_initVar
 .bss           0x1fff81df        0x1 .\CortexM3\ARM_GCC_493\Debug\Controls.a(USBUART.o)
                0x1fff81df                USBUART_initVar
 .bss           0x1fff81e0        0x1 .\CortexM3\ARM_GCC_493\Debug\Controls.a(USBUART_cdc.o)
 *fill*         0x1fff81e1        0x3 
 .bss           0x1fff81e4        0x4 .\CortexM3\ARM_GCC_493\Debug\Controls.a(USBUART_std.o)
 .bss           0x1fff81e8        0x1 .\CortexM3\ARM_GCC_493\Debug\Controls.a(Volume_Timer.o)
                0x1fff81e8                Volume_Timer_initVar
 *(COMMON)
 *fill*         0x1fff81e9        0x3 
 COMMON         0x1fff81ec        0xc .\CortexM3\ARM_GCC_493\Debug\Controls.a(Volume_ADC.o)
                0x1fff81ec                Volume_ADC_countsPerVolt
                0x1fff81f0                Volume_ADC_countsPer10Volt
                0x1fff81f4                Volume_ADC_shift
                0x1fff81f6                Volume_ADC_offset
 COMMON         0x1fff81f8       0x18 .\CortexM3\ARM_GCC_493\Debug\Controls.a(USBUART_cdc.o)
                0x1fff81f8                USBUART_linesChanged
                0x1fff81fc                USBUART_cdcDataInEp
                0x1fff8200                USBUART_cdcCommInInterruptEp
                0x1fff8204                USBUART_cdcDataOutEp
                0x1fff8208                USBUART_serialStateBitmap
                0x1fff820c                USBUART_linesControlBitmap
 COMMON         0x1fff8210       0x9a .\CortexM3\ARM_GCC_493\Debug\Controls.a(USBUART_drv.o)
                0x1fff8210                USBUART_lastPacketSize
                0x1fff8211                USBUART_device
                0x1fff8212                USBUART_transferByteCount
                0x1fff8214                USBUART_transferState
                0x1fff8218                USBUART_interfaceSettingLast
                0x1fff821c                USBUART_currentTD
                0x1fff8228                USBUART_interfaceNumber
                0x1fff822c                USBUART_interfaceClass
                0x1fff8230                USBUART_configurationChanged
                0x1fff8231                USBUART_ep0Mode
                0x1fff8232                USBUART_deviceAddress
                0x1fff8233                USBUART_configuration
                0x1fff8234                USBUART_ep0Count
                0x1fff8235                USBUART_deviceStatus
                0x1fff8238                USBUART_EP
                0x1fff82a4                USBUART_interfaceSetting
                0x1fff82a6                USBUART_ep0Toggle
                0x1fff82a8                USBUART_interfaceStatus
 *fill*         0x1fff82aa        0x2 
 COMMON         0x1fff82ac        0xa .\CortexM3\ARM_GCC_493\Debug\Controls.a(USBUART_hid.o)
                0x1fff82ac                USBUART_hidProtocol
                0x1fff82b0                USBUART_hidIdleTimer
                0x1fff82b4                USBUART_hidIdleRate
 *fill*         0x1fff82b6        0x2 
 COMMON         0x1fff82b8       0x22 .\CortexM3\ARM_GCC_493\Debug\Controls.a(USBUART_descr.o)
                0x1fff82b8                USBUART_idSerialNumberStringDescriptor
                0x1fff82e0                . = ALIGN (0x8)
 *fill*         0x1fff82da        0x6 
 *(.ram.b)
                0x1fff82e0                _end = .
                0x1fff82e0                __end = .
                0x1fff82e0                PROVIDE (end, .)
                0x1fff82e0                PROVIDE (__bss_end__, .)
                0x00003240                __cy_region_init_ram = LOADADDR (.data)
                0x000000b8                __cy_region_init_size_ram = (_edata - ADDR (.data))
                0x00000120                __cy_region_zero_size_ram = (_end - _edata)

.heap           0x1fff82e0       0x80 load address 0x000032f8
                0x1fff82e0                . = _end
                0x1fff8360                . = (. + 0x80)
 *fill*         0x1fff82e0       0x80 
                0x1fff8360                __cy_heap_limit = .

.stack          0x20007800      0x800
                0x20007800                __cy_stack_limit = .
                0x20008000                . = (. + 0x800)
 *fill*         0x20007800      0x800 
                0x00000001                ASSERT ((__cy_stack_limit >= __cy_heap_limit), region RAM overflowed with stack)
                0x00000000                cy_checksum_exclude_size = (CY_APPL_LOADABLE == 0x1)?SIZEOF (.cy_checksum_exclude):0x0
                0x00000001                ASSERT ((cy_checksum_exclude_size <= CY_CHECKSUM_EXCLUDE_SIZE), CY_BOOT: Section .cy_checksum_exclude size exceedes specified limit.)

.cyloadermeta
 *(.cyloadermeta)

.cyloadablemeta
 *(.cyloadablemeta)

.cyconfigecc    0x80000000      0x250
 *(.cyconfigecc)
 .cyconfigecc   0x80000000      0x250 .\CortexM3\ARM_GCC_493\Debug\cymetadata.o
                0x80000000                cy_meta_configecc

.cycustnvl      0x90000000        0x4
 *(.cycustnvl)
 .cycustnvl     0x90000000        0x4 .\CortexM3\ARM_GCC_493\Debug\cymetadata.o
                0x90000000                cy_meta_custnvl

.cywolatch      0x90100000        0x4
 *(.cywolatch)
 .cywolatch     0x90100000        0x4 .\CortexM3\ARM_GCC_493\Debug\cymetadata.o
                0x90100000                cy_meta_wonvl

.cyeeprom       0x90200000        0x0
 *(.cyeeprom)
                0x00000001                ASSERT ((. <= ((0x90200000 + ee_offset) + ee_size)), .cyeeprom data will not fit in EEPROM)

.cyflashprotect
                0x90400000      0x100
 *(.cyflashprotect)
 .cyflashprotect
                0x90400000      0x100 .\CortexM3\ARM_GCC_493\Debug\cymetadata.o
                0x90400000                cy_meta_flashprotect

.cymeta         0x90500000        0xc
 *(.cymeta)
 .cymeta        0x90500000        0xc .\CortexM3\ARM_GCC_493\Debug\cymetadata.o
                0x90500000                cy_metadata

.rel.dyn        0x000032f8        0x0 load address 0x9050000c
 .rel.iplt      0x00000000        0x0 c:/program files (x86)/cypress/psoc creator/4.0/psoc creator/import/gnu/arm/4.9.3/bin/../lib/gcc/arm-none-eabi/4.9.3/armv7-m/crtbegin.o

.stab
 *(.stab)

.stabstr
 *(.stabstr)

.debug
 *(.debug)

.line
 *(.line)

.debug_srcinfo
 *(.debug_srcinfo)

.debug_sfnames
 *(.debug_sfnames)

.debug_aranges  0x00000000     0x18a8
 *(.debug_aranges)
 .debug_aranges
                0x00000000       0xb0 .\CortexM3\ARM_GCC_493\Debug\main.o
 .debug_aranges
                0x000000b0       0x18 .\CortexM3\ARM_GCC_493\Debug\cymetadata.o
 .debug_aranges
                0x000000c8       0x48 .\CortexM3\ARM_GCC_493\Debug\Cm3Start.o
 .debug_aranges
                0x00000110       0x58 .\CortexM3\ARM_GCC_493\Debug\Controls.a(cyfitter_cfg.o)
 .debug_aranges
                0x00000168       0x38 .\CortexM3\ARM_GCC_493\Debug\Controls.a(Enter_SW.o)
 .debug_aranges
                0x000001a0       0x38 .\CortexM3\ARM_GCC_493\Debug\Controls.a(Power_LED.o)
 .debug_aranges
                0x000001d8       0x38 .\CortexM3\ARM_GCC_493\Debug\Controls.a(D3_LED.o)
 .debug_aranges
                0x00000210       0x38 .\CortexM3\ARM_GCC_493\Debug\Controls.a(Power_SW.o)
 .debug_aranges
                0x00000248       0x38 .\CortexM3\ARM_GCC_493\Debug\Controls.a(Left_SW.o)
 .debug_aranges
                0x00000280       0x38 .\CortexM3\ARM_GCC_493\Debug\Controls.a(Right_SW.o)
 .debug_aranges
                0x000002b8       0x38 .\CortexM3\ARM_GCC_493\Debug\Controls.a(Down_SW.o)
 .debug_aranges
                0x000002f0       0x38 .\CortexM3\ARM_GCC_493\Debug\Controls.a(D2_LED.o)
 .debug_aranges
                0x00000328       0x38 .\CortexM3\ARM_GCC_493\Debug\Controls.a(Up_SW.o)
 .debug_aranges
                0x00000360       0x38 .\CortexM3\ARM_GCC_493\Debug\Controls.a(Input_1_SW.o)
 .debug_aranges
                0x00000398       0x38 .\CortexM3\ARM_GCC_493\Debug\Controls.a(Input_2_SW.o)
 .debug_aranges
                0x000003d0       0x38 .\CortexM3\ARM_GCC_493\Debug\Controls.a(D1_LED.o)
 .debug_aranges
                0x00000408       0x38 .\CortexM3\ARM_GCC_493\Debug\Controls.a(U1_LED.o)
 .debug_aranges
                0x00000440       0x38 .\CortexM3\ARM_GCC_493\Debug\Controls.a(U2_LED.o)
 .debug_aranges
                0x00000478       0x38 .\CortexM3\ARM_GCC_493\Debug\Controls.a(U3_LED.o)
 .debug_aranges
                0x000004b0       0x38 .\CortexM3\ARM_GCC_493\Debug\Controls.a(U4_LED.o)
 .debug_aranges
                0x000004e8       0x38 .\CortexM3\ARM_GCC_493\Debug\Controls.a(U5_LED.o)
 .debug_aranges
                0x00000520       0x38 .\CortexM3\ARM_GCC_493\Debug\Controls.a(U6_LED.o)
 .debug_aranges
                0x00000558       0x38 .\CortexM3\ARM_GCC_493\Debug\Controls.a(U7_LED.o)
 .debug_aranges
                0x00000590       0x38 .\CortexM3\ARM_GCC_493\Debug\Controls.a(U8_LED.o)
 .debug_aranges
                0x000005c8      0x2a0 .\CortexM3\ARM_GCC_493\Debug\Controls.a(CyLib.o)
 .debug_aranges
                0x00000868       0x98 .\CortexM3\ARM_GCC_493\Debug\Controls.a(cyPm.o)
 .debug_aranges
                0x00000900       0x38 .\CortexM3\ARM_GCC_493\Debug\Controls.a(Volume_2.o)
 .debug_aranges
                0x00000938       0x38 .\CortexM3\ARM_GCC_493\Debug\Controls.a(Volume_1.o)
 .debug_aranges
                0x00000970       0xa8 .\CortexM3\ARM_GCC_493\Debug\Controls.a(Volume_ADC.o)
 .debug_aranges
                0x00000a18       0x20 .\CortexM3\ARM_GCC_493\Debug\Controls.a(Volume_ADC_INT.o)
 .debug_aranges
                0x00000a38       0x70 .\CortexM3\ARM_GCC_493\Debug\Controls.a(Volume_ADC_theACLK.o)
 .debug_aranges
                0x00000aa8       0x38 .\CortexM3\ARM_GCC_493\Debug\Controls.a(Mute_SW.o)
 .debug_aranges
                0x00000ae0       0x80 .\CortexM3\ARM_GCC_493\Debug\Controls.a(i_Up.o)
 .debug_aranges
                0x00000b60       0x80 .\CortexM3\ARM_GCC_493\Debug\Controls.a(i_Left.o)
 .debug_aranges
                0x00000be0       0x80 .\CortexM3\ARM_GCC_493\Debug\Controls.a(i_Mute.o)
 .debug_aranges
                0x00000c60       0x80 .\CortexM3\ARM_GCC_493\Debug\Controls.a(i_Enter.o)
 .debug_aranges
                0x00000ce0       0x80 .\CortexM3\ARM_GCC_493\Debug\Controls.a(i_Down.o)
 .debug_aranges
                0x00000d60       0x80 .\CortexM3\ARM_GCC_493\Debug\Controls.a(i_Right.o)
 .debug_aranges
                0x00000de0       0x80 .\CortexM3\ARM_GCC_493\Debug\Controls.a(i_Input_1.o)
 .debug_aranges
                0x00000e60       0x80 .\CortexM3\ARM_GCC_493\Debug\Controls.a(i_Power.o)
 .debug_aranges
                0x00000ee0       0x80 .\CortexM3\ARM_GCC_493\Debug\Controls.a(i_Input_2.o)
 .debug_aranges
                0x00000f60       0x38 .\CortexM3\ARM_GCC_493\Debug\Controls.a(Input_Relais_0.o)
 .debug_aranges
                0x00000f98       0x38 .\CortexM3\ARM_GCC_493\Debug\Controls.a(Input_Relais_1.o)
 .debug_aranges
                0x00000fd0       0x38 .\CortexM3\ARM_GCC_493\Debug\Controls.a(Input_Relais_2.o)
 .debug_aranges
                0x00001008       0x38 .\CortexM3\ARM_GCC_493\Debug\Controls.a(Input_Relais_3.o)
 .debug_aranges
                0x00001040       0x88 .\CortexM3\ARM_GCC_493\Debug\Controls.a(Button_Timer.o)
 .debug_aranges
                0x000010c8       0x80 .\CortexM3\ARM_GCC_493\Debug\Controls.a(Button_Timer_Interrupt.o)
 .debug_aranges
                0x00001148       0x38 .\CortexM3\ARM_GCC_493\Debug\Controls.a(Input_Relais_4.o)
 .debug_aranges
                0x00001180       0x38 .\CortexM3\ARM_GCC_493\Debug\Controls.a(Input_Relais_5.o)
 .debug_aranges
                0x000011b8       0x38 .\CortexM3\ARM_GCC_493\Debug\Controls.a(Input_Relais_6.o)
 .debug_aranges
                0x000011f0       0x38 .\CortexM3\ARM_GCC_493\Debug\Controls.a(Input_Relais_7.o)
 .debug_aranges
                0x00001228       0x38 .\CortexM3\ARM_GCC_493\Debug\Controls.a(Protection_IN.o)
 .debug_aranges
                0x00001260       0x38 .\CortexM3\ARM_GCC_493\Debug\Controls.a(Protection_CLR.o)
 .debug_aranges
                0x00001298       0x38 .\CortexM3\ARM_GCC_493\Debug\Controls.a(Protection_CLK.o)
 .debug_aranges
                0x000012d0       0xc8 .\CortexM3\ARM_GCC_493\Debug\Controls.a(USBUART.o)
 .debug_aranges
                0x00001398       0xe8 .\CortexM3\ARM_GCC_493\Debug\Controls.a(USBUART_cdc.o)
 .debug_aranges
                0x00001480       0x98 .\CortexM3\ARM_GCC_493\Debug\Controls.a(USBUART_drv.o)
 .debug_aranges
                0x00001518       0x40 .\CortexM3\ARM_GCC_493\Debug\Controls.a(USBUART_episr.o)
 .debug_aranges
                0x00001558       0x48 .\CortexM3\ARM_GCC_493\Debug\Controls.a(USBUART_hid.o)
 .debug_aranges
                0x000015a0       0x40 .\CortexM3\ARM_GCC_493\Debug\Controls.a(USBUART_pm.o)
 .debug_aranges
                0x000015e0       0x80 .\CortexM3\ARM_GCC_493\Debug\Controls.a(USBUART_std.o)
 .debug_aranges
                0x00001660       0x20 .\CortexM3\ARM_GCC_493\Debug\Controls.a(USBUART_vnd.o)
 .debug_aranges
                0x00001680       0x48 .\CortexM3\ARM_GCC_493\Debug\Controls.a(USBUART_Dp.o)
 .debug_aranges
                0x000016c8       0x90 .\CortexM3\ARM_GCC_493\Debug\Controls.a(Volume_Timer.o)
 .debug_aranges
                0x00001758       0x20 .\CortexM3\ARM_GCC_493\Debug\Controls.a(CyBootAsmGnu.o)
 .debug_aranges
                0x00001778       0x80 .\CortexM3\ARM_GCC_493\Debug\Controls.a(CyFlash.o)
 .debug_aranges
                0x000017f8       0x78 .\CortexM3\ARM_GCC_493\Debug\Controls.a(CySpc.o)
 .debug_aranges
                0x00001870       0x20 .\CortexM3\ARM_GCC_493\Debug\Controls.a(USBUART_cls.o)
 .debug_aranges
                0x00001890       0x18 .\CortexM3\ARM_GCC_493\Debug\Controls.a(USBUART_descr.o)

.debug_pubnames
 *(.debug_pubnames)

.debug_info     0x00000000     0xd377
 *(.debug_info .gnu.linkonce.wi.*)
 .debug_info    0x00000000     0x1625 .\CortexM3\ARM_GCC_493\Debug\main.o
 .debug_info    0x00001625      0x13b .\CortexM3\ARM_GCC_493\Debug\cymetadata.o
 .debug_info    0x00001760      0x3b3 .\CortexM3\ARM_GCC_493\Debug\Cm3Start.o
 .debug_info    0x00001b13      0x64d .\CortexM3\ARM_GCC_493\Debug\Controls.a(cyfitter_cfg.o)
 .debug_info    0x00002160      0x11f .\CortexM3\ARM_GCC_493\Debug\Controls.a(Enter_SW.o)
 .debug_info    0x0000227f      0x11f .\CortexM3\ARM_GCC_493\Debug\Controls.a(Power_LED.o)
 .debug_info    0x0000239e      0x11f .\CortexM3\ARM_GCC_493\Debug\Controls.a(D3_LED.o)
 .debug_info    0x000024bd      0x11f .\CortexM3\ARM_GCC_493\Debug\Controls.a(Power_SW.o)
 .debug_info    0x000025dc      0x11f .\CortexM3\ARM_GCC_493\Debug\Controls.a(Left_SW.o)
 .debug_info    0x000026fb      0x11f .\CortexM3\ARM_GCC_493\Debug\Controls.a(Right_SW.o)
 .debug_info    0x0000281a      0x121 .\CortexM3\ARM_GCC_493\Debug\Controls.a(Down_SW.o)
 .debug_info    0x0000293b      0x11f .\CortexM3\ARM_GCC_493\Debug\Controls.a(D2_LED.o)
 .debug_info    0x00002a5a      0x11f .\CortexM3\ARM_GCC_493\Debug\Controls.a(Up_SW.o)
 .debug_info    0x00002b79      0x11f .\CortexM3\ARM_GCC_493\Debug\Controls.a(Input_1_SW.o)
 .debug_info    0x00002c98      0x11f .\CortexM3\ARM_GCC_493\Debug\Controls.a(Input_2_SW.o)
 .debug_info    0x00002db7      0x11f .\CortexM3\ARM_GCC_493\Debug\Controls.a(D1_LED.o)
 .debug_info    0x00002ed6      0x11f .\CortexM3\ARM_GCC_493\Debug\Controls.a(U1_LED.o)
 .debug_info    0x00002ff5      0x11f .\CortexM3\ARM_GCC_493\Debug\Controls.a(U2_LED.o)
 .debug_info    0x00003114      0x121 .\CortexM3\ARM_GCC_493\Debug\Controls.a(U3_LED.o)
 .debug_info    0x00003235      0x11f .\CortexM3\ARM_GCC_493\Debug\Controls.a(U4_LED.o)
 .debug_info    0x00003354      0x11f .\CortexM3\ARM_GCC_493\Debug\Controls.a(U5_LED.o)
 .debug_info    0x00003473      0x11f .\CortexM3\ARM_GCC_493\Debug\Controls.a(U6_LED.o)
 .debug_info    0x00003592      0x11f .\CortexM3\ARM_GCC_493\Debug\Controls.a(U7_LED.o)
 .debug_info    0x000036b1      0x11f .\CortexM3\ARM_GCC_493\Debug\Controls.a(U8_LED.o)
 .debug_info    0x000037d0     0x1385 .\CortexM3\ARM_GCC_493\Debug\Controls.a(CyLib.o)
 .debug_info    0x00004b55      0xa57 .\CortexM3\ARM_GCC_493\Debug\Controls.a(cyPm.o)
 .debug_info    0x000055ac      0x11f .\CortexM3\ARM_GCC_493\Debug\Controls.a(Volume_2.o)
 .debug_info    0x000056cb      0x11f .\CortexM3\ARM_GCC_493\Debug\Controls.a(Volume_1.o)
 .debug_info    0x000057ea      0x5f8 .\CortexM3\ARM_GCC_493\Debug\Controls.a(Volume_ADC.o)
 .debug_info    0x00005de2       0x92 .\CortexM3\ARM_GCC_493\Debug\Controls.a(Volume_ADC_INT.o)
 .debug_info    0x00005e74      0x283 .\CortexM3\ARM_GCC_493\Debug\Controls.a(Volume_ADC_theACLK.o)
 .debug_info    0x000060f7      0x11f .\CortexM3\ARM_GCC_493\Debug\Controls.a(Mute_SW.o)
 .debug_info    0x00006216      0x2cb .\CortexM3\ARM_GCC_493\Debug\Controls.a(i_Up.o)
 .debug_info    0x000064e1      0x2cb .\CortexM3\ARM_GCC_493\Debug\Controls.a(i_Left.o)
 .debug_info    0x000067ac      0x2cb .\CortexM3\ARM_GCC_493\Debug\Controls.a(i_Mute.o)
 .debug_info    0x00006a77      0x2cb .\CortexM3\ARM_GCC_493\Debug\Controls.a(i_Enter.o)
 .debug_info    0x00006d42      0x2cb .\CortexM3\ARM_GCC_493\Debug\Controls.a(i_Down.o)
 .debug_info    0x0000700d      0x2cb .\CortexM3\ARM_GCC_493\Debug\Controls.a(i_Right.o)
 .debug_info    0x000072d8      0x2cb .\CortexM3\ARM_GCC_493\Debug\Controls.a(i_Input_1.o)
 .debug_info    0x000075a3      0x2cb .\CortexM3\ARM_GCC_493\Debug\Controls.a(i_Power.o)
 .debug_info    0x0000786e      0x2cb .\CortexM3\ARM_GCC_493\Debug\Controls.a(i_Input_2.o)
 .debug_info    0x00007b39      0x121 .\CortexM3\ARM_GCC_493\Debug\Controls.a(Input_Relais_0.o)
 .debug_info    0x00007c5a      0x11f .\CortexM3\ARM_GCC_493\Debug\Controls.a(Input_Relais_1.o)
 .debug_info    0x00007d79      0x11f .\CortexM3\ARM_GCC_493\Debug\Controls.a(Input_Relais_2.o)
 .debug_info    0x00007e98      0x11f .\CortexM3\ARM_GCC_493\Debug\Controls.a(Input_Relais_3.o)
 .debug_info    0x00007fb7      0x28a .\CortexM3\ARM_GCC_493\Debug\Controls.a(Button_Timer.o)
 .debug_info    0x00008241      0x2cb .\CortexM3\ARM_GCC_493\Debug\Controls.a(Button_Timer_Interrupt.o)
 .debug_info    0x0000850c      0x11f .\CortexM3\ARM_GCC_493\Debug\Controls.a(Input_Relais_4.o)
 .debug_info    0x0000862b      0x11f .\CortexM3\ARM_GCC_493\Debug\Controls.a(Input_Relais_5.o)
 .debug_info    0x0000874a      0x11f .\CortexM3\ARM_GCC_493\Debug\Controls.a(Input_Relais_6.o)
 .debug_info    0x00008869      0x11f .\CortexM3\ARM_GCC_493\Debug\Controls.a(Input_Relais_7.o)
 .debug_info    0x00008988      0x11f .\CortexM3\ARM_GCC_493\Debug\Controls.a(Protection_IN.o)
 .debug_info    0x00008aa7      0x11f .\CortexM3\ARM_GCC_493\Debug\Controls.a(Protection_CLR.o)
 .debug_info    0x00008bc6      0x11f .\CortexM3\ARM_GCC_493\Debug\Controls.a(Protection_CLK.o)
 .debug_info    0x00008ce5      0x9f8 .\CortexM3\ARM_GCC_493\Debug\Controls.a(USBUART.o)
 .debug_info    0x000096dd      0xb16 .\CortexM3\ARM_GCC_493\Debug\Controls.a(USBUART_cdc.o)
 .debug_info    0x0000a1f3      0x649 .\CortexM3\ARM_GCC_493\Debug\Controls.a(USBUART_drv.o)
 .debug_info    0x0000a83c      0x244 .\CortexM3\ARM_GCC_493\Debug\Controls.a(USBUART_episr.o)
 .debug_info    0x0000aa80      0x43e .\CortexM3\ARM_GCC_493\Debug\Controls.a(USBUART_hid.o)
 .debug_info    0x0000aebe      0x2ef .\CortexM3\ARM_GCC_493\Debug\Controls.a(USBUART_pm.o)
 .debug_info    0x0000b1ad      0xb45 .\CortexM3\ARM_GCC_493\Debug\Controls.a(USBUART_std.o)
 .debug_info    0x0000bcf2      0x1b2 .\CortexM3\ARM_GCC_493\Debug\Controls.a(USBUART_vnd.o)
 .debug_info    0x0000bea4      0x174 .\CortexM3\ARM_GCC_493\Debug\Controls.a(USBUART_Dp.o)
 .debug_info    0x0000c018      0x2eb .\CortexM3\ARM_GCC_493\Debug\Controls.a(Volume_Timer.o)
 .debug_info    0x0000c303       0xa6 .\CortexM3\ARM_GCC_493\Debug\Controls.a(CyBootAsmGnu.o)
 .debug_info    0x0000c3a9      0x608 .\CortexM3\ARM_GCC_493\Debug\Controls.a(CyFlash.o)
 .debug_info    0x0000c9b1      0x4ea .\CortexM3\ARM_GCC_493\Debug\Controls.a(CySpc.o)
 .debug_info    0x0000ce9b      0x1e6 .\CortexM3\ARM_GCC_493\Debug\Controls.a(USBUART_cls.o)
 .debug_info    0x0000d081      0x2f6 .\CortexM3\ARM_GCC_493\Debug\Controls.a(USBUART_descr.o)

.debug_abbrev   0x00000000     0x45c7
 *(.debug_abbrev)
 .debug_abbrev  0x00000000      0x21a .\CortexM3\ARM_GCC_493\Debug\main.o
 .debug_abbrev  0x0000021a       0x66 .\CortexM3\ARM_GCC_493\Debug\cymetadata.o
 .debug_abbrev  0x00000280      0x1f7 .\CortexM3\ARM_GCC_493\Debug\Cm3Start.o
 .debug_abbrev  0x00000477      0x212 .\CortexM3\ARM_GCC_493\Debug\Controls.a(cyfitter_cfg.o)
 .debug_abbrev  0x00000689       0x90 .\CortexM3\ARM_GCC_493\Debug\Controls.a(Enter_SW.o)
 .debug_abbrev  0x00000719       0x90 .\CortexM3\ARM_GCC_493\Debug\Controls.a(Power_LED.o)
 .debug_abbrev  0x000007a9       0x90 .\CortexM3\ARM_GCC_493\Debug\Controls.a(D3_LED.o)
 .debug_abbrev  0x00000839       0x90 .\CortexM3\ARM_GCC_493\Debug\Controls.a(Power_SW.o)
 .debug_abbrev  0x000008c9       0x90 .\CortexM3\ARM_GCC_493\Debug\Controls.a(Left_SW.o)
 .debug_abbrev  0x00000959       0x90 .\CortexM3\ARM_GCC_493\Debug\Controls.a(Right_SW.o)
 .debug_abbrev  0x000009e9       0x90 .\CortexM3\ARM_GCC_493\Debug\Controls.a(Down_SW.o)
 .debug_abbrev  0x00000a79       0x90 .\CortexM3\ARM_GCC_493\Debug\Controls.a(D2_LED.o)
 .debug_abbrev  0x00000b09       0x90 .\CortexM3\ARM_GCC_493\Debug\Controls.a(Up_SW.o)
 .debug_abbrev  0x00000b99       0x90 .\CortexM3\ARM_GCC_493\Debug\Controls.a(Input_1_SW.o)
 .debug_abbrev  0x00000c29       0x90 .\CortexM3\ARM_GCC_493\Debug\Controls.a(Input_2_SW.o)
 .debug_abbrev  0x00000cb9       0x90 .\CortexM3\ARM_GCC_493\Debug\Controls.a(D1_LED.o)
 .debug_abbrev  0x00000d49       0x90 .\CortexM3\ARM_GCC_493\Debug\Controls.a(U1_LED.o)
 .debug_abbrev  0x00000dd9       0x90 .\CortexM3\ARM_GCC_493\Debug\Controls.a(U2_LED.o)
 .debug_abbrev  0x00000e69       0x90 .\CortexM3\ARM_GCC_493\Debug\Controls.a(U3_LED.o)
 .debug_abbrev  0x00000ef9       0x90 .\CortexM3\ARM_GCC_493\Debug\Controls.a(U4_LED.o)
 .debug_abbrev  0x00000f89       0x90 .\CortexM3\ARM_GCC_493\Debug\Controls.a(U5_LED.o)
 .debug_abbrev  0x00001019       0x90 .\CortexM3\ARM_GCC_493\Debug\Controls.a(U6_LED.o)
 .debug_abbrev  0x000010a9       0x90 .\CortexM3\ARM_GCC_493\Debug\Controls.a(U7_LED.o)
 .debug_abbrev  0x00001139       0x90 .\CortexM3\ARM_GCC_493\Debug\Controls.a(U8_LED.o)
 .debug_abbrev  0x000011c9      0x296 .\CortexM3\ARM_GCC_493\Debug\Controls.a(CyLib.o)
 .debug_abbrev  0x0000145f      0x1ed .\CortexM3\ARM_GCC_493\Debug\Controls.a(cyPm.o)
 .debug_abbrev  0x0000164c       0x90 .\CortexM3\ARM_GCC_493\Debug\Controls.a(Volume_2.o)
 .debug_abbrev  0x000016dc       0x90 .\CortexM3\ARM_GCC_493\Debug\Controls.a(Volume_1.o)
 .debug_abbrev  0x0000176c      0x1eb .\CortexM3\ARM_GCC_493\Debug\Controls.a(Volume_ADC.o)
 .debug_abbrev  0x00001957       0x42 .\CortexM3\ARM_GCC_493\Debug\Controls.a(Volume_ADC_INT.o)
 .debug_abbrev  0x00001999      0x139 .\CortexM3\ARM_GCC_493\Debug\Controls.a(Volume_ADC_theACLK.o)
 .debug_abbrev  0x00001ad2       0x90 .\CortexM3\ARM_GCC_493\Debug\Controls.a(Mute_SW.o)
 .debug_abbrev  0x00001b62      0x173 .\CortexM3\ARM_GCC_493\Debug\Controls.a(i_Up.o)
 .debug_abbrev  0x00001cd5      0x173 .\CortexM3\ARM_GCC_493\Debug\Controls.a(i_Left.o)
 .debug_abbrev  0x00001e48      0x173 .\CortexM3\ARM_GCC_493\Debug\Controls.a(i_Mute.o)
 .debug_abbrev  0x00001fbb      0x173 .\CortexM3\ARM_GCC_493\Debug\Controls.a(i_Enter.o)
 .debug_abbrev  0x0000212e      0x173 .\CortexM3\ARM_GCC_493\Debug\Controls.a(i_Down.o)
 .debug_abbrev  0x000022a1      0x173 .\CortexM3\ARM_GCC_493\Debug\Controls.a(i_Right.o)
 .debug_abbrev  0x00002414      0x173 .\CortexM3\ARM_GCC_493\Debug\Controls.a(i_Input_1.o)
 .debug_abbrev  0x00002587      0x173 .\CortexM3\ARM_GCC_493\Debug\Controls.a(i_Power.o)
 .debug_abbrev  0x000026fa      0x173 .\CortexM3\ARM_GCC_493\Debug\Controls.a(i_Input_2.o)
 .debug_abbrev  0x0000286d       0x90 .\CortexM3\ARM_GCC_493\Debug\Controls.a(Input_Relais_0.o)
 .debug_abbrev  0x000028fd       0x90 .\CortexM3\ARM_GCC_493\Debug\Controls.a(Input_Relais_1.o)
 .debug_abbrev  0x0000298d       0x90 .\CortexM3\ARM_GCC_493\Debug\Controls.a(Input_Relais_2.o)
 .debug_abbrev  0x00002a1d       0x90 .\CortexM3\ARM_GCC_493\Debug\Controls.a(Input_Relais_3.o)
 .debug_abbrev  0x00002aad      0x11a .\CortexM3\ARM_GCC_493\Debug\Controls.a(Button_Timer.o)
 .debug_abbrev  0x00002bc7      0x173 .\CortexM3\ARM_GCC_493\Debug\Controls.a(Button_Timer_Interrupt.o)
 .debug_abbrev  0x00002d3a       0x90 .\CortexM3\ARM_GCC_493\Debug\Controls.a(Input_Relais_4.o)
 .debug_abbrev  0x00002dca       0x90 .\CortexM3\ARM_GCC_493\Debug\Controls.a(Input_Relais_5.o)
 .debug_abbrev  0x00002e5a       0x90 .\CortexM3\ARM_GCC_493\Debug\Controls.a(Input_Relais_6.o)
 .debug_abbrev  0x00002eea       0x90 .\CortexM3\ARM_GCC_493\Debug\Controls.a(Input_Relais_7.o)
 .debug_abbrev  0x00002f7a       0x90 .\CortexM3\ARM_GCC_493\Debug\Controls.a(Protection_IN.o)
 .debug_abbrev  0x0000300a       0x90 .\CortexM3\ARM_GCC_493\Debug\Controls.a(Protection_CLR.o)
 .debug_abbrev  0x0000309a       0x90 .\CortexM3\ARM_GCC_493\Debug\Controls.a(Protection_CLK.o)
 .debug_abbrev  0x0000312a      0x24d .\CortexM3\ARM_GCC_493\Debug\Controls.a(USBUART.o)
 .debug_abbrev  0x00003377      0x28b .\CortexM3\ARM_GCC_493\Debug\Controls.a(USBUART_cdc.o)
 .debug_abbrev  0x00003602      0x18b .\CortexM3\ARM_GCC_493\Debug\Controls.a(USBUART_drv.o)
 .debug_abbrev  0x0000378d      0x11b .\CortexM3\ARM_GCC_493\Debug\Controls.a(USBUART_episr.o)
 .debug_abbrev  0x000038a8      0x18b .\CortexM3\ARM_GCC_493\Debug\Controls.a(USBUART_hid.o)
 .debug_abbrev  0x00003a33      0x146 .\CortexM3\ARM_GCC_493\Debug\Controls.a(USBUART_pm.o)
 .debug_abbrev  0x00003b79      0x23d .\CortexM3\ARM_GCC_493\Debug\Controls.a(USBUART_std.o)
 .debug_abbrev  0x00003db6       0xe3 .\CortexM3\ARM_GCC_493\Debug\Controls.a(USBUART_vnd.o)
 .debug_abbrev  0x00003e99       0x90 .\CortexM3\ARM_GCC_493\Debug\Controls.a(USBUART_Dp.o)
 .debug_abbrev  0x00003f29      0x145 .\CortexM3\ARM_GCC_493\Debug\Controls.a(Volume_Timer.o)
 .debug_abbrev  0x0000406e       0x14 .\CortexM3\ARM_GCC_493\Debug\Controls.a(CyBootAsmGnu.o)
 .debug_abbrev  0x00004082      0x1ed .\CortexM3\ARM_GCC_493\Debug\Controls.a(CyFlash.o)
 .debug_abbrev  0x0000426f      0x1c1 .\CortexM3\ARM_GCC_493\Debug\Controls.a(CySpc.o)
 .debug_abbrev  0x00004430       0xe3 .\CortexM3\ARM_GCC_493\Debug\Controls.a(USBUART_cls.o)
 .debug_abbrev  0x00004513       0xb4 .\CortexM3\ARM_GCC_493\Debug\Controls.a(USBUART_descr.o)

.debug_line     0x00000000     0x53cf
 *(.debug_line)
 .debug_line    0x00000000      0x6de .\CortexM3\ARM_GCC_493\Debug\main.o
 .debug_line    0x000006de       0x51 .\CortexM3\ARM_GCC_493\Debug\cymetadata.o
 .debug_line    0x0000072f      0x24f .\CortexM3\ARM_GCC_493\Debug\Cm3Start.o
 .debug_line    0x0000097e      0x20a .\CortexM3\ARM_GCC_493\Debug\Controls.a(cyfitter_cfg.o)
 .debug_line    0x00000b88       0x95 .\CortexM3\ARM_GCC_493\Debug\Controls.a(Enter_SW.o)
 .debug_line    0x00000c1d       0x96 .\CortexM3\ARM_GCC_493\Debug\Controls.a(Power_LED.o)
 .debug_line    0x00000cb3       0x93 .\CortexM3\ARM_GCC_493\Debug\Controls.a(D3_LED.o)
 .debug_line    0x00000d46       0x95 .\CortexM3\ARM_GCC_493\Debug\Controls.a(Power_SW.o)
 .debug_line    0x00000ddb       0x94 .\CortexM3\ARM_GCC_493\Debug\Controls.a(Left_SW.o)
 .debug_line    0x00000e6f       0x95 .\CortexM3\ARM_GCC_493\Debug\Controls.a(Right_SW.o)
 .debug_line    0x00000f04       0x94 .\CortexM3\ARM_GCC_493\Debug\Controls.a(Down_SW.o)
 .debug_line    0x00000f98       0x93 .\CortexM3\ARM_GCC_493\Debug\Controls.a(D2_LED.o)
 .debug_line    0x0000102b       0x92 .\CortexM3\ARM_GCC_493\Debug\Controls.a(Up_SW.o)
 .debug_line    0x000010bd       0x97 .\CortexM3\ARM_GCC_493\Debug\Controls.a(Input_1_SW.o)
 .debug_line    0x00001154       0x97 .\CortexM3\ARM_GCC_493\Debug\Controls.a(Input_2_SW.o)
 .debug_line    0x000011eb       0x93 .\CortexM3\ARM_GCC_493\Debug\Controls.a(D1_LED.o)
 .debug_line    0x0000127e       0x93 .\CortexM3\ARM_GCC_493\Debug\Controls.a(U1_LED.o)
 .debug_line    0x00001311       0x93 .\CortexM3\ARM_GCC_493\Debug\Controls.a(U2_LED.o)
 .debug_line    0x000013a4       0x93 .\CortexM3\ARM_GCC_493\Debug\Controls.a(U3_LED.o)
 .debug_line    0x00001437       0x93 .\CortexM3\ARM_GCC_493\Debug\Controls.a(U4_LED.o)
 .debug_line    0x000014ca       0x93 .\CortexM3\ARM_GCC_493\Debug\Controls.a(U5_LED.o)
 .debug_line    0x0000155d       0x93 .\CortexM3\ARM_GCC_493\Debug\Controls.a(U6_LED.o)
 .debug_line    0x000015f0       0x93 .\CortexM3\ARM_GCC_493\Debug\Controls.a(U7_LED.o)
 .debug_line    0x00001683       0x93 .\CortexM3\ARM_GCC_493\Debug\Controls.a(U8_LED.o)
 .debug_line    0x00001716      0x816 .\CortexM3\ARM_GCC_493\Debug\Controls.a(CyLib.o)
 .debug_line    0x00001f2c      0x364 .\CortexM3\ARM_GCC_493\Debug\Controls.a(cyPm.o)
 .debug_line    0x00002290       0x95 .\CortexM3\ARM_GCC_493\Debug\Controls.a(Volume_2.o)
 .debug_line    0x00002325       0x95 .\CortexM3\ARM_GCC_493\Debug\Controls.a(Volume_1.o)
 .debug_line    0x000023ba      0x223 .\CortexM3\ARM_GCC_493\Debug\Controls.a(Volume_ADC.o)
 .debug_line    0x000025dd       0x57 .\CortexM3\ARM_GCC_493\Debug\Controls.a(Volume_ADC_INT.o)
 .debug_line    0x00002634      0x181 .\CortexM3\ARM_GCC_493\Debug\Controls.a(Volume_ADC_theACLK.o)
 .debug_line    0x000027b5       0x94 .\CortexM3\ARM_GCC_493\Debug\Controls.a(Mute_SW.o)
 .debug_line    0x00002849      0x131 .\CortexM3\ARM_GCC_493\Debug\Controls.a(i_Up.o)
 .debug_line    0x0000297a      0x133 .\CortexM3\ARM_GCC_493\Debug\Controls.a(i_Left.o)
 .debug_line    0x00002aad      0x133 .\CortexM3\ARM_GCC_493\Debug\Controls.a(i_Mute.o)
 .debug_line    0x00002be0      0x134 .\CortexM3\ARM_GCC_493\Debug\Controls.a(i_Enter.o)
 .debug_line    0x00002d14      0x133 .\CortexM3\ARM_GCC_493\Debug\Controls.a(i_Down.o)
 .debug_line    0x00002e47      0x134 .\CortexM3\ARM_GCC_493\Debug\Controls.a(i_Right.o)
 .debug_line    0x00002f7b      0x136 .\CortexM3\ARM_GCC_493\Debug\Controls.a(i_Input_1.o)
 .debug_line    0x000030b1      0x134 .\CortexM3\ARM_GCC_493\Debug\Controls.a(i_Power.o)
 .debug_line    0x000031e5      0x136 .\CortexM3\ARM_GCC_493\Debug\Controls.a(i_Input_2.o)
 .debug_line    0x0000331b       0x9b .\CortexM3\ARM_GCC_493\Debug\Controls.a(Input_Relais_0.o)
 .debug_line    0x000033b6       0x9b .\CortexM3\ARM_GCC_493\Debug\Controls.a(Input_Relais_1.o)
 .debug_line    0x00003451       0x9b .\CortexM3\ARM_GCC_493\Debug\Controls.a(Input_Relais_2.o)
 .debug_line    0x000034ec       0x9b .\CortexM3\ARM_GCC_493\Debug\Controls.a(Input_Relais_3.o)
 .debug_line    0x00003587      0x15b .\CortexM3\ARM_GCC_493\Debug\Controls.a(Button_Timer.o)
 .debug_line    0x000036e2      0x143 .\CortexM3\ARM_GCC_493\Debug\Controls.a(Button_Timer_Interrupt.o)
 .debug_line    0x00003825       0x9b .\CortexM3\ARM_GCC_493\Debug\Controls.a(Input_Relais_4.o)
 .debug_line    0x000038c0       0x9b .\CortexM3\ARM_GCC_493\Debug\Controls.a(Input_Relais_5.o)
 .debug_line    0x0000395b       0x9b .\CortexM3\ARM_GCC_493\Debug\Controls.a(Input_Relais_6.o)
 .debug_line    0x000039f6       0x9b .\CortexM3\ARM_GCC_493\Debug\Controls.a(Input_Relais_7.o)
 .debug_line    0x00003a91       0x9a .\CortexM3\ARM_GCC_493\Debug\Controls.a(Protection_IN.o)
 .debug_line    0x00003b2b       0x9b .\CortexM3\ARM_GCC_493\Debug\Controls.a(Protection_CLR.o)
 .debug_line    0x00003bc6       0x9b .\CortexM3\ARM_GCC_493\Debug\Controls.a(Protection_CLK.o)
 .debug_line    0x00003c61      0x2fc .\CortexM3\ARM_GCC_493\Debug\Controls.a(USBUART.o)
 .debug_line    0x00003f5d      0x2f2 .\CortexM3\ARM_GCC_493\Debug\Controls.a(USBUART_cdc.o)
 .debug_line    0x0000424f      0x221 .\CortexM3\ARM_GCC_493\Debug\Controls.a(USBUART_drv.o)
 .debug_line    0x00004470       0xe6 .\CortexM3\ARM_GCC_493\Debug\Controls.a(USBUART_episr.o)
 .debug_line    0x00004556      0x14f .\CortexM3\ARM_GCC_493\Debug\Controls.a(USBUART_hid.o)
 .debug_line    0x000046a5      0x10e .\CortexM3\ARM_GCC_493\Debug\Controls.a(USBUART_pm.o)
 .debug_line    0x000047b3      0x3de .\CortexM3\ARM_GCC_493\Debug\Controls.a(USBUART_std.o)
 .debug_line    0x00004b91       0x8b .\CortexM3\ARM_GCC_493\Debug\Controls.a(USBUART_vnd.o)
 .debug_line    0x00004c1c       0xbb .\CortexM3\ARM_GCC_493\Debug\Controls.a(USBUART_Dp.o)
 .debug_line    0x00004cd7      0x177 .\CortexM3\ARM_GCC_493\Debug\Controls.a(Volume_Timer.o)
 .debug_line    0x00004e4e       0x66 .\CortexM3\ARM_GCC_493\Debug\Controls.a(CyBootAsmGnu.o)
 .debug_line    0x00004eb4      0x1ea .\CortexM3\ARM_GCC_493\Debug\Controls.a(CyFlash.o)
 .debug_line    0x0000509e      0x23c .\CortexM3\ARM_GCC_493\Debug\Controls.a(CySpc.o)
 .debug_line    0x000052da       0x94 .\CortexM3\ARM_GCC_493\Debug\Controls.a(USBUART_cls.o)
 .debug_line    0x0000536e       0x61 .\CortexM3\ARM_GCC_493\Debug\Controls.a(USBUART_descr.o)

.debug_frame    0x00000000     0x3aa4
 *(.debug_frame)
 .debug_frame   0x00000000      0x218 .\CortexM3\ARM_GCC_493\Debug\main.o
 .debug_frame   0x00000218       0xb8 .\CortexM3\ARM_GCC_493\Debug\Cm3Start.o
 .debug_frame   0x000002d0       0xfc .\CortexM3\ARM_GCC_493\Debug\Controls.a(cyfitter_cfg.o)
 .debug_frame   0x000003cc       0x50 .\CortexM3\ARM_GCC_493\Debug\Controls.a(Enter_SW.o)
 .debug_frame   0x0000041c       0x50 .\CortexM3\ARM_GCC_493\Debug\Controls.a(Power_LED.o)
 .debug_frame   0x0000046c       0x50 .\CortexM3\ARM_GCC_493\Debug\Controls.a(D3_LED.o)
 .debug_frame   0x000004bc       0x50 .\CortexM3\ARM_GCC_493\Debug\Controls.a(Power_SW.o)
 .debug_frame   0x0000050c       0x50 .\CortexM3\ARM_GCC_493\Debug\Controls.a(Left_SW.o)
 .debug_frame   0x0000055c       0x50 .\CortexM3\ARM_GCC_493\Debug\Controls.a(Right_SW.o)
 .debug_frame   0x000005ac       0x50 .\CortexM3\ARM_GCC_493\Debug\Controls.a(Down_SW.o)
 .debug_frame   0x000005fc       0x50 .\CortexM3\ARM_GCC_493\Debug\Controls.a(D2_LED.o)
 .debug_frame   0x0000064c       0x50 .\CortexM3\ARM_GCC_493\Debug\Controls.a(Up_SW.o)
 .debug_frame   0x0000069c       0x50 .\CortexM3\ARM_GCC_493\Debug\Controls.a(Input_1_SW.o)
 .debug_frame   0x000006ec       0x50 .\CortexM3\ARM_GCC_493\Debug\Controls.a(Input_2_SW.o)
 .debug_frame   0x0000073c       0x50 .\CortexM3\ARM_GCC_493\Debug\Controls.a(D1_LED.o)
 .debug_frame   0x0000078c       0x50 .\CortexM3\ARM_GCC_493\Debug\Controls.a(U1_LED.o)
 .debug_frame   0x000007dc       0x50 .\CortexM3\ARM_GCC_493\Debug\Controls.a(U2_LED.o)
 .debug_frame   0x0000082c       0x50 .\CortexM3\ARM_GCC_493\Debug\Controls.a(U3_LED.o)
 .debug_frame   0x0000087c       0x50 .\CortexM3\ARM_GCC_493\Debug\Controls.a(U4_LED.o)
 .debug_frame   0x000008cc       0x50 .\CortexM3\ARM_GCC_493\Debug\Controls.a(U5_LED.o)
 .debug_frame   0x0000091c       0x50 .\CortexM3\ARM_GCC_493\Debug\Controls.a(U6_LED.o)
 .debug_frame   0x0000096c       0x50 .\CortexM3\ARM_GCC_493\Debug\Controls.a(U7_LED.o)
 .debug_frame   0x000009bc       0x50 .\CortexM3\ARM_GCC_493\Debug\Controls.a(U8_LED.o)
 .debug_frame   0x00000a0c      0x738 .\CortexM3\ARM_GCC_493\Debug\Controls.a(CyLib.o)
 .debug_frame   0x00001144      0x1f8 .\CortexM3\ARM_GCC_493\Debug\Controls.a(cyPm.o)
 .debug_frame   0x0000133c       0x50 .\CortexM3\ARM_GCC_493\Debug\Controls.a(Volume_2.o)
 .debug_frame   0x0000138c       0x50 .\CortexM3\ARM_GCC_493\Debug\Controls.a(Volume_1.o)
 .debug_frame   0x000013dc      0x1a4 .\CortexM3\ARM_GCC_493\Debug\Controls.a(Volume_ADC.o)
 .debug_frame   0x00001580       0x20 .\CortexM3\ARM_GCC_493\Debug\Controls.a(Volume_ADC_INT.o)
 .debug_frame   0x000015a0       0xe0 .\CortexM3\ARM_GCC_493\Debug\Controls.a(Volume_ADC_theACLK.o)
 .debug_frame   0x00001680       0x50 .\CortexM3\ARM_GCC_493\Debug\Controls.a(Mute_SW.o)
 .debug_frame   0x000016d0      0x104 .\CortexM3\ARM_GCC_493\Debug\Controls.a(i_Up.o)
 .debug_frame   0x000017d4      0x104 .\CortexM3\ARM_GCC_493\Debug\Controls.a(i_Left.o)
 .debug_frame   0x000018d8      0x104 .\CortexM3\ARM_GCC_493\Debug\Controls.a(i_Mute.o)
 .debug_frame   0x000019dc      0x104 .\CortexM3\ARM_GCC_493\Debug\Controls.a(i_Enter.o)
 .debug_frame   0x00001ae0      0x104 .\CortexM3\ARM_GCC_493\Debug\Controls.a(i_Down.o)
 .debug_frame   0x00001be4      0x104 .\CortexM3\ARM_GCC_493\Debug\Controls.a(i_Right.o)
 .debug_frame   0x00001ce8      0x104 .\CortexM3\ARM_GCC_493\Debug\Controls.a(i_Input_1.o)
 .debug_frame   0x00001dec      0x104 .\CortexM3\ARM_GCC_493\Debug\Controls.a(i_Power.o)
 .debug_frame   0x00001ef0      0x104 .\CortexM3\ARM_GCC_493\Debug\Controls.a(i_Input_2.o)
 .debug_frame   0x00001ff4       0x50 .\CortexM3\ARM_GCC_493\Debug\Controls.a(Input_Relais_0.o)
 .debug_frame   0x00002044       0x50 .\CortexM3\ARM_GCC_493\Debug\Controls.a(Input_Relais_1.o)
 .debug_frame   0x00002094       0x50 .\CortexM3\ARM_GCC_493\Debug\Controls.a(Input_Relais_2.o)
 .debug_frame   0x000020e4       0x50 .\CortexM3\ARM_GCC_493\Debug\Controls.a(Input_Relais_3.o)
 .debug_frame   0x00002134      0x108 .\CortexM3\ARM_GCC_493\Debug\Controls.a(Button_Timer.o)
 .debug_frame   0x0000223c      0x104 .\CortexM3\ARM_GCC_493\Debug\Controls.a(Button_Timer_Interrupt.o)
 .debug_frame   0x00002340       0x50 .\CortexM3\ARM_GCC_493\Debug\Controls.a(Input_Relais_4.o)
 .debug_frame   0x00002390       0x50 .\CortexM3\ARM_GCC_493\Debug\Controls.a(Input_Relais_5.o)
 .debug_frame   0x000023e0       0x50 .\CortexM3\ARM_GCC_493\Debug\Controls.a(Input_Relais_6.o)
 .debug_frame   0x00002430       0x50 .\CortexM3\ARM_GCC_493\Debug\Controls.a(Input_Relais_7.o)
 .debug_frame   0x00002480       0x50 .\CortexM3\ARM_GCC_493\Debug\Controls.a(Protection_IN.o)
 .debug_frame   0x000024d0       0x50 .\CortexM3\ARM_GCC_493\Debug\Controls.a(Protection_CLR.o)
 .debug_frame   0x00002520       0x50 .\CortexM3\ARM_GCC_493\Debug\Controls.a(Protection_CLK.o)
 .debug_frame   0x00002570      0x1dc .\CortexM3\ARM_GCC_493\Debug\Controls.a(USBUART.o)
 .debug_frame   0x0000274c      0x278 .\CortexM3\ARM_GCC_493\Debug\Controls.a(USBUART_cdc.o)
 .debug_frame   0x000029c4      0x194 .\CortexM3\ARM_GCC_493\Debug\Controls.a(USBUART_drv.o)
 .debug_frame   0x00002b58       0x6c .\CortexM3\ARM_GCC_493\Debug\Controls.a(USBUART_episr.o)
 .debug_frame   0x00002bc4       0xa0 .\CortexM3\ARM_GCC_493\Debug\Controls.a(USBUART_hid.o)
 .debug_frame   0x00002c64       0xa0 .\CortexM3\ARM_GCC_493\Debug\Controls.a(USBUART_pm.o)
 .debug_frame   0x00002d04      0x17c .\CortexM3\ARM_GCC_493\Debug\Controls.a(USBUART_std.o)
 .debug_frame   0x00002e80       0x2c .\CortexM3\ARM_GCC_493\Debug\Controls.a(USBUART_vnd.o)
 .debug_frame   0x00002eac       0x70 .\CortexM3\ARM_GCC_493\Debug\Controls.a(USBUART_Dp.o)
 .debug_frame   0x00002f1c      0x124 .\CortexM3\ARM_GCC_493\Debug\Controls.a(Volume_Timer.o)
 .debug_frame   0x00003040      0x174 .\CortexM3\ARM_GCC_493\Debug\Controls.a(CyFlash.o)
 .debug_frame   0x000031b4      0x160 .\CortexM3\ARM_GCC_493\Debug\Controls.a(CySpc.o)
 .debug_frame   0x00003314       0x2c .\CortexM3\ARM_GCC_493\Debug\Controls.a(USBUART_cls.o)
 .debug_frame   0x00003340       0x28 c:/program files (x86)/cypress/psoc creator/4.0/psoc creator/import/gnu/arm/4.9.3/bin/../lib/gcc/arm-none-eabi/4.9.3/armv7-m\libgcc.a(_aeabi_ldivmod.o)
 .debug_frame   0x00003368       0x54 c:/program files (x86)/cypress/psoc creator/4.0/psoc creator/import/gnu/arm/4.9.3/bin/../lib/gcc/arm-none-eabi/4.9.3/armv7-m\libgcc.a(bpabi.o)
 .debug_frame   0x000033bc       0x34 c:/program files (x86)/cypress/psoc creator/4.0/psoc creator/import/gnu/arm/4.9.3/bin/../lib/gcc/arm-none-eabi/4.9.3/armv7-m\libgcc.a(_divdi3.o)
 .debug_frame   0x000033f0       0x34 c:/program files (x86)/cypress/psoc creator/4.0/psoc creator/import/gnu/arm/4.9.3/bin/../lib/gcc/arm-none-eabi/4.9.3/armv7-m\libgcc.a(_udivdi3.o)
 .debug_frame   0x00003424       0x20 c:/program files (x86)/cypress/psoc creator/4.0/psoc creator/import/gnu/arm/4.9.3/bin/../lib/gcc/arm-none-eabi/4.9.3/../../../../arm-none-eabi/lib/armv7-m\libg_nano.a(lib_a-errno.o)
 .debug_frame   0x00003444       0x28 c:/program files (x86)/cypress/psoc creator/4.0/psoc creator/import/gnu/arm/4.9.3/bin/../lib/gcc/arm-none-eabi/4.9.3/../../../../arm-none-eabi/lib/armv7-m\libg_nano.a(lib_a-exit.o)