Archive member included because of file (symbol)

.\ARM_GCC_493\Debug\USBFS_UART01.a(cyfitter_cfg.o)
                              .\ARM_GCC_493\Debug\Cm3Start.o (cyfitter_cfg)
.\ARM_GCC_493\Debug\USBFS_UART01.a(USBUART.o)
                              .\ARM_GCC_493\Debug\main.o (USBUART_Start)
.\ARM_GCC_493\Debug\USBFS_UART01.a(USBUART_cdc.o)
                              .\ARM_GCC_493\Debug\main.o (USBUART_CDC_Init)
.\ARM_GCC_493\Debug\USBFS_UART01.a(USBUART_drv.o)
                              .\ARM_GCC_493\Debug\USBFS_UART01.a(USBUART.o) (USBUART_EP)
.\ARM_GCC_493\Debug\USBFS_UART01.a(USBUART_episr.o)
                              .\ARM_GCC_493\Debug\USBFS_UART01.a(USBUART.o) (USBUART_EP_1_ISR)
.\ARM_GCC_493\Debug\USBFS_UART01.a(USBUART_hid.o)
                              .\ARM_GCC_493\Debug\USBFS_UART01.a(USBUART.o) (USBUART_hidProtocol)
.\ARM_GCC_493\Debug\USBFS_UART01.a(USBUART_pm.o)
                              .\ARM_GCC_493\Debug\USBFS_UART01.a(USBUART.o) (USBUART_DP_ISR)
.\ARM_GCC_493\Debug\USBFS_UART01.a(USBUART_std.o)
                              .\ARM_GCC_493\Debug\USBFS_UART01.a(USBUART_drv.o) (USBUART_HandleStandardRqst)
.\ARM_GCC_493\Debug\USBFS_UART01.a(USBUART_vnd.o)
                              .\ARM_GCC_493\Debug\USBFS_UART01.a(USBUART_drv.o) (USBUART_HandleVendorRqst)
.\ARM_GCC_493\Debug\USBFS_UART01.a(LCD.o)
                              .\ARM_GCC_493\Debug\main.o (LCD_Start)
.\ARM_GCC_493\Debug\USBFS_UART01.a(USBUART_Dp.o)
                              .\ARM_GCC_493\Debug\USBFS_UART01.a(USBUART.o) (USBUART_Dp_ClearInterrupt)
.\ARM_GCC_493\Debug\USBFS_UART01.a(CyLib.o)
                              .\ARM_GCC_493\Debug\Cm3Start.o (CyResetStatus)
.\ARM_GCC_493\Debug\USBFS_UART01.a(cyPm.o)
                              .\ARM_GCC_493\Debug\USBFS_UART01.a(CyLib.o) (CyPmReadStatus)
.\ARM_GCC_493\Debug\USBFS_UART01.a(CyBootAsmGnu.o)
                              .\ARM_GCC_493\Debug\USBFS_UART01.a(cyfitter_cfg.o) (CyDelayCycles)
.\ARM_GCC_493\Debug\USBFS_UART01.a(CyScBoostClk.o)
                              .\ARM_GCC_493\Debug\USBFS_UART01.a(CyLib.o) (CyScBoostClk_Start)
.\ARM_GCC_493\Debug\USBFS_UART01.a(USBUART_cls.o)
                              .\ARM_GCC_493\Debug\USBFS_UART01.a(USBUART_drv.o) (USBUART_DispatchClassRqst)
.\ARM_GCC_493\Debug\USBFS_UART01.a(USBUART_descr.o)
                              .\ARM_GCC_493\Debug\USBFS_UART01.a(USBUART_std.o) (USBUART_DEVICE0_DESCR)
.\ARM_GCC_493\Debug\USBFS_UART01.a(CyFlash.o)
                              .\ARM_GCC_493\Debug\USBFS_UART01.a(cyPm.o) (CyFlash_SetWaitCycles)
.\ARM_GCC_493\Debug\USBFS_UART01.a(CySpc.o)
                              .\ARM_GCC_493\Debug\USBFS_UART01.a(CyFlash.o) (CySpcStart)
c:/program files (x86)/cypress/psoc creator/4.0/psoc creator/import/gnu/arm/4.9.3/bin/../lib/gcc/arm-none-eabi/4.9.3/../../../../arm-none-eabi/lib/armv7-m\libg_nano.a(lib_a-errno.o)
                              .\ARM_GCC_493\Debug\Cm3Start.o (__errno)
c:/program files (x86)/cypress/psoc creator/4.0/psoc creator/import/gnu/arm/4.9.3/bin/../lib/gcc/arm-none-eabi/4.9.3/../../../../arm-none-eabi/lib/armv7-m\libg_nano.a(lib_a-exit.o)
                              c:/program files (x86)/cypress/psoc creator/4.0/psoc creator/import/gnu/arm/4.9.3/bin/../lib/gcc/arm-none-eabi/4.9.3/../../../../arm-none-eabi/lib/armv7-m/crt0.o (exit)
c:/program files (x86)/cypress/psoc creator/4.0/psoc creator/import/gnu/arm/4.9.3/bin/../lib/gcc/arm-none-eabi/4.9.3/../../../../arm-none-eabi/lib/armv7-m\libg_nano.a(lib_a-impure.o)
                              c:/program files (x86)/cypress/psoc creator/4.0/psoc creator/import/gnu/arm/4.9.3/bin/../lib/gcc/arm-none-eabi/4.9.3/../../../../arm-none-eabi/lib/armv7-m\libg_nano.a(lib_a-exit.o) (_global_impure_ptr)
c:/program files (x86)/cypress/psoc creator/4.0/psoc creator/import/gnu/arm/4.9.3/bin/../lib/gcc/arm-none-eabi/4.9.3/../../../../arm-none-eabi/lib/armv7-m\libg_nano.a(lib_a-init.o)
                              c:/program files (x86)/cypress/psoc creator/4.0/psoc creator/import/gnu/arm/4.9.3/bin/../lib/gcc/arm-none-eabi/4.9.3/../../../../arm-none-eabi/lib/armv7-m/crt0.o (__libc_init_array)
c:/program files (x86)/cypress/psoc creator/4.0/psoc creator/import/gnu/arm/4.9.3/bin/../lib/gcc/arm-none-eabi/4.9.3/../../../../arm-none-eabi/lib/armv7-m\libg_nano.a(lib_a-memcpy.o)
                              .\ARM_GCC_493\Debug\USBFS_UART01.a(cyfitter_cfg.o) (memcpy)
c:/program files (x86)/cypress/psoc creator/4.0/psoc creator/import/gnu/arm/4.9.3/bin/../lib/gcc/arm-none-eabi/4.9.3/../../../../arm-none-eabi/lib/armv7-m\libg_nano.a(lib_a-memset.o)
                              c:/program files (x86)/cypress/psoc creator/4.0/psoc creator/import/gnu/arm/4.9.3/bin/../lib/gcc/arm-none-eabi/4.9.3/../../../../arm-none-eabi/lib/armv7-m/crt0.o (memset)
[...]
Memory Configuration

Name             Origin             Length             Attributes
rom              0x00000000         0x00040000         xr
ram              0x1fff8000         0x00010000         xrw
*default*        0x00000000         0xffffffff

Linker script and memory map

LOAD c:/program files (x86)/cypress/psoc creator/4.0/psoc creator/import/gnu/arm/4.9.3/bin/../lib/gcc/arm-none-eabi/4.9.3/armv7-m/crti.o
LOAD c:/program files (x86)/cypress/psoc creator/4.0/psoc creator/import/gnu/arm/4.9.3/bin/../lib/gcc/arm-none-eabi/4.9.3/armv7-m/crtbegin.o
LOAD c:/program files (x86)/cypress/psoc creator/4.0/psoc creator/import/gnu/arm/4.9.3/bin/../lib/gcc/arm-none-eabi/4.9.3/../../../../arm-none-eabi/lib/armv7-m/crt0.o
START GROUP
LOAD .\ARM_GCC_493\Debug\main.o
LOAD .\ARM_GCC_493\Debug\cymetadata.o
LOAD .\ARM_GCC_493\Debug\Cm3Start.o
LOAD .\ARM_GCC_493\Debug\USBFS_UART01.a
LOAD C:\Program Files (x86)\Cypress\PSoC Creator\4.0\PSoC Creator\psoc\content\cycomponentlibrary\CyComponentLibrary.cylib\CortexM3\ARM_GCC_493\Debug\CyComponentLibrary.a
END GROUP
START GROUP
LOAD c:/program files (x86)/cypress/psoc creator/4.0/psoc creator/import/gnu/arm/4.9.3/bin/../lib/gcc/arm-none-eabi/4.9.3/armv7-m\libgcc.a
LOAD c:/program files (x86)/cypress/psoc creator/4.0/psoc creator/import/gnu/arm/4.9.3/bin/../lib/gcc/arm-none-eabi/4.9.3/../../../../arm-none-eabi/lib/armv7-m\libg_nano.a
LOAD c:/program files (x86)/cypress/psoc creator/4.0/psoc creator/import/gnu/arm/4.9.3/bin/../lib/gcc/arm-none-eabi/4.9.3/../../../../arm-none-eabi/lib/armv7-m\libc_nano.a
END GROUP
START GROUP
LOAD c:/program files (x86)/cypress/psoc creator/4.0/psoc creator/import/gnu/arm/4.9.3/bin/../lib/gcc/arm-none-eabi/4.9.3/armv7-m\libgcc.a
LOAD c:/program files (x86)/cypress/psoc creator/4.0/psoc creator/import/gnu/arm/4.9.3/bin/../lib/gcc/arm-none-eabi/4.9.3/../../../../arm-none-eabi/lib/armv7-m\libc_nano.a
END GROUP
LOAD c:/program files (x86)/cypress/psoc creator/4.0/psoc creator/import/gnu/arm/4.9.3/bin/../lib/gcc/arm-none-eabi/4.9.3/armv7-m/crtend.o
LOAD c:/program files (x86)/cypress/psoc creator/4.0/psoc creator/import/gnu/arm/4.9.3/bin/../lib/gcc/arm-none-eabi/4.9.3/armv7-m/crtn.o
START GROUP
LOAD c:/program files (x86)/cypress/psoc creator/4.0/psoc creator/import/gnu/arm/4.9.3/bin/../lib/gcc/arm-none-eabi/4.9.3/armv7-m\libgcc.a
LOAD c:/program files (x86)/cypress/psoc creator/4.0/psoc creator/import/gnu/arm/4.9.3/bin/../lib/gcc/arm-none-eabi/4.9.3/../../../../arm-none-eabi/lib/armv7-m\libc.a
LOAD c:/program files (x86)/cypress/psoc creator/4.0/psoc creator/import/gnu/arm/4.9.3/bin/../lib/gcc/arm-none-eabi/4.9.3/../../../../arm-none-eabi/lib/armv7-m\libnosys.a
END GROUP
                0x00000000                CY_APPL_ORIGIN = 0x0
                0x00000100                CY_FLASH_ROW_SIZE = 0x100
                0x00000020                CY_ECC_ROW_SIZE = 0x20
                0x00000000                CY_EE_IN_BTLDR = 0x0
                0x00000000                CY_APPL_LOADABLE = 0x0
                0x00000800                CY_EE_SIZE = 0x800
                0x00000001                CY_APPL_NUM = 0x1
                0x00000001                CY_APPL_MAX = 0x1
                0x00000040                CY_METADATA_SIZE = 0x40
                0x00000000                CY_APPL_LOADABLE = 0x0
                0x00000000                CY_CHECKSUM_EXCLUDE_SIZE = ALIGN (0x0, CY_FLASH_ROW_SIZE)
                0x1fff8310                PROVIDE (__cy_heap_start, _end)
                0x00000001                PROVIDE (__cy_region_num, ((__cy_regions_end - __cy_regions) / 0x10))
                0x20008000                PROVIDE (__cy_stack, (ORIGIN (ram) + 0x10000))
                0x20007800                PROVIDE (__cy_heap_end, (__cy_stack - 0x800))

.cybootloader   0x00000000        0x0
 *(.cybootloader)
                0x00000000                appl1_start = CY_APPL_ORIGIN?CY_APPL_ORIGIN:ALIGN (CY_FLASH_ROW_SIZE)
                0x0001ff00                appl2_start = (appl1_start + ALIGN ((((0x40000 - appl1_start) - (0x2 * CY_FLASH_ROW_SIZE)) / 0x2), CY_FLASH_ROW_SIZE))
                0x00000000                appl_start = (CY_APPL_NUM == 0x1)?appl1_start:appl2_start
                0x00000000                ecc_offset = ((appl_start / CY_FLASH_ROW_SIZE) * CY_ECC_ROW_SIZE)
                0x00000000                ee_offset = (CY_APPL_LOADABLE && ! (CY_EE_IN_BTLDR))?((CY_EE_SIZE / CY_APPL_MAX) * (CY_APPL_NUM - 0x1)):0x0
                0x00000800                ee_size = (CY_APPL_LOADABLE && ! (CY_EE_IN_BTLDR))?(CY_EE_SIZE / CY_APPL_MAX):CY_EE_SIZE
                0x00000000                PROVIDE (CY_ECC_OFFSET, ecc_offset)

.text           0x00000000     0x5da4
 CREATE_OBJECT_SYMBOLS
                0x00000000                PROVIDE (__cy_interrupt_vector, RomVectors)
 *(.romvectors)
 .romvectors    0x00000000       0x10 .\ARM_GCC_493\Debug\Cm3Start.o
                0x00000000                RomVectors
                0x00000001                ASSERT ((. != __cy_interrupt_vector), No interrupt vector)
                0x00000001                ASSERT (CY_APPL_ORIGIN?(SIZEOF (.cybootloader) <= CY_APPL_ORIGIN):0x1, Wrong image location)
                0x00000010                PROVIDE (__cy_reset, Reset)
 *(.text.Reset)
 .text.Reset    0x00000010       0x18 .\ARM_GCC_493\Debug\Cm3Start.o
                0x00000010                Reset
                0x00000001                ASSERT ((. != __cy_reset), No reset code)
 *(.dma_init)
                0x00000001                ASSERT ((((appl_start + .) <= 0x10000) || 0x1), DMA Init must be within the first 64k of flash)
 *(.text .text.* .gnu.linkonce.t.*)
 .text          0x00000028       0x5c c:/program files (x86)/cypress/psoc creator/4.0/psoc creator/import/gnu/arm/4.9.3/bin/../lib/gcc/arm-none-eabi/4.9.3/armv7-m/crtbegin.o
 .text.main     0x00000084      0x190 .\ARM_GCC_493\Debug\main.o
                0x00000084                main
 .text.IntDefaultHandler
                0x00000214       0x14 .\ARM_GCC_493\Debug\Cm3Start.o
                0x00000214                IntDefaultHandler
 .text._sbrk    0x00000228       0x50 .\ARM_GCC_493\Debug\Cm3Start.o
                0x00000228                _sbrk
 .text.Start_c  0x00000278       0x98 .\ARM_GCC_493\Debug\Cm3Start.o
                0x00000278                Start_c
 .text.initialize_psoc
                0x00000310       0x8c .\ARM_GCC_493\Debug\Cm3Start.o
                0x00000310                initialize_psoc
 .text.CYMEMZERO
                0x0000039c       0x1c .\ARM_GCC_493\Debug\USBFS_UART01.a(cyfitter_cfg.o)
 .text.CYCONFIGCPY
                0x000003b8       0x1c .\ARM_GCC_493\Debug\USBFS_UART01.a(cyfitter_cfg.o)
 .text.CYCONFIGCPYCODE
                0x000003d4       0x1c .\ARM_GCC_493\Debug\USBFS_UART01.a(cyfitter_cfg.o)
 .text.CyClockStartupError
                0x000003f0        0xc .\ARM_GCC_493\Debug\USBFS_UART01.a(cyfitter_cfg.o)
 .text.cfg_write_bytes32
                0x000003fc       0x74 .\ARM_GCC_493\Debug\USBFS_UART01.a(cyfitter_cfg.o)
 .text.ClockSetup
                0x00000470       0xec .\ARM_GCC_493\Debug\USBFS_UART01.a(cyfitter_cfg.o)
 .text.AnalogSetDefault
                0x0000055c       0x44 .\ARM_GCC_493\Debug\USBFS_UART01.a(cyfitter_cfg.o)
 .text.cyfitter_cfg
                0x000005a0      0x12c .\ARM_GCC_493\Debug\USBFS_UART01.a(cyfitter_cfg.o)
                0x000005a0                cyfitter_cfg
 .text.USBUART_Start
                0x000006cc       0x38 .\ARM_GCC_493\Debug\USBFS_UART01.a(USBUART.o)
                0x000006cc                USBUART_Start
 .text.USBUART_Init
                0x00000704      0x1a0 .\ARM_GCC_493\Debug\USBFS_UART01.a(USBUART.o)
                0x00000704                USBUART_Init
 .text.USBUART_InitComponent
                0x000008a4      0x11c .\ARM_GCC_493\Debug\USBFS_UART01.a(USBUART.o)
                0x000008a4                USBUART_InitComponent
 .text.USBUART_ReInitComponent
                0x000009c0       0x88 .\ARM_GCC_493\Debug\USBFS_UART01.a(USBUART.o)
                0x000009c0                USBUART_ReInitComponent
 .text.USBUART_GetConfiguration
                0x00000a48       0x18 .\ARM_GCC_493\Debug\USBFS_UART01.a(USBUART.o)
                0x00000a48                USBUART_GetConfiguration
 .text.USBUART_IsConfigurationChanged
                0x00000a60       0x34 .\ARM_GCC_493\Debug\USBFS_UART01.a(USBUART.o)
                0x00000a60                USBUART_IsConfigurationChanged
 .text.USBUART_GetEPState
                0x00000a94       0x2c .\ARM_GCC_493\Debug\USBFS_UART01.a(USBUART.o)
                0x00000a94                USBUART_GetEPState
 .text.USBUART_GetEPCount
                0x00000ac0       0x60 .\ARM_GCC_493\Debug\USBFS_UART01.a(USBUART.o)
                0x00000ac0                USBUART_GetEPCount
 .text.USBUART_LoadInEP
                0x00000b20       0xf8 .\ARM_GCC_493\Debug\USBFS_UART01.a(USBUART.o)
                0x00000b20                USBUART_LoadInEP
 .text.USBUART_ReadOutEP
                0x00000c18       0x8c .\ARM_GCC_493\Debug\USBFS_UART01.a(USBUART.o)
                0x00000c18                USBUART_ReadOutEP
 .text.USBUART_EnableOutEP
                0x00000ca4       0x54 .\ARM_GCC_493\Debug\USBFS_UART01.a(USBUART.o)
                0x00000ca4                USBUART_EnableOutEP
 .text.USBUART_DispatchCDCClassRqst
                0x00000cf8       0xe8 .\ARM_GCC_493\Debug\USBFS_UART01.a(USBUART_cdc.o)
                0x00000cf8                USBUART_DispatchCDCClassRqst
 .text.USBUART_GetInterfaceComPort
                0x00000de0       0x60 .\ARM_GCC_493\Debug\USBFS_UART01.a(USBUART_cdc.o)
                0x00000de0                USBUART_GetInterfaceComPort
 .text.USBUART_CDC_Init
                0x00000e40       0xa8 .\ARM_GCC_493\Debug\USBFS_UART01.a(USBUART_cdc.o)
                0x00000e40                USBUART_CDC_Init
 .text.USBUART_PutData
                0x00000ee8       0x6c .\ARM_GCC_493\Debug\USBFS_UART01.a(USBUART_cdc.o)
                0x00000ee8                USBUART_PutData
 .text.USBUART_DataIsReady
                0x00000f54       0x24 .\ARM_GCC_493\Debug\USBFS_UART01.a(USBUART_cdc.o)
                0x00000f54                USBUART_DataIsReady
 .text.USBUART_CDCIsReady
                0x00000f78       0x24 .\ARM_GCC_493\Debug\USBFS_UART01.a(USBUART_cdc.o)
                0x00000f78                USBUART_CDCIsReady
 .text.USBUART_GetAll
                0x00000f9c       0x50 .\ARM_GCC_493\Debug\USBFS_UART01.a(USBUART_cdc.o)
                0x00000f9c                USBUART_GetAll
 .text.USBUART_IsLineChanged
                0x00000fec       0x58 .\ARM_GCC_493\Debug\USBFS_UART01.a(USBUART_cdc.o)
                0x00000fec                USBUART_IsLineChanged
 .text.USBUART_GetDTERate
                0x00001044       0x8c .\ARM_GCC_493\Debug\USBFS_UART01.a(USBUART_cdc.o)
                0x00001044                USBUART_GetDTERate
 .text.USBUART_GetCharFormat
                0x000010d0       0x2c .\ARM_GCC_493\Debug\USBFS_UART01.a(USBUART_cdc.o)
                0x000010d0                USBUART_GetCharFormat
 .text.USBUART_GetParityType
                0x000010fc       0x2c .\ARM_GCC_493\Debug\USBFS_UART01.a(USBUART_cdc.o)
                0x000010fc                USBUART_GetParityType
 .text.USBUART_GetDataBits
                0x00001128       0x2c .\ARM_GCC_493\Debug\USBFS_UART01.a(USBUART_cdc.o)
                0x00001128                USBUART_GetDataBits
 .text.USBUART_GetLineControl
                0x00001154       0x24 .\ARM_GCC_493\Debug\USBFS_UART01.a(USBUART_cdc.o)
                0x00001154                USBUART_GetLineControl
 .text.USBUART_Cdc_EpInit
                0x00001178       0x94 .\ARM_GCC_493\Debug\USBFS_UART01.a(USBUART_cdc.o)
                0x00001178                USBUART_Cdc_EpInit
 .text.USBUART_EP_0_ISR
                0x0000120c       0xf8 .\ARM_GCC_493\Debug\USBFS_UART01.a(USBUART_drv.o)
                0x0000120c                USBUART_EP_0_ISR
 .text.USBUART_HandleSetup
                0x00001304       0x88 .\ARM_GCC_493\Debug\USBFS_UART01.a(USBUART_drv.o)
                0x00001304                USBUART_HandleSetup
 .text.USBUART_HandleIN
                0x0000138c       0x4c .\ARM_GCC_493\Debug\USBFS_UART01.a(USBUART_drv.o)
                0x0000138c                USBUART_HandleIN
 .text.USBUART_HandleOUT
                0x000013d8       0x58 .\ARM_GCC_493\Debug\USBFS_UART01.a(USBUART_drv.o)
                0x000013d8                USBUART_HandleOUT
 .text.USBUART_LoadEP0
                0x00001430       0xd0 .\ARM_GCC_493\Debug\USBFS_UART01.a(USBUART_drv.o)
                0x00001430                USBUART_LoadEP0
 .text.USBUART_InitControlRead
                0x00001500       0x70 .\ARM_GCC_493\Debug\USBFS_UART01.a(USBUART_drv.o)
                0x00001500                USBUART_InitControlRead
 .text.USBUART_InitZeroLengthControlTransfer
                0x00001570       0x44 .\ARM_GCC_493\Debug\USBFS_UART01.a(USBUART_drv.o)
                0x00001570                USBUART_InitZeroLengthControlTransfer
 .text.USBUART_ControlReadDataStage
                0x000015b4        0xc .\ARM_GCC_493\Debug\USBFS_UART01.a(USBUART_drv.o)
                0x000015b4                USBUART_ControlReadDataStage
 .text.USBUART_ControlReadStatusStage
                0x000015c0       0x40 .\ARM_GCC_493\Debug\USBFS_UART01.a(USBUART_drv.o)
                0x000015c0                USBUART_ControlReadStatusStage
 .text.USBUART_InitControlWrite
                0x00001600       0x64 .\ARM_GCC_493\Debug\USBFS_UART01.a(USBUART_drv.o)
                0x00001600                USBUART_InitControlWrite
 .text.USBUART_ControlWriteDataStage
                0x00001664       0xb4 .\ARM_GCC_493\Debug\USBFS_UART01.a(USBUART_drv.o)
                0x00001664                USBUART_ControlWriteDataStage
 .text.USBUART_ControlWriteStatusStage
                0x00001718       0x20 .\ARM_GCC_493\Debug\USBFS_UART01.a(USBUART_drv.o)
                0x00001718                USBUART_ControlWriteStatusStage
 .text.USBUART_InitNoDataControlTransfer
                0x00001738       0x38 .\ARM_GCC_493\Debug\USBFS_UART01.a(USBUART_drv.o)
                0x00001738                USBUART_InitNoDataControlTransfer
 .text.USBUART_NoDataControlStatusStage
                0x00001770       0x48 .\ARM_GCC_493\Debug\USBFS_UART01.a(USBUART_drv.o)
                0x00001770                USBUART_NoDataControlStatusStage
 .text.USBUART_UpdateStatusBlock
                0x000017b8       0x40 .\ARM_GCC_493\Debug\USBFS_UART01.a(USBUART_drv.o)
                0x000017b8                USBUART_UpdateStatusBlock
 .text.USBUART_InitializeStatusBlock
                0x000017f8       0x34 .\ARM_GCC_493\Debug\USBFS_UART01.a(USBUART_drv.o)
                0x000017f8                USBUART_InitializeStatusBlock
 .text.USBUART_EP_1_ISR
                0x0000182c       0x48 .\ARM_GCC_493\Debug\USBFS_UART01.a(USBUART_episr.o)
                0x0000182c                USBUART_EP_1_ISR
 .text.USBUART_EP_2_ISR
                0x00001874       0x4c .\ARM_GCC_493\Debug\USBFS_UART01.a(USBUART_episr.o)
                0x00001874                USBUART_EP_2_ISR
 .text.USBUART_EP_3_ISR
                0x000018c0       0x54 .\ARM_GCC_493\Debug\USBFS_UART01.a(USBUART_episr.o)
                0x000018c0                USBUART_EP_3_ISR
 .text.USBUART_SOF_ISR
                0x00001914        0xc .\ARM_GCC_493\Debug\USBFS_UART01.a(USBUART_episr.o)
                0x00001914                USBUART_SOF_ISR
 .text.USBUART_BUS_RESET_ISR
                0x00001920        0xc .\ARM_GCC_493\Debug\USBFS_UART01.a(USBUART_episr.o)
                0x00001920                USBUART_BUS_RESET_ISR
 .text.USBUART_DispatchHIDClassRqst
                0x0000192c      0x1d0 .\ARM_GCC_493\Debug\USBFS_UART01.a(USBUART_hid.o)
                0x0000192c                USBUART_DispatchHIDClassRqst
 .text.USBUART_FindHidClassDecriptor
                0x00001afc       0x7c .\ARM_GCC_493\Debug\USBFS_UART01.a(USBUART_hid.o)
                0x00001afc                USBUART_FindHidClassDecriptor
 .text.USBUART_FindReportDescriptor
                0x00001b78       0x90 .\ARM_GCC_493\Debug\USBFS_UART01.a(USBUART_hid.o)
                0x00001b78                USBUART_FindReportDescriptor
 .text.USBUART_FindReport
                0x00001c08       0xcc .\ARM_GCC_493\Debug\USBFS_UART01.a(USBUART_hid.o)
                0x00001c08                USBUART_FindReport
 .text.USBUART_DP_ISR
                0x00001cd4        0xc .\ARM_GCC_493\Debug\USBFS_UART01.a(USBUART_pm.o)
                0x00001cd4                USBUART_DP_ISR
 .text.USBUART_HandleStandardRqst
                0x00001ce0      0x48c .\ARM_GCC_493\Debug\USBFS_UART01.a(USBUART_std.o)
                0x00001ce0                USBUART_HandleStandardRqst
 .text.USBUART_ReadDieID
                0x0000216c       0xd4 .\ARM_GCC_493\Debug\USBFS_UART01.a(USBUART_std.o)
                0x0000216c                USBUART_ReadDieID
 .text.USBUART_ConfigReg
                0x00002240      0x11c .\ARM_GCC_493\Debug\USBFS_UART01.a(USBUART_std.o)
                0x00002240                USBUART_ConfigReg
 .text.USBUART_Config
                0x0000235c      0x394 .\ARM_GCC_493\Debug\USBFS_UART01.a(USBUART_std.o)
                0x0000235c                USBUART_Config
 .text.USBUART_ConfigAltChanged
                0x000026f0      0x23c .\ARM_GCC_493\Debug\USBFS_UART01.a(USBUART_std.o)
                0x000026f0                USBUART_ConfigAltChanged
 .text.USBUART_GetConfigTablePtr
                0x0000292c       0x54 .\ARM_GCC_493\Debug\USBFS_UART01.a(USBUART_std.o)
                0x0000292c                USBUART_GetConfigTablePtr
 .text.USBUART_GetDeviceTablePtr
                0x00002980       0x24 .\ARM_GCC_493\Debug\USBFS_UART01.a(USBUART_std.o)
                0x00002980                USBUART_GetDeviceTablePtr
 .text.USBUART_GetInterfaceClassTablePtr
                0x000029a4       0x4c .\ARM_GCC_493\Debug\USBFS_UART01.a(USBUART_std.o)
                0x000029a4                USBUART_GetInterfaceClassTablePtr
 .text.USBUART_SetEndpointHalt
                0x000029f0       0xdc .\ARM_GCC_493\Debug\USBFS_UART01.a(USBUART_std.o)
                0x000029f0                USBUART_SetEndpointHalt
 .text.USBUART_ClearEndpointHalt
                0x00002acc      0x130 .\ARM_GCC_493\Debug\USBFS_UART01.a(USBUART_std.o)
                0x00002acc                USBUART_ClearEndpointHalt
 .text.USBUART_ValidateAlternateSetting
                0x00002bfc       0x70 .\ARM_GCC_493\Debug\USBFS_UART01.a(USBUART_std.o)
                0x00002bfc                USBUART_ValidateAlternateSetting
 .text.USBUART_HandleVendorRqst
                0x00002c6c       0x54 .\ARM_GCC_493\Debug\USBFS_UART01.a(USBUART_vnd.o)
                0x00002c6c                USBUART_HandleVendorRqst
 .text.LCD_Init
                0x00002cc0       0x6c .\ARM_GCC_493\Debug\USBFS_UART01.a(LCD.o)
                0x00002cc0                LCD_Init
 .text.LCD_Enable
                0x00002d2c       0x18 .\ARM_GCC_493\Debug\USBFS_UART01.a(LCD.o)
                0x00002d2c                LCD_Enable
 .text.LCD_Start
                0x00002d44       0x20 .\ARM_GCC_493\Debug\USBFS_UART01.a(LCD.o)
                0x00002d44                LCD_Start
 .text.LCD_Position
                0x00002d64       0x6c .\ARM_GCC_493\Debug\USBFS_UART01.a(LCD.o)
                0x00002d64                LCD_Position
 .text.LCD_PrintString
                0x00002dd0       0x38 .\ARM_GCC_493\Debug\USBFS_UART01.a(LCD.o)
                0x00002dd0                LCD_PrintString
 .text.LCD_WriteData
                0x00002e08       0x34 .\ARM_GCC_493\Debug\USBFS_UART01.a(LCD.o)
                0x00002e08                LCD_WriteData
 .text.LCD_WriteControl
                0x00002e3c       0x34 .\ARM_GCC_493\Debug\USBFS_UART01.a(LCD.o)
                0x00002e3c                LCD_WriteControl
 .text.LCD_IsReady
                0x00002e70      0x178 .\ARM_GCC_493\Debug\USBFS_UART01.a(LCD.o)
                0x00002e70                LCD_IsReady
 .text.LCD_WrDatNib
                0x00002fe8       0x78 .\ARM_GCC_493\Debug\USBFS_UART01.a(LCD.o)
 .text.LCD_WrCntrlNib
                0x00003060       0x60 .\ARM_GCC_493\Debug\USBFS_UART01.a(LCD.o)
 .text.USBUART_Dp_ClearInterrupt
                0x000030c0       0x20 .\ARM_GCC_493\Debug\USBFS_UART01.a(USBUART_Dp.o)
                0x000030c0                USBUART_Dp_ClearInterrupt
 .text.CyHalt   0x000030e0       0x18 .\ARM_GCC_493\Debug\USBFS_UART01.a(CyLib.o)
                0x000030e0                CyHalt
 .text.CyDelay  0x000030f8       0x44 .\ARM_GCC_493\Debug\USBFS_UART01.a(CyLib.o)
                0x000030f8                CyDelay
 .text.CyDelayUs
                0x0000313c       0x24 .\ARM_GCC_493\Debug\USBFS_UART01.a(CyLib.o)
                0x0000313c                CyDelayUs
 .text.CyIntSetVector
                0x00003160       0x50 .\ARM_GCC_493\Debug\USBFS_UART01.a(CyLib.o)
                0x00003160                CyIntSetVector
 .text.CyIntSetPriority
                0x000031b0       0x44 .\ARM_GCC_493\Debug\USBFS_UART01.a(CyLib.o)
                0x000031b0                CyIntSetPriority
 .text.CyGetUniqueId
                0x000031f4       0xc4 .\ARM_GCC_493\Debug\USBFS_UART01.a(CyLib.o)
                0x000031f4                CyGetUniqueId
 .text          0x000032b8       0x58 .\ARM_GCC_493\Debug\USBFS_UART01.a(CyBootAsmGnu.o)
                0x000032b8                CyDelayCycles
                0x000032f6                CyEnterCriticalSection
                0x000032fe                CyExitCriticalSection
 .text.USBUART_DispatchClassRqst
                0x00003310       0x88 .\ARM_GCC_493\Debug\USBFS_UART01.a(USBUART_cls.o)
                0x00003310                USBUART_DispatchClassRqst
 .text.__errno  0x00003398        0xc c:/program files (x86)/cypress/psoc creator/4.0/psoc creator/import/gnu/arm/4.9.3/bin/../lib/gcc/arm-none-eabi/4.9.3/../../../../arm-none-eabi/lib/armv7-m\libg_nano.a(lib_a-errno.o)
                0x00003398                __errno
 .text.__libc_init_array
                0x000033a4       0x4c c:/program files (x86)/cypress/psoc creator/4.0/psoc creator/import/gnu/arm/4.9.3/bin/../lib/gcc/arm-none-eabi/4.9.3/../../../../arm-none-eabi/lib/armv7-m\libg_nano.a(lib_a-init.o)
                0x000033a4                __libc_init_array
 .text.memcpy   0x000033f0       0x16 c:/program files (x86)/cypress/psoc creator/4.0/psoc creator/import/gnu/arm/4.9.3/bin/../lib/gcc/arm-none-eabi/4.9.3/../../../../arm-none-eabi/lib/armv7-m\libg_nano.a(lib_a-memcpy.o)
                0x000033f0                memcpy
 .text.memset   0x00003406       0x10 c:/program files (x86)/cypress/psoc creator/4.0/psoc creator/import/gnu/arm/4.9.3/bin/../lib/gcc/arm-none-eabi/4.9.3/../../../../arm-none-eabi/lib/armv7-m\libg_nano.a(lib_a-memset.o)
                0x00003406                memset
 .text.__cvt    0x00003416       0xbc c:/program files (x86)/cypress/psoc creator/4.0/psoc creator/import/gnu/arm/4.9.3/bin/../lib/gcc/arm-none-eabi/4.9.3/../../../../arm-none-eabi/lib/armv7-m\libg_nano.a(lib_a-nano-vfprintf_float.o)
                0x00003416                __cvt
 .text.__exponent
                0x000034d2       0x62 c:/program files (x86)/cypress/psoc creator/4.0/psoc creator/import/gnu/arm/4.9.3/bin/../lib/gcc/arm-none-eabi/4.9.3/../../../../arm-none-eabi/lib/armv7-m\libg_nano.a(lib_a-nano-vfprintf_float.o)
                0x000034d2                __exponent
 .text._printf_float
                0x00003534      0x48c c:/program files (x86)/cypress/psoc creator/4.0/psoc creator/import/gnu/arm/4.9.3/bin/../lib/gcc/arm-none-eabi/4.9.3/../../../../arm-none-eabi/lib/armv7-m\libg_nano.a(lib_a-nano-vfprintf_float.o)
                0x00003534                _printf_float
 .text._printf_common
                0x000039c0       0xea c:/program files (x86)/cypress/psoc creator/4.0/psoc creator/import/gnu/arm/4.9.3/bin/../lib/gcc/arm-none-eabi/4.9.3/../../../../arm-none-eabi/lib/armv7-m\libg_nano.a(lib_a-nano-vfprintf_i.o)
                0x000039c0                _printf_common
 *fill*         0x00003aaa        0x2 
 .text._printf_i
                0x00003aac      0x240 c:/program files (x86)/cypress/psoc creator/4.0/psoc creator/import/gnu/arm/4.9.3/bin/../lib/gcc/arm-none-eabi/4.9.3/../../../../arm-none-eabi/lib/armv7-m\libg_nano.a(lib_a-nano-vfprintf_i.o)
                0x00003aac                _printf_i
 .text.__fpclassifyd
                0x00003cec       0x50 c:/program files (x86)/cypress/psoc creator/4.0/psoc creator/import/gnu/arm/4.9.3/bin/../lib/gcc/arm-none-eabi/4.9.3/../../../../arm-none-eabi/lib/armv7-m\libg_nano.a(lib_a-s_fpclassify.o)
                0x00003cec                __fpclassifyd
 .text.sprintf  0x00003d3c       0x48 c:/program files (x86)/cypress/psoc creator/4.0/psoc creator/import/gnu/arm/4.9.3/bin/../lib/gcc/arm-none-eabi/4.9.3/../../../../arm-none-eabi/lib/armv7-m\libg_nano.a(lib_a-sprintf.o)
                0x00003d3c                siprintf
                0x00003d3c                sprintf
 .text.strlen   0x00003d84       0x10 c:/program files (x86)/cypress/psoc creator/4.0/psoc creator/import/gnu/arm/4.9.3/bin/../lib/gcc/arm-none-eabi/4.9.3/../../../../arm-none-eabi/lib/armv7-m\libg_nano.a(lib_a-strlen.o)
                0x00003d84                strlen
 .text.quorem   0x00003d94      0x114 c:/program files (x86)/cypress/psoc creator/4.0/psoc creator/import/gnu/arm/4.9.3/bin/../lib/gcc/arm-none-eabi/4.9.3/../../../../arm-none-eabi/lib/armv7-m\libg_nano.a(lib_a-dtoa.o)
 .text._dtoa_r  0x00003ea8      0xb78 c:/program files (x86)/cypress/psoc creator/4.0/psoc creator/import/gnu/arm/4.9.3/bin/../lib/gcc/arm-none-eabi/4.9.3/../../../../arm-none-eabi/lib/armv7-m\libg_nano.a(lib_a-dtoa.o)
                0x00003ea8                _dtoa_r
 .text._localeconv_r
                0x00004a20        0x8 c:/program files (x86)/cypress/psoc creator/4.0/psoc creator/import/gnu/arm/4.9.3/bin/../lib/gcc/arm-none-eabi/4.9.3/../../../../arm-none-eabi/lib/armv7-m\libg_nano.a(lib_a-locale.o)
                0x00004a20                _localeconv_r
 .text.malloc   0x00004a28       0x10 c:/program files (x86)/cypress/psoc creator/4.0/psoc creator/import/gnu/arm/4.9.3/bin/../lib/gcc/arm-none-eabi/4.9.3/../../../../arm-none-eabi/lib/armv7-m\libg_nano.a(lib_a-malloc.o)
                0x00004a28                malloc
 .text.memchr   0x00004a38       0x1c c:/program files (x86)/cypress/psoc creator/4.0/psoc creator/import/gnu/arm/4.9.3/bin/../lib/gcc/arm-none-eabi/4.9.3/../../../../arm-none-eabi/lib/armv7-m\libg_nano.a(lib_a-memchr.o)
                0x00004a38                memchr
 .text._Balloc  0x00004a54       0x6a c:/program files (x86)/cypress/psoc creator/4.0/psoc creator/import/gnu/arm/4.9.3/bin/../lib/gcc/arm-none-eabi/4.9.3/../../../../arm-none-eabi/lib/armv7-m\libg_nano.a(lib_a-mprec.o)
                0x00004a54                _Balloc
 .text._Bfree   0x00004abe       0x2e c:/program files (x86)/cypress/psoc creator/4.0/psoc creator/import/gnu/arm/4.9.3/bin/../lib/gcc/arm-none-eabi/4.9.3/../../../../arm-none-eabi/lib/armv7-m\libg_nano.a(lib_a-mprec.o)
                0x00004abe                _Bfree
 .text.__multadd
                0x00004aec       0x7c c:/program files (x86)/cypress/psoc creator/4.0/psoc creator/import/gnu/arm/4.9.3/bin/../lib/gcc/arm-none-eabi/4.9.3/../../../../arm-none-eabi/lib/armv7-m\libg_nano.a(lib_a-mprec.o)
                0x00004aec                __multadd
 .text.__hi0bits
                0x00004b68       0x40 c:/program files (x86)/cypress/psoc creator/4.0/psoc creator/import/gnu/arm/4.9.3/bin/../lib/gcc/arm-none-eabi/4.9.3/../../../../arm-none-eabi/lib/armv7-m\libg_nano.a(lib_a-mprec.o)
                0x00004b68                __hi0bits
 .text.__lo0bits
                0x00004ba8       0x5a c:/program files (x86)/cypress/psoc creator/4.0/psoc creator/import/gnu/arm/4.9.3/bin/../lib/gcc/arm-none-eabi/4.9.3/../../../../arm-none-eabi/lib/armv7-m\libg_nano.a(lib_a-mprec.o)
                0x00004ba8                __lo0bits
 .text.__i2b    0x00004c02       0x12 c:/program files (x86)/cypress/psoc creator/4.0/psoc creator/import/gnu/arm/4.9.3/bin/../lib/gcc/arm-none-eabi/4.9.3/../../../../arm-none-eabi/lib/armv7-m\libg_nano.a(lib_a-mprec.o)
                0x00004c02                __i2b
 .text.__multiply
                0x00004c14      0x120 c:/program files (x86)/cypress/psoc creator/4.0/psoc creator/import/gnu/arm/4.9.3/bin/../lib/gcc/arm-none-eabi/4.9.3/../../../../arm-none-eabi/lib/armv7-m\libg_nano.a(lib_a-mprec.o)
                0x00004c14                __multiply
 .text.__pow5mult
                0x00004d34       0x9c c:/program files (x86)/cypress/psoc creator/4.0/psoc creator/import/gnu/arm/4.9.3/bin/../lib/gcc/arm-none-eabi/4.9.3/../../../../arm-none-eabi/lib/armv7-m\libg_nano.a(lib_a-mprec.o)
                0x00004d34                __pow5mult
 .text.__lshift
                0x00004dd0       0xa6 c:/program files (x86)/cypress/psoc creator/4.0/psoc creator/import/gnu/arm/4.9.3/bin/../lib/gcc/arm-none-eabi/4.9.3/../../../../arm-none-eabi/lib/armv7-m\libg_nano.a(lib_a-mprec.o)
                0x00004dd0                __lshift
 .text.__mcmp   0x00004e76       0x38 c:/program files (x86)/cypress/psoc creator/4.0/psoc creator/import/gnu/arm/4.9.3/bin/../lib/gcc/arm-none-eabi/4.9.3/../../../../arm-none-eabi/lib/armv7-m\libg_nano.a(lib_a-mprec.o)
                0x00004e76                __mcmp
 .text.__mdiff  0x00004eae       0xbe c:/program files (x86)/cypress/psoc creator/4.0/psoc creator/import/gnu/arm/4.9.3/bin/../lib/gcc/arm-none-eabi/4.9.3/../../../../arm-none-eabi/lib/armv7-m\libg_nano.a(lib_a-mprec.o)
                0x00004eae                __mdiff
 .text.__d2b    0x00004f6c       0xa4 c:/program files (x86)/cypress/psoc creator/4.0/psoc creator/import/gnu/arm/4.9.3/bin/../lib/gcc/arm-none-eabi/4.9.3/../../../../arm-none-eabi/lib/armv7-m\libg_nano.a(lib_a-mprec.o)
                0x00004f6c                __d2b
 .text._calloc_r
                0x00005010       0x1c c:/program files (x86)/cypress/psoc creator/4.0/psoc creator/import/gnu/arm/4.9.3/bin/../lib/gcc/arm-none-eabi/4.9.3/../../../../arm-none-eabi/lib/armv7-m\libg_nano.a(lib_a-nano-callocr.o)
                0x00005010                _calloc_r
 .text._free_r  0x0000502c       0x88 c:/program files (x86)/cypress/psoc creator/4.0/psoc creator/import/gnu/arm/4.9.3/bin/../lib/gcc/arm-none-eabi/4.9.3/../../../../arm-none-eabi/lib/armv7-m\libg_nano.a(lib_a-nano-freer.o)
                0x0000502c                _free_r
 .text._malloc_r
                0x000050b4       0xac c:/program files (x86)/cypress/psoc creator/4.0/psoc creator/import/gnu/arm/4.9.3/bin/../lib/gcc/arm-none-eabi/4.9.3/../../../../arm-none-eabi/lib/armv7-m\libg_nano.a(lib_a-nano-mallocr.o)
                0x000050b4                _malloc_r
 .text.__ssputs_r
                0x00005160       0xb2 c:/program files (x86)/cypress/psoc creator/4.0/psoc creator/import/gnu/arm/4.9.3/bin/../lib/gcc/arm-none-eabi/4.9.3/../../../../arm-none-eabi/lib/armv7-m\libg_nano.a(lib_a-nano-svfprintf.o)
                0x00005160                __ssputs_r
 *fill*         0x00005212        0x2 
 .text._svfprintf_r
                0x00005214      0x1e4 c:/program files (x86)/cypress/psoc creator/4.0/psoc creator/import/gnu/arm/4.9.3/bin/../lib/gcc/arm-none-eabi/4.9.3/../../../../arm-none-eabi/lib/armv7-m\libg_nano.a(lib_a-nano-svfprintf.o)
                0x00005214                _svfiprintf_r
                0x00005214                _svfprintf_r
 .text._sbrk_r  0x000053f8       0x20 c:/program files (x86)/cypress/psoc creator/4.0/psoc creator/import/gnu/arm/4.9.3/bin/../lib/gcc/arm-none-eabi/4.9.3/../../../../arm-none-eabi/lib/armv7-m\libg_nano.a(lib_a-sbrkr.o)
                0x000053f8                _sbrk_r
 .text.memmove  0x00005418       0x36 c:/program files (x86)/cypress/psoc creator/4.0/psoc creator/import/gnu/arm/4.9.3/bin/../lib/gcc/arm-none-eabi/4.9.3/../../../../arm-none-eabi/lib/armv7-m\libg_nano.a(lib_a-memmove.o)
                0x00005418                memmove
 .text._realloc_r
                0x0000544e       0x4c c:/program files (x86)/cypress/psoc creator/4.0/psoc creator/import/gnu/arm/4.9.3/bin/../lib/gcc/arm-none-eabi/4.9.3/../../../../arm-none-eabi/lib/armv7-m\libg_nano.a(lib_a-nano-reallocr.o)
                0x0000544e                _realloc_r
 .text._malloc_usable_size_r
                0x0000549a       0x14 c:/program files (x86)/cypress/psoc creator/4.0/psoc creator/import/gnu/arm/4.9.3/bin/../lib/gcc/arm-none-eabi/4.9.3/../../../../arm-none-eabi/lib/armv7-m\libg_nano.a(lib_a-nano-msizer.o)
                0x0000549a                _malloc_usable_size_r
 *fill*         0x000054ae        0x2 
 .text          0x000054b0      0x370 c:/program files (x86)/cypress/psoc creator/4.0/psoc creator/import/gnu/arm/4.9.3/bin/../lib/gcc/arm-none-eabi/4.9.3/armv7-m\libgcc.a(_arm_addsubdf3.o)
                0x000054b0                __aeabi_drsub
                0x000054b8                __aeabi_dsub
                0x000054b8                __subdf3
                0x000054bc                __aeabi_dadd
                0x000054bc                __adddf3
                0x00005734                __floatunsidf
                0x00005734                __aeabi_ui2d
                0x00005754                __floatsidf
                0x00005754                __aeabi_i2d
                0x00005778                __aeabi_f2d
                0x00005778                __extendsfdf2
                0x000057b4                __floatundidf
                0x000057b4                __aeabi_ul2d
                0x000057c4                __floatdidf
                0x000057c4                __aeabi_l2d
 .text          0x00005820      0x424 c:/program files (x86)/cypress/psoc creator/4.0/psoc creator/import/gnu/arm/4.9.3/bin/../lib/gcc/arm-none-eabi/4.9.3/armv7-m\libgcc.a(_arm_muldivdf3.o)
                0x00005820                __aeabi_dmul
                0x00005820                __muldf3
                0x00005a74                __divdf3
                0x00005a74                __aeabi_ddiv
 .text          0x00005c44      0x110 c:/program files (x86)/cypress/psoc creator/4.0/psoc creator/import/gnu/arm/4.9.3/bin/../lib/gcc/arm-none-eabi/4.9.3/armv7-m\libgcc.a(_arm_cmpdf2.o)
                0x00005c44                __gtdf2
                0x00005c44                __gedf2
                0x00005c4c                __ltdf2
                0x00005c4c                __ledf2
                0x00005c54                __nedf2
                0x00005c54                __eqdf2
                0x00005c54                __cmpdf2
                0x00005cd0                __aeabi_cdrcmple
                0x00005ce0                __aeabi_cdcmpeq
                0x00005ce0                __aeabi_cdcmple
                0x00005cf0                __aeabi_dcmpeq
                0x00005d04                __aeabi_dcmplt
                0x00005d18                __aeabi_dcmple
                0x00005d2c                __aeabi_dcmpge
                0x00005d40                __aeabi_dcmpgt
 .text          0x00005d54       0x50 c:/program files (x86)/cypress/psoc creator/4.0/psoc creator/import/gnu/arm/4.9.3/bin/../lib/gcc/arm-none-eabi/4.9.3/armv7-m\libgcc.a(_arm_fixdfsi.o)
                0x00005d54                __aeabi_d2iz
                0x00005d54                __fixdfsi
 *(.plt)
 *(.gnu.warning)
 *(.glue_7t)
 .glue_7t       0x00000000        0x0 linker stubs
 *(.glue_7)
 .glue_7        0x00000000        0x0 linker stubs
 *(.vfp11_veneer)
 .vfp11_veneer  0x00000000        0x0 linker stubs
 *(.bootloader)
 *(.ARM.extab* .gnu.linkonce.armextab.*)
 *(.gcc_except_table)

.v4_bx          0x00005da4        0x0
 .v4_bx         0x00000000        0x0 linker stubs

.iplt           0x00005da4        0x0
 .iplt          0x00000000        0x0 c:/program files (x86)/cypress/psoc creator/4.0/psoc creator/import/gnu/arm/4.9.3/bin/../lib/gcc/arm-none-eabi/4.9.3/armv7-m/crtbegin.o

.eh_frame_hdr
 *(.eh_frame_hdr)

.eh_frame       0x00005da4        0x4
 *(.eh_frame)
 .eh_frame      0x00005da4        0x0 c:/program files (x86)/cypress/psoc creator/4.0/psoc creator/import/gnu/arm/4.9.3/bin/../lib/gcc/arm-none-eabi/4.9.3/armv7-m/crtbegin.o
 .eh_frame      0x00005da4        0x0 c:/program files (x86)/cypress/psoc creator/4.0/psoc creator/import/gnu/arm/4.9.3/bin/../lib/gcc/arm-none-eabi/4.9.3/../../../../arm-none-eabi/lib/armv7-m\libg_nano.a(lib_a-strcmp.o)
                                 0x28 (size before relaxing)
 .eh_frame      0x00005da4        0x4 c:/program files (x86)/cypress/psoc creator/4.0/psoc creator/import/gnu/arm/4.9.3/bin/../lib/gcc/arm-none-eabi/4.9.3/armv7-m/crtend.o
                0x00005da8                PROVIDE (__exidx_start, .)

.ARM.exidx
 *(.ARM.exidx* .gnu.linkonce.armexidx.*)
                0x00005da8                __exidx_end = .

.rodata         0x00005da8      0x4a8
 *(.rodata .rodata.* .gnu.linkonce.r.*)
 .rodata        0x00005da8       0x70 .\ARM_GCC_493\Debug\main.o
 .rodata        0x00005e18       0xbc .\ARM_GCC_493\Debug\USBFS_UART01.a(cyfitter_cfg.o)
 .rodata        0x00005ed4       0x14 .\ARM_GCC_493\Debug\USBFS_UART01.a(USBUART_std.o)
 .rodata        0x00005ee8      0x1d4 .\ARM_GCC_493\Debug\USBFS_UART01.a(USBUART_descr.o)
                0x00005ee8                USBUART_DEVICE0_DESCR
                0x00005efc                USBUART_DEVICE0_CONFIGURATION0_DESCR
                0x00005f40                USBUART_STRING_DESCRIPTORS
                0x00005fe0                USBUART_SN_STRING_DESCRIPTOR
                0x00005fe4                USBUART_HIDREPORT_DESCRIPTOR1
                0x0000601c                USBUART_DEVICE0_CONFIGURATION0_EP_SETTINGS_TABLE
                0x00006034                USBUART_DEVICE0_CONFIGURATION0_INTERFACE_CLASS
                0x00006038                USBUART_DEVICE0_CONFIGURATION0_TABLE
                0x00006060                USBUART_DEVICE0_TABLE
                0x00006078                USBUART_TABLE
                0x00006080                USBUART_MSOS_DESCRIPTOR
                0x00006094                USBUART_MSOS_CONFIGURATION_DESCR
 .rodata.str1.1
                0x000060bc        0x2 c:/program files (x86)/cypress/psoc creator/4.0/psoc creator/import/gnu/arm/4.9.3/bin/../lib/gcc/arm-none-eabi/4.9.3/../../../../arm-none-eabi/lib/armv7-m\libg_nano.a(lib_a-impure.o)
 .rodata.str1.1
                0x000060be       0x12 c:/program files (x86)/cypress/psoc creator/4.0/psoc creator/import/gnu/arm/4.9.3/bin/../lib/gcc/arm-none-eabi/4.9.3/../../../../arm-none-eabi/lib/armv7-m\libg_nano.a(lib_a-nano-vfprintf_float.o)
 .rodata.str1.1
                0x000060d0       0x22 c:/program files (x86)/cypress/psoc creator/4.0/psoc creator/import/gnu/arm/4.9.3/bin/../lib/gcc/arm-none-eabi/4.9.3/../../../../arm-none-eabi/lib/armv7-m\libg_nano.a(lib_a-nano-vfprintf_i.o)
 .rodata.str1.1
                0x000060f2        0xd c:/program files (x86)/cypress/psoc creator/4.0/psoc creator/import/gnu/arm/4.9.3/bin/../lib/gcc/arm-none-eabi/4.9.3/../../../../arm-none-eabi/lib/armv7-m\libg_nano.a(lib_a-dtoa.o)
                                  0xf (size before relaxing)
 .rodata.str1.1
                0x000060ff        0x8 c:/program files (x86)/cypress/psoc creator/4.0/psoc creator/import/gnu/arm/4.9.3/bin/../lib/gcc/arm-none-eabi/4.9.3/../../../../arm-none-eabi/lib/armv7-m\libg_nano.a(lib_a-locale.o)
                                  0xb (size before relaxing)
 *fill*         0x00006107        0x1 
 .rodata.__mprec_tens
                0x00006108       0xc8 c:/program files (x86)/cypress/psoc creator/4.0/psoc creator/import/gnu/arm/4.9.3/bin/../lib/gcc/arm-none-eabi/4.9.3/../../../../arm-none-eabi/lib/armv7-m\libg_nano.a(lib_a-mprec.o)
                0x00006108                __mprec_tens
 .rodata.__mprec_bigtens
                0x000061d0       0x28 c:/program files (x86)/cypress/psoc creator/4.0/psoc creator/import/gnu/arm/4.9.3/bin/../lib/gcc/arm-none-eabi/4.9.3/../../../../arm-none-eabi/lib/armv7-m\libg_nano.a(lib_a-mprec.o)
                0x000061d0                __mprec_bigtens
 .rodata.p05.5308
                0x000061f8        0xc c:/program files (x86)/cypress/psoc creator/4.0/psoc creator/import/gnu/arm/4.9.3/bin/../lib/gcc/arm-none-eabi/4.9.3/../../../../arm-none-eabi/lib/armv7-m\libg_nano.a(lib_a-mprec.o)
 .rodata.str1.1
                0x00006204       0x11 c:/program files (x86)/cypress/psoc creator/4.0/psoc creator/import/gnu/arm/4.9.3/bin/../lib/gcc/arm-none-eabi/4.9.3/../../../../arm-none-eabi/lib/armv7-m\libg_nano.a(lib_a-nano-svfprintf.o)
                0x00006218                . = ALIGN (0x4)
 *fill*         0x00006215        0x3 
 *(.init)
 .init          0x00006218        0x4 c:/program files (x86)/cypress/psoc creator/4.0/psoc creator/import/gnu/arm/4.9.3/bin/../lib/gcc/arm-none-eabi/4.9.3/armv7-m/crti.o
                0x00006218                _init
 .init          0x0000621c        0x8 c:/program files (x86)/cypress/psoc creator/4.0/psoc creator/import/gnu/arm/4.9.3/bin/../lib/gcc/arm-none-eabi/4.9.3/armv7-m/crtn.o
                0x00006224                . = ALIGN (0x4)
                0x00006224                __preinit_array_start = .
 *(.preinit_array)
                0x00006224                __preinit_array_end = .
                0x00006224                . = ALIGN (0x4)
                0x00006224                __init_array_start = .
 *(SORT(.init_array.*))
 *(.init_array)
 .init_array    0x00006224        0x4 c:/program files (x86)/cypress/psoc creator/4.0/psoc creator/import/gnu/arm/4.9.3/bin/../lib/gcc/arm-none-eabi/4.9.3/armv7-m/crtbegin.o
 .init_array    0x00006228        0x4 .\ARM_GCC_493\Debug\Cm3Start.o
                0x0000622c                __init_array_end = .
                0x0000622c                . = ALIGN (0x4)
 *(.fini)
 .fini          0x0000622c        0x4 c:/program files (x86)/cypress/psoc creator/4.0/psoc creator/import/gnu/arm/4.9.3/bin/../lib/gcc/arm-none-eabi/4.9.3/armv7-m/crti.o
                0x0000622c                _fini
 .fini          0x00006230        0x8 c:/program files (x86)/cypress/psoc creator/4.0/psoc creator/import/gnu/arm/4.9.3/bin/../lib/gcc/arm-none-eabi/4.9.3/armv7-m/crtn.o
                0x00006238                . = ALIGN (0x4)
                0x00006238                __fini_array_start = .
 *(.fini_array)
 .fini_array    0x00006238        0x4 c:/program files (x86)/cypress/psoc creator/4.0/psoc creator/import/gnu/arm/4.9.3/bin/../lib/gcc/arm-none-eabi/4.9.3/armv7-m/crtbegin.o
 *(SORT(.fini_array.*))
                0x0000623c                __fini_array_end = .
                0x0000623c                . = ALIGN (0x4)
 *crtbegin.o(.ctors)
 *(EXCLUDE_FILE(*crtend.o) .ctors)
 *(SORT(.ctors.*))
 *crtend.o(.ctors)
                0x0000623c                . = ALIGN (0x4)
 *crtbegin.o(.dtors)
 *(EXCLUDE_FILE(*crtend.o) .dtors)
 *(SORT(.dtors.*))
 *crtend.o(.dtors)
                0x0000623c                . = ALIGN (0x4)
                0x0000623c                __cy_regions = .
                0x0000623c        0x4 LONG 0x6250 __cy_region_init_ram
                0x00006240        0x4 LONG 0x1fff8108 __cy_region_start_data
                0x00006244        0x4 LONG 0xf0 __cy_region_init_size_ram
                0x00006248        0x4 LONG 0x118 __cy_region_zero_size_ram
                0x0000624c                __cy_regions_end = .
                0x00006250                . = ALIGN (0x8)
 *fill*         0x0000624c        0x4 
                0x00006250                _etext = .

.cy_checksum_exclude
                0x00006250        0x0
 *(.cy_checksum_exclude)

.ramvectors     0x1fff8000      0x100
                0x1fff8000                __cy_region_start_ram = .
 *(.ramvectors)
 .ramvectors    0x1fff8000      0x100 .\ARM_GCC_493\Debug\Cm3Start.o
                0x1fff8000                CyRamVectors

.noinit         0x1fff8100        0x5
 *(.noinit)
 .noinit        0x1fff8100        0x4 .\ARM_GCC_493\Debug\Cm3Start.o
 .noinit        0x1fff8104        0x1 .\ARM_GCC_493\Debug\USBFS_UART01.a(CyLib.o)
                0x1fff8104                CyResetStatus

.data           0x1fff8108       0xf0 load address 0x00006250
                0x1fff8108                __cy_region_start_data = .
 *(.jcr)
 .jcr           0x1fff8108        0x0 c:/program files (x86)/cypress/psoc creator/4.0/psoc creator/import/gnu/arm/4.9.3/bin/../lib/gcc/arm-none-eabi/4.9.3/armv7-m/crtbegin.o
 .jcr           0x1fff8108        0x4 c:/program files (x86)/cypress/psoc creator/4.0/psoc creator/import/gnu/arm/4.9.3/bin/../lib/gcc/arm-none-eabi/4.9.3/armv7-m/crtend.o
 *(.got.plt)
 *(.got)
 *(.shdata)
 *(.data .data.* .gnu.linkonce.d.*)
 .data          0x1fff810c       0x20 .\ARM_GCC_493\Debug\main.o
                0x1fff810c                parity
                0x1fff8120                stop
 .data          0x1fff812c        0x4 .\ARM_GCC_493\Debug\Cm3Start.o
 .data          0x1fff8130       0x1c .\ARM_GCC_493\Debug\USBFS_UART01.a(USBUART_cdc.o)
                0x1fff8130                USBUART_linesCoding
 .data          0x1fff814c       0x10 .\ARM_GCC_493\Debug\USBFS_UART01.a(CyLib.o)
                0x1fff814c                cydelay_freq_hz
                0x1fff8150                cydelay_freq_khz
                0x1fff8154                cydelay_freq_mhz
                0x1fff8158                cydelay_32k_ms
 .data.impure_data
                0x1fff815c       0x60 c:/program files (x86)/cypress/psoc creator/4.0/psoc creator/import/gnu/arm/4.9.3/bin/../lib/gcc/arm-none-eabi/4.9.3/../../../../arm-none-eabi/lib/armv7-m\libg_nano.a(lib_a-impure.o)
 .data._impure_ptr
                0x1fff81bc        0x4 c:/program files (x86)/cypress/psoc creator/4.0/psoc creator/import/gnu/arm/4.9.3/bin/../lib/gcc/arm-none-eabi/4.9.3/../../../../arm-none-eabi/lib/armv7-m\libg_nano.a(lib_a-impure.o)
                0x1fff81bc                _impure_ptr
 .data.lconv    0x1fff81c0       0x38 c:/program files (x86)/cypress/psoc creator/4.0/psoc creator/import/gnu/arm/4.9.3/bin/../lib/gcc/arm-none-eabi/4.9.3/../../../../arm-none-eabi/lib/armv7-m\libg_nano.a(lib_a-locale.o)
                0x1fff81f8                . = ALIGN (0x8)
 *(.ram)
                0x1fff81f8                _edata = .

.igot.plt       0x1fff81f8        0x0 load address 0x00006340
 .igot.plt      0x00000000        0x0 c:/program files (x86)/cypress/psoc creator/4.0/psoc creator/import/gnu/arm/4.9.3/bin/../lib/gcc/arm-none-eabi/4.9.3/armv7-m/crtbegin.o

.bss            0x1fff81f8      0x118 load address 0x00006340
                0x1fff81f8                PROVIDE (__bss_start__, .)
 *(.shbss)
 *(.bss .bss.* .gnu.linkonce.b.*)
 .bss           0x1fff81f8       0x1c c:/program files (x86)/cypress/psoc creator/4.0/psoc creator/import/gnu/arm/4.9.3/bin/../lib/gcc/arm-none-eabi/4.9.3/armv7-m/crtbegin.o
 .bss           0x1fff8214        0x1 .\ARM_GCC_493\Debug\USBFS_UART01.a(USBUART.o)
                0x1fff8214                USBUART_initVar
 .bss           0x1fff8215        0x1 .\ARM_GCC_493\Debug\USBFS_UART01.a(USBUART_cdc.o)
 *fill*         0x1fff8216        0x2 
 .bss           0x1fff8218        0x4 .\ARM_GCC_493\Debug\USBFS_UART01.a(USBUART_std.o)
 .bss           0x1fff821c        0x2 .\ARM_GCC_493\Debug\USBFS_UART01.a(LCD.o)
                0x1fff821c                LCD_enableState
                0x1fff821d                LCD_initVar
 *fill*         0x1fff821e        0x2 
 .bss.__malloc_sbrk_start
                0x1fff8220        0x4 c:/program files (x86)/cypress/psoc creator/4.0/psoc creator/import/gnu/arm/4.9.3/bin/../lib/gcc/arm-none-eabi/4.9.3/../../../../arm-none-eabi/lib/armv7-m\libg_nano.a(lib_a-nano-mallocr.o)
                0x1fff8220                __malloc_sbrk_start
 .bss.__malloc_free_list
                0x1fff8224        0x4 c:/program files (x86)/cypress/psoc creator/4.0/psoc creator/import/gnu/arm/4.9.3/bin/../lib/gcc/arm-none-eabi/4.9.3/../../../../arm-none-eabi/lib/armv7-m\libg_nano.a(lib_a-nano-mallocr.o)
                0x1fff8224                __malloc_free_list
 *(COMMON)
 COMMON         0x1fff8228       0x18 .\ARM_GCC_493\Debug\USBFS_UART01.a(USBUART_cdc.o)
                0x1fff8228                USBUART_linesChanged
                0x1fff822c                USBUART_cdcDataInEp
                0x1fff8230                USBUART_cdcCommInInterruptEp
                0x1fff8234                USBUART_cdcDataOutEp
                0x1fff8238                USBUART_serialStateBitmap
                0x1fff823c                USBUART_linesControlBitmap
 COMMON         0x1fff8240       0x9a .\ARM_GCC_493\Debug\USBFS_UART01.a(USBUART_drv.o)
                0x1fff8240                USBUART_lastPacketSize
                0x1fff8241                USBUART_device
                0x1fff8242                USBUART_transferByteCount
                0x1fff8244                USBUART_transferState
                0x1fff8248                USBUART_interfaceSettingLast
                0x1fff824c                USBUART_currentTD
                0x1fff8258                USBUART_interfaceNumber
                0x1fff825c                USBUART_interfaceClass
                0x1fff8260                USBUART_configurationChanged
                0x1fff8261                USBUART_ep0Mode
                0x1fff8262                USBUART_deviceAddress
                0x1fff8263                USBUART_configuration
                0x1fff8264                USBUART_ep0Count
                0x1fff8265                USBUART_deviceStatus
                0x1fff8268                USBUART_EP
                0x1fff82d4                USBUART_interfaceSetting
                0x1fff82d6                USBUART_ep0Toggle
                0x1fff82d8                USBUART_interfaceStatus
 *fill*         0x1fff82da        0x2 
 COMMON         0x1fff82dc        0xa .\ARM_GCC_493\Debug\USBFS_UART01.a(USBUART_hid.o)
                0x1fff82dc                USBUART_hidProtocol
                0x1fff82e0                USBUART_hidIdleTimer
                0x1fff82e4                USBUART_hidIdleRate
 *fill*         0x1fff82e6        0x2 
 COMMON         0x1fff82e8       0x22 .\ARM_GCC_493\Debug\USBFS_UART01.a(USBUART_descr.o)
                0x1fff82e8                USBUART_idSerialNumberStringDescriptor
 *fill*         0x1fff830a        0x2 
 COMMON         0x1fff830c        0x4 c:/program files (x86)/cypress/psoc creator/4.0/psoc creator/import/gnu/arm/4.9.3/bin/../lib/gcc/arm-none-eabi/4.9.3/../../../../arm-none-eabi/lib/armv7-m\libg_nano.a(lib_a-reent.o)
                0x1fff830c                errno
                0x1fff8310                . = ALIGN (0x8)
 *(.ram.b)
                0x1fff8310                _end = .
                0x1fff8310                __end = .
                0x1fff8310                PROVIDE (end, .)
                0x1fff8310                PROVIDE (__bss_end__, .)
                0x00006250                __cy_region_init_ram = LOADADDR (.data)
                0x000000f0                __cy_region_init_size_ram = (_edata - ADDR (.data))
                0x00000118                __cy_region_zero_size_ram = (_end - _edata)

.heap           0x1fff8310       0x80 load address 0x00006340
                0x1fff8310                . = _end
                0x1fff8390                . = (. + 0x80)
 *fill*         0x1fff8310       0x80 
                0x1fff8390                __cy_heap_limit = .

.stack          0x20007800      0x800
                0x20007800                __cy_stack_limit = .
                0x20008000                . = (. + 0x800)
 *fill*         0x20007800      0x800 
                0x00000001                ASSERT ((__cy_stack_limit >= __cy_heap_limit), region RAM overflowed with stack)
                0x00000000                cy_checksum_exclude_size = (CY_APPL_LOADABLE == 0x1)?SIZEOF (.cy_checksum_exclude):0x0
                0x00000001                ASSERT ((cy_checksum_exclude_size <= CY_CHECKSUM_EXCLUDE_SIZE), CY_BOOT: Section .cy_checksum_exclude size exceedes specified limit.)

.cyloadermeta
 *(.cyloadermeta)

.cyloadablemeta
 *(.cyloadablemeta)

.cyconfigecc    0x80000000        0x4
 *(.cyconfigecc)
 .cyconfigecc   0x80000000        0x4 .\ARM_GCC_493\Debug\cymetadata.o
                0x80000000                cy_meta_configecc

.cycustnvl      0x90000000        0x4
 *(.cycustnvl)
 .cycustnvl     0x90000000        0x4 .\ARM_GCC_493\Debug\cymetadata.o
                0x90000000                cy_meta_custnvl

.cywolatch      0x90100000        0x4
 *(.cywolatch)
 .cywolatch     0x90100000        0x4 .\ARM_GCC_493\Debug\cymetadata.o
                0x90100000                cy_meta_wonvl

.cyeeprom       0x90200000        0x0
 *(.cyeeprom)
                0x00000001                ASSERT ((. <= ((0x90200000 + ee_offset) + ee_size)), .cyeeprom data will not fit in EEPROM)

.cyflashprotect
                0x90400000      0x100
 *(.cyflashprotect)
 .cyflashprotect
                0x90400000      0x100 .\ARM_GCC_493\Debug\cymetadata.o
                0x90400000                cy_meta_flashprotect

.cymeta         0x90500000        0xc
 *(.cymeta)
 .cymeta        0x90500000        0xc .\ARM_GCC_493\Debug\cymetadata.o
                0x90500000                cy_metadata

.rel.dyn        0x00006340        0x0 load address 0x9050000c
 .rel.iplt      0x00000000        0x0 c:/program files (x86)/cypress/psoc creator/4.0/psoc creator/import/gnu/arm/4.9.3/bin/../lib/gcc/arm-none-eabi/4.9.3/armv7-m/crtbegin.o

.stab
 *(.stab)

.stabstr
 *(.stabstr)

.debug
 *(.debug)

.line
 *(.line)

.debug_srcinfo
 *(.debug_srcinfo)

.debug_sfnames
 *(.debug_sfnames)

.debug_aranges  0x00000000      0xa88
 *(.debug_aranges)
 .debug_aranges
                0x00000000       0x20 .\ARM_GCC_493\Debug\main.o
 .debug_aranges
                0x00000020       0x18 .\ARM_GCC_493\Debug\cymetadata.o
 .debug_aranges
                0x00000038       0x48 .\ARM_GCC_493\Debug\Cm3Start.o
 .debug_aranges
                0x00000080       0x60 .\ARM_GCC_493\Debug\USBFS_UART01.a(cyfitter_cfg.o)
 .debug_aranges
                0x000000e0       0xc8 .\ARM_GCC_493\Debug\USBFS_UART01.a(USBUART.o)
 .debug_aranges
                0x000001a8       0xe8 .\ARM_GCC_493\Debug\USBFS_UART01.a(USBUART_cdc.o)
 .debug_aranges
                0x00000290       0x98 .\ARM_GCC_493\Debug\USBFS_UART01.a(USBUART_drv.o)
 .debug_aranges
                0x00000328       0x40 .\ARM_GCC_493\Debug\USBFS_UART01.a(USBUART_episr.o)
 .debug_aranges
                0x00000368       0x48 .\ARM_GCC_493\Debug\USBFS_UART01.a(USBUART_hid.o)
 .debug_aranges
                0x000003b0       0x40 .\ARM_GCC_493\Debug\USBFS_UART01.a(USBUART_pm.o)
 .debug_aranges
                0x000003f0       0x80 .\ARM_GCC_493\Debug\USBFS_UART01.a(USBUART_std.o)
 .debug_aranges
                0x00000470       0x20 .\ARM_GCC_493\Debug\USBFS_UART01.a(USBUART_vnd.o)
 .debug_aranges
                0x00000490       0x98 .\ARM_GCC_493\Debug\USBFS_UART01.a(LCD.o)
 .debug_aranges
                0x00000528       0x48 .\ARM_GCC_493\Debug\USBFS_UART01.a(USBUART_Dp.o)
 .debug_aranges
                0x00000570      0x2a8 .\ARM_GCC_493\Debug\USBFS_UART01.a(CyLib.o)
 .debug_aranges
                0x00000818       0x98 .\ARM_GCC_493\Debug\USBFS_UART01.a(cyPm.o)
 .debug_aranges
                0x000008b0       0x20 .\ARM_GCC_493\Debug\USBFS_UART01.a(CyBootAsmGnu.o)
 .debug_aranges
                0x000008d0       0x80 .\ARM_GCC_493\Debug\USBFS_UART01.a(CyScBoostClk.o)
 .debug_aranges
                0x00000950       0x20 .\ARM_GCC_493\Debug\USBFS_UART01.a(USBUART_cls.o)
 .debug_aranges
                0x00000970       0x18 .\ARM_GCC_493\Debug\USBFS_UART01.a(USBUART_descr.o)
 .debug_aranges
                0x00000988       0x88 .\ARM_GCC_493\Debug\USBFS_UART01.a(CyFlash.o)
 .debug_aranges
                0x00000a10       0x78 .\ARM_GCC_493\Debug\USBFS_UART01.a(CySpc.o)

.debug_pubnames
 *(.debug_pubnames)

.debug_info     0x00000000     0x5aea
 *(.debug_info .gnu.linkonce.wi.*)
 .debug_info    0x00000000      0x18f .\ARM_GCC_493\Debug\main.o
 .debug_info    0x0000018f      0x13a .\ARM_GCC_493\Debug\cymetadata.o
 .debug_info    0x000002c9      0x319 .\ARM_GCC_493\Debug\Cm3Start.o
 .debug_info    0x000005e2      0x470 .\ARM_GCC_493\Debug\USBFS_UART01.a(cyfitter_cfg.o)
 .debug_info    0x00000a52      0x73b .\ARM_GCC_493\Debug\USBFS_UART01.a(USBUART.o)
 .debug_info    0x0000118d      0x903 .\ARM_GCC_493\Debug\USBFS_UART01.a(USBUART_cdc.o)
 .debug_info    0x00001a90      0x521 .\ARM_GCC_493\Debug\USBFS_UART01.a(USBUART_drv.o)
 .debug_info    0x00001fb1      0x22f .\ARM_GCC_493\Debug\USBFS_UART01.a(USBUART_episr.o)
 .debug_info    0x000021e0      0x374 .\ARM_GCC_493\Debug\USBFS_UART01.a(USBUART_hid.o)
 .debug_info    0x00002554      0x186 .\ARM_GCC_493\Debug\USBFS_UART01.a(USBUART_pm.o)
 .debug_info    0x000026da      0x950 .\ARM_GCC_493\Debug\USBFS_UART01.a(USBUART_std.o)
 .debug_info    0x0000302a      0x19d .\ARM_GCC_493\Debug\USBFS_UART01.a(USBUART_vnd.o)
 .debug_info    0x000031c7      0x3c8 .\ARM_GCC_493\Debug\USBFS_UART01.a(LCD.o)
 .debug_info    0x0000358f      0x171 .\ARM_GCC_493\Debug\USBFS_UART01.a(USBUART_Dp.o)
 .debug_info    0x00003700      0xe81 .\ARM_GCC_493\Debug\USBFS_UART01.a(CyLib.o)
 .debug_info    0x00004581      0x561 .\ARM_GCC_493\Debug\USBFS_UART01.a(cyPm.o)
 .debug_info    0x00004ae2       0xaa .\ARM_GCC_493\Debug\USBFS_UART01.a(CyBootAsmGnu.o)
 .debug_info    0x00004b8c      0x299 .\ARM_GCC_493\Debug\USBFS_UART01.a(CyScBoostClk.o)
 .debug_info    0x00004e25      0x1bc .\ARM_GCC_493\Debug\USBFS_UART01.a(USBUART_cls.o)
 .debug_info    0x00004fe1      0x2f5 .\ARM_GCC_493\Debug\USBFS_UART01.a(USBUART_descr.o)
 .debug_info    0x000052d6      0x3c1 .\ARM_GCC_493\Debug\USBFS_UART01.a(CyFlash.o)
 .debug_info    0x00005697      0x453 .\ARM_GCC_493\Debug\USBFS_UART01.a(CySpc.o)

.debug_abbrev   0x00000000     0x1a17
 *(.debug_abbrev)
 .debug_abbrev  0x00000000       0xb1 .\ARM_GCC_493\Debug\main.o
 .debug_abbrev  0x000000b1       0x5d .\ARM_GCC_493\Debug\cymetadata.o
 .debug_abbrev  0x0000010e      0x1b6 .\ARM_GCC_493\Debug\Cm3Start.o
 .debug_abbrev  0x000002c4      0x19f .\ARM_GCC_493\Debug\USBFS_UART01.a(cyfitter_cfg.o)
 .debug_abbrev  0x00000463      0x1f3 .\ARM_GCC_493\Debug\USBFS_UART01.a(USBUART.o)
 .debug_abbrev  0x00000656      0x233 .\ARM_GCC_493\Debug\USBFS_UART01.a(USBUART_cdc.o)
 .debug_abbrev  0x00000889      0x161 .\ARM_GCC_493\Debug\USBFS_UART01.a(USBUART_drv.o)
 .debug_abbrev  0x000009ea       0xfd .\ARM_GCC_493\Debug\USBFS_UART01.a(USBUART_episr.o)
 .debug_abbrev  0x00000ae7      0x15e .\ARM_GCC_493\Debug\USBFS_UART01.a(USBUART_hid.o)
 .debug_abbrev  0x00000c45       0xd1 .\ARM_GCC_493\Debug\USBFS_UART01.a(USBUART_pm.o)
 .debug_abbrev  0x00000d16      0x1c2 .\ARM_GCC_493\Debug\USBFS_UART01.a(USBUART_std.o)
 .debug_abbrev  0x00000ed8       0xc5 .\ARM_GCC_493\Debug\USBFS_UART01.a(USBUART_vnd.o)
 .debug_abbrev  0x00000f9d      0x120 .\ARM_GCC_493\Debug\USBFS_UART01.a(LCD.o)
 .debug_abbrev  0x000010bd       0x90 .\ARM_GCC_493\Debug\USBFS_UART01.a(USBUART_Dp.o)
 .debug_abbrev  0x0000114d      0x217 .\ARM_GCC_493\Debug\USBFS_UART01.a(CyLib.o)
 .debug_abbrev  0x00001364      0x161 .\ARM_GCC_493\Debug\USBFS_UART01.a(cyPm.o)
 .debug_abbrev  0x000014c5       0x14 .\ARM_GCC_493\Debug\USBFS_UART01.a(CyBootAsmGnu.o)
 .debug_abbrev  0x000014d9      0x11d .\ARM_GCC_493\Debug\USBFS_UART01.a(CyScBoostClk.o)
 .debug_abbrev  0x000015f6       0xc5 .\ARM_GCC_493\Debug\USBFS_UART01.a(USBUART_cls.o)
 .debug_abbrev  0x000016bb       0xb4 .\ARM_GCC_493\Debug\USBFS_UART01.a(USBUART_descr.o)
 .debug_abbrev  0x0000176f      0x13c .\ARM_GCC_493\Debug\USBFS_UART01.a(CyFlash.o)
 .debug_abbrev  0x000018ab      0x16c .\ARM_GCC_493\Debug\USBFS_UART01.a(CySpc.o)

.debug_line     0x00000000     0x2cc8
 *(.debug_line)
 .debug_line    0x00000000      0x1cb .\ARM_GCC_493\Debug\main.o
 .debug_line    0x000001cb       0x51 .\ARM_GCC_493\Debug\cymetadata.o
 .debug_line    0x0000021c      0x1dc .\ARM_GCC_493\Debug\Cm3Start.o
 .debug_line    0x000003f8      0x1ef .\ARM_GCC_493\Debug\USBFS_UART01.a(cyfitter_cfg.o)
 .debug_line    0x000005e7      0x326 .\ARM_GCC_493\Debug\USBFS_UART01.a(USBUART.o)
 .debug_line    0x0000090d      0x30c .\ARM_GCC_493\Debug\USBFS_UART01.a(USBUART_cdc.o)
 .debug_line    0x00000c19      0x21a .\ARM_GCC_493\Debug\USBFS_UART01.a(USBUART_drv.o)
 .debug_line    0x00000e33       0xf2 .\ARM_GCC_493\Debug\USBFS_UART01.a(USBUART_episr.o)
 .debug_line    0x00000f25      0x17e .\ARM_GCC_493\Debug\USBFS_UART01.a(USBUART_hid.o)
 .debug_line    0x000010a3       0xe6 .\ARM_GCC_493\Debug\USBFS_UART01.a(USBUART_pm.o)
 .debug_line    0x00001189      0x456 .\ARM_GCC_493\Debug\USBFS_UART01.a(USBUART_std.o)
 .debug_line    0x000015df       0x8f .\ARM_GCC_493\Debug\USBFS_UART01.a(USBUART_vnd.o)
 .debug_line    0x0000166e      0x1e1 .\ARM_GCC_493\Debug\USBFS_UART01.a(LCD.o)
 .debug_line    0x0000184f       0xbe .\ARM_GCC_493\Debug\USBFS_UART01.a(USBUART_Dp.o)
 .debug_line    0x0000190d      0x8af .\ARM_GCC_493\Debug\USBFS_UART01.a(CyLib.o)
 .debug_line    0x000021bc      0x37f .\ARM_GCC_493\Debug\USBFS_UART01.a(cyPm.o)
 .debug_line    0x0000253b       0x7d .\ARM_GCC_493\Debug\USBFS_UART01.a(CyBootAsmGnu.o)
 .debug_line    0x000025b8      0x1cb .\ARM_GCC_493\Debug\USBFS_UART01.a(CyScBoostClk.o)
 .debug_line    0x00002783       0x97 .\ARM_GCC_493\Debug\USBFS_UART01.a(USBUART_cls.o)
 .debug_line    0x0000281a       0x61 .\ARM_GCC_493\Debug\USBFS_UART01.a(USBUART_descr.o)
 .debug_line    0x0000287b      0x218 .\ARM_GCC_493\Debug\USBFS_UART01.a(CyFlash.o)
 .debug_line    0x00002a93      0x235 .\ARM_GCC_493\Debug\USBFS_UART01.a(CySpc.o)

.debug_frame    0x00000000     0x3120
 *(.debug_frame)
 .debug_frame   0x00000000       0x3c .\ARM_GCC_493\Debug\main.o
 .debug_frame   0x0000003c       0xd8 .\ARM_GCC_493\Debug\Cm3Start.o
 .debug_frame   0x00000114      0x16c .\ARM_GCC_493\Debug\USBFS_UART01.a(cyfitter_cfg.o)
 .debug_frame   0x00000280      0x380 .\ARM_GCC_493\Debug\USBFS_UART01.a(USBUART.o)
 .debug_frame   0x00000600      0x3ec .\ARM_GCC_493\Debug\USBFS_UART01.a(USBUART_cdc.o)
 .debug_frame   0x000009ec      0x23c .\ARM_GCC_493\Debug\USBFS_UART01.a(USBUART_drv.o)
 .debug_frame   0x00000c28       0xbc .\ARM_GCC_493\Debug\USBFS_UART01.a(USBUART_episr.o)
 .debug_frame   0x00000ce4      0x100 .\ARM_GCC_493\Debug\USBFS_UART01.a(USBUART_hid.o)
 .debug_frame   0x00000de4       0xbc .\ARM_GCC_493\Debug\USBFS_UART01.a(USBUART_pm.o)
 .debug_frame   0x00000ea0      0x224 .\ARM_GCC_493\Debug\USBFS_UART01.a(USBUART_std.o)
 .debug_frame   0x000010c4       0x38 .\ARM_GCC_493\Debug\USBFS_UART01.a(USBUART_vnd.o)
 .debug_frame   0x000010fc      0x260 .\ARM_GCC_493\Debug\USBFS_UART01.a(LCD.o)
 .debug_frame   0x0000135c       0xf4 .\ARM_GCC_493\Debug\USBFS_UART01.a(USBUART_Dp.o)
 .debug_frame   0x00001450      0xc34 .\ARM_GCC_493\Debug\USBFS_UART01.a(CyLib.o)
 .debug_frame   0x00002084      0x234 .\ARM_GCC_493\Debug\USBFS_UART01.a(cyPm.o)
 .debug_frame   0x000022b8      0x200 .\ARM_GCC_493\Debug\USBFS_UART01.a(CyScBoostClk.o)
 .debug_frame   0x000024b8       0x38 .\ARM_GCC_493\Debug\USBFS_UART01.a(USBUART_cls.o)
 .debug_frame   0x000024f0      0x238 .\ARM_GCC_493\Debug\USBFS_UART01.a(CyFlash.o)
 .debug_frame   0x00002728      0x1f8 .\ARM_GCC_493\Debug\USBFS_UART01.a(CySpc.o)
 .debug_frame   0x00002920       0x20 c:/program files (x86)/cypress/psoc creator/4.0/psoc creator/import/gnu/arm/4.9.3/bin/../lib/gcc/arm-none-eabi/4.9.3/../../../../arm-none-eabi/lib/armv7-m\libg_nano.a(lib_a-errno.o)
 .debug_frame   0x00002940       0x28 c:/program files (x86)/cypress/psoc creator/4.0/psoc creator/import/gnu/arm/4.9.3/bin/../lib/gcc/arm-none-eabi/4.9.3/../../../../arm-none-eabi/lib/armv7-m\libg_nano.a(lib_a-exit.o)
 .debug_frame   0x00002968       0x2c c:/program files (x86)/cypress/psoc creator/4.0/psoc creator/import/gnu/arm/4.9.3/bin/../lib/gcc/arm-none-eabi/4.9.3/../../../../arm-none-eabi/lib/armv7-m\libg_nano.a(lib_a-init.o)
 .debug_frame   0x00002994       0x28 c:/program files (x86)/cypress/psoc creator/4.0/psoc creator/import/gnu/arm/4.9.3/bin/../lib/gcc/arm-none-eabi/4.9.3/../../../../arm-none-eabi/lib/armv7-m\libg_nano.a(lib_a-memcpy.o)
 .debug_frame   0x000029bc       0x20 c:/program files (x86)/cypress/psoc creator/4.0/psoc creator/import/gnu/arm/4.9.3/bin/../lib/gcc/arm-none-eabi/4.9.3/../../../../arm-none-eabi/lib/armv7-m\libg_nano.a(lib_a-memset.o)
 .debug_frame   0x000029dc       0x8c c:/program files (x86)/cypress/psoc creator/4.0/psoc creator/import/gnu/arm/4.9.3/bin/../lib/gcc/arm-none-eabi/4.9.3/../../../../arm-none-eabi/lib/armv7-m\libg_nano.a(lib_a-nano-vfprintf_float.o)
 .debug_frame   0x00002a68       0x58 c:/program files (x86)/cypress/psoc creator/4.0/psoc creator/import/gnu/arm/4.9.3/bin/../lib/gcc/arm-none-eabi/4.9.3/../../../../arm-none-eabi/lib/armv7-m\libg_nano.a(lib_a-nano-vfprintf_i.o)
 .debug_frame   0x00002ac0       0x28 c:/program files (x86)/cypress/psoc creator/4.0/psoc creator/import/gnu/arm/4.9.3/bin/../lib/gcc/arm-none-eabi/4.9.3/../../../../arm-none-eabi/lib/armv7-m\libg_nano.a(lib_a-s_fpclassify.o)
 .debug_frame   0x00002ae8       0x70 c:/program files (x86)/cypress/psoc creator/4.0/psoc creator/import/gnu/arm/4.9.3/bin/../lib/gcc/arm-none-eabi/4.9.3/../../../../arm-none-eabi/lib/armv7-m\libg_nano.a(lib_a-sprintf.o)
 .debug_frame   0x00002b58       0x20 c:/program files (x86)/cypress/psoc creator/4.0/psoc creator/import/gnu/arm/4.9.3/bin/../lib/gcc/arm-none-eabi/4.9.3/../../../../arm-none-eabi/lib/armv7-m\libg_nano.a(lib_a-strlen.o)
 .debug_frame   0x00002b78       0x6c c:/program files (x86)/cypress/psoc creator/4.0/psoc creator/import/gnu/arm/4.9.3/bin/../lib/gcc/arm-none-eabi/4.9.3/../../../../arm-none-eabi/lib/armv7-m\libg_nano.a(lib_a-dtoa.o)
 .debug_frame   0x00002be4       0x98 c:/program files (x86)/cypress/psoc creator/4.0/psoc creator/import/gnu/arm/4.9.3/bin/../lib/gcc/arm-none-eabi/4.9.3/../../../../arm-none-eabi/lib/armv7-m\libg_nano.a(lib_a-locale.o)
 .debug_frame   0x00002c7c       0x30 c:/program files (x86)/cypress/psoc creator/4.0/psoc creator/import/gnu/arm/4.9.3/bin/../lib/gcc/arm-none-eabi/4.9.3/../../../../arm-none-eabi/lib/armv7-m\libg_nano.a(lib_a-malloc.o)
 .debug_frame   0x00002cac       0x28 c:/program files (x86)/cypress/psoc creator/4.0/psoc creator/import/gnu/arm/4.9.3/bin/../lib/gcc/arm-none-eabi/4.9.3/../../../../arm-none-eabi/lib/armv7-m\libg_nano.a(lib_a-memchr.o)
 .debug_frame   0x00002cd4      0x230 c:/program files (x86)/cypress/psoc creator/4.0/psoc creator/import/gnu/arm/4.9.3/bin/../lib/gcc/arm-none-eabi/4.9.3/../../../../arm-none-eabi/lib/armv7-m\libg_nano.a(lib_a-mprec.o)
 .debug_frame   0x00002f04       0x2c c:/program files (x86)/cypress/psoc creator/4.0/psoc creator/import/gnu/arm/4.9.3/bin/../lib/gcc/arm-none-eabi/4.9.3/../../../../arm-none-eabi/lib/armv7-m\libg_nano.a(lib_a-nano-callocr.o)
 .debug_frame   0x00002f30       0x2c c:/program files (x86)/cypress/psoc creator/4.0/psoc creator/import/gnu/arm/4.9.3/bin/../lib/gcc/arm-none-eabi/4.9.3/../../../../arm-none-eabi/lib/armv7-m\libg_nano.a(lib_a-nano-freer.o)
 .debug_frame   0x00002f5c       0x2c c:/program files (x86)/cypress/psoc creator/4.0/psoc creator/import/gnu/arm/4.9.3/bin/../lib/gcc/arm-none-eabi/4.9.3/../../../../arm-none-eabi/lib/armv7-m\libg_nano.a(lib_a-nano-mallocr.o)
 .debug_frame   0x00002f88       0x8c c:/program files (x86)/cypress/psoc creator/4.0/psoc creator/import/gnu/arm/4.9.3/bin/../lib/gcc/arm-none-eabi/4.9.3/../../../../arm-none-eabi/lib/armv7-m\libg_nano.a(lib_a-nano-svfprintf.o)
 .debug_frame   0x00003014       0x2c c:/program files (x86)/cypress/psoc creator/4.0/psoc creator/import/gnu/arm/4.9.3/bin/../lib/gcc/arm-none-eabi/4.9.3/../../../../arm-none-eabi/lib/armv7-m\libg_nano.a(lib_a-sbrkr.o)
 .debug_frame   0x00003040       0x28 c:/program files (x86)/cypress/psoc creator/4.0/psoc creator/import/gnu/arm/4.9.3/bin/../lib/gcc/arm-none-eabi/4.9.3/../../../../arm-none-eabi/lib/armv7-m\libg_nano.a(lib_a-memmove.o)
 .debug_frame   0x00003068       0x3c c:/program files (x86)/cypress/psoc creator/4.0/psoc creator/import/gnu/arm/4.9.3/bin/../lib/gcc/arm-none-eabi/4.9.3/../../../../arm-none-eabi/lib/armv7-m\libg_nano.a(lib_a-nano-reallocr.o)
 .debug_frame   0x000030a4       0x5c c:/program files (x86)/cypress/psoc creator/4.0/psoc creator/import/gnu/arm/4.9.3/bin/../lib/gcc/arm-none-eabi/4.9.3/../../../../arm-none-eabi/lib/armv7-m\libg_nano.a(lib_a-reent.o)
 .debug_frame   0x00003100       0x20 c:/program files (x86)/cypress/psoc creator/4.0/psoc creator/import/gnu/arm/4.9.3/bin/../lib/gcc/arm-none-eabi/4.9.3/../../../../arm-none-eabi/lib/armv7-m\libg_nano.a(lib_a-nano-msizer.o)

.debug_str      0x00000000     0x294b
 *(.debug_str)
 .debug_str     0x00000000      0x1ad .\ARM_GCC_493\Debug\main.o
                                0x1ee (size before relaxing)
 .debug_str     0x000001ad       0x75 .\ARM_GCC_493\Debug\cymetadata.o
                                0x204 (size before relaxing)
 .debug_str     0x00000222      0x136 .\ARM_GCC_493\Debug\Cm3Start.o
                                0x2e5 (size before relaxing)
 .debug_str     0x00000358      0x1b6 .\ARM_GCC_493\Debug\USBFS_UART01.a(cyfitter_cfg.o)
                                0x388 (size before relaxing)
 .debug_str     0x0000050e      0x448 .\ARM_GCC_493\Debug\USBFS_UART01.a(USBUART.o)
                                0x60d (size before relaxing)
 .debug_str     0x00000956      0x4d3 .\ARM_GCC_493\Debug\USBFS_UART01.a(USBUART_cdc.o)
                                0x728 (size before relaxing)
 .debug_str     0x00000e29      0x296 .\ARM_GCC_493\Debug\USBFS_UART01.a(USBUART_drv.o)
                                0x608 (size before relaxing)
 .debug_str     0x000010bf       0x80 .\ARM_GCC_493\Debug\USBFS_UART01.a(USBUART_episr.o)
                                0x2d5 (size before relaxing)
 .debug_str     0x0000113f      0x120 .\ARM_GCC_493\Debug\USBFS_UART01.a(USBUART_hid.o)
                                0x3a3 (size before relaxing)
 .debug_str     0x0000125f       0xa0 .\ARM_GCC_493\Debug\USBFS_UART01.a(USBUART_pm.o)
                                0x279 (size before relaxing)
 .debug_str     0x000012ff      0x29a .\ARM_GCC_493\Debug\USBFS_UART01.a(USBUART_std.o)
                                0x768 (size before relaxing)
 .debug_str     0x00001599       0x5f .\ARM_GCC_493\Debug\USBFS_UART01.a(USBUART_vnd.o)
                                0x285 (size before relaxing)
 .debug_str     0x000015f8      0x16a .\ARM_GCC_493\Debug\USBFS_UART01.a(LCD.o)
                                0x327 (size before relaxing)
 .debug_str     0x00001762       0xbe .\ARM_GCC_493\Debug\USBFS_UART01.a(USBUART_Dp.o)
                                0x25b (size before relaxing)
 .debug_str     0x00001820      0x80d .\ARM_GCC_493\Debug\USBFS_UART01.a(CyLib.o)
                                0xa1c (size before relaxing)
 .debug_str     0x0000202d      0x365 .\ARM_GCC_493\Debug\USBFS_UART01.a(cyPm.o)
                                0x545 (size before relaxing)
 .debug_str     0x00002392      0x1e3 .\ARM_GCC_493\Debug\USBFS_UART01.a(CyScBoostClk.o)
                                0x389 (size before relaxing)
 .debug_str     0x00002575       0x3f .\ARM_GCC_493\Debug\USBFS_UART01.a(USBUART_cls.o)
                                0x29d (size before relaxing)
 .debug_str     0x000025b4      0x122 .\ARM_GCC_493\Debug\USBFS_UART01.a(USBUART_descr.o)
                                0x3be (size before relaxing)
 .debug_str     0x000026d6      0x156 .\ARM_GCC_493\Debug\USBFS_UART01.a(CyFlash.o)
                                0x31c (size before relaxing)
 .debug_str     0x0000282c      0x11f .\ARM_GCC_493\Debug\USBFS_UART01.a(CySpc.o)
                                0x301 (size before relaxing)

.debug_loc
 *(.debug_loc)

.debug_macinfo
 *(.debug_macinfo)

.debug_ranges   0x00000000      0x908
 *(.debug_ranges)
 .debug_ranges  0x00000000       0x10 .\ARM_GCC_493\Debug\main.o
 .debug_ranges  0x00000010       0x38 .\ARM_GCC_493\Debug\Cm3Start.o
 .debug_ranges  0x00000048       0x50 .\ARM_GCC_493\Debug\USBFS_UART01.a(cyfitter_cfg.o)
 .debug_ranges  0x00000098       0xb8 .\ARM_GCC_493\Debug\USBFS_UART01.a(USBUART.o)
 .debug_ranges  0x00000150       0xd8 .\ARM_GCC_493\Debug\USBFS_UART01.a(USBUART_cdc.o)
 .debug_ranges  0x00000228       0x88 .\ARM_GCC_493\Debug\USBFS_UART01.a(USBUART_drv.o)
 .debug_ranges  0x000002b0       0x30 .\ARM_GCC_493\Debug\USBFS_UART01.a(USBUART_episr.o)
 .debug_ranges  0x000002e0       0x38 .\ARM_GCC_493\Debug\USBFS_UART01.a(USBUART_hid.o)
 .debug_ranges  0x00000318       0x30 .\ARM_GCC_493\Debug\USBFS_UART01.a(USBUART_pm.o)
 .debug_ranges  0x00000348       0x70 .\ARM_GCC_493\Debug\USBFS_UART01.a(USBUART_std.o)
 .debug_ranges  0x000003b8       0x10 .\ARM_GCC_493\Debug\USBFS_UART01.a(USBUART_vnd.o)
 .debug_ranges  0x000003c8       0x88 .\ARM_GCC_493\Debug\USBFS_UART01.a(LCD.o)
 .debug_ranges  0x00000450       0x38 .\ARM_GCC_493\Debug\USBFS_UART01.a(USBUART_Dp.o)
 .debug_ranges  0x00000488      0x298 .\ARM_GCC_493\Debug\USBFS_UART01.a(CyLib.o)
 .debug_ranges  0x00000720       0x88 .\ARM_GCC_493\Debug\USBFS_UART01.a(cyPm.o)
 .debug_ranges  0x000007a8       0x70 .\ARM_GCC_493\Debug\USBFS_UART01.a(CyScBoostClk.o)
 .debug_ranges  0x00000818       0x10 .\ARM_GCC_493\Debug\USBFS_UART01.a(USBUART_cls.o)
 .debug_ranges  0x00000828       0x78 .\ARM_GCC_493\Debug\USBFS_UART01.a(CyFlash.o)
 .debug_ranges  0x000008a0       0x68 .\ARM_GCC_493\Debug\USBFS_UART01.a(CySpc.o)

.comment        0x00000000       0x70
 .comment       0x00000000       0x70 .\ARM_GCC_493\Debug\main.o
                                 0x71 (size before relaxing)
 .comment       0x00000000       0x71 .\ARM_GCC_493\Debug\cymetadata.o
 .comment       0x00000000       0x71 .\ARM_GCC_493\Debug\Cm3Start.o
 .comment       0x00000000       0x71 .\ARM_GCC_493\Debug\USBFS_UART01.a(cyfitter_cfg.o)
 .comment       0x00000000       0x71 .\ARM_GCC_493\Debug\USBFS_UART01.a(USBUART.o)
 .comment       0x00000000       0x71 .\ARM_GCC_493\Debug\USBFS_UART01.a(USBUART_cdc.o)
 .comment       0x00000000       0x71 .\ARM_GCC_493\Debug\USBFS_UART01.a(USBUART_drv.o)
 .comment       0x00000000       0x71 .\ARM_GCC_493\Debug\USBFS_UART01.a(USBUART_episr.o)
 .comment       0x00000000       0x71 .\ARM_GCC_493\Debug\USBFS_UART01.a(USBUART_hid.o)
 .comment       0x00000000       0x71 .\ARM_GCC_493\Debug\USBFS_UART01.a(USBUART_pm.o)
 .comment       0x00000000       0x71 .\ARM_GCC_493\Debug\USBFS_UART01.a(USBUART_std.o)
 .comment       0x00000000       0x71 .\ARM_GCC_493\Debug\USBFS_UART01.a(USBUART_vnd.o)
 .comment       0x00000000       0x71 .\ARM_GCC_493\Debug\USBFS_UART01.a(LCD.o)
 .comment       0x00000000       0x71 .\ARM_GCC_493\Debug\USBFS_UART01.a(USBUART_Dp.o)
 .comment       0x00000000       0x71 .\ARM_GCC_493\Debug\USBFS_UART01.a(CyLib.o)
 .comment       0x00000000       0x71 .\ARM_GCC_493\Debug\USBFS_UART01.a(cyPm.o)
 .comment       0x00000000       0x71 .\ARM_GCC_493\Debug\USBFS_UART01.a(CyScBoostClk.o)
 .comment       0x00000000       0x71 .\ARM_GCC_493\Debug\USBFS_UART01.a(USBUART_cls.o)
 .comment       0x00000000       0x71 .\ARM_GCC_493\Debug\USBFS_UART01.a(USBUART_descr.o)
 .comment       0x00000000       0x71 .\ARM_GCC_493\Debug\USBFS_UART01.a(CyFlash.o)
 .comment       0x00000000       0x71 .\ARM_GCC_493\Debug\USBFS_UART01.a(CySpc.o)

.debug_weaknames
 *(.debug_weaknames)

.debug_funcnames
 *(.debug_funcnames)

.debug_typenames
 *(.debug_typenames)

.debug_varnames
 *(.debug_varnames)

.note.gnu.arm.ident
 *(.note.gnu.arm.ident)

.ARM.attributes
                0x00000000       0x29
 *(.ARM.attributes)
 .ARM.attributes
                0x00000000       0x1d c:/program files (x86)/cypress/psoc creator/4.0/psoc creator/import/gnu/arm/4.9.3/bin/../lib/gcc/arm-none-eabi/4.9.3/armv7-m/crti.o
 .ARM.attributes
                0x0000001d       0x2d c:/program files (x86)/cypress/psoc creator/4.0/psoc creator/import/gnu/arm/4.9.3/bin/../lib/gcc/arm-none-eabi/4.9.3/armv7-m/crtbegin.o
 .ARM.attributes
                0x0000004a       0x1b c:/program files (x86)/cypress/psoc creator/4.0/psoc creator/import/gnu/arm/4.9.3/bin/../lib/gcc/arm-none-eabi/4.9.3/../../../../arm-none-eabi/lib/armv7-m/crt0.o
 .ARM.attributes
                0x00000065       0x33 .\ARM_GCC_493\Debug\main.o
 .ARM.attributes
                0x00000098       0x33 .\ARM_GCC_493\Debug\cymetadata.o
 .ARM.attributes
                0x000000cb       0x33 .\ARM_GCC_493\Debug\Cm3Start.o
 .ARM.attributes
                0x000000fe       0x33 .\ARM_GCC_493\Debug\USBFS_UART01.a(cyfitter_cfg.o)
 .ARM.attributes
                0x00000131       0x33 .\ARM_GCC_493\Debug\USBFS_UART01.a(USBUART.o)
 .ARM.attributes
                0x00000164       0x33 .\ARM_GCC_493\Debug\USBFS_UART01.a(USBUART_cdc.o)
 .ARM.attributes
                0x00000197       0x33 .\ARM_GCC_493\Debug\USBFS_UART01.a(USBUART_drv.o)
 .ARM.attributes
                0x000001ca       0x33 .\ARM_GCC_493\Debug\USBFS_UART01.a(USBUART_episr.o)
 .ARM.attributes
                0x000001fd       0x33 .\ARM_GCC_493\Debug\USBFS_UART01.a(USBUART_hid.o)
 .ARM.attributes
                0x00000230       0x33 .\ARM_GCC_493\Debug\USBFS_UART01.a(USBUART_pm.o)
 .ARM.attributes
                0x00000263       0x33 .\ARM_GCC_493\Debug\USBFS_UART01.a(USBUART_std.o)
 .ARM.attributes
                0x00000296       0x33 .\ARM_GCC_493\Debug\USBFS_UART01.a(USBUART_vnd.o)
 .ARM.attributes
                0x000002c9       0x33 .\ARM_GCC_493\Debug\USBFS_UART01.a(LCD.o)
 .ARM.attributes
                0x000002fc       0x33 .\ARM_GCC_493\Debug\USBFS_UART01.a(USBUART_Dp.o)
 .ARM.attributes
                0x0000032f       0x33 .\ARM_GCC_493\Debug\USBFS_UART01.a(CyLib.o)
 .ARM.attributes
                0x00000362       0x33 .\ARM_GCC_493\Debug\USBFS_UART01.a(cyPm.o)
 .ARM.attributes
                0x00000395       0x21 .\ARM_GCC_493\Debug\USBFS_UART01.a(CyBootAsmGnu.o)
 .ARM.attributes
                0x000003b6       0x33 .\ARM_GCC_493\Debug\USBFS_UART01.a(CyScBoostClk.o)
 .ARM.attributes
                0x000003e9       0x33 .\ARM_GCC_493\Debug\USBFS_UART01.a(USBUART_cls.o)
 .ARM.attributes
                0x0000041c       0x33 .\ARM_GCC_493\Debug\USBFS_UART01.a(USBUART_descr.o)
 .ARM.attributes
                0x0000044f       0x33 .\ARM_GCC_493\Debug\USBFS_UART01.a(CyFlash.o)
 .ARM.attributes
                0x00000482       0x33 .\ARM_GCC_493\Debug\USBFS_UART01.a(CySpc.o)
 .ARM.attributes
                0x000004b5       0x2d c:/program files (x86)/cypress/psoc creator/4.0/psoc creator/import/gnu/arm/4.9.3/bin/../lib/gcc/arm-none-eabi/4.9.3/../../../../arm-none-eabi/lib/armv7-m\libg_nano.a(lib_a-errno.o)
 .ARM.attributes
                0x000004e2       0x2d c:/program files (x86)/cypress/psoc creator/4.0/psoc creator/import/gnu/arm/4.9.3/bin/../lib/gcc/arm-none-eabi/4.9.3/../../../../arm-none-eabi/lib/armv7-m\libg_nano.a(lib_a-exit.o)
 .ARM.attributes
                0x0000050f       0x2d c:/program files (x86)/cypress/psoc creator/4.0/psoc creator/import/gnu/arm/4.9.3/bin/../lib/gcc/arm-none-eabi/4.9.3/../../../../arm-none-eabi/lib/armv7-m\libg_nano.a(lib_a-impure.o)
 .ARM.attributes
                0x0000053c       0x2d c:/program files (x86)/cypress/psoc creator/4.0/psoc creator/import/gnu/arm/4.9.3/bin/../lib/gcc/arm-none-eabi/4.9.3/../../../../arm-none-eabi/lib/armv7-m\libg_nano.a(lib_a-init.o)
 .ARM.attributes
                0x00000569       0x2d c:/program files (x86)/cypress/psoc creator/4.0/psoc creator/import/gnu/arm/4.9.3/bin/../lib/gcc/arm-none-eabi/4.9.3/../../../../arm-none-eabi/lib/armv7-m\libg_nano.a(lib_a-memcpy.o)
 .ARM.attributes
                0x00000596       0x2d c:/program files (x86)/cypress/psoc creator/4.0/psoc creator/import/gnu/arm/4.9.3/bin/../lib/gcc/arm-none-eabi/4.9.3/../../../../arm-none-eabi/lib/armv7-m\libg_nano.a(lib_a-memset.o)
 .ARM.attributes
                0x000005c3       0x2d c:/program files (x86)/cypress/psoc creator/4.0/psoc creator/import/gnu/arm/4.9.3/bin/../lib/gcc/arm-none-eabi/4.9.3/../../../../arm-none-eabi/lib/armv7-m\libg_nano.a(lib_a-nano-vfprintf_float.o)
 .ARM.attributes
                0x000005f0       0x2d c:/program files (x86)/cypress/psoc creator/4.0/psoc creator/import/gnu/arm/4.9.3/bin/../lib/gcc/arm-none-eabi/4.9.3/../../../../arm-none-eabi/lib/armv7-m\libg_nano.a(lib_a-nano-vfprintf_i.o)
 .ARM.attributes
                0x0000061d       0x2d c:/program files (x86)/cypress/psoc creator/4.0/psoc creator/import/gnu/arm/4.9.3/bin/../lib/gcc/arm-none-eabi/4.9.3/../../../../arm-none-eabi/lib/armv7-m\libg_nano.a(lib_a-s_fpclassify.o)
 .ARM.attributes
                0x0000064a       0x2d c:/program files (x86)/cypress/psoc creator/4.0/psoc creator/import/gnu/arm/4.9.3/bin/../lib/gcc/arm-none-eabi/4.9.3/../../../../arm-none-eabi/lib/armv7-m\libg_nano.a(lib_a-sprintf.o)
 .ARM.attributes
                0x00000677       0x2d c:/program files (x86)/cypress/psoc creator/4.0/psoc creator/import/gnu/arm/4.9.3/bin/../lib/gcc/arm-none-eabi/4.9.3/../../../../arm-none-eabi/lib/armv7-m\libg_nano.a(lib_a-strlen.o)
 .ARM.attributes
                0x000006a4       0x2d c:/program files (x86)/cypress/psoc creator/4.0/psoc creator/import/gnu/arm/4.9.3/bin/../lib/gcc/arm-none-eabi/4.9.3/../../../../arm-none-eabi/lib/armv7-m\libg_nano.a(lib_a-dtoa.o)
 .ARM.attributes
                0x000006d1       0x2d c:/program files (x86)/cypress/psoc creator/4.0/psoc creator/import/gnu/arm/4.9.3/bin/../lib/gcc/arm-none-eabi/4.9.3/../../../../arm-none-eabi/lib/armv7-m\libg_nano.a(lib_a-locale.o)
 .ARM.attributes
                0x000006fe       0x2d c:/program files (x86)/cypress/psoc creator/4.0/psoc creator/import/gnu/arm/4.9.3/bin/../lib/gcc/arm-none-eabi/4.9.3/../../../../arm-none-eabi/lib/armv7-m\libg_nano.a(lib_a-malloc.o)
 .ARM.attributes
                0x0000072b       0x2d c:/program files (x86)/cypress/psoc creator/4.0/psoc creator/import/gnu/arm/4.9.3/bin/../lib/gcc/arm-none-eabi/4.9.3/../../../../arm-none-eabi/lib/armv7-m\libg_nano.a(lib_a-memchr.o)
 .ARM.attributes
                0x00000758       0x2d c:/program files (x86)/cypress/psoc creator/4.0/psoc creator/import/gnu/arm/4.9.3/bin/../lib/gcc/arm-none-eabi/4.9.3/../../../../arm-none-eabi/lib/armv7-m\libg_nano.a(lib_a-mprec.o)
 .ARM.attributes
                0x00000785       0x2d c:/program files (x86)/cypress/psoc creator/4.0/psoc creator/import/gnu/arm/4.9.3/bin/../lib/gcc/arm-none-eabi/4.9.3/../../../../arm-none-eabi/lib/armv7-m\libg_nano.a(lib_a-nano-callocr.o)
 .ARM.attributes
                0x000007b2       0x2d c:/program files (x86)/cypress/psoc creator/4.0/psoc creator/import/gnu/arm/4.9.3/bin/../lib/gcc/arm-none-eabi/4.9.3/../../../../arm-none-eabi/lib/armv7-m\libg_nano.a(lib_a-nano-freer.o)
 .ARM.attributes
                0x000007df       0x2d c:/program files (x86)/cypress/psoc creator/4.0/psoc creator/import/gnu/arm/4.9.3/bin/../lib/gcc/arm-none-eabi/4.9.3/../../../../arm-none-eabi/lib/armv7-m\libg_nano.a(lib_a-nano-mallocr.o)
 .ARM.attributes
                0x0000080c       0x2d c:/program files (x86)/cypress/psoc creator/4.0/psoc creator/import/gnu/arm/4.9.3/bin/../lib/gcc/arm-none-eabi/4.9.3/../../../../arm-none-eabi/lib/armv7-m\libg_nano.a(lib_a-nano-svfprintf.o)
 .ARM.attributes
                0x00000839       0x2d c:/program files (x86)/cypress/psoc creator/4.0/psoc creator/import/gnu/arm/4.9.3/bin/../lib/gcc/arm-none-eabi/4.9.3/../../../../arm-none-eabi/lib/armv7-m\libg_nano.a(lib_a-sbrkr.o)
 .ARM.attributes
                0x00000866       0x1b c:/program files (x86)/cypress/psoc creator/4.0/psoc creator/import/gnu/arm/4.9.3/bin/../lib/gcc/arm-none-eabi/4.9.3/../../../../arm-none-eabi/lib/armv7-m\libg_nano.a(lib_a-strcmp.o)
 .ARM.attributes
                0x00000881       0x2d c:/program files (x86)/cypress/psoc creator/4.0/psoc creator/import/gnu/arm/4.9.3/bin/../lib/gcc/arm-none-eabi/4.9.3/../../../../arm-none-eabi/lib/armv7-m\libg_nano.a(lib_a-memmove.o)
 .ARM.attributes
                0x000008ae       0x2d c:/program files (x86)/cypress/psoc creator/4.0/psoc creator/import/gnu/arm/4.9.3/bin/../lib/gcc/arm-none-eabi/4.9.3/../../../../arm-none-eabi/lib/armv7-m\libg_nano.a(lib_a-nano-reallocr.o)
 .ARM.attributes
                0x000008db       0x2d c:/program files (x86)/cypress/psoc creator/4.0/psoc creator/import/gnu/arm/4.9.3/bin/../lib/gcc/arm-none-eabi/4.9.3/../../../../arm-none-eabi/lib/armv7-m\libg_nano.a(lib_a-reent.o)
 .ARM.attributes
                0x00000908       0x2d c:/program files (x86)/cypress/psoc creator/4.0/psoc creator/import/gnu/arm/4.9.3/bin/../lib/gcc/arm-none-eabi/4.9.3/../../../../arm-none-eabi/lib/armv7-m\libg_nano.a(lib_a-nano-msizer.o)
 .ARM.attributes
                0x00000935       0x1d c:/program files (x86)/cypress/psoc creator/4.0/psoc creator/import/gnu/arm/4.9.3/bin/../lib/gcc/arm-none-eabi/4.9.3/armv7-m\libgcc.a(_arm_addsubdf3.o)
 .ARM.attributes
                0x00000952       0x1d c:/program files (x86)/cypress/psoc creator/4.0/psoc creator/import/gnu/arm/4.9.3/bin/../lib/gcc/arm-none-eabi/4.9.3/armv7-m\libgcc.a(_arm_muldivdf3.o)
 .ARM.attributes
                0x0000096f       0x1d c:/program files (x86)/cypress/psoc creator/4.0/psoc creator/import/gnu/arm/4.9.3/bin/../lib/gcc/arm-none-eabi/4.9.3/armv7-m\libgcc.a(_arm_cmpdf2.o)
 .ARM.attributes
                0x0000098c       0x1d c:/program files (x86)/cypress/psoc creator/4.0/psoc creator/import/gnu/arm/4.9.3/bin/../lib/gcc/arm-none-eabi/4.9.3/armv7-m\libgcc.a(_arm_fixdfsi.o)
 .ARM.attributes
                0x000009a9       0x2d c:/program files (x86)/cypress/psoc creator/4.0/psoc creator/import/gnu/arm/4.9.3/bin/../lib/gcc/arm-none-eabi/4.9.3/armv7-m/crtend.o
 .ARM.attributes
                0x000009d6       0x1d c:/program files (x86)/cypress/psoc creator/4.0/psoc creator/import/gnu/arm/4.9.3/bin/../lib/gcc/arm-none-eabi/4.9.3/armv7-m/crtn.o

/DISCARD/
 *(.note.GNU-stack)
OUTPUT(.\ARM_GCC_493\Debug\USBFS_UART01.elf elf32-littlearm)
