ARM GAS  C:\Users\LUKASC~1\AppData\Local\Temp\ccPhOu0c.s 			page 1


   1              		.syntax unified
   2              		.cpu cortex-m3
   3              		.fpu softvfp
   4              		.eabi_attribute 20, 1
   5              		.eabi_attribute 21, 1
   6              		.eabi_attribute 23, 3
   7              		.eabi_attribute 24, 1
   8              		.eabi_attribute 25, 1
   9              		.eabi_attribute 26, 1
  10              		.eabi_attribute 30, 6
  11              		.eabi_attribute 34, 1
  12              		.eabi_attribute 18, 4
  13              		.thumb
  14              		.file	"cyfitter_cfg.c"
  15              		.text
  16              	.Ltext0:
  17              		.cfi_sections	.debug_frame
  18              		.section	.text.CYMEMZERO,"ax",%progbits
  19              		.align	2
  20              		.thumb
  21              		.thumb_func
  22              		.type	CYMEMZERO, %function
  23              	CYMEMZERO:
  24              	.LFB0:
  25              		.file 1 "Generated_Source\\PSoC5\\cyfitter_cfg.c"
   1:Generated_Source\PSoC5/cyfitter_cfg.c **** /*******************************************************************************
   2:Generated_Source\PSoC5/cyfitter_cfg.c **** * File Name: cyfitter_cfg.c
   3:Generated_Source\PSoC5/cyfitter_cfg.c **** * 
   4:Generated_Source\PSoC5/cyfitter_cfg.c **** * PSoC Creator  4.0
   5:Generated_Source\PSoC5/cyfitter_cfg.c **** *
   6:Generated_Source\PSoC5/cyfitter_cfg.c **** * Description:
   7:Generated_Source\PSoC5/cyfitter_cfg.c **** * This file contains device initialization code.
   8:Generated_Source\PSoC5/cyfitter_cfg.c **** * Except for the user defined sections in CyClockStartupError(), this file should not be modified.
   9:Generated_Source\PSoC5/cyfitter_cfg.c **** * This file is automatically generated by PSoC Creator.
  10:Generated_Source\PSoC5/cyfitter_cfg.c **** *
  11:Generated_Source\PSoC5/cyfitter_cfg.c **** ********************************************************************************
  12:Generated_Source\PSoC5/cyfitter_cfg.c **** * Copyright (c) 2007-2016 Cypress Semiconductor.  All rights reserved.
  13:Generated_Source\PSoC5/cyfitter_cfg.c **** * You may use this file only in accordance with the license, terms, conditions, 
  14:Generated_Source\PSoC5/cyfitter_cfg.c **** * disclaimers, and limitations in the end user license agreement accompanying 
  15:Generated_Source\PSoC5/cyfitter_cfg.c **** * the software package with which this file was provided.
  16:Generated_Source\PSoC5/cyfitter_cfg.c **** ********************************************************************************/
  17:Generated_Source\PSoC5/cyfitter_cfg.c **** 
  18:Generated_Source\PSoC5/cyfitter_cfg.c **** #include <string.h>
  19:Generated_Source\PSoC5/cyfitter_cfg.c **** #include "cytypes.h"
  20:Generated_Source\PSoC5/cyfitter_cfg.c **** #include "cydevice_trm.h"
  21:Generated_Source\PSoC5/cyfitter_cfg.c **** #include "cyfitter.h"
  22:Generated_Source\PSoC5/cyfitter_cfg.c **** #include "CyLib.h"
  23:Generated_Source\PSoC5/cyfitter_cfg.c **** #include "cyfitter_cfg.h"
  24:Generated_Source\PSoC5/cyfitter_cfg.c **** #include "cyapicallbacks.h"
  25:Generated_Source\PSoC5/cyfitter_cfg.c **** 
  26:Generated_Source\PSoC5/cyfitter_cfg.c **** #define CY_NEED_CYCLOCKSTARTUPERROR 1
  27:Generated_Source\PSoC5/cyfitter_cfg.c **** 
  28:Generated_Source\PSoC5/cyfitter_cfg.c **** 
  29:Generated_Source\PSoC5/cyfitter_cfg.c **** #if defined(__GNUC__) || defined(__ARMCC_VERSION)
  30:Generated_Source\PSoC5/cyfitter_cfg.c ****     #define CYPACKED 
  31:Generated_Source\PSoC5/cyfitter_cfg.c ****     #define CYPACKED_ATTR __attribute__ ((packed))
  32:Generated_Source\PSoC5/cyfitter_cfg.c ****     #define CYALIGNED __attribute__ ((aligned))
ARM GAS  C:\Users\LUKASC~1\AppData\Local\Temp\ccPhOu0c.s 			page 2


  33:Generated_Source\PSoC5/cyfitter_cfg.c ****     #define CY_CFG_UNUSED __attribute__ ((unused))
  34:Generated_Source\PSoC5/cyfitter_cfg.c ****     #ifndef CY_CFG_SECTION
  35:Generated_Source\PSoC5/cyfitter_cfg.c ****         #define CY_CFG_SECTION __attribute__ ((section(".psocinit")))
  36:Generated_Source\PSoC5/cyfitter_cfg.c ****     #endif
  37:Generated_Source\PSoC5/cyfitter_cfg.c ****     
  38:Generated_Source\PSoC5/cyfitter_cfg.c ****     #if defined(__ARMCC_VERSION)
  39:Generated_Source\PSoC5/cyfitter_cfg.c ****         #define CY_CFG_MEMORY_BARRIER() __memory_changed()
  40:Generated_Source\PSoC5/cyfitter_cfg.c ****     #else
  41:Generated_Source\PSoC5/cyfitter_cfg.c ****         #define CY_CFG_MEMORY_BARRIER() __sync_synchronize()
  42:Generated_Source\PSoC5/cyfitter_cfg.c ****     #endif
  43:Generated_Source\PSoC5/cyfitter_cfg.c ****     
  44:Generated_Source\PSoC5/cyfitter_cfg.c **** #elif defined(__ICCARM__)
  45:Generated_Source\PSoC5/cyfitter_cfg.c ****     #include <intrinsics.h>
  46:Generated_Source\PSoC5/cyfitter_cfg.c **** 
  47:Generated_Source\PSoC5/cyfitter_cfg.c ****     #define CYPACKED __packed
  48:Generated_Source\PSoC5/cyfitter_cfg.c ****     #define CYPACKED_ATTR 
  49:Generated_Source\PSoC5/cyfitter_cfg.c ****     #define CYALIGNED _Pragma("data_alignment=4")
  50:Generated_Source\PSoC5/cyfitter_cfg.c ****     #define CY_CFG_UNUSED _Pragma("diag_suppress=Pe177")
  51:Generated_Source\PSoC5/cyfitter_cfg.c ****     #define CY_CFG_SECTION _Pragma("location=\".psocinit\"")
  52:Generated_Source\PSoC5/cyfitter_cfg.c ****     
  53:Generated_Source\PSoC5/cyfitter_cfg.c ****     #define CY_CFG_MEMORY_BARRIER() __DMB()
  54:Generated_Source\PSoC5/cyfitter_cfg.c ****     
  55:Generated_Source\PSoC5/cyfitter_cfg.c **** #else
  56:Generated_Source\PSoC5/cyfitter_cfg.c ****     #error Unsupported toolchain
  57:Generated_Source\PSoC5/cyfitter_cfg.c **** #endif
  58:Generated_Source\PSoC5/cyfitter_cfg.c **** 
  59:Generated_Source\PSoC5/cyfitter_cfg.c **** 
  60:Generated_Source\PSoC5/cyfitter_cfg.c **** CY_CFG_UNUSED
  61:Generated_Source\PSoC5/cyfitter_cfg.c **** static void CYMEMZERO(void *s, size_t n);
  62:Generated_Source\PSoC5/cyfitter_cfg.c **** CY_CFG_UNUSED
  63:Generated_Source\PSoC5/cyfitter_cfg.c **** static void CYMEMZERO(void *s, size_t n)
  64:Generated_Source\PSoC5/cyfitter_cfg.c **** {
  26              		.loc 1 64 0
  27              		.cfi_startproc
  28              		@ args = 0, pretend = 0, frame = 8
  29              		@ frame_needed = 1, uses_anonymous_args = 0
  30 0000 80B5     		push	{r7, lr}
  31              		.cfi_def_cfa_offset 8
  32              		.cfi_offset 7, -8
  33              		.cfi_offset 14, -4
  34 0002 82B0     		sub	sp, sp, #8
  35              		.cfi_def_cfa_offset 16
  36 0004 00AF     		add	r7, sp, #0
  37              		.cfi_def_cfa_register 7
  38 0006 7860     		str	r0, [r7, #4]
  39 0008 3960     		str	r1, [r7]
  65:Generated_Source\PSoC5/cyfitter_cfg.c **** 	(void)memset(s, 0, n);
  40              		.loc 1 65 0
  41 000a 7868     		ldr	r0, [r7, #4]
  42 000c 0021     		movs	r1, #0
  43 000e 3A68     		ldr	r2, [r7]
  44 0010 FFF7FEFF 		bl	memset
  66:Generated_Source\PSoC5/cyfitter_cfg.c **** }
  45              		.loc 1 66 0
  46 0014 0837     		adds	r7, r7, #8
  47              		.cfi_def_cfa_offset 8
  48 0016 BD46     		mov	sp, r7
ARM GAS  C:\Users\LUKASC~1\AppData\Local\Temp\ccPhOu0c.s 			page 3


  49              		.cfi_def_cfa_register 13
  50              		@ sp needed
  51 0018 80BD     		pop	{r7, pc}
  52              		.cfi_endproc
  53              	.LFE0:
  54              		.size	CYMEMZERO, .-CYMEMZERO
  55 001a 00BF     		.section	.text.CYCONFIGCPY,"ax",%progbits
  56              		.align	2
  57              		.thumb
  58              		.thumb_func
  59              		.type	CYCONFIGCPY, %function
  60              	CYCONFIGCPY:
  61              	.LFB1:
  67:Generated_Source\PSoC5/cyfitter_cfg.c **** CY_CFG_UNUSED
  68:Generated_Source\PSoC5/cyfitter_cfg.c **** static void CYCONFIGCPY(void *dest, const void *src, size_t n);
  69:Generated_Source\PSoC5/cyfitter_cfg.c **** CY_CFG_UNUSED
  70:Generated_Source\PSoC5/cyfitter_cfg.c **** static void CYCONFIGCPY(void *dest, const void *src, size_t n)
  71:Generated_Source\PSoC5/cyfitter_cfg.c **** {
  62              		.loc 1 71 0
  63              		.cfi_startproc
  64              		@ args = 0, pretend = 0, frame = 16
  65              		@ frame_needed = 1, uses_anonymous_args = 0
  66 0000 80B5     		push	{r7, lr}
  67              		.cfi_def_cfa_offset 8
  68              		.cfi_offset 7, -8
  69              		.cfi_offset 14, -4
  70 0002 84B0     		sub	sp, sp, #16
  71              		.cfi_def_cfa_offset 24
  72 0004 00AF     		add	r7, sp, #0
  73              		.cfi_def_cfa_register 7
  74 0006 F860     		str	r0, [r7, #12]
  75 0008 B960     		str	r1, [r7, #8]
  76 000a 7A60     		str	r2, [r7, #4]
  72:Generated_Source\PSoC5/cyfitter_cfg.c **** 	(void)memcpy(dest, src, n);
  77              		.loc 1 72 0
  78 000c F868     		ldr	r0, [r7, #12]
  79 000e B968     		ldr	r1, [r7, #8]
  80 0010 7A68     		ldr	r2, [r7, #4]
  81 0012 FFF7FEFF 		bl	memcpy
  73:Generated_Source\PSoC5/cyfitter_cfg.c **** }
  82              		.loc 1 73 0
  83 0016 1037     		adds	r7, r7, #16
  84              		.cfi_def_cfa_offset 8
  85 0018 BD46     		mov	sp, r7
  86              		.cfi_def_cfa_register 13
  87              		@ sp needed
  88 001a 80BD     		pop	{r7, pc}
  89              		.cfi_endproc
  90              	.LFE1:
  91              		.size	CYCONFIGCPY, .-CYCONFIGCPY
  92              		.section	.text.CYCONFIGCPYCODE,"ax",%progbits
  93              		.align	2
  94              		.thumb
  95              		.thumb_func
  96              		.type	CYCONFIGCPYCODE, %function
  97              	CYCONFIGCPYCODE:
  98              	.LFB2:
ARM GAS  C:\Users\LUKASC~1\AppData\Local\Temp\ccPhOu0c.s 			page 4


  74:Generated_Source\PSoC5/cyfitter_cfg.c **** CY_CFG_UNUSED
  75:Generated_Source\PSoC5/cyfitter_cfg.c **** static void CYCONFIGCPYCODE(void *dest, const void *src, size_t n);
  76:Generated_Source\PSoC5/cyfitter_cfg.c **** CY_CFG_UNUSED
  77:Generated_Source\PSoC5/cyfitter_cfg.c **** static void CYCONFIGCPYCODE(void *dest, const void *src, size_t n)
  78:Generated_Source\PSoC5/cyfitter_cfg.c **** {
  99              		.loc 1 78 0
 100              		.cfi_startproc
 101              		@ args = 0, pretend = 0, frame = 16
 102              		@ frame_needed = 1, uses_anonymous_args = 0
 103 0000 80B5     		push	{r7, lr}
 104              		.cfi_def_cfa_offset 8
 105              		.cfi_offset 7, -8
 106              		.cfi_offset 14, -4
 107 0002 84B0     		sub	sp, sp, #16
 108              		.cfi_def_cfa_offset 24
 109 0004 00AF     		add	r7, sp, #0
 110              		.cfi_def_cfa_register 7
 111 0006 F860     		str	r0, [r7, #12]
 112 0008 B960     		str	r1, [r7, #8]
 113 000a 7A60     		str	r2, [r7, #4]
  79:Generated_Source\PSoC5/cyfitter_cfg.c **** 	(void)memcpy(dest, src, n);
 114              		.loc 1 79 0
 115 000c F868     		ldr	r0, [r7, #12]
 116 000e B968     		ldr	r1, [r7, #8]
 117 0010 7A68     		ldr	r2, [r7, #4]
 118 0012 FFF7FEFF 		bl	memcpy
  80:Generated_Source\PSoC5/cyfitter_cfg.c **** }
 119              		.loc 1 80 0
 120 0016 1037     		adds	r7, r7, #16
 121              		.cfi_def_cfa_offset 8
 122 0018 BD46     		mov	sp, r7
 123              		.cfi_def_cfa_register 13
 124              		@ sp needed
 125 001a 80BD     		pop	{r7, pc}
 126              		.cfi_endproc
 127              	.LFE2:
 128              		.size	CYCONFIGCPYCODE, .-CYCONFIGCPYCODE
 129              		.section	.text.CyClockStartupError,"ax",%progbits
 130              		.align	2
 131              		.thumb
 132              		.thumb_func
 133              		.type	CyClockStartupError, %function
 134              	CyClockStartupError:
 135              	.LFB3:
  81:Generated_Source\PSoC5/cyfitter_cfg.c **** 
  82:Generated_Source\PSoC5/cyfitter_cfg.c **** 
  83:Generated_Source\PSoC5/cyfitter_cfg.c **** 
  84:Generated_Source\PSoC5/cyfitter_cfg.c **** 
  85:Generated_Source\PSoC5/cyfitter_cfg.c **** /* Clock startup error codes                                                   */
  86:Generated_Source\PSoC5/cyfitter_cfg.c **** #define CYCLOCKSTART_NO_ERROR    0u
  87:Generated_Source\PSoC5/cyfitter_cfg.c **** #define CYCLOCKSTART_XTAL_ERROR  1u
  88:Generated_Source\PSoC5/cyfitter_cfg.c **** #define CYCLOCKSTART_32KHZ_ERROR 2u
  89:Generated_Source\PSoC5/cyfitter_cfg.c **** #define CYCLOCKSTART_PLL_ERROR   3u
  90:Generated_Source\PSoC5/cyfitter_cfg.c **** 
  91:Generated_Source\PSoC5/cyfitter_cfg.c **** 
  92:Generated_Source\PSoC5/cyfitter_cfg.c **** #ifdef CY_NEED_CYCLOCKSTARTUPERROR
  93:Generated_Source\PSoC5/cyfitter_cfg.c **** /*******************************************************************************
ARM GAS  C:\Users\LUKASC~1\AppData\Local\Temp\ccPhOu0c.s 			page 5


  94:Generated_Source\PSoC5/cyfitter_cfg.c **** * Function Name: CyClockStartupError
  95:Generated_Source\PSoC5/cyfitter_cfg.c **** ********************************************************************************
  96:Generated_Source\PSoC5/cyfitter_cfg.c **** * Summary:
  97:Generated_Source\PSoC5/cyfitter_cfg.c **** *  If an error is encountered during clock configuration (crystal startup error,
  98:Generated_Source\PSoC5/cyfitter_cfg.c **** *  PLL lock error, etc.), the system will end up here.  Unless reimplemented by
  99:Generated_Source\PSoC5/cyfitter_cfg.c **** *  the customer, this function will stop in an infinite loop.
 100:Generated_Source\PSoC5/cyfitter_cfg.c **** *
 101:Generated_Source\PSoC5/cyfitter_cfg.c **** * Parameters:
 102:Generated_Source\PSoC5/cyfitter_cfg.c **** *   void
 103:Generated_Source\PSoC5/cyfitter_cfg.c **** *
 104:Generated_Source\PSoC5/cyfitter_cfg.c **** * Return:
 105:Generated_Source\PSoC5/cyfitter_cfg.c **** *   void
 106:Generated_Source\PSoC5/cyfitter_cfg.c **** *
 107:Generated_Source\PSoC5/cyfitter_cfg.c **** *******************************************************************************/
 108:Generated_Source\PSoC5/cyfitter_cfg.c **** CY_CFG_UNUSED
 109:Generated_Source\PSoC5/cyfitter_cfg.c **** static void CyClockStartupError(uint8 errorCode);
 110:Generated_Source\PSoC5/cyfitter_cfg.c **** CY_CFG_UNUSED
 111:Generated_Source\PSoC5/cyfitter_cfg.c **** static void CyClockStartupError(uint8 errorCode)
 112:Generated_Source\PSoC5/cyfitter_cfg.c **** {
 136              		.loc 1 112 0
 137              		.cfi_startproc
 138              		@ args = 0, pretend = 0, frame = 8
 139              		@ frame_needed = 1, uses_anonymous_args = 0
 140              		@ link register save eliminated.
 141 0000 80B4     		push	{r7}
 142              		.cfi_def_cfa_offset 4
 143              		.cfi_offset 7, -4
 144 0002 83B0     		sub	sp, sp, #12
 145              		.cfi_def_cfa_offset 16
 146 0004 00AF     		add	r7, sp, #0
 147              		.cfi_def_cfa_register 7
 148 0006 0346     		mov	r3, r0
 149 0008 FB71     		strb	r3, [r7, #7]
 150              	.L5:
 113:Generated_Source\PSoC5/cyfitter_cfg.c ****     /* To remove the compiler warning if errorCode not used.                */
 114:Generated_Source\PSoC5/cyfitter_cfg.c ****     errorCode = errorCode;
 115:Generated_Source\PSoC5/cyfitter_cfg.c **** 
 116:Generated_Source\PSoC5/cyfitter_cfg.c ****     /* If we have a clock startup error (bad MHz crystal, PLL lock, etc.),  */
 117:Generated_Source\PSoC5/cyfitter_cfg.c ****     /* we will end up here to allow the customer to implement something to  */
 118:Generated_Source\PSoC5/cyfitter_cfg.c ****     /* deal with the clock condition.                                       */
 119:Generated_Source\PSoC5/cyfitter_cfg.c **** 
 120:Generated_Source\PSoC5/cyfitter_cfg.c **** #ifdef CY_CFG_CLOCK_STARTUP_ERROR_CALLBACK
 121:Generated_Source\PSoC5/cyfitter_cfg.c **** 	CY_CFG_Clock_Startup_ErrorCallback();
 122:Generated_Source\PSoC5/cyfitter_cfg.c **** #else
 123:Generated_Source\PSoC5/cyfitter_cfg.c **** 	/*  If not using CY_CFG_CLOCK_STARTUP_ERROR_CALLBACK, place your clock startup code here. */
 124:Generated_Source\PSoC5/cyfitter_cfg.c ****     /* `#START CyClockStartupError` */
 125:Generated_Source\PSoC5/cyfitter_cfg.c **** 
 126:Generated_Source\PSoC5/cyfitter_cfg.c ****     /* If we have a clock startup error (bad MHz crystal, PLL lock, etc.),  */
 127:Generated_Source\PSoC5/cyfitter_cfg.c ****     /* we will end up here to allow the customer to implement something to  */
 128:Generated_Source\PSoC5/cyfitter_cfg.c ****     /* deal with the clock condition.                                       */
 129:Generated_Source\PSoC5/cyfitter_cfg.c **** 
 130:Generated_Source\PSoC5/cyfitter_cfg.c ****     /* `#END` */
 131:Generated_Source\PSoC5/cyfitter_cfg.c **** 
 132:Generated_Source\PSoC5/cyfitter_cfg.c ****     /* If nothing else, stop here since the clocks have not started         */
 133:Generated_Source\PSoC5/cyfitter_cfg.c ****     /* correctly.                                                           */
 134:Generated_Source\PSoC5/cyfitter_cfg.c ****     while(1) {}
 151              		.loc 1 134 0 discriminator 1
ARM GAS  C:\Users\LUKASC~1\AppData\Local\Temp\ccPhOu0c.s 			page 6


 152 000a FEE7     		b	.L5
 153              		.cfi_endproc
 154              	.LFE3:
 155              		.size	CyClockStartupError, .-CyClockStartupError
 156              		.section	.text.ClockSetup,"ax",%progbits
 157              		.align	2
 158              		.thumb
 159              		.thumb_func
 160              		.type	ClockSetup, %function
 161              	ClockSetup:
 162              	.LFB4:
 135:Generated_Source\PSoC5/cyfitter_cfg.c **** #endif /* CY_CFG_CLOCK_STARTUP_ERROR_CALLBACK */ 
 136:Generated_Source\PSoC5/cyfitter_cfg.c **** }
 137:Generated_Source\PSoC5/cyfitter_cfg.c **** #endif
 138:Generated_Source\PSoC5/cyfitter_cfg.c **** 
 139:Generated_Source\PSoC5/cyfitter_cfg.c **** 
 140:Generated_Source\PSoC5/cyfitter_cfg.c **** /*******************************************************************************
 141:Generated_Source\PSoC5/cyfitter_cfg.c **** * Function Name: ClockSetup
 142:Generated_Source\PSoC5/cyfitter_cfg.c **** ********************************************************************************
 143:Generated_Source\PSoC5/cyfitter_cfg.c **** *
 144:Generated_Source\PSoC5/cyfitter_cfg.c **** * Summary:
 145:Generated_Source\PSoC5/cyfitter_cfg.c **** *  Performs the initialization of all of the clocks in the device based on the
 146:Generated_Source\PSoC5/cyfitter_cfg.c **** *  settings in the Clock tab of the DWR.  This includes enabling the requested
 147:Generated_Source\PSoC5/cyfitter_cfg.c **** *  clocks and setting the necessary dividers to produce the desired frequency. 
 148:Generated_Source\PSoC5/cyfitter_cfg.c **** *
 149:Generated_Source\PSoC5/cyfitter_cfg.c **** * Parameters:
 150:Generated_Source\PSoC5/cyfitter_cfg.c **** *  void
 151:Generated_Source\PSoC5/cyfitter_cfg.c **** *
 152:Generated_Source\PSoC5/cyfitter_cfg.c **** * Return:
 153:Generated_Source\PSoC5/cyfitter_cfg.c **** *  void
 154:Generated_Source\PSoC5/cyfitter_cfg.c **** *
 155:Generated_Source\PSoC5/cyfitter_cfg.c **** *******************************************************************************/
 156:Generated_Source\PSoC5/cyfitter_cfg.c **** static void ClockSetup(void);
 157:Generated_Source\PSoC5/cyfitter_cfg.c **** static void ClockSetup(void)
 158:Generated_Source\PSoC5/cyfitter_cfg.c **** {
 163              		.loc 1 158 0
 164              		.cfi_startproc
 165              		@ args = 0, pretend = 0, frame = 8
 166              		@ frame_needed = 1, uses_anonymous_args = 0
 167 0000 80B5     		push	{r7, lr}
 168              		.cfi_def_cfa_offset 8
 169              		.cfi_offset 7, -8
 170              		.cfi_offset 14, -4
 171 0002 82B0     		sub	sp, sp, #8
 172              		.cfi_def_cfa_offset 16
 173 0004 00AF     		add	r7, sp, #0
 174              		.cfi_def_cfa_register 7
 159:Generated_Source\PSoC5/cyfitter_cfg.c **** 	uint32 timeout;
 160:Generated_Source\PSoC5/cyfitter_cfg.c **** 	uint8 pllLock;
 161:Generated_Source\PSoC5/cyfitter_cfg.c **** 
 162:Generated_Source\PSoC5/cyfitter_cfg.c **** 
 163:Generated_Source\PSoC5/cyfitter_cfg.c **** 	/* Configure ILO based on settings from Clock DWR */
 164:Generated_Source\PSoC5/cyfitter_cfg.c **** 	CY_SET_XTND_REG8((void CYFAR *)(CYREG_SLOWCLK_ILO_CR0), 0x02u);
 175              		.loc 1 164 0
 176 0006 294B     		ldr	r3, .L11
 177 0008 0222     		movs	r2, #2
 178 000a 1A70     		strb	r2, [r3]
ARM GAS  C:\Users\LUKASC~1\AppData\Local\Temp\ccPhOu0c.s 			page 7


 165:Generated_Source\PSoC5/cyfitter_cfg.c **** 	CY_SET_XTND_REG8((void CYFAR *)(CYREG_CLKDIST_CR), 0x08u);
 179              		.loc 1 165 0
 180 000c 4FF04023 		mov	r3, #1073758208
 181 0010 0822     		movs	r2, #8
 182 0012 1A70     		strb	r2, [r3]
 166:Generated_Source\PSoC5/cyfitter_cfg.c **** 
 167:Generated_Source\PSoC5/cyfitter_cfg.c **** 	/* Configure IMO based on settings from Clock DWR */
 168:Generated_Source\PSoC5/cyfitter_cfg.c **** 	CY_SET_XTND_REG8((void CYFAR *)(CYREG_FASTCLK_IMO_CR), 0x03u);
 183              		.loc 1 168 0
 184 0014 264B     		ldr	r3, .L11+4
 185 0016 0322     		movs	r2, #3
 186 0018 1A70     		strb	r2, [r3]
 169:Generated_Source\PSoC5/cyfitter_cfg.c **** 	CY_SET_XTND_REG8((void CYFAR *)(CYREG_IMO_TR1), (CY_GET_XTND_REG8((void CYFAR *)CYREG_FLSHID_CUST_
 187              		.loc 1 169 0
 188 001a 264B     		ldr	r3, .L11+8
 189 001c 264A     		ldr	r2, .L11+12
 190 001e 1278     		ldrb	r2, [r2]
 191 0020 D2B2     		uxtb	r2, r2
 192 0022 1A70     		strb	r2, [r3]
 170:Generated_Source\PSoC5/cyfitter_cfg.c **** 
 171:Generated_Source\PSoC5/cyfitter_cfg.c **** 	/* Configure PLL based on settings from Clock DWR */
 172:Generated_Source\PSoC5/cyfitter_cfg.c **** 	CY_SET_XTND_REG16((void CYFAR *)(CYREG_FASTCLK_PLL_P), 0x0008u);
 193              		.loc 1 172 0
 194 0024 254B     		ldr	r3, .L11+16
 195 0026 0822     		movs	r2, #8
 196 0028 1A80     		strh	r2, [r3]	@ movhi
 173:Generated_Source\PSoC5/cyfitter_cfg.c **** 	CY_SET_XTND_REG16((void CYFAR *)(CYREG_FASTCLK_PLL_CFG0), 0x1251u);
 197              		.loc 1 173 0
 198 002a 254B     		ldr	r3, .L11+20
 199 002c 41F25122 		movw	r2, #4689
 200 0030 1A80     		strh	r2, [r3]	@ movhi
 174:Generated_Source\PSoC5/cyfitter_cfg.c **** 	/* Wait up to 250us for the PLL to lock */
 175:Generated_Source\PSoC5/cyfitter_cfg.c **** 	pllLock = 0u;
 201              		.loc 1 175 0
 202 0032 0023     		movs	r3, #0
 203 0034 FB70     		strb	r3, [r7, #3]
 176:Generated_Source\PSoC5/cyfitter_cfg.c **** 	for (timeout = 250u / 10u; (timeout > 0u) && (pllLock != 0x03u); timeout--)
 204              		.loc 1 176 0
 205 0036 1923     		movs	r3, #25
 206 0038 7B60     		str	r3, [r7, #4]
 207 003a 14E0     		b	.L7
 208              	.L9:
 177:Generated_Source\PSoC5/cyfitter_cfg.c **** 	{ 
 178:Generated_Source\PSoC5/cyfitter_cfg.c **** 		pllLock = 0x03u & ((uint8)((uint8)pllLock << 1) | ((CY_GET_XTND_REG8((void CYFAR *)CYREG_FASTCLK_
 209              		.loc 1 178 0 discriminator 4
 210 003c FB78     		ldrb	r3, [r7, #3]
 211 003e 5B00     		lsls	r3, r3, #1
 212 0040 DAB2     		uxtb	r2, r3
 213 0042 204B     		ldr	r3, .L11+24
 214 0044 1B78     		ldrb	r3, [r3]
 215 0046 DBB2     		uxtb	r3, r3
 216 0048 03F00103 		and	r3, r3, #1
 217 004c DBB2     		uxtb	r3, r3
 218 004e 1343     		orrs	r3, r3, r2
 219 0050 DBB2     		uxtb	r3, r3
 220 0052 03F00303 		and	r3, r3, #3
 221 0056 FB70     		strb	r3, [r7, #3]
ARM GAS  C:\Users\LUKASC~1\AppData\Local\Temp\ccPhOu0c.s 			page 8


 179:Generated_Source\PSoC5/cyfitter_cfg.c **** 		CyDelayCycles(10u * 48u); /* Delay 10us based on 48MHz clock */
 222              		.loc 1 179 0 discriminator 4
 223 0058 4FF4F070 		mov	r0, #480
 224 005c FFF7FEFF 		bl	CyDelayCycles
 176:Generated_Source\PSoC5/cyfitter_cfg.c **** 	for (timeout = 250u / 10u; (timeout > 0u) && (pllLock != 0x03u); timeout--)
 225              		.loc 1 176 0 discriminator 4
 226 0060 7B68     		ldr	r3, [r7, #4]
 227 0062 013B     		subs	r3, r3, #1
 228 0064 7B60     		str	r3, [r7, #4]
 229              	.L7:
 176:Generated_Source\PSoC5/cyfitter_cfg.c **** 	for (timeout = 250u / 10u; (timeout > 0u) && (pllLock != 0x03u); timeout--)
 230              		.loc 1 176 0 is_stmt 0 discriminator 1
 231 0066 7B68     		ldr	r3, [r7, #4]
 232 0068 002B     		cmp	r3, #0
 233 006a 02D0     		beq	.L8
 176:Generated_Source\PSoC5/cyfitter_cfg.c **** 	for (timeout = 250u / 10u; (timeout > 0u) && (pllLock != 0x03u); timeout--)
 234              		.loc 1 176 0 discriminator 3
 235 006c FB78     		ldrb	r3, [r7, #3]	@ zero_extendqisi2
 236 006e 032B     		cmp	r3, #3
 237 0070 E4D1     		bne	.L9
 238              	.L8:
 180:Generated_Source\PSoC5/cyfitter_cfg.c **** 	}
 181:Generated_Source\PSoC5/cyfitter_cfg.c **** 	/* If we ran out of time the PLL didn't lock so go to the error function */
 182:Generated_Source\PSoC5/cyfitter_cfg.c **** 	if (timeout == 0u)
 239              		.loc 1 182 0 is_stmt 1
 240 0072 7B68     		ldr	r3, [r7, #4]
 241 0074 002B     		cmp	r3, #0
 242 0076 02D1     		bne	.L10
 183:Generated_Source\PSoC5/cyfitter_cfg.c **** 	{
 184:Generated_Source\PSoC5/cyfitter_cfg.c **** 		CyClockStartupError(CYCLOCKSTART_PLL_ERROR);
 243              		.loc 1 184 0
 244 0078 0320     		movs	r0, #3
 245 007a FFF7FEFF 		bl	CyClockStartupError
 246              	.L10:
 185:Generated_Source\PSoC5/cyfitter_cfg.c **** 	}
 186:Generated_Source\PSoC5/cyfitter_cfg.c **** 
 187:Generated_Source\PSoC5/cyfitter_cfg.c **** 	/* Configure Bus/Master Clock based on settings from Clock DWR */
 188:Generated_Source\PSoC5/cyfitter_cfg.c **** 	CY_SET_XTND_REG16((void CYFAR *)(CYREG_CLKDIST_MSTR0), 0x0100u);
 247              		.loc 1 188 0
 248 007e 124B     		ldr	r3, .L11+28
 249 0080 4FF48072 		mov	r2, #256
 250 0084 1A80     		strh	r2, [r3]	@ movhi
 189:Generated_Source\PSoC5/cyfitter_cfg.c **** 	CY_SET_XTND_REG8((void CYFAR *)(CYREG_CLKDIST_MSTR0), 0x07u);
 251              		.loc 1 189 0
 252 0086 104B     		ldr	r3, .L11+28
 253 0088 0722     		movs	r2, #7
 254 008a 1A70     		strb	r2, [r3]
 190:Generated_Source\PSoC5/cyfitter_cfg.c **** 	CY_SET_XTND_REG8((void CYFAR *)(CYREG_CLKDIST_BCFG0), 0x00u);
 255              		.loc 1 190 0
 256 008c 0F4B     		ldr	r3, .L11+32
 257 008e 0022     		movs	r2, #0
 258 0090 1A70     		strb	r2, [r3]
 191:Generated_Source\PSoC5/cyfitter_cfg.c **** 	CY_SET_XTND_REG8((void CYFAR *)(CYREG_CLKDIST_BCFG2), 0x48u);
 259              		.loc 1 191 0
 260 0092 0F4B     		ldr	r3, .L11+36
 261 0094 4822     		movs	r2, #72
 262 0096 1A70     		strb	r2, [r3]
ARM GAS  C:\Users\LUKASC~1\AppData\Local\Temp\ccPhOu0c.s 			page 9


 192:Generated_Source\PSoC5/cyfitter_cfg.c **** 	CY_SET_XTND_REG8((void CYFAR *)(CYREG_CLKDIST_MSTR0), 0x00u);
 263              		.loc 1 192 0
 264 0098 0B4B     		ldr	r3, .L11+28
 265 009a 0022     		movs	r2, #0
 266 009c 1A70     		strb	r2, [r3]
 193:Generated_Source\PSoC5/cyfitter_cfg.c **** 	CY_SET_XTND_REG8((void CYFAR *)(CYREG_CLKDIST_LD), 0x02u);
 267              		.loc 1 193 0
 268 009e 0D4B     		ldr	r3, .L11+40
 269 00a0 0222     		movs	r2, #2
 270 00a2 1A70     		strb	r2, [r3]
 194:Generated_Source\PSoC5/cyfitter_cfg.c **** }
 271              		.loc 1 194 0
 272 00a4 0837     		adds	r7, r7, #8
 273              		.cfi_def_cfa_offset 8
 274 00a6 BD46     		mov	sp, r7
 275              		.cfi_def_cfa_register 13
 276              		@ sp needed
 277 00a8 80BD     		pop	{r7, pc}
 278              	.L12:
 279 00aa 00BF     		.align	2
 280              	.L11:
 281 00ac 00430040 		.word	1073758976
 282 00b0 00420040 		.word	1073758720
 283 00b4 A1460040 		.word	1073759905
 284 00b8 08010049 		.word	1224737032
 285 00bc 22420040 		.word	1073758754
 286 00c0 20420040 		.word	1073758752
 287 00c4 25420040 		.word	1073758757
 288 00c8 04400040 		.word	1073758212
 289 00cc 06400040 		.word	1073758214
 290 00d0 08400040 		.word	1073758216
 291 00d4 01400040 		.word	1073758209
 292              		.cfi_endproc
 293              	.LFE4:
 294              		.size	ClockSetup, .-ClockSetup
 295              		.section	.text.AnalogSetDefault,"ax",%progbits
 296              		.align	2
 297              		.thumb
 298              		.thumb_func
 299              		.type	AnalogSetDefault, %function
 300              	AnalogSetDefault:
 301              	.LFB5:
 195:Generated_Source\PSoC5/cyfitter_cfg.c **** 
 196:Generated_Source\PSoC5/cyfitter_cfg.c **** 
 197:Generated_Source\PSoC5/cyfitter_cfg.c **** /* Analog API Functions */
 198:Generated_Source\PSoC5/cyfitter_cfg.c **** 
 199:Generated_Source\PSoC5/cyfitter_cfg.c **** 
 200:Generated_Source\PSoC5/cyfitter_cfg.c **** /*******************************************************************************
 201:Generated_Source\PSoC5/cyfitter_cfg.c **** * Function Name: AnalogSetDefault
 202:Generated_Source\PSoC5/cyfitter_cfg.c **** ********************************************************************************
 203:Generated_Source\PSoC5/cyfitter_cfg.c **** *
 204:Generated_Source\PSoC5/cyfitter_cfg.c **** * Summary:
 205:Generated_Source\PSoC5/cyfitter_cfg.c **** *  Sets up the analog portions of the chip to default values based on chip
 206:Generated_Source\PSoC5/cyfitter_cfg.c **** *  configuration options from the project.
 207:Generated_Source\PSoC5/cyfitter_cfg.c **** *
 208:Generated_Source\PSoC5/cyfitter_cfg.c **** * Parameters:
 209:Generated_Source\PSoC5/cyfitter_cfg.c **** *  void
ARM GAS  C:\Users\LUKASC~1\AppData\Local\Temp\ccPhOu0c.s 			page 10


 210:Generated_Source\PSoC5/cyfitter_cfg.c **** *
 211:Generated_Source\PSoC5/cyfitter_cfg.c **** * Return:
 212:Generated_Source\PSoC5/cyfitter_cfg.c **** *  void
 213:Generated_Source\PSoC5/cyfitter_cfg.c **** *
 214:Generated_Source\PSoC5/cyfitter_cfg.c **** *******************************************************************************/
 215:Generated_Source\PSoC5/cyfitter_cfg.c **** static void AnalogSetDefault(void);
 216:Generated_Source\PSoC5/cyfitter_cfg.c **** static void AnalogSetDefault(void)
 217:Generated_Source\PSoC5/cyfitter_cfg.c **** {
 302              		.loc 1 217 0
 303              		.cfi_startproc
 304              		@ args = 0, pretend = 0, frame = 8
 305              		@ frame_needed = 1, uses_anonymous_args = 0
 306              		@ link register save eliminated.
 307 0000 80B4     		push	{r7}
 308              		.cfi_def_cfa_offset 4
 309              		.cfi_offset 7, -4
 310 0002 83B0     		sub	sp, sp, #12
 311              		.cfi_def_cfa_offset 16
 312 0004 00AF     		add	r7, sp, #0
 313              		.cfi_def_cfa_register 7
 218:Generated_Source\PSoC5/cyfitter_cfg.c **** 	uint8 bg_xover_inl_trim = CY_GET_XTND_REG8((void CYFAR *)(CYREG_FLSHID_MFG_CFG_BG_XOVER_INL_TRIM +
 314              		.loc 1 218 0
 315 0006 0B4B     		ldr	r3, .L14
 316 0008 1B78     		ldrb	r3, [r3]
 317 000a FB71     		strb	r3, [r7, #7]
 219:Generated_Source\PSoC5/cyfitter_cfg.c **** 	CY_SET_XTND_REG8((void CYFAR *)(CYREG_BG_DFT0), (bg_xover_inl_trim & 0x07u));
 318              		.loc 1 219 0
 319 000c 0A4A     		ldr	r2, .L14+4
 320 000e FB79     		ldrb	r3, [r7, #7]
 321 0010 03F00703 		and	r3, r3, #7
 322 0014 DBB2     		uxtb	r3, r3
 323 0016 1370     		strb	r3, [r2]
 220:Generated_Source\PSoC5/cyfitter_cfg.c **** 	CY_SET_XTND_REG8((void CYFAR *)(CYREG_BG_DFT1), ((bg_xover_inl_trim >> 4) & 0x0Fu));
 324              		.loc 1 220 0
 325 0018 084A     		ldr	r2, .L14+8
 326 001a FB79     		ldrb	r3, [r7, #7]	@ zero_extendqisi2
 327 001c 1B09     		lsrs	r3, r3, #4
 328 001e DBB2     		uxtb	r3, r3
 329 0020 1370     		strb	r3, [r2]
 221:Generated_Source\PSoC5/cyfitter_cfg.c **** 	CY_SET_XTND_REG8((void CYFAR *)CYREG_PUMP_CR0, 0x44u);
 330              		.loc 1 221 0
 331 0022 074B     		ldr	r3, .L14+12
 332 0024 4422     		movs	r2, #68
 333 0026 1A70     		strb	r2, [r3]
 222:Generated_Source\PSoC5/cyfitter_cfg.c **** }
 334              		.loc 1 222 0
 335 0028 0C37     		adds	r7, r7, #12
 336              		.cfi_def_cfa_offset 4
 337 002a BD46     		mov	sp, r7
 338              		.cfi_def_cfa_register 13
 339              		@ sp needed
 340 002c 5DF8047B 		ldr	r7, [sp], #4
 341              		.cfi_restore 7
 342              		.cfi_def_cfa_offset 0
 343 0030 7047     		bx	lr
 344              	.L15:
 345 0032 00BF     		.align	2
ARM GAS  C:\Users\LUKASC~1\AppData\Local\Temp\ccPhOu0c.s 			page 11


 346              	.L14:
 347 0034 CF010049 		.word	1224737231
 348 0038 6E580040 		.word	1073764462
 349 003c 6F580040 		.word	1073764463
 350 0040 76580040 		.word	1073764470
 351              		.cfi_endproc
 352              	.LFE5:
 353              		.size	AnalogSetDefault, .-AnalogSetDefault
 354              		.section	.text.SetAnalogRoutingPumps,"ax",%progbits
 355              		.align	2
 356              		.global	SetAnalogRoutingPumps
 357              		.thumb
 358              		.thumb_func
 359              		.type	SetAnalogRoutingPumps, %function
 360              	SetAnalogRoutingPumps:
 361              	.LFB6:
 223:Generated_Source\PSoC5/cyfitter_cfg.c **** 
 224:Generated_Source\PSoC5/cyfitter_cfg.c **** 
 225:Generated_Source\PSoC5/cyfitter_cfg.c **** /*******************************************************************************
 226:Generated_Source\PSoC5/cyfitter_cfg.c **** * Function Name: SetAnalogRoutingPumps
 227:Generated_Source\PSoC5/cyfitter_cfg.c **** ********************************************************************************
 228:Generated_Source\PSoC5/cyfitter_cfg.c **** *
 229:Generated_Source\PSoC5/cyfitter_cfg.c **** * Summary:
 230:Generated_Source\PSoC5/cyfitter_cfg.c **** * Enables or disables the analog pumps feeding analog routing switches.
 231:Generated_Source\PSoC5/cyfitter_cfg.c **** * Intended to be called at startup, based on the Vdda system configuration;
 232:Generated_Source\PSoC5/cyfitter_cfg.c **** * may be called during operation when the user informs us that the Vdda voltage
 233:Generated_Source\PSoC5/cyfitter_cfg.c **** * crossed the pump threshold.
 234:Generated_Source\PSoC5/cyfitter_cfg.c **** *
 235:Generated_Source\PSoC5/cyfitter_cfg.c **** * Parameters:
 236:Generated_Source\PSoC5/cyfitter_cfg.c **** *  enabled - 1 to enable the pumps, 0 to disable the pumps
 237:Generated_Source\PSoC5/cyfitter_cfg.c **** *
 238:Generated_Source\PSoC5/cyfitter_cfg.c **** * Return:
 239:Generated_Source\PSoC5/cyfitter_cfg.c **** *  void
 240:Generated_Source\PSoC5/cyfitter_cfg.c **** *
 241:Generated_Source\PSoC5/cyfitter_cfg.c **** *******************************************************************************/
 242:Generated_Source\PSoC5/cyfitter_cfg.c **** void SetAnalogRoutingPumps(uint8 enabled)
 243:Generated_Source\PSoC5/cyfitter_cfg.c **** {
 362              		.loc 1 243 0
 363              		.cfi_startproc
 364              		@ args = 0, pretend = 0, frame = 16
 365              		@ frame_needed = 1, uses_anonymous_args = 0
 366              		@ link register save eliminated.
 367 0000 80B4     		push	{r7}
 368              		.cfi_def_cfa_offset 4
 369              		.cfi_offset 7, -4
 370 0002 85B0     		sub	sp, sp, #20
 371              		.cfi_def_cfa_offset 24
 372 0004 00AF     		add	r7, sp, #0
 373              		.cfi_def_cfa_register 7
 374 0006 0346     		mov	r3, r0
 375 0008 FB71     		strb	r3, [r7, #7]
 244:Generated_Source\PSoC5/cyfitter_cfg.c **** 	uint8 regValue = CY_GET_XTND_REG8((void CYFAR *)CYREG_PUMP_CR0);
 376              		.loc 1 244 0
 377 000a 064B     		ldr	r3, .L19
 378 000c 1B78     		ldrb	r3, [r3]
 379 000e FB73     		strb	r3, [r7, #15]
 245:Generated_Source\PSoC5/cyfitter_cfg.c **** 	if (enabled != 0u)
ARM GAS  C:\Users\LUKASC~1\AppData\Local\Temp\ccPhOu0c.s 			page 12


 380              		.loc 1 245 0
 381 0010 FB79     		ldrb	r3, [r7, #7]	@ zero_extendqisi2
 382 0012 002B     		cmp	r3, #0
 246:Generated_Source\PSoC5/cyfitter_cfg.c **** 	{
 247:Generated_Source\PSoC5/cyfitter_cfg.c **** 		regValue |= 0x00u;
 248:Generated_Source\PSoC5/cyfitter_cfg.c **** 	}
 249:Generated_Source\PSoC5/cyfitter_cfg.c **** 	else
 250:Generated_Source\PSoC5/cyfitter_cfg.c **** 	{
 251:Generated_Source\PSoC5/cyfitter_cfg.c **** 		regValue &= (uint8)~0x00u;
 252:Generated_Source\PSoC5/cyfitter_cfg.c **** 	}
 253:Generated_Source\PSoC5/cyfitter_cfg.c **** 	CY_SET_XTND_REG8((void CYFAR *)CYREG_PUMP_CR0, regValue);
 383              		.loc 1 253 0
 384 0014 034A     		ldr	r2, .L19
 385 0016 FB7B     		ldrb	r3, [r7, #15]
 386 0018 1370     		strb	r3, [r2]
 254:Generated_Source\PSoC5/cyfitter_cfg.c **** }
 387              		.loc 1 254 0
 388 001a 1437     		adds	r7, r7, #20
 389              		.cfi_def_cfa_offset 4
 390 001c BD46     		mov	sp, r7
 391              		.cfi_def_cfa_register 13
 392              		@ sp needed
 393 001e 5DF8047B 		ldr	r7, [sp], #4
 394              		.cfi_restore 7
 395              		.cfi_def_cfa_offset 0
 396 0022 7047     		bx	lr
 397              	.L20:
 398              		.align	2
 399              	.L19:
 400 0024 76580040 		.word	1073764470
 401              		.cfi_endproc
 402              	.LFE6:
 403              		.size	SetAnalogRoutingPumps, .-SetAnalogRoutingPumps
 404              		.section	.text.cyfitter_cfg,"ax",%progbits
 405              		.align	2
 406              		.global	cyfitter_cfg
 407              		.thumb
 408              		.thumb_func
 409              		.type	cyfitter_cfg, %function
 410              	cyfitter_cfg:
 411              	.LFB7:
 255:Generated_Source\PSoC5/cyfitter_cfg.c **** 
 256:Generated_Source\PSoC5/cyfitter_cfg.c **** #define CY_AMUX_UNUSED CYREG_BOOST_SR
 257:Generated_Source\PSoC5/cyfitter_cfg.c **** 
 258:Generated_Source\PSoC5/cyfitter_cfg.c **** 
 259:Generated_Source\PSoC5/cyfitter_cfg.c **** /*******************************************************************************
 260:Generated_Source\PSoC5/cyfitter_cfg.c **** * Function Name: cyfitter_cfg
 261:Generated_Source\PSoC5/cyfitter_cfg.c **** ********************************************************************************
 262:Generated_Source\PSoC5/cyfitter_cfg.c **** * Summary:
 263:Generated_Source\PSoC5/cyfitter_cfg.c **** *  This function is called by the start-up code for the selected device. It
 264:Generated_Source\PSoC5/cyfitter_cfg.c **** *  performs all of the necessary device configuration based on the design
 265:Generated_Source\PSoC5/cyfitter_cfg.c **** *  settings.  This includes settings from the Design Wide Resources (DWR) such
 266:Generated_Source\PSoC5/cyfitter_cfg.c **** *  as Clocks and Pins as well as any component configuration that is necessary.
 267:Generated_Source\PSoC5/cyfitter_cfg.c **** *
 268:Generated_Source\PSoC5/cyfitter_cfg.c **** * Parameters:  
 269:Generated_Source\PSoC5/cyfitter_cfg.c **** *   void
 270:Generated_Source\PSoC5/cyfitter_cfg.c **** *
ARM GAS  C:\Users\LUKASC~1\AppData\Local\Temp\ccPhOu0c.s 			page 13


 271:Generated_Source\PSoC5/cyfitter_cfg.c **** * Return:
 272:Generated_Source\PSoC5/cyfitter_cfg.c **** *   void
 273:Generated_Source\PSoC5/cyfitter_cfg.c **** *
 274:Generated_Source\PSoC5/cyfitter_cfg.c **** *******************************************************************************/
 275:Generated_Source\PSoC5/cyfitter_cfg.c **** 
 276:Generated_Source\PSoC5/cyfitter_cfg.c **** void cyfitter_cfg(void)
 277:Generated_Source\PSoC5/cyfitter_cfg.c **** {
 412              		.loc 1 277 0
 413              		.cfi_startproc
 414              		@ args = 0, pretend = 0, frame = 8
 415              		@ frame_needed = 1, uses_anonymous_args = 0
 416 0000 80B5     		push	{r7, lr}
 417              		.cfi_def_cfa_offset 8
 418              		.cfi_offset 7, -8
 419              		.cfi_offset 14, -4
 420 0002 82B0     		sub	sp, sp, #8
 421              		.cfi_def_cfa_offset 16
 422 0004 00AF     		add	r7, sp, #0
 423              		.cfi_def_cfa_register 7
 278:Generated_Source\PSoC5/cyfitter_cfg.c **** 	/* IOPINS0_0 Address: CYREG_PRT0_DM0 Size (bytes): 8 */
 279:Generated_Source\PSoC5/cyfitter_cfg.c **** 	static const uint8 CYCODE BS_IOPINS0_0_VAL[] = {
 280:Generated_Source\PSoC5/cyfitter_cfg.c **** 		0x00u, 0x07u, 0x07u, 0x00u, 0x00u, 0x00u, 0x00u, 0x00u};
 281:Generated_Source\PSoC5/cyfitter_cfg.c **** 
 282:Generated_Source\PSoC5/cyfitter_cfg.c **** 	/* IOPINS0_1 Address: CYREG_PRT1_DM0 Size (bytes): 8 */
 283:Generated_Source\PSoC5/cyfitter_cfg.c **** 	static const uint8 CYCODE BS_IOPINS0_1_VAL[] = {
 284:Generated_Source\PSoC5/cyfitter_cfg.c **** 		0x00u, 0x0Bu, 0x0Bu, 0x00u, 0x00u, 0x00u, 0x00u, 0x00u};
 285:Generated_Source\PSoC5/cyfitter_cfg.c **** 
 286:Generated_Source\PSoC5/cyfitter_cfg.c **** #ifdef CYGlobalIntDisable
 287:Generated_Source\PSoC5/cyfitter_cfg.c **** 	/* Disable interrupts by default. Let user enable if/when they want. */
 288:Generated_Source\PSoC5/cyfitter_cfg.c **** 	CYGlobalIntDisable
 424              		.loc 1 288 0
 425              	@ 288 "Generated_Source\PSoC5\cyfitter_cfg.c" 1
 426 0006 72B6     		CPSID   i
 427              	@ 0 "" 2
 289:Generated_Source\PSoC5/cyfitter_cfg.c **** #endif
 290:Generated_Source\PSoC5/cyfitter_cfg.c **** 
 291:Generated_Source\PSoC5/cyfitter_cfg.c **** 	/* Enable/Disable Debug functionality based on settings from System DWR */
 292:Generated_Source\PSoC5/cyfitter_cfg.c **** 	CY_SET_XTND_REG8((void CYFAR *)CYREG_MLOGIC_DEBUG, (CY_GET_XTND_REG8((void CYFAR *)CYREG_MLOGIC_DE
 428              		.loc 1 292 0
 429              		.thumb
 430 0008 344A     		ldr	r2, .L24
 431 000a 344B     		ldr	r3, .L24
 432 000c 1B78     		ldrb	r3, [r3]
 433 000e DBB2     		uxtb	r3, r3
 434 0010 43F00403 		orr	r3, r3, #4
 435 0014 DBB2     		uxtb	r3, r3
 436 0016 1370     		strb	r3, [r2]
 437              	.LBB2:
 293:Generated_Source\PSoC5/cyfitter_cfg.c **** 
 294:Generated_Source\PSoC5/cyfitter_cfg.c **** 	{
 295:Generated_Source\PSoC5/cyfitter_cfg.c **** 
 296:Generated_Source\PSoC5/cyfitter_cfg.c **** 		CYPACKED typedef struct {
 297:Generated_Source\PSoC5/cyfitter_cfg.c **** 			void CYFAR *address;
 298:Generated_Source\PSoC5/cyfitter_cfg.c **** 			uint16 size;
 299:Generated_Source\PSoC5/cyfitter_cfg.c **** 		} CYPACKED_ATTR cfg_memset_t;
 300:Generated_Source\PSoC5/cyfitter_cfg.c **** 
 301:Generated_Source\PSoC5/cyfitter_cfg.c **** 		static const cfg_memset_t CYCODE cfg_memset_list [] = {
ARM GAS  C:\Users\LUKASC~1\AppData\Local\Temp\ccPhOu0c.s 			page 14


 302:Generated_Source\PSoC5/cyfitter_cfg.c **** 			/* address, size */
 303:Generated_Source\PSoC5/cyfitter_cfg.c **** 			{(void CYFAR *)(CYREG_PRT2_DR), 80u},
 304:Generated_Source\PSoC5/cyfitter_cfg.c **** 			{(void CYFAR *)(CYREG_PRT12_DR), 16u},
 305:Generated_Source\PSoC5/cyfitter_cfg.c **** 			{(void CYFAR *)(CYREG_PRT15_DR), 16u},
 306:Generated_Source\PSoC5/cyfitter_cfg.c **** 			{(void CYFAR *)(CYDEV_UCFG_B0_P0_U0_BASE), 4096u},
 307:Generated_Source\PSoC5/cyfitter_cfg.c **** 			{(void CYFAR *)(CYDEV_UCFG_B1_P2_U0_BASE), 2048u},
 308:Generated_Source\PSoC5/cyfitter_cfg.c **** 			{(void CYFAR *)(CYDEV_UCFG_DSI0_BASE), 2560u},
 309:Generated_Source\PSoC5/cyfitter_cfg.c **** 			{(void CYFAR *)(CYDEV_UCFG_DSI12_BASE), 512u},
 310:Generated_Source\PSoC5/cyfitter_cfg.c **** 			{(void CYFAR *)(CYREG_BCTL0_MDCLK_EN), 32u},
 311:Generated_Source\PSoC5/cyfitter_cfg.c **** 		};
 312:Generated_Source\PSoC5/cyfitter_cfg.c **** 
 313:Generated_Source\PSoC5/cyfitter_cfg.c **** 		uint8 CYDATA i;
 314:Generated_Source\PSoC5/cyfitter_cfg.c **** 
 315:Generated_Source\PSoC5/cyfitter_cfg.c **** 		/* Zero out critical memory blocks before beginning configuration */
 316:Generated_Source\PSoC5/cyfitter_cfg.c **** 		for (i = 0u; i < (sizeof(cfg_memset_list)/sizeof(cfg_memset_list[0])); i++)
 438              		.loc 1 316 0
 439 0018 0023     		movs	r3, #0
 440 001a FB71     		strb	r3, [r7, #7]
 441 001c 13E0     		b	.L22
 442              	.L23:
 443              	.LBB3:
 317:Generated_Source\PSoC5/cyfitter_cfg.c **** 		{
 318:Generated_Source\PSoC5/cyfitter_cfg.c **** 			const cfg_memset_t CYCODE * CYDATA ms = &cfg_memset_list[i];
 444              		.loc 1 318 0 discriminator 3
 445 001e FA79     		ldrb	r2, [r7, #7]	@ zero_extendqisi2
 446 0020 1346     		mov	r3, r2
 447 0022 5B00     		lsls	r3, r3, #1
 448 0024 1344     		add	r3, r3, r2
 449 0026 5B00     		lsls	r3, r3, #1
 450 0028 2D4A     		ldr	r2, .L24+4
 451 002a 1344     		add	r3, r3, r2
 452 002c 3B60     		str	r3, [r7]
 319:Generated_Source\PSoC5/cyfitter_cfg.c **** 			CYMEMZERO(ms->address, (size_t)(uint32)(ms->size));
 453              		.loc 1 319 0 discriminator 3
 454 002e 3B68     		ldr	r3, [r7]
 455 0030 1A68     		ldr	r2, [r3]	@ unaligned
 456 0032 3B68     		ldr	r3, [r7]
 457 0034 9B88     		ldrh	r3, [r3, #4]	@ unaligned
 458 0036 9BB2     		uxth	r3, r3
 459 0038 1046     		mov	r0, r2
 460 003a 1946     		mov	r1, r3
 461 003c FFF7FEFF 		bl	CYMEMZERO
 462              	.LBE3:
 316:Generated_Source\PSoC5/cyfitter_cfg.c **** 		{
 463              		.loc 1 316 0 discriminator 3
 464 0040 FB79     		ldrb	r3, [r7, #7]	@ zero_extendqisi2
 465 0042 0133     		adds	r3, r3, #1
 466 0044 FB71     		strb	r3, [r7, #7]
 467              	.L22:
 316:Generated_Source\PSoC5/cyfitter_cfg.c **** 		{
 468              		.loc 1 316 0 is_stmt 0 discriminator 1
 469 0046 FB79     		ldrb	r3, [r7, #7]	@ zero_extendqisi2
 470 0048 072B     		cmp	r3, #7
 471 004a E8D9     		bls	.L23
 320:Generated_Source\PSoC5/cyfitter_cfg.c **** 		}
 321:Generated_Source\PSoC5/cyfitter_cfg.c **** 
 322:Generated_Source\PSoC5/cyfitter_cfg.c **** 		/* Enable digital routing */
ARM GAS  C:\Users\LUKASC~1\AppData\Local\Temp\ccPhOu0c.s 			page 15


 323:Generated_Source\PSoC5/cyfitter_cfg.c **** 		CY_SET_XTND_REG8((void CYFAR *)CYREG_BCTL0_BANK_CTL, CY_GET_XTND_REG8((void CYFAR *)CYREG_BCTL0_B
 472              		.loc 1 323 0 is_stmt 1
 473 004c 254A     		ldr	r2, .L24+8
 474 004e 254B     		ldr	r3, .L24+8
 475 0050 1B78     		ldrb	r3, [r3]
 476 0052 DBB2     		uxtb	r3, r3
 477 0054 43F00203 		orr	r3, r3, #2
 478 0058 DBB2     		uxtb	r3, r3
 479 005a 1370     		strb	r3, [r2]
 324:Generated_Source\PSoC5/cyfitter_cfg.c **** 		CY_SET_XTND_REG8((void CYFAR *)CYREG_BCTL1_BANK_CTL, CY_GET_XTND_REG8((void CYFAR *)CYREG_BCTL1_B
 480              		.loc 1 324 0
 481 005c 224A     		ldr	r2, .L24+12
 482 005e 224B     		ldr	r3, .L24+12
 483 0060 1B78     		ldrb	r3, [r3]
 484 0062 DBB2     		uxtb	r3, r3
 485 0064 43F00203 		orr	r3, r3, #2
 486 0068 DBB2     		uxtb	r3, r3
 487 006a 1370     		strb	r3, [r2]
 325:Generated_Source\PSoC5/cyfitter_cfg.c **** 
 326:Generated_Source\PSoC5/cyfitter_cfg.c **** 		/* Enable UDB array */
 327:Generated_Source\PSoC5/cyfitter_cfg.c **** 		CY_SET_XTND_REG8((void CYFAR *)CYREG_PM_ACT_CFG0, CY_GET_XTND_REG8((void CYFAR *)CYREG_PM_ACT_CFG
 488              		.loc 1 327 0
 489 006c 1F4A     		ldr	r2, .L24+16
 490 006e 1F4B     		ldr	r3, .L24+16
 491 0070 1B78     		ldrb	r3, [r3]
 492 0072 DBB2     		uxtb	r3, r3
 493 0074 43F04003 		orr	r3, r3, #64
 494 0078 DBB2     		uxtb	r3, r3
 495 007a 1370     		strb	r3, [r2]
 328:Generated_Source\PSoC5/cyfitter_cfg.c **** 		CY_SET_XTND_REG8((void CYFAR *)CYREG_PM_AVAIL_CR2, CY_GET_XTND_REG8((void CYFAR *)CYREG_PM_AVAIL_
 496              		.loc 1 328 0
 497 007c 1C4A     		ldr	r2, .L24+20
 498 007e 1C4B     		ldr	r3, .L24+20
 499 0080 1B78     		ldrb	r3, [r3]
 500 0082 DBB2     		uxtb	r3, r3
 501 0084 43F01003 		orr	r3, r3, #16
 502 0088 DBB2     		uxtb	r3, r3
 503 008a 1370     		strb	r3, [r2]
 504              	.LBE2:
 329:Generated_Source\PSoC5/cyfitter_cfg.c **** 	}
 330:Generated_Source\PSoC5/cyfitter_cfg.c **** 
 331:Generated_Source\PSoC5/cyfitter_cfg.c **** 
 332:Generated_Source\PSoC5/cyfitter_cfg.c **** 	/* Perform second pass device configuration. These items must be configured in specific order afte
 333:Generated_Source\PSoC5/cyfitter_cfg.c **** 	CYCONFIGCPYCODE((void CYFAR *)(CYREG_PRT0_DM0), (const void CYCODE *)(BS_IOPINS0_0_VAL), 8u);
 505              		.loc 1 333 0
 506 008c 1948     		ldr	r0, .L24+24
 507 008e 1A49     		ldr	r1, .L24+28
 508 0090 0822     		movs	r2, #8
 509 0092 FFF7FEFF 		bl	CYCONFIGCPYCODE
 334:Generated_Source\PSoC5/cyfitter_cfg.c **** 	CYCONFIGCPYCODE((void CYFAR *)(CYREG_PRT1_DM0), (const void CYCODE *)(BS_IOPINS0_1_VAL), 8u);
 510              		.loc 1 334 0
 511 0096 1948     		ldr	r0, .L24+32
 512 0098 1949     		ldr	r1, .L24+36
 513 009a 0822     		movs	r2, #8
 514 009c FFF7FEFF 		bl	CYCONFIGCPYCODE
 335:Generated_Source\PSoC5/cyfitter_cfg.c **** 	/* Switch Boost to the precision bandgap reference from its internal reference */
 336:Generated_Source\PSoC5/cyfitter_cfg.c **** 	CY_SET_REG8((void CYXDATA *)CYREG_BOOST_CR2, (CY_GET_REG8((void CYXDATA *)CYREG_BOOST_CR2) | 0x08u
ARM GAS  C:\Users\LUKASC~1\AppData\Local\Temp\ccPhOu0c.s 			page 16


 515              		.loc 1 336 0
 516 00a0 184A     		ldr	r2, .L24+40
 517 00a2 184B     		ldr	r3, .L24+40
 518 00a4 1B78     		ldrb	r3, [r3]
 519 00a6 DBB2     		uxtb	r3, r3
 520 00a8 43F00803 		orr	r3, r3, #8
 521 00ac DBB2     		uxtb	r3, r3
 522 00ae 1370     		strb	r3, [r2]
 337:Generated_Source\PSoC5/cyfitter_cfg.c **** 
 338:Generated_Source\PSoC5/cyfitter_cfg.c **** 	/* Set Flash Cycles based on max possible frequency in case a glitch occurs during ClockSetup(). *
 339:Generated_Source\PSoC5/cyfitter_cfg.c **** 	CY_SET_XTND_REG8((void CYFAR *)(CYREG_CACHE_CC_CTL), (((CYDEV_INSTRUCT_CACHE_ENABLED) != 0) ? 0x61
 523              		.loc 1 339 0
 524 00b0 154B     		ldr	r3, .L24+44
 525 00b2 6022     		movs	r2, #96
 526 00b4 1A70     		strb	r2, [r3]
 340:Generated_Source\PSoC5/cyfitter_cfg.c **** 	/* Setup clocks based on selections from Clock DWR */
 341:Generated_Source\PSoC5/cyfitter_cfg.c **** 	ClockSetup();
 527              		.loc 1 341 0
 528 00b6 FFF7FEFF 		bl	ClockSetup
 342:Generated_Source\PSoC5/cyfitter_cfg.c **** 	/* Set Flash Cycles based on newly configured 24.00MHz Bus Clock. */
 343:Generated_Source\PSoC5/cyfitter_cfg.c **** 	CY_SET_XTND_REG8((void CYFAR *)(CYREG_CACHE_CC_CTL), (((CYDEV_INSTRUCT_CACHE_ENABLED) != 0) ? 0x81
 529              		.loc 1 343 0
 530 00ba 134B     		ldr	r3, .L24+44
 531 00bc 8022     		movs	r2, #128
 532 00be 1A70     		strb	r2, [r3]
 344:Generated_Source\PSoC5/cyfitter_cfg.c **** 	CY_SET_XTND_REG8((void CYFAR *)(CYREG_PANTHER_WAITPIPE), 0x01u);
 533              		.loc 1 344 0
 534 00c0 124B     		ldr	r3, .L24+48
 535 00c2 0122     		movs	r2, #1
 536 00c4 1A70     		strb	r2, [r3]
 345:Generated_Source\PSoC5/cyfitter_cfg.c **** 
 346:Generated_Source\PSoC5/cyfitter_cfg.c **** 	/* Perform basic analog initialization to defaults */
 347:Generated_Source\PSoC5/cyfitter_cfg.c **** 	AnalogSetDefault();
 537              		.loc 1 347 0
 538 00c6 FFF7FEFF 		bl	AnalogSetDefault
 348:Generated_Source\PSoC5/cyfitter_cfg.c **** 
 349:Generated_Source\PSoC5/cyfitter_cfg.c **** 	/* Configure alternate active mode */
 350:Generated_Source\PSoC5/cyfitter_cfg.c **** 	CYCONFIGCPY((void CYFAR *)CYDEV_PM_STBY_BASE, (const void CYFAR *)CYDEV_PM_ACT_BASE, 14u);
 539              		.loc 1 350 0
 540 00ca 1148     		ldr	r0, .L24+52
 541 00cc 0749     		ldr	r1, .L24+16
 542 00ce 0E22     		movs	r2, #14
 543 00d0 FFF7FEFF 		bl	CYCONFIGCPY
 351:Generated_Source\PSoC5/cyfitter_cfg.c **** }
 544              		.loc 1 351 0
 545 00d4 0837     		adds	r7, r7, #8
 546              		.cfi_def_cfa_offset 8
 547 00d6 BD46     		mov	sp, r7
 548              		.cfi_def_cfa_register 13
 549              		@ sp needed
 550 00d8 80BD     		pop	{r7, pc}
 551              	.L25:
 552 00da 00BF     		.align	2
 553              	.L24:
 554 00dc E8460040 		.word	1073759976
 555 00e0 00000000 		.word	cfg_memset_list.4865
 556 00e4 03500140 		.word	1073827843
ARM GAS  C:\Users\LUKASC~1\AppData\Local\Temp\ccPhOu0c.s 			page 17


 557 00e8 13500140 		.word	1073827859
 558 00ec A0430040 		.word	1073759136
 559 00f0 C2430040 		.word	1073759170
 560 00f4 02510040 		.word	1073762562
 561 00f8 30000000 		.word	BS_IOPINS0_0_VAL.4859
 562 00fc 12510040 		.word	1073762578
 563 0100 38000000 		.word	BS_IOPINS0_1_VAL.4860
 564 0104 22430040 		.word	1073759010
 565 0108 00480040 		.word	1073760256
 566 010c 04000840 		.word	1074266116
 567 0110 B0430040 		.word	1073759152
 568              		.cfi_endproc
 569              	.LFE7:
 570              		.size	cyfitter_cfg, .-cyfitter_cfg
 571              		.section	.rodata
 572              		.align	2
 573              		.type	cfg_memset_list.4865, %object
 574              		.size	cfg_memset_list.4865, 48
 575              	cfg_memset_list.4865:
 576 0000 20510040 		.word	1073762592
 577 0004 5000     		.short	80
 578 0006 C0510040 		.4byte	1073762752
 579 000a 1000     		.short	16
 580 000c F0510040 		.word	1073762800
 581 0010 1000     		.short	16
 582 0012 00000140 		.4byte	1073807360
 583 0016 0010     		.short	4096
 584 0018 00140140 		.word	1073812480
 585 001c 0008     		.short	2048
 586 001e 00400140 		.4byte	1073823744
 587 0022 000A     		.short	2560
 588 0024 004C0140 		.word	1073826816
 589 0028 0002     		.short	512
 590 002a 00500140 		.4byte	1073827840
 591 002e 2000     		.short	32
 592              		.align	2
 593              		.type	BS_IOPINS0_0_VAL.4859, %object
 594              		.size	BS_IOPINS0_0_VAL.4859, 8
 595              	BS_IOPINS0_0_VAL.4859:
 596 0030 00       		.byte	0
 597 0031 07       		.byte	7
 598 0032 07       		.byte	7
 599 0033 00       		.byte	0
 600 0034 00       		.byte	0
 601 0035 00       		.byte	0
 602 0036 00       		.byte	0
 603 0037 00       		.byte	0
 604              		.align	2
 605              		.type	BS_IOPINS0_1_VAL.4860, %object
 606              		.size	BS_IOPINS0_1_VAL.4860, 8
 607              	BS_IOPINS0_1_VAL.4860:
 608 0038 00       		.byte	0
 609 0039 0B       		.byte	11
 610 003a 0B       		.byte	11
 611 003b 00       		.byte	0
 612 003c 00       		.byte	0
 613 003d 00       		.byte	0
ARM GAS  C:\Users\LUKASC~1\AppData\Local\Temp\ccPhOu0c.s 			page 18


 614 003e 00       		.byte	0
 615 003f 00       		.byte	0
 616              		.text
 617              	.Letext0:
 618              		.file 2 "c:\\program files (x86)\\cypress\\psoc creator\\4.0\\psoc creator\\import\\gnu\\arm\\4.9.
 619              		.file 3 "Generated_Source\\PSoC5\\cytypes.h"
 620              		.section	.debug_info,"",%progbits
 621              	.Ldebug_info0:
 622 0000 1A030000 		.4byte	0x31a
 623 0004 0400     		.2byte	0x4
 624 0006 00000000 		.4byte	.Ldebug_abbrev0
 625 000a 04       		.byte	0x4
 626 000b 01       		.uleb128 0x1
 627 000c 86010000 		.4byte	.LASF40
 628 0010 01       		.byte	0x1
 629 0011 89000000 		.4byte	.LASF41
 630 0015 1E000000 		.4byte	.LASF42
 631 0019 00000000 		.4byte	.Ldebug_ranges0+0
 632 001d 00000000 		.4byte	0
 633 0021 00000000 		.4byte	.Ldebug_line0
 634 0025 02       		.uleb128 0x2
 635 0026 04       		.byte	0x4
 636 0027 05       		.byte	0x5
 637 0028 696E7400 		.ascii	"int\000"
 638 002c 03       		.uleb128 0x3
 639 002d 06000000 		.4byte	.LASF11
 640 0031 02       		.byte	0x2
 641 0032 D4       		.byte	0xd4
 642 0033 37000000 		.4byte	0x37
 643 0037 04       		.uleb128 0x4
 644 0038 04       		.byte	0x4
 645 0039 07       		.byte	0x7
 646 003a 40020000 		.4byte	.LASF0
 647 003e 04       		.uleb128 0x4
 648 003f 01       		.byte	0x1
 649 0040 06       		.byte	0x6
 650 0041 CA020000 		.4byte	.LASF1
 651 0045 04       		.uleb128 0x4
 652 0046 01       		.byte	0x1
 653 0047 08       		.byte	0x8
 654 0048 78010000 		.4byte	.LASF2
 655 004c 04       		.uleb128 0x4
 656 004d 02       		.byte	0x2
 657 004e 05       		.byte	0x5
 658 004f 98020000 		.4byte	.LASF3
 659 0053 04       		.uleb128 0x4
 660 0054 02       		.byte	0x2
 661 0055 07       		.byte	0x7
 662 0056 DA000000 		.4byte	.LASF4
 663 005a 04       		.uleb128 0x4
 664 005b 04       		.byte	0x4
 665 005c 05       		.byte	0x5
 666 005d AA020000 		.4byte	.LASF5
 667 0061 04       		.uleb128 0x4
 668 0062 04       		.byte	0x4
 669 0063 07       		.byte	0x7
 670 0064 40010000 		.4byte	.LASF6
ARM GAS  C:\Users\LUKASC~1\AppData\Local\Temp\ccPhOu0c.s 			page 19


 671 0068 04       		.uleb128 0x4
 672 0069 08       		.byte	0x8
 673 006a 05       		.byte	0x5
 674 006b 82020000 		.4byte	.LASF7
 675 006f 04       		.uleb128 0x4
 676 0070 08       		.byte	0x8
 677 0071 07       		.byte	0x7
 678 0072 55020000 		.4byte	.LASF8
 679 0076 04       		.uleb128 0x4
 680 0077 04       		.byte	0x4
 681 0078 07       		.byte	0x7
 682 0079 79020000 		.4byte	.LASF9
 683 007d 05       		.uleb128 0x5
 684 007e 04       		.byte	0x4
 685 007f 04       		.uleb128 0x4
 686 0080 01       		.byte	0x1
 687 0081 08       		.byte	0x8
 688 0082 B3020000 		.4byte	.LASF10
 689 0086 06       		.uleb128 0x6
 690 0087 52010000 		.4byte	.LASF12
 691 008b 03       		.byte	0x3
 692 008c 9201     		.2byte	0x192
 693 008e 45000000 		.4byte	0x45
 694 0092 06       		.uleb128 0x6
 695 0093 28020000 		.4byte	.LASF13
 696 0097 03       		.byte	0x3
 697 0098 9301     		.2byte	0x193
 698 009a 53000000 		.4byte	0x53
 699 009e 06       		.uleb128 0x6
 700 009f 39020000 		.4byte	.LASF14
 701 00a3 03       		.byte	0x3
 702 00a4 9401     		.2byte	0x194
 703 00a6 61000000 		.4byte	0x61
 704 00aa 04       		.uleb128 0x4
 705 00ab 04       		.byte	0x4
 706 00ac 04       		.byte	0x4
 707 00ad 17010000 		.4byte	.LASF15
 708 00b1 04       		.uleb128 0x4
 709 00b2 08       		.byte	0x8
 710 00b3 04       		.byte	0x4
 711 00b4 14020000 		.4byte	.LASF16
 712 00b8 06       		.uleb128 0x6
 713 00b9 3B010000 		.4byte	.LASF17
 714 00bd 03       		.byte	0x3
 715 00be 3C02     		.2byte	0x23c
 716 00c0 C4000000 		.4byte	0xc4
 717 00c4 07       		.uleb128 0x7
 718 00c5 86000000 		.4byte	0x86
 719 00c9 06       		.uleb128 0x6
 720 00ca 00000000 		.4byte	.LASF18
 721 00ce 03       		.byte	0x3
 722 00cf 3D02     		.2byte	0x23d
 723 00d1 D5000000 		.4byte	0xd5
 724 00d5 07       		.uleb128 0x7
 725 00d6 92000000 		.4byte	0x92
 726 00da 08       		.uleb128 0x8
 727 00db 58010000 		.4byte	.LASF19
ARM GAS  C:\Users\LUKASC~1\AppData\Local\Temp\ccPhOu0c.s 			page 20


 728 00df 01       		.byte	0x1
 729 00e0 3F       		.byte	0x3f
 730 00e1 00000000 		.4byte	.LFB0
 731 00e5 1A000000 		.4byte	.LFE0-.LFB0
 732 00e9 01       		.uleb128 0x1
 733 00ea 9C       		.byte	0x9c
 734 00eb 08010000 		.4byte	0x108
 735 00ef 09       		.uleb128 0x9
 736 00f0 7300     		.ascii	"s\000"
 737 00f2 01       		.byte	0x1
 738 00f3 3F       		.byte	0x3f
 739 00f4 7D000000 		.4byte	0x7d
 740 00f8 02       		.uleb128 0x2
 741 00f9 91       		.byte	0x91
 742 00fa 74       		.sleb128 -12
 743 00fb 09       		.uleb128 0x9
 744 00fc 6E00     		.ascii	"n\000"
 745 00fe 01       		.byte	0x1
 746 00ff 3F       		.byte	0x3f
 747 0100 2C000000 		.4byte	0x2c
 748 0104 02       		.uleb128 0x2
 749 0105 91       		.byte	0x91
 750 0106 70       		.sleb128 -16
 751 0107 00       		.byte	0
 752 0108 08       		.uleb128 0x8
 753 0109 DF020000 		.4byte	.LASF20
 754 010d 01       		.byte	0x1
 755 010e 46       		.byte	0x46
 756 010f 00000000 		.4byte	.LFB1
 757 0113 1C000000 		.4byte	.LFE1-.LFB1
 758 0117 01       		.uleb128 0x1
 759 0118 9C       		.byte	0x9c
 760 0119 46010000 		.4byte	0x146
 761 011d 0A       		.uleb128 0xa
 762 011e 31010000 		.4byte	.LASF21
 763 0122 01       		.byte	0x1
 764 0123 46       		.byte	0x46
 765 0124 7D000000 		.4byte	0x7d
 766 0128 02       		.uleb128 0x2
 767 0129 91       		.byte	0x91
 768 012a 74       		.sleb128 -12
 769 012b 09       		.uleb128 0x9
 770 012c 73726300 		.ascii	"src\000"
 771 0130 01       		.byte	0x1
 772 0131 46       		.byte	0x46
 773 0132 46010000 		.4byte	0x146
 774 0136 02       		.uleb128 0x2
 775 0137 91       		.byte	0x91
 776 0138 70       		.sleb128 -16
 777 0139 09       		.uleb128 0x9
 778 013a 6E00     		.ascii	"n\000"
 779 013c 01       		.byte	0x1
 780 013d 46       		.byte	0x46
 781 013e 2C000000 		.4byte	0x2c
 782 0142 02       		.uleb128 0x2
 783 0143 91       		.byte	0x91
 784 0144 6C       		.sleb128 -20
ARM GAS  C:\Users\LUKASC~1\AppData\Local\Temp\ccPhOu0c.s 			page 21


 785 0145 00       		.byte	0
 786 0146 0B       		.uleb128 0xb
 787 0147 04       		.byte	0x4
 788 0148 4C010000 		.4byte	0x14c
 789 014c 0C       		.uleb128 0xc
 790 014d 08       		.uleb128 0x8
 791 014e BF000000 		.4byte	.LASF22
 792 0152 01       		.byte	0x1
 793 0153 4D       		.byte	0x4d
 794 0154 00000000 		.4byte	.LFB2
 795 0158 1C000000 		.4byte	.LFE2-.LFB2
 796 015c 01       		.uleb128 0x1
 797 015d 9C       		.byte	0x9c
 798 015e 8B010000 		.4byte	0x18b
 799 0162 0A       		.uleb128 0xa
 800 0163 31010000 		.4byte	.LASF21
 801 0167 01       		.byte	0x1
 802 0168 4D       		.byte	0x4d
 803 0169 7D000000 		.4byte	0x7d
 804 016d 02       		.uleb128 0x2
 805 016e 91       		.byte	0x91
 806 016f 74       		.sleb128 -12
 807 0170 09       		.uleb128 0x9
 808 0171 73726300 		.ascii	"src\000"
 809 0175 01       		.byte	0x1
 810 0176 4D       		.byte	0x4d
 811 0177 46010000 		.4byte	0x146
 812 017b 02       		.uleb128 0x2
 813 017c 91       		.byte	0x91
 814 017d 70       		.sleb128 -16
 815 017e 09       		.uleb128 0x9
 816 017f 6E00     		.ascii	"n\000"
 817 0181 01       		.byte	0x1
 818 0182 4D       		.byte	0x4d
 819 0183 2C000000 		.4byte	0x2c
 820 0187 02       		.uleb128 0x2
 821 0188 91       		.byte	0x91
 822 0189 6C       		.sleb128 -20
 823 018a 00       		.byte	0
 824 018b 0D       		.uleb128 0xd
 825 018c 1D010000 		.4byte	.LASF23
 826 0190 01       		.byte	0x1
 827 0191 6F       		.byte	0x6f
 828 0192 00000000 		.4byte	.LFB3
 829 0196 0C000000 		.4byte	.LFE3-.LFB3
 830 019a 01       		.uleb128 0x1
 831 019b 9C       		.byte	0x9c
 832 019c AF010000 		.4byte	0x1af
 833 01a0 0A       		.uleb128 0xa
 834 01a1 2F020000 		.4byte	.LASF24
 835 01a5 01       		.byte	0x1
 836 01a6 6F       		.byte	0x6f
 837 01a7 86000000 		.4byte	0x86
 838 01ab 02       		.uleb128 0x2
 839 01ac 91       		.byte	0x91
 840 01ad 77       		.sleb128 -9
 841 01ae 00       		.byte	0
ARM GAS  C:\Users\LUKASC~1\AppData\Local\Temp\ccPhOu0c.s 			page 22


 842 01af 08       		.uleb128 0x8
 843 01b0 CF000000 		.4byte	.LASF25
 844 01b4 01       		.byte	0x1
 845 01b5 9D       		.byte	0x9d
 846 01b6 00000000 		.4byte	.LFB4
 847 01ba D8000000 		.4byte	.LFE4-.LFB4
 848 01be 01       		.uleb128 0x1
 849 01bf 9C       		.byte	0x9c
 850 01c0 E1010000 		.4byte	0x1e1
 851 01c4 0E       		.uleb128 0xe
 852 01c5 90020000 		.4byte	.LASF26
 853 01c9 01       		.byte	0x1
 854 01ca 9F       		.byte	0x9f
 855 01cb 9E000000 		.4byte	0x9e
 856 01cf 02       		.uleb128 0x2
 857 01d0 91       		.byte	0x91
 858 01d1 74       		.sleb128 -12
 859 01d2 0E       		.uleb128 0xe
 860 01d3 FE000000 		.4byte	.LASF27
 861 01d7 01       		.byte	0x1
 862 01d8 A0       		.byte	0xa0
 863 01d9 86000000 		.4byte	0x86
 864 01dd 02       		.uleb128 0x2
 865 01de 91       		.byte	0x91
 866 01df 73       		.sleb128 -13
 867 01e0 00       		.byte	0
 868 01e1 0D       		.uleb128 0xd
 869 01e2 0D000000 		.4byte	.LASF28
 870 01e6 01       		.byte	0x1
 871 01e7 D8       		.byte	0xd8
 872 01e8 00000000 		.4byte	.LFB5
 873 01ec 44000000 		.4byte	.LFE5-.LFB5
 874 01f0 01       		.uleb128 0x1
 875 01f1 9C       		.byte	0x9c
 876 01f2 05020000 		.4byte	0x205
 877 01f6 0E       		.uleb128 0xe
 878 01f7 B8020000 		.4byte	.LASF29
 879 01fb 01       		.byte	0x1
 880 01fc DA       		.byte	0xda
 881 01fd 86000000 		.4byte	0x86
 882 0201 02       		.uleb128 0x2
 883 0202 91       		.byte	0x91
 884 0203 77       		.sleb128 -9
 885 0204 00       		.byte	0
 886 0205 0F       		.uleb128 0xf
 887 0206 62010000 		.4byte	.LASF32
 888 020a 01       		.byte	0x1
 889 020b F2       		.byte	0xf2
 890 020c 00000000 		.4byte	.LFB6
 891 0210 28000000 		.4byte	.LFE6-.LFB6
 892 0214 01       		.uleb128 0x1
 893 0215 9C       		.byte	0x9c
 894 0216 37020000 		.4byte	0x237
 895 021a 0A       		.uleb128 0xa
 896 021b A2020000 		.4byte	.LASF30
 897 021f 01       		.byte	0x1
 898 0220 F2       		.byte	0xf2
ARM GAS  C:\Users\LUKASC~1\AppData\Local\Temp\ccPhOu0c.s 			page 23


 899 0221 86000000 		.4byte	0x86
 900 0225 02       		.uleb128 0x2
 901 0226 91       		.byte	0x91
 902 0227 6F       		.sleb128 -17
 903 0228 0E       		.uleb128 0xe
 904 0229 D6020000 		.4byte	.LASF31
 905 022d 01       		.byte	0x1
 906 022e F4       		.byte	0xf4
 907 022f 86000000 		.4byte	0x86
 908 0233 02       		.uleb128 0x2
 909 0234 91       		.byte	0x91
 910 0235 77       		.sleb128 -9
 911 0236 00       		.byte	0
 912 0237 10       		.uleb128 0x10
 913 0238 1B020000 		.4byte	.LASF33
 914 023c 01       		.byte	0x1
 915 023d 1401     		.2byte	0x114
 916 023f 00000000 		.4byte	.LFB7
 917 0243 14010000 		.4byte	.LFE7-.LFB7
 918 0247 01       		.uleb128 0x1
 919 0248 9C       		.byte	0x9c
 920 0249 03030000 		.4byte	0x303
 921 024d 11       		.uleb128 0x11
 922 024e 06010000 		.4byte	.LASF34
 923 0252 01       		.byte	0x1
 924 0253 1701     		.2byte	0x117
 925 0255 13030000 		.4byte	0x313
 926 0259 05       		.uleb128 0x5
 927 025a 03       		.byte	0x3
 928 025b 30000000 		.4byte	BS_IOPINS0_0_VAL.4859
 929 025f 11       		.uleb128 0x11
 930 0260 ED000000 		.4byte	.LASF35
 931 0264 01       		.byte	0x1
 932 0265 1B01     		.2byte	0x11b
 933 0267 18030000 		.4byte	0x318
 934 026b 05       		.uleb128 0x5
 935 026c 03       		.byte	0x3
 936 026d 38000000 		.4byte	BS_IOPINS0_1_VAL.4860
 937 0271 12       		.uleb128 0x12
 938 0272 18000000 		.4byte	.LBB2
 939 0276 74000000 		.4byte	.LBE2-.LBB2
 940 027a 13       		.uleb128 0x13
 941 027b 06       		.byte	0x6
 942 027c 01       		.byte	0x1
 943 027d 2801     		.2byte	0x128
 944 027f 9E020000 		.4byte	0x29e
 945 0283 14       		.uleb128 0x14
 946 0284 4D020000 		.4byte	.LASF36
 947 0288 01       		.byte	0x1
 948 0289 2901     		.2byte	0x129
 949 028b 7D000000 		.4byte	0x7d
 950 028f 00       		.byte	0
 951 0290 14       		.uleb128 0x14
 952 0291 36010000 		.4byte	.LASF37
 953 0295 01       		.byte	0x1
 954 0296 2A01     		.2byte	0x12a
 955 0298 92000000 		.4byte	0x92
ARM GAS  C:\Users\LUKASC~1\AppData\Local\Temp\ccPhOu0c.s 			page 24


 956 029c 04       		.byte	0x4
 957 029d 00       		.byte	0
 958 029e 06       		.uleb128 0x6
 959 029f 6C020000 		.4byte	.LASF38
 960 02a3 01       		.byte	0x1
 961 02a4 2B01     		.2byte	0x12b
 962 02a6 7A020000 		.4byte	0x27a
 963 02aa 15       		.uleb128 0x15
 964 02ab 9E020000 		.4byte	0x29e
 965 02af BA020000 		.4byte	0x2ba
 966 02b3 16       		.uleb128 0x16
 967 02b4 76000000 		.4byte	0x76
 968 02b8 07       		.byte	0x7
 969 02b9 00       		.byte	0
 970 02ba 11       		.uleb128 0x11
 971 02bb AF000000 		.4byte	.LASF39
 972 02bf 01       		.byte	0x1
 973 02c0 2D01     		.2byte	0x12d
 974 02c2 CC020000 		.4byte	0x2cc
 975 02c6 05       		.uleb128 0x5
 976 02c7 03       		.byte	0x3
 977 02c8 00000000 		.4byte	cfg_memset_list.4865
 978 02cc 17       		.uleb128 0x17
 979 02cd AA020000 		.4byte	0x2aa
 980 02d1 18       		.uleb128 0x18
 981 02d2 6900     		.ascii	"i\000"
 982 02d4 01       		.byte	0x1
 983 02d5 3901     		.2byte	0x139
 984 02d7 86000000 		.4byte	0x86
 985 02db 02       		.uleb128 0x2
 986 02dc 91       		.byte	0x91
 987 02dd 77       		.sleb128 -9
 988 02de 12       		.uleb128 0x12
 989 02df 1E000000 		.4byte	.LBB3
 990 02e3 22000000 		.4byte	.LBE3-.LBB3
 991 02e7 18       		.uleb128 0x18
 992 02e8 6D7300   		.ascii	"ms\000"
 993 02eb 01       		.byte	0x1
 994 02ec 3E01     		.2byte	0x13e
 995 02ee F5020000 		.4byte	0x2f5
 996 02f2 02       		.uleb128 0x2
 997 02f3 91       		.byte	0x91
 998 02f4 70       		.sleb128 -16
 999 02f5 0B       		.uleb128 0xb
 1000 02f6 04       		.byte	0x4
 1001 02f7 FB020000 		.4byte	0x2fb
 1002 02fb 17       		.uleb128 0x17
 1003 02fc 9E020000 		.4byte	0x29e
 1004 0300 00       		.byte	0
 1005 0301 00       		.byte	0
 1006 0302 00       		.byte	0
 1007 0303 15       		.uleb128 0x15
 1008 0304 86000000 		.4byte	0x86
 1009 0308 13030000 		.4byte	0x313
 1010 030c 16       		.uleb128 0x16
 1011 030d 76000000 		.4byte	0x76
 1012 0311 07       		.byte	0x7
ARM GAS  C:\Users\LUKASC~1\AppData\Local\Temp\ccPhOu0c.s 			page 25


 1013 0312 00       		.byte	0
 1014 0313 17       		.uleb128 0x17
 1015 0314 03030000 		.4byte	0x303
 1016 0318 17       		.uleb128 0x17
 1017 0319 03030000 		.4byte	0x303
 1018 031d 00       		.byte	0
 1019              		.section	.debug_abbrev,"",%progbits
 1020              	.Ldebug_abbrev0:
 1021 0000 01       		.uleb128 0x1
 1022 0001 11       		.uleb128 0x11
 1023 0002 01       		.byte	0x1
 1024 0003 25       		.uleb128 0x25
 1025 0004 0E       		.uleb128 0xe
 1026 0005 13       		.uleb128 0x13
 1027 0006 0B       		.uleb128 0xb
 1028 0007 03       		.uleb128 0x3
 1029 0008 0E       		.uleb128 0xe
 1030 0009 1B       		.uleb128 0x1b
 1031 000a 0E       		.uleb128 0xe
 1032 000b 55       		.uleb128 0x55
 1033 000c 17       		.uleb128 0x17
 1034 000d 11       		.uleb128 0x11
 1035 000e 01       		.uleb128 0x1
 1036 000f 10       		.uleb128 0x10
 1037 0010 17       		.uleb128 0x17
 1038 0011 00       		.byte	0
 1039 0012 00       		.byte	0
 1040 0013 02       		.uleb128 0x2
 1041 0014 24       		.uleb128 0x24
 1042 0015 00       		.byte	0
 1043 0016 0B       		.uleb128 0xb
 1044 0017 0B       		.uleb128 0xb
 1045 0018 3E       		.uleb128 0x3e
 1046 0019 0B       		.uleb128 0xb
 1047 001a 03       		.uleb128 0x3
 1048 001b 08       		.uleb128 0x8
 1049 001c 00       		.byte	0
 1050 001d 00       		.byte	0
 1051 001e 03       		.uleb128 0x3
 1052 001f 16       		.uleb128 0x16
 1053 0020 00       		.byte	0
 1054 0021 03       		.uleb128 0x3
 1055 0022 0E       		.uleb128 0xe
 1056 0023 3A       		.uleb128 0x3a
 1057 0024 0B       		.uleb128 0xb
 1058 0025 3B       		.uleb128 0x3b
 1059 0026 0B       		.uleb128 0xb
 1060 0027 49       		.uleb128 0x49
 1061 0028 13       		.uleb128 0x13
 1062 0029 00       		.byte	0
 1063 002a 00       		.byte	0
 1064 002b 04       		.uleb128 0x4
 1065 002c 24       		.uleb128 0x24
 1066 002d 00       		.byte	0
 1067 002e 0B       		.uleb128 0xb
 1068 002f 0B       		.uleb128 0xb
 1069 0030 3E       		.uleb128 0x3e
ARM GAS  C:\Users\LUKASC~1\AppData\Local\Temp\ccPhOu0c.s 			page 26


 1070 0031 0B       		.uleb128 0xb
 1071 0032 03       		.uleb128 0x3
 1072 0033 0E       		.uleb128 0xe
 1073 0034 00       		.byte	0
 1074 0035 00       		.byte	0
 1075 0036 05       		.uleb128 0x5
 1076 0037 0F       		.uleb128 0xf
 1077 0038 00       		.byte	0
 1078 0039 0B       		.uleb128 0xb
 1079 003a 0B       		.uleb128 0xb
 1080 003b 00       		.byte	0
 1081 003c 00       		.byte	0
 1082 003d 06       		.uleb128 0x6
 1083 003e 16       		.uleb128 0x16
 1084 003f 00       		.byte	0
 1085 0040 03       		.uleb128 0x3
 1086 0041 0E       		.uleb128 0xe
 1087 0042 3A       		.uleb128 0x3a
 1088 0043 0B       		.uleb128 0xb
 1089 0044 3B       		.uleb128 0x3b
 1090 0045 05       		.uleb128 0x5
 1091 0046 49       		.uleb128 0x49
 1092 0047 13       		.uleb128 0x13
 1093 0048 00       		.byte	0
 1094 0049 00       		.byte	0
 1095 004a 07       		.uleb128 0x7
 1096 004b 35       		.uleb128 0x35
 1097 004c 00       		.byte	0
 1098 004d 49       		.uleb128 0x49
 1099 004e 13       		.uleb128 0x13
 1100 004f 00       		.byte	0
 1101 0050 00       		.byte	0
 1102 0051 08       		.uleb128 0x8
 1103 0052 2E       		.uleb128 0x2e
 1104 0053 01       		.byte	0x1
 1105 0054 03       		.uleb128 0x3
 1106 0055 0E       		.uleb128 0xe
 1107 0056 3A       		.uleb128 0x3a
 1108 0057 0B       		.uleb128 0xb
 1109 0058 3B       		.uleb128 0x3b
 1110 0059 0B       		.uleb128 0xb
 1111 005a 27       		.uleb128 0x27
 1112 005b 19       		.uleb128 0x19
 1113 005c 11       		.uleb128 0x11
 1114 005d 01       		.uleb128 0x1
 1115 005e 12       		.uleb128 0x12
 1116 005f 06       		.uleb128 0x6
 1117 0060 40       		.uleb128 0x40
 1118 0061 18       		.uleb128 0x18
 1119 0062 9642     		.uleb128 0x2116
 1120 0064 19       		.uleb128 0x19
 1121 0065 01       		.uleb128 0x1
 1122 0066 13       		.uleb128 0x13
 1123 0067 00       		.byte	0
 1124 0068 00       		.byte	0
 1125 0069 09       		.uleb128 0x9
 1126 006a 05       		.uleb128 0x5
ARM GAS  C:\Users\LUKASC~1\AppData\Local\Temp\ccPhOu0c.s 			page 27


 1127 006b 00       		.byte	0
 1128 006c 03       		.uleb128 0x3
 1129 006d 08       		.uleb128 0x8
 1130 006e 3A       		.uleb128 0x3a
 1131 006f 0B       		.uleb128 0xb
 1132 0070 3B       		.uleb128 0x3b
 1133 0071 0B       		.uleb128 0xb
 1134 0072 49       		.uleb128 0x49
 1135 0073 13       		.uleb128 0x13
 1136 0074 02       		.uleb128 0x2
 1137 0075 18       		.uleb128 0x18
 1138 0076 00       		.byte	0
 1139 0077 00       		.byte	0
 1140 0078 0A       		.uleb128 0xa
 1141 0079 05       		.uleb128 0x5
 1142 007a 00       		.byte	0
 1143 007b 03       		.uleb128 0x3
 1144 007c 0E       		.uleb128 0xe
 1145 007d 3A       		.uleb128 0x3a
 1146 007e 0B       		.uleb128 0xb
 1147 007f 3B       		.uleb128 0x3b
 1148 0080 0B       		.uleb128 0xb
 1149 0081 49       		.uleb128 0x49
 1150 0082 13       		.uleb128 0x13
 1151 0083 02       		.uleb128 0x2
 1152 0084 18       		.uleb128 0x18
 1153 0085 00       		.byte	0
 1154 0086 00       		.byte	0
 1155 0087 0B       		.uleb128 0xb
 1156 0088 0F       		.uleb128 0xf
 1157 0089 00       		.byte	0
 1158 008a 0B       		.uleb128 0xb
 1159 008b 0B       		.uleb128 0xb
 1160 008c 49       		.uleb128 0x49
 1161 008d 13       		.uleb128 0x13
 1162 008e 00       		.byte	0
 1163 008f 00       		.byte	0
 1164 0090 0C       		.uleb128 0xc
 1165 0091 26       		.uleb128 0x26
 1166 0092 00       		.byte	0
 1167 0093 00       		.byte	0
 1168 0094 00       		.byte	0
 1169 0095 0D       		.uleb128 0xd
 1170 0096 2E       		.uleb128 0x2e
 1171 0097 01       		.byte	0x1
 1172 0098 03       		.uleb128 0x3
 1173 0099 0E       		.uleb128 0xe
 1174 009a 3A       		.uleb128 0x3a
 1175 009b 0B       		.uleb128 0xb
 1176 009c 3B       		.uleb128 0x3b
 1177 009d 0B       		.uleb128 0xb
 1178 009e 27       		.uleb128 0x27
 1179 009f 19       		.uleb128 0x19
 1180 00a0 11       		.uleb128 0x11
 1181 00a1 01       		.uleb128 0x1
 1182 00a2 12       		.uleb128 0x12
 1183 00a3 06       		.uleb128 0x6
ARM GAS  C:\Users\LUKASC~1\AppData\Local\Temp\ccPhOu0c.s 			page 28


 1184 00a4 40       		.uleb128 0x40
 1185 00a5 18       		.uleb128 0x18
 1186 00a6 9742     		.uleb128 0x2117
 1187 00a8 19       		.uleb128 0x19
 1188 00a9 01       		.uleb128 0x1
 1189 00aa 13       		.uleb128 0x13
 1190 00ab 00       		.byte	0
 1191 00ac 00       		.byte	0
 1192 00ad 0E       		.uleb128 0xe
 1193 00ae 34       		.uleb128 0x34
 1194 00af 00       		.byte	0
 1195 00b0 03       		.uleb128 0x3
 1196 00b1 0E       		.uleb128 0xe
 1197 00b2 3A       		.uleb128 0x3a
 1198 00b3 0B       		.uleb128 0xb
 1199 00b4 3B       		.uleb128 0x3b
 1200 00b5 0B       		.uleb128 0xb
 1201 00b6 49       		.uleb128 0x49
 1202 00b7 13       		.uleb128 0x13
 1203 00b8 02       		.uleb128 0x2
 1204 00b9 18       		.uleb128 0x18
 1205 00ba 00       		.byte	0
 1206 00bb 00       		.byte	0
 1207 00bc 0F       		.uleb128 0xf
 1208 00bd 2E       		.uleb128 0x2e
 1209 00be 01       		.byte	0x1
 1210 00bf 3F       		.uleb128 0x3f
 1211 00c0 19       		.uleb128 0x19
 1212 00c1 03       		.uleb128 0x3
 1213 00c2 0E       		.uleb128 0xe
 1214 00c3 3A       		.uleb128 0x3a
 1215 00c4 0B       		.uleb128 0xb
 1216 00c5 3B       		.uleb128 0x3b
 1217 00c6 0B       		.uleb128 0xb
 1218 00c7 27       		.uleb128 0x27
 1219 00c8 19       		.uleb128 0x19
 1220 00c9 11       		.uleb128 0x11
 1221 00ca 01       		.uleb128 0x1
 1222 00cb 12       		.uleb128 0x12
 1223 00cc 06       		.uleb128 0x6
 1224 00cd 40       		.uleb128 0x40
 1225 00ce 18       		.uleb128 0x18
 1226 00cf 9742     		.uleb128 0x2117
 1227 00d1 19       		.uleb128 0x19
 1228 00d2 01       		.uleb128 0x1
 1229 00d3 13       		.uleb128 0x13
 1230 00d4 00       		.byte	0
 1231 00d5 00       		.byte	0
 1232 00d6 10       		.uleb128 0x10
 1233 00d7 2E       		.uleb128 0x2e
 1234 00d8 01       		.byte	0x1
 1235 00d9 3F       		.uleb128 0x3f
 1236 00da 19       		.uleb128 0x19
 1237 00db 03       		.uleb128 0x3
 1238 00dc 0E       		.uleb128 0xe
 1239 00dd 3A       		.uleb128 0x3a
 1240 00de 0B       		.uleb128 0xb
ARM GAS  C:\Users\LUKASC~1\AppData\Local\Temp\ccPhOu0c.s 			page 29


 1241 00df 3B       		.uleb128 0x3b
 1242 00e0 05       		.uleb128 0x5
 1243 00e1 27       		.uleb128 0x27
 1244 00e2 19       		.uleb128 0x19
 1245 00e3 11       		.uleb128 0x11
 1246 00e4 01       		.uleb128 0x1
 1247 00e5 12       		.uleb128 0x12
 1248 00e6 06       		.uleb128 0x6
 1249 00e7 40       		.uleb128 0x40
 1250 00e8 18       		.uleb128 0x18
 1251 00e9 9642     		.uleb128 0x2116
 1252 00eb 19       		.uleb128 0x19
 1253 00ec 01       		.uleb128 0x1
 1254 00ed 13       		.uleb128 0x13
 1255 00ee 00       		.byte	0
 1256 00ef 00       		.byte	0
 1257 00f0 11       		.uleb128 0x11
 1258 00f1 34       		.uleb128 0x34
 1259 00f2 00       		.byte	0
 1260 00f3 03       		.uleb128 0x3
 1261 00f4 0E       		.uleb128 0xe
 1262 00f5 3A       		.uleb128 0x3a
 1263 00f6 0B       		.uleb128 0xb
 1264 00f7 3B       		.uleb128 0x3b
 1265 00f8 05       		.uleb128 0x5
 1266 00f9 49       		.uleb128 0x49
 1267 00fa 13       		.uleb128 0x13
 1268 00fb 02       		.uleb128 0x2
 1269 00fc 18       		.uleb128 0x18
 1270 00fd 00       		.byte	0
 1271 00fe 00       		.byte	0
 1272 00ff 12       		.uleb128 0x12
 1273 0100 0B       		.uleb128 0xb
 1274 0101 01       		.byte	0x1
 1275 0102 11       		.uleb128 0x11
 1276 0103 01       		.uleb128 0x1
 1277 0104 12       		.uleb128 0x12
 1278 0105 06       		.uleb128 0x6
 1279 0106 00       		.byte	0
 1280 0107 00       		.byte	0
 1281 0108 13       		.uleb128 0x13
 1282 0109 13       		.uleb128 0x13
 1283 010a 01       		.byte	0x1
 1284 010b 0B       		.uleb128 0xb
 1285 010c 0B       		.uleb128 0xb
 1286 010d 3A       		.uleb128 0x3a
 1287 010e 0B       		.uleb128 0xb
 1288 010f 3B       		.uleb128 0x3b
 1289 0110 05       		.uleb128 0x5
 1290 0111 01       		.uleb128 0x1
 1291 0112 13       		.uleb128 0x13
 1292 0113 00       		.byte	0
 1293 0114 00       		.byte	0
 1294 0115 14       		.uleb128 0x14
 1295 0116 0D       		.uleb128 0xd
 1296 0117 00       		.byte	0
 1297 0118 03       		.uleb128 0x3
ARM GAS  C:\Users\LUKASC~1\AppData\Local\Temp\ccPhOu0c.s 			page 30


 1298 0119 0E       		.uleb128 0xe
 1299 011a 3A       		.uleb128 0x3a
 1300 011b 0B       		.uleb128 0xb
 1301 011c 3B       		.uleb128 0x3b
 1302 011d 05       		.uleb128 0x5
 1303 011e 49       		.uleb128 0x49
 1304 011f 13       		.uleb128 0x13
 1305 0120 38       		.uleb128 0x38
 1306 0121 0B       		.uleb128 0xb
 1307 0122 00       		.byte	0
 1308 0123 00       		.byte	0
 1309 0124 15       		.uleb128 0x15
 1310 0125 01       		.uleb128 0x1
 1311 0126 01       		.byte	0x1
 1312 0127 49       		.uleb128 0x49
 1313 0128 13       		.uleb128 0x13
 1314 0129 01       		.uleb128 0x1
 1315 012a 13       		.uleb128 0x13
 1316 012b 00       		.byte	0
 1317 012c 00       		.byte	0
 1318 012d 16       		.uleb128 0x16
 1319 012e 21       		.uleb128 0x21
 1320 012f 00       		.byte	0
 1321 0130 49       		.uleb128 0x49
 1322 0131 13       		.uleb128 0x13
 1323 0132 2F       		.uleb128 0x2f
 1324 0133 0B       		.uleb128 0xb
 1325 0134 00       		.byte	0
 1326 0135 00       		.byte	0
 1327 0136 17       		.uleb128 0x17
 1328 0137 26       		.uleb128 0x26
 1329 0138 00       		.byte	0
 1330 0139 49       		.uleb128 0x49
 1331 013a 13       		.uleb128 0x13
 1332 013b 00       		.byte	0
 1333 013c 00       		.byte	0
 1334 013d 18       		.uleb128 0x18
 1335 013e 34       		.uleb128 0x34
 1336 013f 00       		.byte	0
 1337 0140 03       		.uleb128 0x3
 1338 0141 08       		.uleb128 0x8
 1339 0142 3A       		.uleb128 0x3a
 1340 0143 0B       		.uleb128 0xb
 1341 0144 3B       		.uleb128 0x3b
 1342 0145 05       		.uleb128 0x5
 1343 0146 49       		.uleb128 0x49
 1344 0147 13       		.uleb128 0x13
 1345 0148 02       		.uleb128 0x2
 1346 0149 18       		.uleb128 0x18
 1347 014a 00       		.byte	0
 1348 014b 00       		.byte	0
 1349 014c 00       		.byte	0
 1350              		.section	.debug_aranges,"",%progbits
 1351 0000 54000000 		.4byte	0x54
 1352 0004 0200     		.2byte	0x2
 1353 0006 00000000 		.4byte	.Ldebug_info0
 1354 000a 04       		.byte	0x4
ARM GAS  C:\Users\LUKASC~1\AppData\Local\Temp\ccPhOu0c.s 			page 31


 1355 000b 00       		.byte	0
 1356 000c 0000     		.2byte	0
 1357 000e 0000     		.2byte	0
 1358 0010 00000000 		.4byte	.LFB0
 1359 0014 1A000000 		.4byte	.LFE0-.LFB0
 1360 0018 00000000 		.4byte	.LFB1
 1361 001c 1C000000 		.4byte	.LFE1-.LFB1
 1362 0020 00000000 		.4byte	.LFB2
 1363 0024 1C000000 		.4byte	.LFE2-.LFB2
 1364 0028 00000000 		.4byte	.LFB3
 1365 002c 0C000000 		.4byte	.LFE3-.LFB3
 1366 0030 00000000 		.4byte	.LFB4
 1367 0034 D8000000 		.4byte	.LFE4-.LFB4
 1368 0038 00000000 		.4byte	.LFB5
 1369 003c 44000000 		.4byte	.LFE5-.LFB5
 1370 0040 00000000 		.4byte	.LFB6
 1371 0044 28000000 		.4byte	.LFE6-.LFB6
 1372 0048 00000000 		.4byte	.LFB7
 1373 004c 14010000 		.4byte	.LFE7-.LFB7
 1374 0050 00000000 		.4byte	0
 1375 0054 00000000 		.4byte	0
 1376              		.section	.debug_ranges,"",%progbits
 1377              	.Ldebug_ranges0:
 1378 0000 00000000 		.4byte	.LFB0
 1379 0004 1A000000 		.4byte	.LFE0
 1380 0008 00000000 		.4byte	.LFB1
 1381 000c 1C000000 		.4byte	.LFE1
 1382 0010 00000000 		.4byte	.LFB2
 1383 0014 1C000000 		.4byte	.LFE2
 1384 0018 00000000 		.4byte	.LFB3
 1385 001c 0C000000 		.4byte	.LFE3
 1386 0020 00000000 		.4byte	.LFB4
 1387 0024 D8000000 		.4byte	.LFE4
 1388 0028 00000000 		.4byte	.LFB5
 1389 002c 44000000 		.4byte	.LFE5
 1390 0030 00000000 		.4byte	.LFB6
 1391 0034 28000000 		.4byte	.LFE6
 1392 0038 00000000 		.4byte	.LFB7
 1393 003c 14010000 		.4byte	.LFE7
 1394 0040 00000000 		.4byte	0
 1395 0044 00000000 		.4byte	0
 1396              		.section	.debug_line,"",%progbits
 1397              	.Ldebug_line0:
 1398 0000 BD010000 		.section	.debug_str,"MS",%progbits,1
 1398      0200CB00 
 1398      00000201 
 1398      FB0E0D00 
 1398      01010101 
 1399              	.LASF18:
 1400 0000 72656731 		.ascii	"reg16\000"
 1400      3600
 1401              	.LASF11:
 1402 0006 73697A65 		.ascii	"size_t\000"
 1402      5F7400
 1403              	.LASF28:
 1404 000d 416E616C 		.ascii	"AnalogSetDefault\000"
 1404      6F675365 
ARM GAS  C:\Users\LUKASC~1\AppData\Local\Temp\ccPhOu0c.s 			page 32


 1404      74446566 
 1404      61756C74 
 1404      00
 1405              	.LASF42:
 1406 001e 433A5C55 		.ascii	"C:\\Users\\Lukas Creutzburg\\Documents\\GitHub\\fre"
 1406      73657273 
 1406      5C4C756B 
 1406      61732043 
 1406      72657574 
 1407 004c 65445350 		.ascii	"eDSP_6CHamp\\PSoC Workspace\\Protection_Register_Co"
 1407      5F364348 
 1407      616D705C 
 1407      50536F43 
 1407      20576F72 
 1408 007d 6E74726F 		.ascii	"ntrol.cydsn\000"
 1408      6C2E6379 
 1408      64736E00 
 1409              	.LASF41:
 1410 0089 47656E65 		.ascii	"Generated_Source\\PSoC5\\cyfitter_cfg.c\000"
 1410      72617465 
 1410      645F536F 
 1410      75726365 
 1410      5C50536F 
 1411              	.LASF39:
 1412 00af 6366675F 		.ascii	"cfg_memset_list\000"
 1412      6D656D73 
 1412      65745F6C 
 1412      69737400 
 1413              	.LASF22:
 1414 00bf 4359434F 		.ascii	"CYCONFIGCPYCODE\000"
 1414      4E464947 
 1414      43505943 
 1414      4F444500 
 1415              	.LASF25:
 1416 00cf 436C6F63 		.ascii	"ClockSetup\000"
 1416      6B536574 
 1416      757000
 1417              	.LASF4:
 1418 00da 73686F72 		.ascii	"short unsigned int\000"
 1418      7420756E 
 1418      7369676E 
 1418      65642069 
 1418      6E7400
 1419              	.LASF35:
 1420 00ed 42535F49 		.ascii	"BS_IOPINS0_1_VAL\000"
 1420      4F50494E 
 1420      53305F31 
 1420      5F56414C 
 1420      00
 1421              	.LASF27:
 1422 00fe 706C6C4C 		.ascii	"pllLock\000"
 1422      6F636B00 
 1423              	.LASF34:
 1424 0106 42535F49 		.ascii	"BS_IOPINS0_0_VAL\000"
 1424      4F50494E 
 1424      53305F30 
 1424      5F56414C 
ARM GAS  C:\Users\LUKASC~1\AppData\Local\Temp\ccPhOu0c.s 			page 33


 1424      00
 1425              	.LASF15:
 1426 0117 666C6F61 		.ascii	"float\000"
 1426      7400
 1427              	.LASF23:
 1428 011d 4379436C 		.ascii	"CyClockStartupError\000"
 1428      6F636B53 
 1428      74617274 
 1428      75704572 
 1428      726F7200 
 1429              	.LASF21:
 1430 0131 64657374 		.ascii	"dest\000"
 1430      00
 1431              	.LASF37:
 1432 0136 73697A65 		.ascii	"size\000"
 1432      00
 1433              	.LASF17:
 1434 013b 72656738 		.ascii	"reg8\000"
 1434      00
 1435              	.LASF6:
 1436 0140 6C6F6E67 		.ascii	"long unsigned int\000"
 1436      20756E73 
 1436      69676E65 
 1436      6420696E 
 1436      7400
 1437              	.LASF12:
 1438 0152 75696E74 		.ascii	"uint8\000"
 1438      3800
 1439              	.LASF19:
 1440 0158 43594D45 		.ascii	"CYMEMZERO\000"
 1440      4D5A4552 
 1440      4F00
 1441              	.LASF32:
 1442 0162 53657441 		.ascii	"SetAnalogRoutingPumps\000"
 1442      6E616C6F 
 1442      67526F75 
 1442      74696E67 
 1442      50756D70 
 1443              	.LASF2:
 1444 0178 756E7369 		.ascii	"unsigned char\000"
 1444      676E6564 
 1444      20636861 
 1444      7200
 1445              	.LASF40:
 1446 0186 474E5520 		.ascii	"GNU C 4.9.3 20150303 (release) [ARM/embedded-4_9-br"
 1446      4320342E 
 1446      392E3320 
 1446      32303135 
 1446      30333033 
 1447 01b9 616E6368 		.ascii	"anch revision 221220] -mcpu=cortex-m3 -mthumb -g -O"
 1447      20726576 
 1447      6973696F 
 1447      6E203232 
 1447      31323230 
 1448 01ec 30202D66 		.ascii	"0 -ffunction-sections -ffat-lto-objects\000"
 1448      66756E63 
 1448      74696F6E 
ARM GAS  C:\Users\LUKASC~1\AppData\Local\Temp\ccPhOu0c.s 			page 34


 1448      2D736563 
 1448      74696F6E 
 1449              	.LASF16:
 1450 0214 646F7562 		.ascii	"double\000"
 1450      6C6500
 1451              	.LASF33:
 1452 021b 63796669 		.ascii	"cyfitter_cfg\000"
 1452      74746572 
 1452      5F636667 
 1452      00
 1453              	.LASF13:
 1454 0228 75696E74 		.ascii	"uint16\000"
 1454      313600
 1455              	.LASF24:
 1456 022f 6572726F 		.ascii	"errorCode\000"
 1456      72436F64 
 1456      6500
 1457              	.LASF14:
 1458 0239 75696E74 		.ascii	"uint32\000"
 1458      333200
 1459              	.LASF0:
 1460 0240 756E7369 		.ascii	"unsigned int\000"
 1460      676E6564 
 1460      20696E74 
 1460      00
 1461              	.LASF36:
 1462 024d 61646472 		.ascii	"address\000"
 1462      65737300 
 1463              	.LASF8:
 1464 0255 6C6F6E67 		.ascii	"long long unsigned int\000"
 1464      206C6F6E 
 1464      6720756E 
 1464      7369676E 
 1464      65642069 
 1465              	.LASF38:
 1466 026c 6366675F 		.ascii	"cfg_memset_t\000"
 1466      6D656D73 
 1466      65745F74 
 1466      00
 1467              	.LASF9:
 1468 0279 73697A65 		.ascii	"sizetype\000"
 1468      74797065 
 1468      00
 1469              	.LASF7:
 1470 0282 6C6F6E67 		.ascii	"long long int\000"
 1470      206C6F6E 
 1470      6720696E 
 1470      7400
 1471              	.LASF26:
 1472 0290 74696D65 		.ascii	"timeout\000"
 1472      6F757400 
 1473              	.LASF3:
 1474 0298 73686F72 		.ascii	"short int\000"
 1474      7420696E 
 1474      7400
 1475              	.LASF30:
 1476 02a2 656E6162 		.ascii	"enabled\000"
ARM GAS  C:\Users\LUKASC~1\AppData\Local\Temp\ccPhOu0c.s 			page 35


 1476      6C656400 
 1477              	.LASF5:
 1478 02aa 6C6F6E67 		.ascii	"long int\000"
 1478      20696E74 
 1478      00
 1479              	.LASF10:
 1480 02b3 63686172 		.ascii	"char\000"
 1480      00
 1481              	.LASF29:
 1482 02b8 62675F78 		.ascii	"bg_xover_inl_trim\000"
 1482      6F766572 
 1482      5F696E6C 
 1482      5F747269 
 1482      6D00
 1483              	.LASF1:
 1484 02ca 7369676E 		.ascii	"signed char\000"
 1484      65642063 
 1484      68617200 
 1485              	.LASF31:
 1486 02d6 72656756 		.ascii	"regValue\000"
 1486      616C7565 
 1486      00
 1487              	.LASF20:
 1488 02df 4359434F 		.ascii	"CYCONFIGCPY\000"
 1488      4E464947 
 1488      43505900 
 1489              		.ident	"GCC: (GNU Tools for ARM Embedded Processors) 4.9.3 20150303 (release) [ARM/embedded-4_9-br
