Archive member included because of file (symbol)

.\ARM_GCC_493\Debug\Protection_Register_Control.a(cyfitter_cfg.o)
                              .\ARM_GCC_493\Debug\Cm3Start.o (cyfitter_cfg)
.\ARM_GCC_493\Debug\Protection_Register_Control.a(CyBootAsmGnu.o)
                              .\ARM_GCC_493\Debug\Protection_Register_Control.a(cyfitter_cfg.o) (CyDelayCycles)
.\ARM_GCC_493\Debug\Protection_Register_Control.a(CyLib.o)
                              .\ARM_GCC_493\Debug\Cm3Start.o (CyResetStatus)
.\ARM_GCC_493\Debug\Protection_Register_Control.a(cyPm.o)
                              .\ARM_GCC_493\Debug\Protection_Register_Control.a(CyLib.o) (CyPmReadStatus)
.\ARM_GCC_493\Debug\Protection_Register_Control.a(Protection_IN.o)
                              .\ARM_GCC_493\Debug\main.o (Protection_IN_Write)
.\ARM_GCC_493\Debug\Protection_Register_Control.a(Protection_CLK.o)
                              .\ARM_GCC_493\Debug\main.o (Protection_CLK_Write)
.\ARM_GCC_493\Debug\Protection_Register_Control.a(Protection_CLR.o)
                              .\ARM_GCC_493\Debug\main.o (Protection_CLR_Write)
.\ARM_GCC_493\Debug\Protection_Register_Control.a(CyFlash.o)
                              .\ARM_GCC_493\Debug\Protection_Register_Control.a(cyPm.o) (CyFlash_SetWaitCycles)
.\ARM_GCC_493\Debug\Protection_Register_Control.a(CySpc.o)
                              .\ARM_GCC_493\Debug\Protection_Register_Control.a(CyFlash.o) (CySpcStart)
c:/program files (x86)/cypress/psoc creator/3.3/psoc creator/import/gnu/arm/4.9.3/bin/../lib/gcc/arm-none-eabi/4.9.3/../../../../arm-none-eabi/lib/armv7-m\libg_nano.a(lib_a-errno.o)
                              .\ARM_GCC_493\Debug\Cm3Start.o (__errno)
c:/program files (x86)/cypress/psoc creator/3.3/psoc creator/import/gnu/arm/4.9.3/bin/../lib/gcc/arm-none-eabi/4.9.3/../../../../arm-none-eabi/lib/armv7-m\libg_nano.a(lib_a-exit.o)
                              c:/program files (x86)/cypress/psoc creator/3.3/psoc creator/import/gnu/arm/4.9.3/bin/../lib/gcc/arm-none-eabi/4.9.3/../../../../arm-none-eabi/lib/armv7-m/crt0.o (exit)
c:/program files (x86)/cypress/psoc creator/3.3/psoc creator/import/gnu/arm/4.9.3/bin/../lib/gcc/arm-none-eabi/4.9.3/../../../../arm-none-eabi/lib/armv7-m\libg_nano.a(lib_a-impure.o)
                              c:/program files (x86)/cypress/psoc creator/3.3/psoc creator/import/gnu/arm/4.9.3/bin/../lib/gcc/arm-none-eabi/4.9.3/../../../../arm-none-eabi/lib/armv7-m\libg_nano.a(lib_a-exit.o) (_global_impure_ptr)
c:/program files (x86)/cypress/psoc creator/3.3/psoc creator/import/gnu/arm/4.9.3/bin/../lib/gcc/arm-none-eabi/4.9.3/../../../../arm-none-eabi/lib/armv7-m\libg_nano.a(lib_a-init.o)
                              c:/program files (x86)/cypress/psoc creator/3.3/psoc creator/import/gnu/arm/4.9.3/bin/../lib/gcc/arm-none-eabi/4.9.3/../../../../arm-none-eabi/lib/armv7-m/crt0.o (__libc_init_array)
c:/program files (x86)/cypress/psoc creator/3.3/psoc creator/import/gnu/arm/4.9.3/bin/../lib/gcc/arm-none-eabi/4.9.3/../../../../arm-none-eabi/lib/armv7-m\libg_nano.a(lib_a-memcpy.o)
                              .\ARM_GCC_493\Debug\Protection_Register_Control.a(cyfitter_cfg.o) (memcpy)
c:/program files (x86)/cypress/psoc creator/3.3/psoc creator/import/gnu/arm/4.9.3/bin/../lib/gcc/arm-none-eabi/4.9.3/../../../../arm-none-eabi/lib/armv7-m\libg_nano.a(lib_a-memset.o)
                              c:/program files (x86)/cypress/psoc creator/3.3/psoc creator/import/gnu/arm/4.9.3/bin/../lib/gcc/arm-none-eabi/4.9.3/../../../../arm-none-eabi/lib/armv7-m/crt0.o (memset)

Allocating common symbols
Common symbol       size              file

dieTemperature      0x2               .\ARM_GCC_493\Debug\Protection_Register_Control.a(CyFlash.o)

Discarded input sections

 .text          0x00000000        0x0 c:/program files (x86)/cypress/psoc creator/3.3/psoc creator/import/gnu/arm/4.9.3/bin/../lib/gcc/arm-none-eabi/4.9.3/armv7-m/crti.o
 .data          0x00000000        0x0 c:/program files (x86)/cypress/psoc creator/3.3/psoc creator/import/gnu/arm/4.9.3/bin/../lib/gcc/arm-none-eabi/4.9.3/armv7-m/crti.o
 .bss           0x00000000        0x0 c:/program files (x86)/cypress/psoc creator/3.3/psoc creator/import/gnu/arm/4.9.3/bin/../lib/gcc/arm-none-eabi/4.9.3/armv7-m/crti.o
 .data          0x00000000        0x4 c:/program files (x86)/cypress/psoc creator/3.3/psoc creator/import/gnu/arm/4.9.3/bin/../lib/gcc/arm-none-eabi/4.9.3/armv7-m/crtbegin.o
 .text          0x00000000       0x74 c:/program files (x86)/cypress/psoc creator/3.3/psoc creator/import/gnu/arm/4.9.3/bin/../lib/gcc/arm-none-eabi/4.9.3/../../../../arm-none-eabi/lib/armv7-m/crt0.o
 .data          0x00000000        0x0 c:/program files (x86)/cypress/psoc creator/3.3/psoc creator/import/gnu/arm/4.9.3/bin/../lib/gcc/arm-none-eabi/4.9.3/../../../../arm-none-eabi/lib/armv7-m/crt0.o
 .bss           0x00000000        0x0 c:/program files (x86)/cypress/psoc creator/3.3/psoc creator/import/gnu/arm/4.9.3/bin/../lib/gcc/arm-none-eabi/4.9.3/../../../../arm-none-eabi/lib/armv7-m/crt0.o
 .ARM.extab     0x00000000        0x0 c:/program files (x86)/cypress/psoc creator/3.3/psoc creator/import/gnu/arm/4.9.3/bin/../lib/gcc/arm-none-eabi/4.9.3/../../../../arm-none-eabi/lib/armv7-m/crt0.o
 .ARM.exidx     0x00000000        0x8 c:/program files (x86)/cypress/psoc creator/3.3/psoc creator/import/gnu/arm/4.9.3/bin/../lib/gcc/arm-none-eabi/4.9.3/../../../../arm-none-eabi/lib/armv7-m/crt0.o
 .text          0x00000000        0x0 .\ARM_GCC_493\Debug\main.o
 .data          0x00000000        0x0 .\ARM_GCC_493\Debug\main.o
 .bss           0x00000000        0x0 .\ARM_GCC_493\Debug\main.o
 .text          0x00000000        0x0 .\ARM_GCC_493\Debug\cymetadata.o
 .data          0x00000000        0x0 .\ARM_GCC_493\Debug\cymetadata.o
 .bss           0x00000000        0x0 .\ARM_GCC_493\Debug\cymetadata.o
 .text          0x00000000        0x0 .\ARM_GCC_493\Debug\Cm3Start.o
 .data          0x00000000        0x4 .\ARM_GCC_493\Debug\Cm3Start.o
 .bss           0x00000000        0x0 .\ARM_GCC_493\Debug\Cm3Start.o
 .text._exit    0x00000000       0x14 .\ARM_GCC_493\Debug\Cm3Start.o
 .text._sbrk    0x00000000       0x50 .\ARM_GCC_493\Debug\Cm3Start.o
 .text          0x00000000        0x0 .\ARM_GCC_493\Debug\Protection_Register_Control.a(cyfitter_cfg.o)
 .data          0x00000000        0x0 .\ARM_GCC_493\Debug\Protection_Register_Control.a(cyfitter_cfg.o)
 .bss           0x00000000        0x0 .\ARM_GCC_493\Debug\Protection_Register_Control.a(cyfitter_cfg.o)
 .text.SetAnalogRoutingPumps
                0x00000000       0x28 .\ARM_GCC_493\Debug\Protection_Register_Control.a(cyfitter_cfg.o)
 .data          0x00000000        0x0 .\ARM_GCC_493\Debug\Protection_Register_Control.a(CyBootAsmGnu.o)
 .bss           0x00000000        0x0 .\ARM_GCC_493\Debug\Protection_Register_Control.a(CyBootAsmGnu.o)
 .text          0x00000000        0x0 .\ARM_GCC_493\Debug\Protection_Register_Control.a(CyLib.o)
 .bss           0x00000000       0x1c .\ARM_GCC_493\Debug\Protection_Register_Control.a(CyLib.o)
 .text.CyPLL_OUT_Start
                0x00000000       0xb0 .\ARM_GCC_493\Debug\Protection_Register_Control.a(CyLib.o)
 .text.CyPLL_OUT_Stop
                0x00000000       0x20 .\ARM_GCC_493\Debug\Protection_Register_Control.a(CyLib.o)
 .text.CyPLL_OUT_SetPQ
                0x00000000       0x90 .\ARM_GCC_493\Debug\Protection_Register_Control.a(CyLib.o)
 .text.CyPLL_OUT_SetSource
                0x00000000       0x54 .\ARM_GCC_493\Debug\Protection_Register_Control.a(CyLib.o)
 .text.CyIMO_Start
                0x00000000       0x94 .\ARM_GCC_493\Debug\Protection_Register_Control.a(CyLib.o)
 .text.CyIMO_Stop
                0x00000000       0x34 .\ARM_GCC_493\Debug\Protection_Register_Control.a(CyLib.o)
 .text.CyUSB_PowerOnCheck
                0x00000000       0x60 .\ARM_GCC_493\Debug\Protection_Register_Control.a(CyLib.o)
 .text.CyIMO_SetTrimValue
                0x00000000      0x108 .\ARM_GCC_493\Debug\Protection_Register_Control.a(CyLib.o)
 .text.CyIMO_SetFreq
                0x00000000      0x1ac .\ARM_GCC_493\Debug\Protection_Register_Control.a(CyLib.o)
 .text.CyIMO_SetSource
                0x00000000       0x8c .\ARM_GCC_493\Debug\Protection_Register_Control.a(CyLib.o)
 .text.CyIMO_EnableDoubler
                0x00000000       0x20 .\ARM_GCC_493\Debug\Protection_Register_Control.a(CyLib.o)
 .text.CyIMO_DisableDoubler
                0x00000000       0x20 .\ARM_GCC_493\Debug\Protection_Register_Control.a(CyLib.o)
 .text.CyMasterClk_SetSource
                0x00000000       0x34 .\ARM_GCC_493\Debug\Protection_Register_Control.a(CyLib.o)
 .text.CyMasterClk_SetDivider
                0x00000000       0x20 .\ARM_GCC_493\Debug\Protection_Register_Control.a(CyLib.o)
 .text.CyBusClk_Internal_SetDivider
                0x00000000       0x78 .\ARM_GCC_493\Debug\Protection_Register_Control.a(CyLib.o)
 .text.CyBusClk_SetDivider
                0x00000000       0xb4 .\ARM_GCC_493\Debug\Protection_Register_Control.a(CyLib.o)
 .text.CyUsbClk_SetSource
                0x00000000       0x34 .\ARM_GCC_493\Debug\Protection_Register_Control.a(CyLib.o)
 .text.CyILO_Start1K
                0x00000000       0x20 .\ARM_GCC_493\Debug\Protection_Register_Control.a(CyLib.o)
 .text.CyILO_Stop1K
                0x00000000       0x20 .\ARM_GCC_493\Debug\Protection_Register_Control.a(CyLib.o)
 .text.CyILO_Start100K
                0x00000000       0x20 .\ARM_GCC_493\Debug\Protection_Register_Control.a(CyLib.o)
 .text.CyILO_Stop100K
                0x00000000       0x20 .\ARM_GCC_493\Debug\Protection_Register_Control.a(CyLib.o)
 .text.CyILO_Enable33K
                0x00000000       0x20 .\ARM_GCC_493\Debug\Protection_Register_Control.a(CyLib.o)
 .text.CyILO_Disable33K
                0x00000000       0x20 .\ARM_GCC_493\Debug\Protection_Register_Control.a(CyLib.o)
 .text.CyILO_SetSource
                0x00000000       0x38 .\ARM_GCC_493\Debug\Protection_Register_Control.a(CyLib.o)
 .text.CyILO_SetPowerMode
                0x00000000       0x4c .\ARM_GCC_493\Debug\Protection_Register_Control.a(CyLib.o)
 .text.CyXTAL_32KHZ_Start
                0x00000000       0x84 .\ARM_GCC_493\Debug\Protection_Register_Control.a(CyLib.o)
 .text.CyXTAL_32KHZ_Stop
                0x00000000       0x50 .\ARM_GCC_493\Debug\Protection_Register_Control.a(CyLib.o)
 .text.CyXTAL_32KHZ_ReadStatus
                0x00000000       0x20 .\ARM_GCC_493\Debug\Protection_Register_Control.a(CyLib.o)
 .text.CyXTAL_32KHZ_SetPowerMode
                0x00000000       0xb4 .\ARM_GCC_493\Debug\Protection_Register_Control.a(CyLib.o)
 .text.CyXTAL_Start
                0x00000000       0xd0 .\ARM_GCC_493\Debug\Protection_Register_Control.a(CyLib.o)
 .text.CyXTAL_Stop
                0x00000000       0x20 .\ARM_GCC_493\Debug\Protection_Register_Control.a(CyLib.o)
 .text.CyXTAL_EnableErrStatus
                0x00000000       0x20 .\ARM_GCC_493\Debug\Protection_Register_Control.a(CyLib.o)
 .text.CyXTAL_DisableErrStatus
                0x00000000       0x20 .\ARM_GCC_493\Debug\Protection_Register_Control.a(CyLib.o)
 .text.CyXTAL_ReadStatus
                0x00000000       0x28 .\ARM_GCC_493\Debug\Protection_Register_Control.a(CyLib.o)
 .text.CyXTAL_EnableFaultRecovery
                0x00000000       0x20 .\ARM_GCC_493\Debug\Protection_Register_Control.a(CyLib.o)
 .text.CyXTAL_DisableFaultRecovery
                0x00000000       0x20 .\ARM_GCC_493\Debug\Protection_Register_Control.a(CyLib.o)
 .text.CyXTAL_SetStartup
                0x00000000       0x34 .\ARM_GCC_493\Debug\Protection_Register_Control.a(CyLib.o)
 .text.CyXTAL_SetFbVoltage
                0x00000000       0x34 .\ARM_GCC_493\Debug\Protection_Register_Control.a(CyLib.o)
 .text.CyXTAL_SetWdVoltage
                0x00000000       0x38 .\ARM_GCC_493\Debug\Protection_Register_Control.a(CyLib.o)
 .text.CyHalt   0x00000000       0x18 .\ARM_GCC_493\Debug\Protection_Register_Control.a(CyLib.o)
 .text.CySoftwareReset
                0x00000000       0x20 .\ARM_GCC_493\Debug\Protection_Register_Control.a(CyLib.o)
 .text.CyDelayUs
                0x00000000       0x24 .\ARM_GCC_493\Debug\Protection_Register_Control.a(CyLib.o)
 .text.CyDelayFreq
                0x00000000       0x7c .\ARM_GCC_493\Debug\Protection_Register_Control.a(CyLib.o)
 .text.CyWdtStart
                0x00000000       0x8c .\ARM_GCC_493\Debug\Protection_Register_Control.a(CyLib.o)
 .text.CyWdtClear
                0x00000000       0x18 .\ARM_GCC_493\Debug\Protection_Register_Control.a(CyLib.o)
 .text.CyVdLvDigitEnable
                0x00000000       0xcc .\ARM_GCC_493\Debug\Protection_Register_Control.a(CyLib.o)
 .text.CyVdLvAnalogEnable
                0x00000000       0xc8 .\ARM_GCC_493\Debug\Protection_Register_Control.a(CyLib.o)
 .text.CyVdLvDigitDisable
                0x00000000       0x48 .\ARM_GCC_493\Debug\Protection_Register_Control.a(CyLib.o)
 .text.CyVdLvAnalogDisable
                0x00000000       0x40 .\ARM_GCC_493\Debug\Protection_Register_Control.a(CyLib.o)
 .text.CyVdHvAnalogEnable
                0x00000000       0x78 .\ARM_GCC_493\Debug\Protection_Register_Control.a(CyLib.o)
 .text.CyVdHvAnalogDisable
                0x00000000       0x2c .\ARM_GCC_493\Debug\Protection_Register_Control.a(CyLib.o)
 .text.CyVdStickyStatus
                0x00000000       0x5c .\ARM_GCC_493\Debug\Protection_Register_Control.a(CyLib.o)
 .text.CyVdRealTimeStatus
                0x00000000       0x30 .\ARM_GCC_493\Debug\Protection_Register_Control.a(CyLib.o)
 .text.CyDisableInts
                0x00000000       0x34 .\ARM_GCC_493\Debug\Protection_Register_Control.a(CyLib.o)
 .text.CyEnableInts
                0x00000000       0x28 .\ARM_GCC_493\Debug\Protection_Register_Control.a(CyLib.o)
 .text.CyFlushCache
                0x00000000       0x58 .\ARM_GCC_493\Debug\Protection_Register_Control.a(CyLib.o)
 .text.CyIntSetSysVector
                0x00000000       0x4c .\ARM_GCC_493\Debug\Protection_Register_Control.a(CyLib.o)
 .text.CyIntGetSysVector
                0x00000000       0x38 .\ARM_GCC_493\Debug\Protection_Register_Control.a(CyLib.o)
 .text.CyIntSetVector
                0x00000000       0x50 .\ARM_GCC_493\Debug\Protection_Register_Control.a(CyLib.o)
 .text.CyIntGetVector
                0x00000000       0x38 .\ARM_GCC_493\Debug\Protection_Register_Control.a(CyLib.o)
 .text.CyIntSetPriority
                0x00000000       0x44 .\ARM_GCC_493\Debug\Protection_Register_Control.a(CyLib.o)
 .text.CyIntGetPriority
                0x00000000       0x38 .\ARM_GCC_493\Debug\Protection_Register_Control.a(CyLib.o)
 .text.CyIntGetState
                0x00000000       0x44 .\ARM_GCC_493\Debug\Protection_Register_Control.a(CyLib.o)
 .text.CySysTickStart
                0x00000000       0x20 .\ARM_GCC_493\Debug\Protection_Register_Control.a(CyLib.o)
 .text.CySysTickInit
                0x00000000       0x68 .\ARM_GCC_493\Debug\Protection_Register_Control.a(CyLib.o)
 .text.CySysTickEnable
                0x00000000       0x1c .\ARM_GCC_493\Debug\Protection_Register_Control.a(CyLib.o)
 .text.CySysTickStop
                0x00000000       0x1c .\ARM_GCC_493\Debug\Protection_Register_Control.a(CyLib.o)
 .text.CySysTickEnableInterrupt
                0x00000000       0x1c .\ARM_GCC_493\Debug\Protection_Register_Control.a(CyLib.o)
 .text.CySysTickDisableInterrupt
                0x00000000       0x1c .\ARM_GCC_493\Debug\Protection_Register_Control.a(CyLib.o)
 .text.CySysTickSetReload
                0x00000000       0x20 .\ARM_GCC_493\Debug\Protection_Register_Control.a(CyLib.o)
 .text.CySysTickGetReload
                0x00000000       0x1c .\ARM_GCC_493\Debug\Protection_Register_Control.a(CyLib.o)
 .text.CySysTickGetValue
                0x00000000       0x1c .\ARM_GCC_493\Debug\Protection_Register_Control.a(CyLib.o)
 .text.CySysTickSetClockSource
                0x00000000       0x38 .\ARM_GCC_493\Debug\Protection_Register_Control.a(CyLib.o)
 .text.CySysTickGetCountFlag
                0x00000000       0x1c .\ARM_GCC_493\Debug\Protection_Register_Control.a(CyLib.o)
 .text.CySysTickClear
                0x00000000       0x18 .\ARM_GCC_493\Debug\Protection_Register_Control.a(CyLib.o)
 .text.CySysTickSetCallback
                0x00000000       0x30 .\ARM_GCC_493\Debug\Protection_Register_Control.a(CyLib.o)
 .text.CySysTickGetCallback
                0x00000000       0x20 .\ARM_GCC_493\Debug\Protection_Register_Control.a(CyLib.o)
 .text.CySysTickServiceCallbacks
                0x00000000       0x44 .\ARM_GCC_493\Debug\Protection_Register_Control.a(CyLib.o)
 .text.CyGetUniqueId
                0x00000000       0xc4 .\ARM_GCC_493\Debug\Protection_Register_Control.a(CyLib.o)
 .text          0x00000000        0x0 .\ARM_GCC_493\Debug\Protection_Register_Control.a(cyPm.o)
 .data          0x00000000        0x0 .\ARM_GCC_493\Debug\Protection_Register_Control.a(cyPm.o)
 .bss           0x00000000       0x44 .\ARM_GCC_493\Debug\Protection_Register_Control.a(cyPm.o)
 .rodata        0x00000000       0x10 .\ARM_GCC_493\Debug\Protection_Register_Control.a(cyPm.o)
 .text.CyPmSaveClocks
                0x00000000      0x284 .\ARM_GCC_493\Debug\Protection_Register_Control.a(cyPm.o)
 .text.CyPmRestoreClocks
                0x00000000      0x300 .\ARM_GCC_493\Debug\Protection_Register_Control.a(cyPm.o)
 .text.CyPmAltAct
                0x00000000       0xb8 .\ARM_GCC_493\Debug\Protection_Register_Control.a(cyPm.o)
 .text.CyPmSleep
                0x00000000      0x170 .\ARM_GCC_493\Debug\Protection_Register_Control.a(cyPm.o)
 .text.CyPmHibernate
                0x00000000        0xc .\ARM_GCC_493\Debug\Protection_Register_Control.a(cyPm.o)
 .text.CyPmHibernateEx
                0x00000000      0x158 .\ARM_GCC_493\Debug\Protection_Register_Control.a(cyPm.o)
 .text.CyPmReadStatus
                0x00000000       0x5c .\ARM_GCC_493\Debug\Protection_Register_Control.a(cyPm.o)
 .text.CyPmHibSaveSet
                0x00000000       0xd4 .\ARM_GCC_493\Debug\Protection_Register_Control.a(cyPm.o)
 .text.CyPmHibRestore
                0x00000000       0x68 .\ARM_GCC_493\Debug\Protection_Register_Control.a(cyPm.o)
 .text.CyPmCtwSetInterval
                0x00000000       0x90 .\ARM_GCC_493\Debug\Protection_Register_Control.a(cyPm.o)
 .text.CyPmOppsSet
                0x00000000       0x40 .\ARM_GCC_493\Debug\Protection_Register_Control.a(cyPm.o)
 .text.CyPmFtwSetInterval
                0x00000000       0x90 .\ARM_GCC_493\Debug\Protection_Register_Control.a(cyPm.o)
 .text.CyPmHibSlpSaveSet
                0x00000000      0x280 .\ARM_GCC_493\Debug\Protection_Register_Control.a(cyPm.o)
 .text.CyPmHibSlpRestore
                0x00000000      0x188 .\ARM_GCC_493\Debug\Protection_Register_Control.a(cyPm.o)
 .text.CyPmHviLviSaveDisable
                0x00000000       0xd4 .\ARM_GCC_493\Debug\Protection_Register_Control.a(cyPm.o)
 .text.CyPmHviLviRestore
                0x00000000       0x54 .\ARM_GCC_493\Debug\Protection_Register_Control.a(cyPm.o)
 .text          0x00000000        0x0 .\ARM_GCC_493\Debug\Protection_Register_Control.a(Protection_IN.o)
 .data          0x00000000        0x0 .\ARM_GCC_493\Debug\Protection_Register_Control.a(Protection_IN.o)
 .bss           0x00000000        0x0 .\ARM_GCC_493\Debug\Protection_Register_Control.a(Protection_IN.o)
 .text.Protection_IN_SetDriveMode
                0x00000000       0x38 .\ARM_GCC_493\Debug\Protection_Register_Control.a(Protection_IN.o)
 .text.Protection_IN_Read
                0x00000000       0x20 .\ARM_GCC_493\Debug\Protection_Register_Control.a(Protection_IN.o)
 .text.Protection_IN_ReadDataReg
                0x00000000       0x20 .\ARM_GCC_493\Debug\Protection_Register_Control.a(Protection_IN.o)
 .text          0x00000000        0x0 .\ARM_GCC_493\Debug\Protection_Register_Control.a(Protection_CLK.o)
 .data          0x00000000        0x0 .\ARM_GCC_493\Debug\Protection_Register_Control.a(Protection_CLK.o)
 .bss           0x00000000        0x0 .\ARM_GCC_493\Debug\Protection_Register_Control.a(Protection_CLK.o)
 .text.Protection_CLK_SetDriveMode
                0x00000000       0x38 .\ARM_GCC_493\Debug\Protection_Register_Control.a(Protection_CLK.o)
 .text.Protection_CLK_Read
                0x00000000       0x20 .\ARM_GCC_493\Debug\Protection_Register_Control.a(Protection_CLK.o)
 .text.Protection_CLK_ReadDataReg
                0x00000000       0x20 .\ARM_GCC_493\Debug\Protection_Register_Control.a(Protection_CLK.o)
 .text          0x00000000        0x0 .\ARM_GCC_493\Debug\Protection_Register_Control.a(Protection_CLR.o)
 .data          0x00000000        0x0 .\ARM_GCC_493\Debug\Protection_Register_Control.a(Protection_CLR.o)
 .bss           0x00000000        0x0 .\ARM_GCC_493\Debug\Protection_Register_Control.a(Protection_CLR.o)
 .text.Protection_CLR_SetDriveMode
                0x00000000       0x38 .\ARM_GCC_493\Debug\Protection_Register_Control.a(Protection_CLR.o)
 .text.Protection_CLR_Read
                0x00000000       0x20 .\ARM_GCC_493\Debug\Protection_Register_Control.a(Protection_CLR.o)
 .text.Protection_CLR_ReadDataReg
                0x00000000       0x20 .\ARM_GCC_493\Debug\Protection_Register_Control.a(Protection_CLR.o)
 .text          0x00000000        0x0 .\ARM_GCC_493\Debug\Protection_Register_Control.a(CyFlash.o)
 .data          0x00000000        0x0 .\ARM_GCC_493\Debug\Protection_Register_Control.a(CyFlash.o)
 .bss           0x00000000        0x4 .\ARM_GCC_493\Debug\Protection_Register_Control.a(CyFlash.o)
 .text.CyFlash_Start
                0x00000000       0x8c .\ARM_GCC_493\Debug\Protection_Register_Control.a(CyFlash.o)
 .text.CyFlash_Stop
                0x00000000       0x44 .\ARM_GCC_493\Debug\Protection_Register_Control.a(CyFlash.o)
 .text.CySetTempInt
                0x00000000       0x7c .\ARM_GCC_493\Debug\Protection_Register_Control.a(CyFlash.o)
 .text.CyFlashGetSpcAlgorithm
                0x00000000       0x70 .\ARM_GCC_493\Debug\Protection_Register_Control.a(CyFlash.o)
 .text.CySetTemp
                0x00000000       0x24 .\ARM_GCC_493\Debug\Protection_Register_Control.a(CyFlash.o)
 .text.CySetFlashEEBuffer
                0x00000000       0x54 .\ARM_GCC_493\Debug\Protection_Register_Control.a(CyFlash.o)
 .text.CyWriteRowData
                0x00000000       0x3c .\ARM_GCC_493\Debug\Protection_Register_Control.a(CyFlash.o)
 .text.CyWriteRowConfig
                0x00000000       0x2c .\ARM_GCC_493\Debug\Protection_Register_Control.a(CyFlash.o)
 .text.CyWriteRowFull
                0x00000000      0x158 .\ARM_GCC_493\Debug\Protection_Register_Control.a(CyFlash.o)
 .text.CyFlash_SetWaitCycles
                0x00000000       0xbc .\ARM_GCC_493\Debug\Protection_Register_Control.a(CyFlash.o)
 .text.CyEEPROM_Start
                0x00000000       0x8c .\ARM_GCC_493\Debug\Protection_Register_Control.a(CyFlash.o)
 .text.CyEEPROM_Stop
                0x00000000       0x44 .\ARM_GCC_493\Debug\Protection_Register_Control.a(CyFlash.o)
 .text.CyEEPROM_ReadReserve
                0x00000000       0x30 .\ARM_GCC_493\Debug\Protection_Register_Control.a(CyFlash.o)
 .text.CyEEPROM_ReadRelease
                0x00000000       0x20 .\ARM_GCC_493\Debug\Protection_Register_Control.a(CyFlash.o)
 COMMON         0x00000000        0x2 .\ARM_GCC_493\Debug\Protection_Register_Control.a(CyFlash.o)
 .text          0x00000000        0x0 .\ARM_GCC_493\Debug\Protection_Register_Control.a(CySpc.o)
 .data          0x00000000        0x0 .\ARM_GCC_493\Debug\Protection_Register_Control.a(CySpc.o)
 .bss           0x00000000        0x8 .\ARM_GCC_493\Debug\Protection_Register_Control.a(CySpc.o)
 .text.CySpcStart
                0x00000000       0x44 .\ARM_GCC_493\Debug\Protection_Register_Control.a(CySpc.o)
 .text.CySpcStop
                0x00000000       0x44 .\ARM_GCC_493\Debug\Protection_Register_Control.a(CySpc.o)
 .text.CySpcReadData
                0x00000000       0x58 .\ARM_GCC_493\Debug\Protection_Register_Control.a(CySpc.o)
 .text.CySpcLoadMultiByte
                0x00000000       0xd4 .\ARM_GCC_493\Debug\Protection_Register_Control.a(CySpc.o)
 .text.CySpcLoadRow
                0x00000000       0x8c .\ARM_GCC_493\Debug\Protection_Register_Control.a(CySpc.o)
 .text.CySpcLoadRowFull
                0x00000000      0x108 .\ARM_GCC_493\Debug\Protection_Register_Control.a(CySpc.o)
 .text.CySpcWriteRow
                0x00000000       0x98 .\ARM_GCC_493\Debug\Protection_Register_Control.a(CySpc.o)
 .text.CySpcEraseSector
                0x00000000       0x70 .\ARM_GCC_493\Debug\Protection_Register_Control.a(CySpc.o)
 .text.CySpcGetTemp
                0x00000000       0x64 .\ARM_GCC_493\Debug\Protection_Register_Control.a(CySpc.o)
 .text.CySpcLock
                0x00000000       0x68 .\ARM_GCC_493\Debug\Protection_Register_Control.a(CySpc.o)
 .text.CySpcUnlock
                0x00000000       0x50 .\ARM_GCC_493\Debug\Protection_Register_Control.a(CySpc.o)
 .text.CySpcGetAlgorithm
                0x00000000       0x48 .\ARM_GCC_493\Debug\Protection_Register_Control.a(CySpc.o)
 .text          0x00000000        0x0 c:/program files (x86)/cypress/psoc creator/3.3/psoc creator/import/gnu/arm/4.9.3/bin/../lib/gcc/arm-none-eabi/4.9.3/../../../../arm-none-eabi/lib/armv7-m\libg_nano.a(lib_a-errno.o)
 .data          0x00000000        0x0 c:/program files (x86)/cypress/psoc creator/3.3/psoc creator/import/gnu/arm/4.9.3/bin/../lib/gcc/arm-none-eabi/4.9.3/../../../../arm-none-eabi/lib/armv7-m\libg_nano.a(lib_a-errno.o)
 .bss           0x00000000        0x0 c:/program files (x86)/cypress/psoc creator/3.3/psoc creator/import/gnu/arm/4.9.3/bin/../lib/gcc/arm-none-eabi/4.9.3/../../../../arm-none-eabi/lib/armv7-m\libg_nano.a(lib_a-errno.o)
 .text.__errno  0x00000000        0xc c:/program files (x86)/cypress/psoc creator/3.3/psoc creator/import/gnu/arm/4.9.3/bin/../lib/gcc/arm-none-eabi/4.9.3/../../../../arm-none-eabi/lib/armv7-m\libg_nano.a(lib_a-errno.o)
 .text          0x00000000        0x0 c:/program files (x86)/cypress/psoc creator/3.3/psoc creator/import/gnu/arm/4.9.3/bin/../lib/gcc/arm-none-eabi/4.9.3/../../../../arm-none-eabi/lib/armv7-m\libg_nano.a(lib_a-exit.o)
 .data          0x00000000        0x0 c:/program files (x86)/cypress/psoc creator/3.3/psoc creator/import/gnu/arm/4.9.3/bin/../lib/gcc/arm-none-eabi/4.9.3/../../../../arm-none-eabi/lib/armv7-m\libg_nano.a(lib_a-exit.o)
 .bss           0x00000000        0x0 c:/program files (x86)/cypress/psoc creator/3.3/psoc creator/import/gnu/arm/4.9.3/bin/../lib/gcc/arm-none-eabi/4.9.3/../../../../arm-none-eabi/lib/armv7-m\libg_nano.a(lib_a-exit.o)
 .text.exit     0x00000000       0x28 c:/program files (x86)/cypress/psoc creator/3.3/psoc creator/import/gnu/arm/4.9.3/bin/../lib/gcc/arm-none-eabi/4.9.3/../../../../arm-none-eabi/lib/armv7-m\libg_nano.a(lib_a-exit.o)
 .text          0x00000000        0x0 c:/program files (x86)/cypress/psoc creator/3.3/psoc creator/import/gnu/arm/4.9.3/bin/../lib/gcc/arm-none-eabi/4.9.3/../../../../arm-none-eabi/lib/armv7-m\libg_nano.a(lib_a-impure.o)
 .data          0x00000000        0x0 c:/program files (x86)/cypress/psoc creator/3.3/psoc creator/import/gnu/arm/4.9.3/bin/../lib/gcc/arm-none-eabi/4.9.3/../../../../arm-none-eabi/lib/armv7-m\libg_nano.a(lib_a-impure.o)
 .bss           0x00000000        0x0 c:/program files (x86)/cypress/psoc creator/3.3/psoc creator/import/gnu/arm/4.9.3/bin/../lib/gcc/arm-none-eabi/4.9.3/../../../../arm-none-eabi/lib/armv7-m\libg_nano.a(lib_a-impure.o)
 .data.impure_data
                0x00000000       0x60 c:/program files (x86)/cypress/psoc creator/3.3/psoc creator/import/gnu/arm/4.9.3/bin/../lib/gcc/arm-none-eabi/4.9.3/../../../../arm-none-eabi/lib/armv7-m\libg_nano.a(lib_a-impure.o)
 .data._impure_ptr
                0x00000000        0x4 c:/program files (x86)/cypress/psoc creator/3.3/psoc creator/import/gnu/arm/4.9.3/bin/../lib/gcc/arm-none-eabi/4.9.3/../../../../arm-none-eabi/lib/armv7-m\libg_nano.a(lib_a-impure.o)
 .rodata.str1.1
                0x00000000        0x2 c:/program files (x86)/cypress/psoc creator/3.3/psoc creator/import/gnu/arm/4.9.3/bin/../lib/gcc/arm-none-eabi/4.9.3/../../../../arm-none-eabi/lib/armv7-m\libg_nano.a(lib_a-impure.o)
 .rodata._global_impure_ptr
                0x00000000        0x4 c:/program files (x86)/cypress/psoc creator/3.3/psoc creator/import/gnu/arm/4.9.3/bin/../lib/gcc/arm-none-eabi/4.9.3/../../../../arm-none-eabi/lib/armv7-m\libg_nano.a(lib_a-impure.o)
 .text          0x00000000        0x0 c:/program files (x86)/cypress/psoc creator/3.3/psoc creator/import/gnu/arm/4.9.3/bin/../lib/gcc/arm-none-eabi/4.9.3/../../../../arm-none-eabi/lib/armv7-m\libg_nano.a(lib_a-init.o)
 .data          0x00000000        0x0 c:/program files (x86)/cypress/psoc creator/3.3/psoc creator/import/gnu/arm/4.9.3/bin/../lib/gcc/arm-none-eabi/4.9.3/../../../../arm-none-eabi/lib/armv7-m\libg_nano.a(lib_a-init.o)
 .bss           0x00000000        0x0 c:/program files (x86)/cypress/psoc creator/3.3/psoc creator/import/gnu/arm/4.9.3/bin/../lib/gcc/arm-none-eabi/4.9.3/../../../../arm-none-eabi/lib/armv7-m\libg_nano.a(lib_a-init.o)
 .text          0x00000000        0x0 c:/program files (x86)/cypress/psoc creator/3.3/psoc creator/import/gnu/arm/4.9.3/bin/../lib/gcc/arm-none-eabi/4.9.3/../../../../arm-none-eabi/lib/armv7-m\libg_nano.a(lib_a-memcpy.o)
 .data          0x00000000        0x0 c:/program files (x86)/cypress/psoc creator/3.3/psoc creator/import/gnu/arm/4.9.3/bin/../lib/gcc/arm-none-eabi/4.9.3/../../../../arm-none-eabi/lib/armv7-m\libg_nano.a(lib_a-memcpy.o)
 .bss           0x00000000        0x0 c:/program files (x86)/cypress/psoc creator/3.3/psoc creator/import/gnu/arm/4.9.3/bin/../lib/gcc/arm-none-eabi/4.9.3/../../../../arm-none-eabi/lib/armv7-m\libg_nano.a(lib_a-memcpy.o)
 .text          0x00000000        0x0 c:/program files (x86)/cypress/psoc creator/3.3/psoc creator/import/gnu/arm/4.9.3/bin/../lib/gcc/arm-none-eabi/4.9.3/../../../../arm-none-eabi/lib/armv7-m\libg_nano.a(lib_a-memset.o)
 .data          0x00000000        0x0 c:/program files (x86)/cypress/psoc creator/3.3/psoc creator/import/gnu/arm/4.9.3/bin/../lib/gcc/arm-none-eabi/4.9.3/../../../../arm-none-eabi/lib/armv7-m\libg_nano.a(lib_a-memset.o)
 .bss           0x00000000        0x0 c:/program files (x86)/cypress/psoc creator/3.3/psoc creator/import/gnu/arm/4.9.3/bin/../lib/gcc/arm-none-eabi/4.9.3/../../../../arm-none-eabi/lib/armv7-m\libg_nano.a(lib_a-memset.o)
 .text          0x00000000        0x0 c:/program files (x86)/cypress/psoc creator/3.3/psoc creator/import/gnu/arm/4.9.3/bin/../lib/gcc/arm-none-eabi/4.9.3/armv7-m/crtend.o
 .data          0x00000000        0x0 c:/program files (x86)/cypress/psoc creator/3.3/psoc creator/import/gnu/arm/4.9.3/bin/../lib/gcc/arm-none-eabi/4.9.3/armv7-m/crtend.o
 .bss           0x00000000        0x0 c:/program files (x86)/cypress/psoc creator/3.3/psoc creator/import/gnu/arm/4.9.3/bin/../lib/gcc/arm-none-eabi/4.9.3/armv7-m/crtend.o
 .text          0x00000000        0x0 c:/program files (x86)/cypress/psoc creator/3.3/psoc creator/import/gnu/arm/4.9.3/bin/../lib/gcc/arm-none-eabi/4.9.3/armv7-m/crtn.o
 .data          0x00000000        0x0 c:/program files (x86)/cypress/psoc creator/3.3/psoc creator/import/gnu/arm/4.9.3/bin/../lib/gcc/arm-none-eabi/4.9.3/armv7-m/crtn.o
 .bss           0x00000000        0x0 c:/program files (x86)/cypress/psoc creator/3.3/psoc creator/import/gnu/arm/4.9.3/bin/../lib/gcc/arm-none-eabi/4.9.3/armv7-m/crtn.o

Memory Configuration

Name             Origin             Length             Attributes
rom              0x00000000         0x00040000         xr
ram              0x1fff8000         0x00010000         xrw
*default*        0x00000000         0xffffffff

Linker script and memory map

LOAD c:/program files (x86)/cypress/psoc creator/3.3/psoc creator/import/gnu/arm/4.9.3/bin/../lib/gcc/arm-none-eabi/4.9.3/armv7-m/crti.o
LOAD c:/program files (x86)/cypress/psoc creator/3.3/psoc creator/import/gnu/arm/4.9.3/bin/../lib/gcc/arm-none-eabi/4.9.3/armv7-m/crtbegin.o
LOAD c:/program files (x86)/cypress/psoc creator/3.3/psoc creator/import/gnu/arm/4.9.3/bin/../lib/gcc/arm-none-eabi/4.9.3/../../../../arm-none-eabi/lib/armv7-m/crt0.o
START GROUP
LOAD .\ARM_GCC_493\Debug\main.o
LOAD .\ARM_GCC_493\Debug\cymetadata.o
LOAD .\ARM_GCC_493\Debug\Cm3Start.o
LOAD .\ARM_GCC_493\Debug\Protection_Register_Control.a
LOAD C:\Program Files (x86)\Cypress\PSoC Creator\3.3\PSoC Creator\psoc\content\cycomponentlibrary\CyComponentLibrary.cylib\CortexM3\ARM_GCC_493\Debug\CyComponentLibrary.a
END GROUP
START GROUP
LOAD c:/program files (x86)/cypress/psoc creator/3.3/psoc creator/import/gnu/arm/4.9.3/bin/../lib/gcc/arm-none-eabi/4.9.3/armv7-m\libgcc.a
LOAD c:/program files (x86)/cypress/psoc creator/3.3/psoc creator/import/gnu/arm/4.9.3/bin/../lib/gcc/arm-none-eabi/4.9.3/../../../../arm-none-eabi/lib/armv7-m\libg_nano.a
LOAD c:/program files (x86)/cypress/psoc creator/3.3/psoc creator/import/gnu/arm/4.9.3/bin/../lib/gcc/arm-none-eabi/4.9.3/../../../../arm-none-eabi/lib/armv7-m\libc_nano.a
END GROUP
START GROUP
LOAD c:/program files (x86)/cypress/psoc creator/3.3/psoc creator/import/gnu/arm/4.9.3/bin/../lib/gcc/arm-none-eabi/4.9.3/armv7-m\libgcc.a
LOAD c:/program files (x86)/cypress/psoc creator/3.3/psoc creator/import/gnu/arm/4.9.3/bin/../lib/gcc/arm-none-eabi/4.9.3/../../../../arm-none-eabi/lib/armv7-m\libc_nano.a
END GROUP
LOAD c:/program files (x86)/cypress/psoc creator/3.3/psoc creator/import/gnu/arm/4.9.3/bin/../lib/gcc/arm-none-eabi/4.9.3/armv7-m/crtend.o
LOAD c:/program files (x86)/cypress/psoc creator/3.3/psoc creator/import/gnu/arm/4.9.3/bin/../lib/gcc/arm-none-eabi/4.9.3/armv7-m/crtn.o
START GROUP
LOAD c:/program files (x86)/cypress/psoc creator/3.3/psoc creator/import/gnu/arm/4.9.3/bin/../lib/gcc/arm-none-eabi/4.9.3/armv7-m\libgcc.a
LOAD c:/program files (x86)/cypress/psoc creator/3.3/psoc creator/import/gnu/arm/4.9.3/bin/../lib/gcc/arm-none-eabi/4.9.3/../../../../arm-none-eabi/lib/armv7-m\libc.a
LOAD c:/program files (x86)/cypress/psoc creator/3.3/psoc creator/import/gnu/arm/4.9.3/bin/../lib/gcc/arm-none-eabi/4.9.3/../../../../arm-none-eabi/lib/armv7-m\libnosys.a
END GROUP
                0x00000000                CY_APPL_ORIGIN = 0x0
                0x00000100                CY_FLASH_ROW_SIZE = 0x100
                0x00000020                CY_ECC_ROW_SIZE = 0x20
                0x00000000                CY_EE_IN_BTLDR = 0x0
                0x00000000                CY_APPL_LOADABLE = 0x0
                0x00000800                CY_EE_SIZE = 0x800
                0x00000001                CY_APPL_NUM = 0x1
                0x00000001                CY_APPL_MAX = 0x1
                0x00000040                CY_METADATA_SIZE = 0x40
                0x00000000                CY_APPL_LOADABLE = 0x0
                0x00000000                CY_CHECKSUM_EXCLUDE_SIZE = ALIGN (0x0, CY_FLASH_ROW_SIZE)
                0x1fff8140                PROVIDE (__cy_heap_start, _end)
                0x00000001                PROVIDE (__cy_region_num, ((__cy_regions_end - __cy_regions) / 0x10))
                0x20008000                PROVIDE (__cy_stack, (ORIGIN (ram) + 0x10000))
                0x20007800                PROVIDE (__cy_heap_end, (__cy_stack - 0x800))

.cybootloader   0x00000000        0x0
 *(.cybootloader)
                0x00000000                appl1_start = CY_APPL_ORIGIN?CY_APPL_ORIGIN:ALIGN (CY_FLASH_ROW_SIZE)
                0x0001ff00                appl2_start = (appl1_start + ALIGN ((((0x40000 - appl1_start) - (0x2 * CY_FLASH_ROW_SIZE)) / 0x2), CY_FLASH_ROW_SIZE))
                0x00000000                appl_start = (CY_APPL_NUM == 0x1)?appl1_start:appl2_start
                0x00000000                ecc_offset = ((appl_start / CY_FLASH_ROW_SIZE) * CY_ECC_ROW_SIZE)
                0x00000000                ee_offset = (CY_APPL_LOADABLE && ! (CY_EE_IN_BTLDR))?((CY_EE_SIZE / CY_APPL_MAX) * (CY_APPL_NUM - 0x1)):0x0
                0x00000800                ee_size = (CY_APPL_LOADABLE && ! (CY_EE_IN_BTLDR))?(CY_EE_SIZE / CY_APPL_MAX):CY_EE_SIZE
                0x00000000                PROVIDE (CY_ECC_OFFSET, ecc_offset)

.text           0x00000000      0x62e
 CREATE_OBJECT_SYMBOLS
                0x00000000                PROVIDE (__cy_interrupt_vector, RomVectors)
 *(.romvectors)
 .romvectors    0x00000000       0x10 .\ARM_GCC_493\Debug\Cm3Start.o
                0x00000000                RomVectors
                0x00000001                ASSERT ((. != __cy_interrupt_vector), No interrupt vector)
                0x00000001                ASSERT (CY_APPL_ORIGIN?(SIZEOF (.cybootloader) <= CY_APPL_ORIGIN):0x1, Wrong image location)
                0x00000010                PROVIDE (__cy_reset, Reset)
 *(.text.Reset)
 .text.Reset    0x00000010       0x18 .\ARM_GCC_493\Debug\Cm3Start.o
                0x00000010                Reset
                0x00000001                ASSERT ((. != __cy_reset), No reset code)
 *(.dma_init)
                0x00000001                ASSERT ((((appl_start + .) <= 0x10000) || 0x1), DMA Init must be within the first 64k of flash)
 *(.text .text.* .gnu.linkonce.t.*)
 .text          0x00000028       0x5c c:/program files (x86)/cypress/psoc creator/3.3/psoc creator/import/gnu/arm/4.9.3/bin/../lib/gcc/arm-none-eabi/4.9.3/armv7-m/crtbegin.o
 .text.main     0x00000084       0x40 .\ARM_GCC_493\Debug\main.o
                0x00000084                main
 .text.IntDefaultHandler
                0x000000c4        0x8 .\ARM_GCC_493\Debug\Cm3Start.o
                0x000000c4                IntDefaultHandler
 .text.Start_c  0x000000cc       0x98 .\ARM_GCC_493\Debug\Cm3Start.o
                0x000000cc                Start_c
 .text.initialize_psoc
                0x00000164       0x8c .\ARM_GCC_493\Debug\Cm3Start.o
                0x00000164                initialize_psoc
 .text.CYMEMZERO
                0x000001f0       0x1c .\ARM_GCC_493\Debug\Protection_Register_Control.a(cyfitter_cfg.o)
 .text.CYCONFIGCPY
                0x0000020c       0x1c .\ARM_GCC_493\Debug\Protection_Register_Control.a(cyfitter_cfg.o)
 .text.CYCONFIGCPYCODE
                0x00000228       0x1c .\ARM_GCC_493\Debug\Protection_Register_Control.a(cyfitter_cfg.o)
 .text.CyClockStartupError
                0x00000244        0xc .\ARM_GCC_493\Debug\Protection_Register_Control.a(cyfitter_cfg.o)
 .text.ClockSetup
                0x00000250       0xd8 .\ARM_GCC_493\Debug\Protection_Register_Control.a(cyfitter_cfg.o)
 .text.AnalogSetDefault
                0x00000328       0x44 .\ARM_GCC_493\Debug\Protection_Register_Control.a(cyfitter_cfg.o)
 .text.cyfitter_cfg
                0x0000036c      0x100 .\ARM_GCC_493\Debug\Protection_Register_Control.a(cyfitter_cfg.o)
                0x0000036c                cyfitter_cfg
 *fill*         0x0000046c        0x4 
 .text          0x00000470       0x58 .\ARM_GCC_493\Debug\Protection_Register_Control.a(CyBootAsmGnu.o)
                0x00000470                CyDelayCycles
                0x000004ae                CyEnterCriticalSection
                0x000004b6                CyExitCriticalSection
 .text.CyDelay  0x000004c8       0x44 .\ARM_GCC_493\Debug\Protection_Register_Control.a(CyLib.o)
                0x000004c8                CyDelay
 .text.Protection_IN_Write
                0x0000050c       0x38 .\ARM_GCC_493\Debug\Protection_Register_Control.a(Protection_IN.o)
                0x0000050c                Protection_IN_Write
 .text.Protection_CLK_Write
                0x00000544       0x3c .\ARM_GCC_493\Debug\Protection_Register_Control.a(Protection_CLK.o)
                0x00000544                Protection_CLK_Write
 .text.Protection_CLR_Write
                0x00000580       0x3c .\ARM_GCC_493\Debug\Protection_Register_Control.a(Protection_CLR.o)
                0x00000580                Protection_CLR_Write
 .text.__libc_init_array
                0x000005bc       0x4c c:/program files (x86)/cypress/psoc creator/3.3/psoc creator/import/gnu/arm/4.9.3/bin/../lib/gcc/arm-none-eabi/4.9.3/../../../../arm-none-eabi/lib/armv7-m\libg_nano.a(lib_a-init.o)
                0x000005bc                __libc_init_array
 .text.memcpy   0x00000608       0x16 c:/program files (x86)/cypress/psoc creator/3.3/psoc creator/import/gnu/arm/4.9.3/bin/../lib/gcc/arm-none-eabi/4.9.3/../../../../arm-none-eabi/lib/armv7-m\libg_nano.a(lib_a-memcpy.o)
                0x00000608                memcpy
 .text.memset   0x0000061e       0x10 c:/program files (x86)/cypress/psoc creator/3.3/psoc creator/import/gnu/arm/4.9.3/bin/../lib/gcc/arm-none-eabi/4.9.3/../../../../arm-none-eabi/lib/armv7-m\libg_nano.a(lib_a-memset.o)
                0x0000061e                memset
 *(.plt)
 *(.gnu.warning)
 *(.glue_7t)
 .glue_7t       0x00000000        0x0 linker stubs
 *(.glue_7)
 .glue_7        0x00000000        0x0 linker stubs
 *(.vfp11_veneer)
 .vfp11_veneer  0x00000000        0x0 linker stubs
 *(.bootloader)
 *(.ARM.extab* .gnu.linkonce.armextab.*)
 *(.gcc_except_table)

.v4_bx          0x00000630        0x0
 .v4_bx         0x00000000        0x0 linker stubs

.iplt           0x00000630        0x0
 .iplt          0x00000000        0x0 c:/program files (x86)/cypress/psoc creator/3.3/psoc creator/import/gnu/arm/4.9.3/bin/../lib/gcc/arm-none-eabi/4.9.3/armv7-m/crtbegin.o

.eh_frame_hdr
 *(.eh_frame_hdr)

.eh_frame       0x00000630        0x4
 *(.eh_frame)
 .eh_frame      0x00000630        0x0 c:/program files (x86)/cypress/psoc creator/3.3/psoc creator/import/gnu/arm/4.9.3/bin/../lib/gcc/arm-none-eabi/4.9.3/armv7-m/crtbegin.o
 .eh_frame      0x00000630        0x4 c:/program files (x86)/cypress/psoc creator/3.3/psoc creator/import/gnu/arm/4.9.3/bin/../lib/gcc/arm-none-eabi/4.9.3/armv7-m/crtend.o
                0x00000634                PROVIDE (__exidx_start, .)

.ARM.exidx
 *(.ARM.exidx* .gnu.linkonce.armexidx.*)
                0x00000634                __exidx_end = .

.rodata         0x00000634       0x6c
 *(.rodata .rodata.* .gnu.linkonce.r.*)
 .rodata        0x00000634       0x38 .\ARM_GCC_493\Debug\Protection_Register_Control.a(cyfitter_cfg.o)
                0x0000066c                . = ALIGN (0x4)
 *(.init)
 .init          0x0000066c        0x4 c:/program files (x86)/cypress/psoc creator/3.3/psoc creator/import/gnu/arm/4.9.3/bin/../lib/gcc/arm-none-eabi/4.9.3/armv7-m/crti.o
                0x0000066c                _init
 .init          0x00000670        0x8 c:/program files (x86)/cypress/psoc creator/3.3/psoc creator/import/gnu/arm/4.9.3/bin/../lib/gcc/arm-none-eabi/4.9.3/armv7-m/crtn.o
                0x00000678                . = ALIGN (0x4)
                0x00000678                __preinit_array_start = .
 *(.preinit_array)
                0x00000678                __preinit_array_end = .
                0x00000678                . = ALIGN (0x4)
                0x00000678                __init_array_start = .
 *(SORT(.init_array.*))
 *(.init_array)
 .init_array    0x00000678        0x4 c:/program files (x86)/cypress/psoc creator/3.3/psoc creator/import/gnu/arm/4.9.3/bin/../lib/gcc/arm-none-eabi/4.9.3/armv7-m/crtbegin.o
 .init_array    0x0000067c        0x4 .\ARM_GCC_493\Debug\Cm3Start.o
                0x00000680                __init_array_end = .
                0x00000680                . = ALIGN (0x4)
 *(.fini)
 .fini          0x00000680        0x4 c:/program files (x86)/cypress/psoc creator/3.3/psoc creator/import/gnu/arm/4.9.3/bin/../lib/gcc/arm-none-eabi/4.9.3/armv7-m/crti.o
                0x00000680                _fini
 .fini          0x00000684        0x8 c:/program files (x86)/cypress/psoc creator/3.3/psoc creator/import/gnu/arm/4.9.3/bin/../lib/gcc/arm-none-eabi/4.9.3/armv7-m/crtn.o
                0x0000068c                . = ALIGN (0x4)
                0x0000068c                __fini_array_start = .
 *(.fini_array)
 .fini_array    0x0000068c        0x4 c:/program files (x86)/cypress/psoc creator/3.3/psoc creator/import/gnu/arm/4.9.3/bin/../lib/gcc/arm-none-eabi/4.9.3/armv7-m/crtbegin.o
 *(SORT(.fini_array.*))
                0x00000690                __fini_array_end = .
                0x00000690                . = ALIGN (0x4)
 *crtbegin.o(.ctors)
 *(EXCLUDE_FILE(*crtend.o) .ctors)
 *(SORT(.ctors.*))
 *crtend.o(.ctors)
                0x00000690                . = ALIGN (0x4)
 *crtbegin.o(.dtors)
 *(EXCLUDE_FILE(*crtend.o) .dtors)
 *(SORT(.dtors.*))
 *crtend.o(.dtors)
                0x00000690                . = ALIGN (0x4)
                0x00000690                __cy_regions = .
                0x00000690        0x4 LONG 0x6a0 __cy_region_init_ram
                0x00000694        0x4 LONG 0x1fff8108 __cy_region_start_data
                0x00000698        0x4 LONG 0x18 __cy_region_init_size_ram
                0x0000069c        0x4 LONG 0x20 __cy_region_zero_size_ram
                0x000006a0                __cy_regions_end = .
                0x000006a0                . = ALIGN (0x8)
                0x000006a0                _etext = .

.cy_checksum_exclude
                0x000006a0        0x0
 *(.cy_checksum_exclude)

.ramvectors     0x1fff8000      0x100
                0x1fff8000                __cy_region_start_ram = .
 *(.ramvectors)
 .ramvectors    0x1fff8000      0x100 .\ARM_GCC_493\Debug\Cm3Start.o
                0x1fff8000                CyRamVectors

.noinit         0x1fff8100        0x5
 *(.noinit)
 .noinit        0x1fff8100        0x4 .\ARM_GCC_493\Debug\Cm3Start.o
 .noinit        0x1fff8104        0x1 .\ARM_GCC_493\Debug\Protection_Register_Control.a(CyLib.o)
                0x1fff8104                CyResetStatus

.data           0x1fff8108       0x18 load address 0x000006a0
                0x1fff8108                __cy_region_start_data = .
 *(.jcr)
 .jcr           0x1fff8108        0x0 c:/program files (x86)/cypress/psoc creator/3.3/psoc creator/import/gnu/arm/4.9.3/bin/../lib/gcc/arm-none-eabi/4.9.3/armv7-m/crtbegin.o
 .jcr           0x1fff8108        0x4 c:/program files (x86)/cypress/psoc creator/3.3/psoc creator/import/gnu/arm/4.9.3/bin/../lib/gcc/arm-none-eabi/4.9.3/armv7-m/crtend.o
 *(.got.plt)
 *(.got)
 *(.shdata)
 *(.data .data.* .gnu.linkonce.d.*)
 .data          0x1fff810c       0x10 .\ARM_GCC_493\Debug\Protection_Register_Control.a(CyLib.o)
                0x1fff810c                cydelay_freq_hz
                0x1fff8110                cydelay_freq_khz
                0x1fff8114                cydelay_freq_mhz
                0x1fff8118                cydelay_32k_ms
                0x1fff8120                . = ALIGN (0x8)
 *fill*         0x1fff811c        0x4 
 *(.ram)
                0x1fff8120                _edata = .

.igot.plt       0x1fff8120        0x0 load address 0x000006b8
 .igot.plt      0x00000000        0x0 c:/program files (x86)/cypress/psoc creator/3.3/psoc creator/import/gnu/arm/4.9.3/bin/../lib/gcc/arm-none-eabi/4.9.3/armv7-m/crtbegin.o

.bss            0x1fff8120       0x20 load address 0x000006b8
                0x1fff8120                PROVIDE (__bss_start__, .)
 *(.shbss)
 *(.bss .bss.* .gnu.linkonce.b.*)
 .bss           0x1fff8120       0x1c c:/program files (x86)/cypress/psoc creator/3.3/psoc creator/import/gnu/arm/4.9.3/bin/../lib/gcc/arm-none-eabi/4.9.3/armv7-m/crtbegin.o
 *(COMMON)
                0x1fff8140                . = ALIGN (0x8)
 *fill*         0x1fff813c        0x4 
 *(.ram.b)
                0x1fff8140                _end = .
                0x1fff8140                __end = .
                0x1fff8140                PROVIDE (end, .)
                0x1fff8140                PROVIDE (__bss_end__, .)
                0x000006a0                __cy_region_init_ram = LOADADDR (.data)
                0x00000018                __cy_region_init_size_ram = (_edata - ADDR (.data))
                0x00000020                __cy_region_zero_size_ram = (_end - _edata)

.heap           0x1fff8140       0x80 load address 0x000006b8
                0x1fff8140                . = _end
                0x1fff81c0                . = (. + 0x80)
 *fill*         0x1fff8140       0x80 
                0x1fff81c0                __cy_heap_limit = .

.stack          0x20007800      0x800
                0x20007800                __cy_stack_limit = .
                0x20008000                . = (. + 0x800)
 *fill*         0x20007800      0x800 
                0x00000001                ASSERT ((__cy_stack_limit >= __cy_heap_limit), region RAM overflowed with stack)
                0x00000000                cy_checksum_exclude_size = (CY_APPL_LOADABLE == 0x1)?SIZEOF (.cy_checksum_exclude):0x0
                0x00000001                ASSERT ((cy_checksum_exclude_size <= CY_CHECKSUM_EXCLUDE_SIZE), CY_BOOT: Section .cy_checksum_exclude size exceedes specified limit.)

.cyloadermeta
 *(.cyloadermeta)

.cyloadablemeta
 *(.cyloadablemeta)

.cyconfigecc    0x80000000        0x4
 *(.cyconfigecc)
 .cyconfigecc   0x80000000        0x4 .\ARM_GCC_493\Debug\cymetadata.o
                0x80000000                cy_meta_configecc

.cycustnvl      0x90000000        0x4
 *(.cycustnvl)
 .cycustnvl     0x90000000        0x4 .\ARM_GCC_493\Debug\cymetadata.o
                0x90000000                cy_meta_custnvl

.cywolatch      0x90100000        0x4
 *(.cywolatch)
 .cywolatch     0x90100000        0x4 .\ARM_GCC_493\Debug\cymetadata.o
                0x90100000                cy_meta_wonvl

.cyeeprom       0x90200000        0x0
 *(.cyeeprom)
                0x00000001                ASSERT ((. <= ((0x90200000 + ee_offset) + ee_size)), .cyeeprom data will not fit in EEPROM)

.cyflashprotect
                0x90400000      0x100
 *(.cyflashprotect)
 .cyflashprotect
                0x90400000      0x100 .\ARM_GCC_493\Debug\cymetadata.o
                0x90400000                cy_meta_flashprotect

.cymeta         0x90500000        0xc
 *(.cymeta)
 .cymeta        0x90500000        0xc .\ARM_GCC_493\Debug\cymetadata.o
                0x90500000                cy_metadata

.rel.dyn        0x000006b8        0x0 load address 0x9050000c
 .rel.iplt      0x00000000        0x0 c:/program files (x86)/cypress/psoc creator/3.3/psoc creator/import/gnu/arm/4.9.3/bin/../lib/gcc/arm-none-eabi/4.9.3/armv7-m/crtbegin.o

.stab
 *(.stab)

.stabstr
 *(.stabstr)

.debug
 *(.debug)

.line
 *(.line)

.debug_srcinfo
 *(.debug_srcinfo)

.debug_sfnames
 *(.debug_sfnames)

.debug_aranges  0x00000000      0x5d0
 *(.debug_aranges)
 .debug_aranges
                0x00000000       0x20 .\ARM_GCC_493\Debug\main.o
 .debug_aranges
                0x00000020       0x18 .\ARM_GCC_493\Debug\cymetadata.o
 .debug_aranges
                0x00000038       0x48 .\ARM_GCC_493\Debug\Cm3Start.o
 .debug_aranges
                0x00000080       0x58 .\ARM_GCC_493\Debug\Protection_Register_Control.a(cyfitter_cfg.o)
 .debug_aranges
                0x000000d8       0x20 .\ARM_GCC_493\Debug\Protection_Register_Control.a(CyBootAsmGnu.o)
 .debug_aranges
                0x000000f8      0x298 .\ARM_GCC_493\Debug\Protection_Register_Control.a(CyLib.o)
 .debug_aranges
                0x00000390       0x98 .\ARM_GCC_493\Debug\Protection_Register_Control.a(cyPm.o)
 .debug_aranges
                0x00000428       0x38 .\ARM_GCC_493\Debug\Protection_Register_Control.a(Protection_IN.o)
 .debug_aranges
                0x00000460       0x38 .\ARM_GCC_493\Debug\Protection_Register_Control.a(Protection_CLK.o)
 .debug_aranges
                0x00000498       0x38 .\ARM_GCC_493\Debug\Protection_Register_Control.a(Protection_CLR.o)
 .debug_aranges
                0x000004d0       0x88 .\ARM_GCC_493\Debug\Protection_Register_Control.a(CyFlash.o)
 .debug_aranges
                0x00000558       0x78 .\ARM_GCC_493\Debug\Protection_Register_Control.a(CySpc.o)

.debug_pubnames
 *(.debug_pubnames)

.debug_info     0x00000000     0x27ca
 *(.debug_info .gnu.linkonce.wi.*)
 .debug_info    0x00000000       0xc4 .\ARM_GCC_493\Debug\main.o
 .debug_info    0x000000c4      0x13a .\ARM_GCC_493\Debug\cymetadata.o
 .debug_info    0x000001fe      0x313 .\ARM_GCC_493\Debug\Cm3Start.o
 .debug_info    0x00000511      0x307 .\ARM_GCC_493\Debug\Protection_Register_Control.a(cyfitter_cfg.o)
 .debug_info    0x00000818       0xaf .\ARM_GCC_493\Debug\Protection_Register_Control.a(CyBootAsmGnu.o)
 .debug_info    0x000008c7      0xe34 .\ARM_GCC_493\Debug\Protection_Register_Control.a(CyLib.o)
 .debug_info    0x000016fb      0x561 .\ARM_GCC_493\Debug\Protection_Register_Control.a(cyPm.o)
 .debug_info    0x00001c5c      0x11e .\ARM_GCC_493\Debug\Protection_Register_Control.a(Protection_IN.o)
 .debug_info    0x00001d7a      0x11e .\ARM_GCC_493\Debug\Protection_Register_Control.a(Protection_CLK.o)
 .debug_info    0x00001e98      0x11e .\ARM_GCC_493\Debug\Protection_Register_Control.a(Protection_CLR.o)
 .debug_info    0x00001fb6      0x3c1 .\ARM_GCC_493\Debug\Protection_Register_Control.a(CyFlash.o)
 .debug_info    0x00002377      0x453 .\ARM_GCC_493\Debug\Protection_Register_Control.a(CySpc.o)

.debug_abbrev   0x00000000      0xb9c
 *(.debug_abbrev)
 .debug_abbrev  0x00000000       0x67 .\ARM_GCC_493\Debug\main.o
 .debug_abbrev  0x00000067       0x5d .\ARM_GCC_493\Debug\cymetadata.o
 .debug_abbrev  0x000000c4      0x1a7 .\ARM_GCC_493\Debug\Cm3Start.o
 .debug_abbrev  0x0000026b      0x14d .\ARM_GCC_493\Debug\Protection_Register_Control.a(cyfitter_cfg.o)
 .debug_abbrev  0x000003b8       0x14 .\ARM_GCC_493\Debug\Protection_Register_Control.a(CyBootAsmGnu.o)
 .debug_abbrev  0x000003cc      0x217 .\ARM_GCC_493\Debug\Protection_Register_Control.a(CyLib.o)
 .debug_abbrev  0x000005e3      0x161 .\ARM_GCC_493\Debug\Protection_Register_Control.a(cyPm.o)
 .debug_abbrev  0x00000744       0x90 .\ARM_GCC_493\Debug\Protection_Register_Control.a(Protection_IN.o)
 .debug_abbrev  0x000007d4       0x90 .\ARM_GCC_493\Debug\Protection_Register_Control.a(Protection_CLK.o)
 .debug_abbrev  0x00000864       0x90 .\ARM_GCC_493\Debug\Protection_Register_Control.a(Protection_CLR.o)
 .debug_abbrev  0x000008f4      0x13c .\ARM_GCC_493\Debug\Protection_Register_Control.a(CyFlash.o)
 .debug_abbrev  0x00000a30      0x16c .\ARM_GCC_493\Debug\Protection_Register_Control.a(CySpc.o)

.debug_line     0x00000000     0x17fc
 *(.debug_line)
 .debug_line    0x00000000      0x174 .\ARM_GCC_493\Debug\main.o
 .debug_line    0x00000174       0x53 .\ARM_GCC_493\Debug\cymetadata.o
 .debug_line    0x000001c7      0x1d6 .\ARM_GCC_493\Debug\Cm3Start.o
 .debug_line    0x0000039d      0x1c0 .\ARM_GCC_493\Debug\Protection_Register_Control.a(cyfitter_cfg.o)
 .debug_line    0x0000055d       0x7f .\ARM_GCC_493\Debug\Protection_Register_Control.a(CyBootAsmGnu.o)
 .debug_line    0x000005dc      0x872 .\ARM_GCC_493\Debug\Protection_Register_Control.a(CyLib.o)
 .debug_line    0x00000e4e      0x381 .\ARM_GCC_493\Debug\Protection_Register_Control.a(cyPm.o)
 .debug_line    0x000011cf       0x9e .\ARM_GCC_493\Debug\Protection_Register_Control.a(Protection_IN.o)
 .debug_line    0x0000126d       0x9f .\ARM_GCC_493\Debug\Protection_Register_Control.a(Protection_CLK.o)
 .debug_line    0x0000130c       0x9f .\ARM_GCC_493\Debug\Protection_Register_Control.a(Protection_CLR.o)
 .debug_line    0x000013ab      0x21a .\ARM_GCC_493\Debug\Protection_Register_Control.a(CyFlash.o)
 .debug_line    0x000015c5      0x237 .\ARM_GCC_493\Debug\Protection_Register_Control.a(CySpc.o)

.debug_frame    0x00000000     0x1748
 *(.debug_frame)
 .debug_frame   0x00000000       0x2c .\ARM_GCC_493\Debug\main.o
 .debug_frame   0x0000002c       0xd8 .\ARM_GCC_493\Debug\Cm3Start.o
 .debug_frame   0x00000104      0x144 .\ARM_GCC_493\Debug\Protection_Register_Control.a(cyfitter_cfg.o)
 .debug_frame   0x00000248      0xbe8 .\ARM_GCC_493\Debug\Protection_Register_Control.a(CyLib.o)
 .debug_frame   0x00000e30      0x234 .\ARM_GCC_493\Debug\Protection_Register_Control.a(cyPm.o)
 .debug_frame   0x00001064       0xa8 .\ARM_GCC_493\Debug\Protection_Register_Control.a(Protection_IN.o)
 .debug_frame   0x0000110c       0xa8 .\ARM_GCC_493\Debug\Protection_Register_Control.a(Protection_CLK.o)
 .debug_frame   0x000011b4       0xa8 .\ARM_GCC_493\Debug\Protection_Register_Control.a(Protection_CLR.o)
 .debug_frame   0x0000125c      0x238 .\ARM_GCC_493\Debug\Protection_Register_Control.a(CyFlash.o)
 .debug_frame   0x00001494      0x1f8 .\ARM_GCC_493\Debug\Protection_Register_Control.a(CySpc.o)
 .debug_frame   0x0000168c       0x20 c:/program files (x86)/cypress/psoc creator/3.3/psoc creator/import/gnu/arm/4.9.3/bin/../lib/gcc/arm-none-eabi/4.9.3/../../../../arm-none-eabi/lib/armv7-m\libg_nano.a(lib_a-errno.o)
 .debug_frame   0x000016ac       0x28 c:/program files (x86)/cypress/psoc creator/3.3/psoc creator/import/gnu/arm/4.9.3/bin/../lib/gcc/arm-none-eabi/4.9.3/../../../../arm-none-eabi/lib/armv7-m\libg_nano.a(lib_a-exit.o)
 .debug_frame   0x000016d4       0x2c c:/program files (x86)/cypress/psoc creator/3.3/psoc creator/import/gnu/arm/4.9.3/bin/../lib/gcc/arm-none-eabi/4.9.3/../../../../arm-none-eabi/lib/armv7-m\libg_nano.a(lib_a-init.o)
 .debug_frame   0x00001700       0x28 c:/program files (x86)/cypress/psoc creator/3.3/psoc creator/import/gnu/arm/4.9.3/bin/../lib/gcc/arm-none-eabi/4.9.3/../../../../arm-none-eabi/lib/armv7-m\libg_nano.a(lib_a-memcpy.o)
 .debug_frame   0x00001728       0x20 c:/program files (x86)/cypress/psoc creator/3.3/psoc creator/import/gnu/arm/4.9.3/bin/../lib/gcc/arm-none-eabi/4.9.3/../../../../arm-none-eabi/lib/armv7-m\libg_nano.a(lib_a-memset.o)

.debug_str      0x00000000     0x13df
 *(.debug_str)
 .debug_str     0x00000000      0x178 .\ARM_GCC_493\Debug\main.o
                                0x1b9 (size before relaxing)
 .debug_str     0x00000178       0x7d .\ARM_GCC_493\Debug\cymetadata.o
                                0x209 (size before relaxing)
 .debug_str     0x000001f5      0x13e .\ARM_GCC_493\Debug\Cm3Start.o
                                0x2ea (size before relaxing)
 .debug_str     0x00000333      0x11e .\ARM_GCC_493\Debug\Protection_Register_Control.a(cyfitter_cfg.o)
                                0x2d0 (size before relaxing)
 .debug_str     0x00000451      0x7fc .\ARM_GCC_493\Debug\Protection_Register_Control.a(CyLib.o)
                                0x9e5 (size before relaxing)
 .debug_str     0x00000c4d      0x367 .\ARM_GCC_493\Debug\Protection_Register_Control.a(cyPm.o)
                                0x54a (size before relaxing)
 .debug_str     0x00000fb4       0x90 .\ARM_GCC_493\Debug\Protection_Register_Control.a(Protection_IN.o)
                                0x229 (size before relaxing)
 .debug_str     0x00001044       0x8a .\ARM_GCC_493\Debug\Protection_Register_Control.a(Protection_CLK.o)
                                0x22e (size before relaxing)
 .debug_str     0x000010ce       0x8a .\ARM_GCC_493\Debug\Protection_Register_Control.a(Protection_CLR.o)
                                0x22e (size before relaxing)
 .debug_str     0x00001158      0x15f .\ARM_GCC_493\Debug\Protection_Register_Control.a(CyFlash.o)
                                0x321 (size before relaxing)
 .debug_str     0x000012b7      0x128 .\ARM_GCC_493\Debug\Protection_Register_Control.a(CySpc.o)
                                0x306 (size before relaxing)

.debug_loc
 *(.debug_loc)

.debug_macinfo
 *(.debug_macinfo)

.debug_ranges   0x00000000      0x4f8
 *(.debug_ranges)
 .debug_ranges  0x00000000       0x10 .\ARM_GCC_493\Debug\main.o
 .debug_ranges  0x00000010       0x38 .\ARM_GCC_493\Debug\Cm3Start.o
 .debug_ranges  0x00000048       0x48 .\ARM_GCC_493\Debug\Protection_Register_Control.a(cyfitter_cfg.o)
 .debug_ranges  0x00000090      0x288 .\ARM_GCC_493\Debug\Protection_Register_Control.a(CyLib.o)
 .debug_ranges  0x00000318       0x88 .\ARM_GCC_493\Debug\Protection_Register_Control.a(cyPm.o)
 .debug_ranges  0x000003a0       0x28 .\ARM_GCC_493\Debug\Protection_Register_Control.a(Protection_IN.o)
 .debug_ranges  0x000003c8       0x28 .\ARM_GCC_493\Debug\Protection_Register_Control.a(Protection_CLK.o)
 .debug_ranges  0x000003f0       0x28 .\ARM_GCC_493\Debug\Protection_Register_Control.a(Protection_CLR.o)
 .debug_ranges  0x00000418       0x78 .\ARM_GCC_493\Debug\Protection_Register_Control.a(CyFlash.o)
 .debug_ranges  0x00000490       0x68 .\ARM_GCC_493\Debug\Protection_Register_Control.a(CySpc.o)

.comment        0x00000000       0x70
 .comment       0x00000000       0x70 .\ARM_GCC_493\Debug\main.o
                                 0x71 (size before relaxing)
 .comment       0x00000000       0x71 .\ARM_GCC_493\Debug\cymetadata.o
 .comment       0x00000000       0x71 .\ARM_GCC_493\Debug\Cm3Start.o
 .comment       0x00000000       0x71 .\ARM_GCC_493\Debug\Protection_Register_Control.a(cyfitter_cfg.o)
 .comment       0x00000000       0x71 .\ARM_GCC_493\Debug\Protection_Register_Control.a(CyLib.o)
 .comment       0x00000000       0x71 .\ARM_GCC_493\Debug\Protection_Register_Control.a(cyPm.o)
 .comment       0x00000000       0x71 .\ARM_GCC_493\Debug\Protection_Register_Control.a(Protection_IN.o)
 .comment       0x00000000       0x71 .\ARM_GCC_493\Debug\Protection_Register_Control.a(Protection_CLK.o)
 .comment       0x00000000       0x71 .\ARM_GCC_493\Debug\Protection_Register_Control.a(Protection_CLR.o)
 .comment       0x00000000       0x71 .\ARM_GCC_493\Debug\Protection_Register_Control.a(CyFlash.o)
 .comment       0x00000000       0x71 .\ARM_GCC_493\Debug\Protection_Register_Control.a(CySpc.o)

.debug_weaknames
 *(.debug_weaknames)

.debug_funcnames
 *(.debug_funcnames)

.debug_typenames
 *(.debug_typenames)

.debug_varnames
 *(.debug_varnames)

.note.gnu.arm.ident
 *(.note.gnu.arm.ident)

.ARM.attributes
                0x00000000       0x29
 *(.ARM.attributes)
 .ARM.attributes
                0x00000000       0x1d c:/program files (x86)/cypress/psoc creator/3.3/psoc creator/import/gnu/arm/4.9.3/bin/../lib/gcc/arm-none-eabi/4.9.3/armv7-m/crti.o
 .ARM.attributes
                0x0000001d       0x2d c:/program files (x86)/cypress/psoc creator/3.3/psoc creator/import/gnu/arm/4.9.3/bin/../lib/gcc/arm-none-eabi/4.9.3/armv7-m/crtbegin.o
 .ARM.attributes
                0x0000004a       0x1b c:/program files (x86)/cypress/psoc creator/3.3/psoc creator/import/gnu/arm/4.9.3/bin/../lib/gcc/arm-none-eabi/4.9.3/../../../../arm-none-eabi/lib/armv7-m/crt0.o
 .ARM.attributes
                0x00000065       0x33 .\ARM_GCC_493\Debug\main.o
 .ARM.attributes
                0x00000098       0x33 .\ARM_GCC_493\Debug\cymetadata.o
 .ARM.attributes
                0x000000cb       0x33 .\ARM_GCC_493\Debug\Cm3Start.o
 .ARM.attributes
                0x000000fe       0x33 .\ARM_GCC_493\Debug\Protection_Register_Control.a(cyfitter_cfg.o)
 .ARM.attributes
                0x00000131       0x21 .\ARM_GCC_493\Debug\Protection_Register_Control.a(CyBootAsmGnu.o)
 .ARM.attributes
                0x00000152       0x33 .\ARM_GCC_493\Debug\Protection_Register_Control.a(CyLib.o)
 .ARM.attributes
                0x00000185       0x33 .\ARM_GCC_493\Debug\Protection_Register_Control.a(cyPm.o)
 .ARM.attributes
                0x000001b8       0x33 .\ARM_GCC_493\Debug\Protection_Register_Control.a(Protection_IN.o)
 .ARM.attributes
                0x000001eb       0x33 .\ARM_GCC_493\Debug\Protection_Register_Control.a(Protection_CLK.o)
 .ARM.attributes
                0x0000021e       0x33 .\ARM_GCC_493\Debug\Protection_Register_Control.a(Protection_CLR.o)
 .ARM.attributes
                0x00000251       0x33 .\ARM_GCC_493\Debug\Protection_Register_Control.a(CyFlash.o)
 .ARM.attributes
                0x00000284       0x33 .\ARM_GCC_493\Debug\Protection_Register_Control.a(CySpc.o)
 .ARM.attributes
                0x000002b7       0x2d c:/program files (x86)/cypress/psoc creator/3.3/psoc creator/import/gnu/arm/4.9.3/bin/../lib/gcc/arm-none-eabi/4.9.3/../../../../arm-none-eabi/lib/armv7-m\libg_nano.a(lib_a-errno.o)
 .ARM.attributes
                0x000002e4       0x2d c:/program files (x86)/cypress/psoc creator/3.3/psoc creator/import/gnu/arm/4.9.3/bin/../lib/gcc/arm-none-eabi/4.9.3/../../../../arm-none-eabi/lib/armv7-m\libg_nano.a(lib_a-exit.o)
 .ARM.attributes
                0x00000311       0x2d c:/program files (x86)/cypress/psoc creator/3.3/psoc creator/import/gnu/arm/4.9.3/bin/../lib/gcc/arm-none-eabi/4.9.3/../../../../arm-none-eabi/lib/armv7-m\libg_nano.a(lib_a-impure.o)
 .ARM.attributes
                0x0000033e       0x2d c:/program files (x86)/cypress/psoc creator/3.3/psoc creator/import/gnu/arm/4.9.3/bin/../lib/gcc/arm-none-eabi/4.9.3/../../../../arm-none-eabi/lib/armv7-m\libg_nano.a(lib_a-init.o)
 .ARM.attributes
                0x0000036b       0x2d c:/program files (x86)/cypress/psoc creator/3.3/psoc creator/import/gnu/arm/4.9.3/bin/../lib/gcc/arm-none-eabi/4.9.3/../../../../arm-none-eabi/lib/armv7-m\libg_nano.a(lib_a-memcpy.o)
 .ARM.attributes
                0x00000398       0x2d c:/program files (x86)/cypress/psoc creator/3.3/psoc creator/import/gnu/arm/4.9.3/bin/../lib/gcc/arm-none-eabi/4.9.3/../../../../arm-none-eabi/lib/armv7-m\libg_nano.a(lib_a-memset.o)
 .ARM.attributes
                0x000003c5       0x2d c:/program files (x86)/cypress/psoc creator/3.3/psoc creator/import/gnu/arm/4.9.3/bin/../lib/gcc/arm-none-eabi/4.9.3/armv7-m/crtend.o
 .ARM.attributes
                0x000003f2       0x1d c:/program files (x86)/cypress/psoc creator/3.3/psoc creator/import/gnu/arm/4.9.3/bin/../lib/gcc/arm-none-eabi/4.9.3/armv7-m/crtn.o

/DISCARD/
 *(.note.GNU-stack)
OUTPUT(.\ARM_GCC_493\Debug\Protection_Register_Control.elf elf32-littlearm)
