ARM GAS  C:\Users\LUKASC~1\AppData\Local\Temp\ccTX05WU.s 			page 1


   1              		.syntax unified
   2              		.cpu cortex-m3
   3              		.fpu softvfp
   4              		.eabi_attribute 20, 1
   5              		.eabi_attribute 21, 1
   6              		.eabi_attribute 23, 3
   7              		.eabi_attribute 24, 1
   8              		.eabi_attribute 25, 1
   9              		.eabi_attribute 26, 1
  10              		.eabi_attribute 30, 6
  11              		.eabi_attribute 34, 1
  12              		.eabi_attribute 18, 4
  13              		.thumb
  14              		.file	"main.c"
  15              		.text
  16              	.Ltext0:
  17              		.cfi_sections	.debug_frame
  18              		.global _printf_float
  19              		.thumb
  20              		.global	finishedDMA
  21              		.bss
  22              		.type	finishedDMA, %object
  23              		.size	finishedDMA, 1
  24              	finishedDMA:
  25 0000 00       		.space	1
  26              		.global	dataReady
  27              		.type	dataReady, %object
  28              		.size	dataReady, 1
  29              	dataReady:
  30 0001 00       		.space	1
  31              		.comm	result,2,2
  32              		.section	.text.DmaDone,"ax",%progbits
  33              		.align	2
  34              		.global	DmaDone
  35              		.thumb
  36              		.thumb_func
  37              		.type	DmaDone, %function
  38              	DmaDone:
  39              	.LFB63:
  40              		.file 1 "main.c"
   1:main.c        **** /*******************************************************************************
   2:main.c        **** * File Name: main.c
   3:main.c        **** *
   4:main.c        **** * Version: 2.0
   5:main.c        **** *
   6:main.c        **** * Description:
   7:main.c        **** *  The SAR ADC and PrISM datasheet example project.
   8:main.c        **** *  This example project demonstrates SAR ADC measurements and transferring
   9:main.c        **** *  results using ISR and DMA to the LCD and PrISM.
  10:main.c        **** *
  11:main.c        **** * Note:
  12:main.c        **** *  Pin_Vin pin (P1[4]) should be connected to the VR.
  13:main.c        **** *  Pin_LED pin (P1[6]) should be connected to the LED.
  14:main.c        **** *  Verify that VR_PWR(J11) is jumpered to ON.
  15:main.c        **** *
  16:main.c        **** * Hardware Dependency:
  17:main.c        **** *  CY8C55 Family Processor
ARM GAS  C:\Users\LUKASC~1\AppData\Local\Temp\ccTX05WU.s 			page 2


  18:main.c        **** *
  19:main.c        **** ********************************************************************************
  20:main.c        **** * Copyright 2012, Cypress Semiconductor Corporation. All rights reserved.
  21:main.c        **** * This software is owned by Cypress Semiconductor Corporation and is protected
  22:main.c        **** * by and subject to worldwide patent and copyright laws and treaties.
  23:main.c        **** * Therefore, you may use this software only as provided in the license agreement
  24:main.c        **** * accompanying the software package from which you obtained this software.
  25:main.c        **** * CYPRESS AND ITS SUPPLIERS MAKE NO WARRANTY OF ANY KIND, EXPRESS OR IMPLIED,
  26:main.c        **** * WITH REGARD TO THIS SOFTWARE, INCLUDING, BUT NOT LIMITED TO, NONINFRINGEMENT,
  27:main.c        **** * IMPLIED WARRANTIES OF MERCHANTABILITY AND FITNESS FOR A PARTICULAR PURPOSE.
  28:main.c        **** *******************************************************************************/
  29:main.c        **** 
  30:main.c        **** #include <project.h>
  31:main.c        **** #include <stdio.h>
  32:main.c        **** 
  33:main.c        **** #if defined (__GNUC__)
  34:main.c        ****     /* Add an explicit reference to the floating point printf library */
  35:main.c        ****     /* to allow the usage of floating point conversion specifiers. */
  36:main.c        ****     /* This is not linked in by default with the newlib-nano library. */
  37:main.c        ****     asm (".global _printf_float");
  38:main.c        **** #endif
  39:main.c        **** 
  40:main.c        **** uint8 finishedDMA = 0u;
  41:main.c        **** uint8 dataReady = 0u;
  42:main.c        **** uint16 result;
  43:main.c        **** 
  44:main.c        **** 
  45:main.c        **** /******************************************************************************
  46:main.c        **** * Function Name: DmaDone
  47:main.c        **** *******************************************************************************
  48:main.c        **** *
  49:main.c        **** * Summary:
  50:main.c        **** *  Handle Interrupt Service Routine. Source - DMA.
  51:main.c        **** *
  52:main.c        **** ******************************************************************************/
  53:main.c        **** CY_ISR(DmaDone)
  54:main.c        **** {
  41              		.loc 1 54 0
  42              		.cfi_startproc
  43              		@ args = 0, pretend = 0, frame = 0
  44              		@ frame_needed = 1, uses_anonymous_args = 0
  45              		@ link register save eliminated.
  46 0000 80B4     		push	{r7}
  47              		.cfi_def_cfa_offset 4
  48              		.cfi_offset 7, -4
  49 0002 00AF     		add	r7, sp, #0
  50              		.cfi_def_cfa_register 7
  55:main.c        ****     finishedDMA = 1u;
  51              		.loc 1 55 0
  52 0004 034B     		ldr	r3, .L2
  53 0006 0122     		movs	r2, #1
  54 0008 1A70     		strb	r2, [r3]
  56:main.c        **** }
  55              		.loc 1 56 0
  56 000a BD46     		mov	sp, r7
  57              		.cfi_def_cfa_register 13
  58              		@ sp needed
ARM GAS  C:\Users\LUKASC~1\AppData\Local\Temp\ccTX05WU.s 			page 3


  59 000c 5DF8047B 		ldr	r7, [sp], #4
  60              		.cfi_restore 7
  61              		.cfi_def_cfa_offset 0
  62 0010 7047     		bx	lr
  63              	.L3:
  64 0012 00BF     		.align	2
  65              	.L2:
  66 0014 00000000 		.word	finishedDMA
  67              		.cfi_endproc
  68              	.LFE63:
  69              		.size	DmaDone, .-DmaDone
  70              		.section	.text.ADC_SAR_2_ISR_LOC,"ax",%progbits
  71              		.align	2
  72              		.global	ADC_SAR_2_ISR_LOC
  73              		.thumb
  74              		.thumb_func
  75              		.type	ADC_SAR_2_ISR_LOC, %function
  76              	ADC_SAR_2_ISR_LOC:
  77              	.LFB64:
  57:main.c        **** 
  58:main.c        **** 
  59:main.c        **** /******************************************************************************
  60:main.c        **** * Function Name: ADC_SAR_ISR_LOC
  61:main.c        **** *******************************************************************************
  62:main.c        **** *
  63:main.c        **** * Summary:
  64:main.c        **** *  Handle Interrupt Service Routine. Source - SAR ADC.
  65:main.c        **** *
  66:main.c        **** ******************************************************************************/
  67:main.c        **** CY_ISR(ADC_SAR_2_ISR_LOC)
  68:main.c        **** {
  78              		.loc 1 68 0
  79              		.cfi_startproc
  80              		@ args = 0, pretend = 0, frame = 0
  81              		@ frame_needed = 1, uses_anonymous_args = 0
  82              		@ link register save eliminated.
  83 0000 80B4     		push	{r7}
  84              		.cfi_def_cfa_offset 4
  85              		.cfi_offset 7, -4
  86 0002 00AF     		add	r7, sp, #0
  87              		.cfi_def_cfa_register 7
  69:main.c        ****         result = CY_GET_REG16(ADC_SAR_2_SAR_WRK_PTR);
  88              		.loc 1 69 0
  89 0004 054B     		ldr	r3, .L5
  90 0006 1B88     		ldrh	r3, [r3]	@ movhi
  91 0008 9AB2     		uxth	r2, r3
  92 000a 054B     		ldr	r3, .L5+4
  93 000c 1A80     		strh	r2, [r3]	@ movhi
  70:main.c        ****         dataReady = 1u;
  94              		.loc 1 70 0
  95 000e 054B     		ldr	r3, .L5+8
  96 0010 0122     		movs	r2, #1
  97 0012 1A70     		strb	r2, [r3]
  71:main.c        **** }
  98              		.loc 1 71 0
  99 0014 BD46     		mov	sp, r7
 100              		.cfi_def_cfa_register 13
ARM GAS  C:\Users\LUKASC~1\AppData\Local\Temp\ccTX05WU.s 			page 4


 101              		@ sp needed
 102 0016 5DF8047B 		ldr	r7, [sp], #4
 103              		.cfi_restore 7
 104              		.cfi_def_cfa_offset 0
 105 001a 7047     		bx	lr
 106              	.L6:
 107              		.align	2
 108              	.L5:
 109 001c A25B0040 		.word	1073765282
 110 0020 00000000 		.word	result
 111 0024 00000000 		.word	dataReady
 112              		.cfi_endproc
 113              	.LFE64:
 114              		.size	ADC_SAR_2_ISR_LOC, .-ADC_SAR_2_ISR_LOC
 115              		.section	.rodata
 116              		.align	2
 117              	.LC0:
 118 0000 41444331 		.ascii	"ADC1=0x\000"
 118      3D307800 
 119              		.align	2
 120              	.LC1:
 121 0008 41444332 		.ascii	"ADC2=      V\000"
 121      3D202020 
 121      20202056 
 121      00
 122              		.global	__aeabi_f2d
 123 0015 000000   		.align	2
 124              	.LC2:
 125 0018 252B312E 		.ascii	"%+1.2f\000"
 125      326600
 126 001f 00       		.section	.text.main,"ax",%progbits
 127              		.align	2
 128              		.global	main
 129              		.thumb
 130              		.thumb_func
 131              		.type	main, %function
 132              	main:
 133              	.LFB65:
  72:main.c        **** 
  73:main.c        **** 
  74:main.c        **** /*******************************************************************************
  75:main.c        **** * Function Name: main
  76:main.c        **** ********************************************************************************
  77:main.c        **** *
  78:main.c        **** * Summary:
  79:main.c        **** *  Main function performs following functions:
  80:main.c        **** *   1. Initialises the DMA to move data from ADC_SAR_1 work registers to the
  81:main.c        **** *      PrISM pulse density registers.
  82:main.c        **** *   2. Initialises the ISR connected to the DMA nrq terminal(DMA done).
  83:main.c        **** *   3. Initialises the LCD.
  84:main.c        **** *   4. Initialises the PrISM with 1Mhz clock.
  85:main.c        **** *   5. Initialises the two SAR ADCs.
  86:main.c        **** *   6. Displays the results of ADC_SAR_1 when DmaDone ISR rises.
  87:main.c        **** *      The results are read from PrISM pulse density register.
  88:main.c        **** *   7. Displays the results of ADC_SAR_2 when internal EOC ISR rises.
  89:main.c        **** *
  90:main.c        **** * Parameters:
ARM GAS  C:\Users\LUKASC~1\AppData\Local\Temp\ccTX05WU.s 			page 5


  91:main.c        **** *  None.
  92:main.c        **** *
  93:main.c        **** * Return:
  94:main.c        **** *  None.
  95:main.c        **** *
  96:main.c        **** *******************************************************************************/
  97:main.c        **** int main()
  98:main.c        **** {
 134              		.loc 1 98 0
 135              		.cfi_startproc
 136              		@ args = 0, pretend = 0, frame = 32
 137              		@ frame_needed = 1, uses_anonymous_args = 0
 138 0000 B0B5     		push	{r4, r5, r7, lr}
 139              		.cfi_def_cfa_offset 16
 140              		.cfi_offset 4, -16
 141              		.cfi_offset 5, -12
 142              		.cfi_offset 7, -8
 143              		.cfi_offset 14, -4
 144 0002 88B0     		sub	sp, sp, #32
 145              		.cfi_def_cfa_offset 48
 146 0004 00AF     		add	r7, sp, #0
 147              		.cfi_def_cfa_register 7
  99:main.c        ****     /* Variable declarations for DMA_1 */
 100:main.c        ****     /* Move these variable declarations to the top of the function */
 101:main.c        ****     uint8 DMA_1_Chan;
 102:main.c        ****     uint8 DMA_1_TD[1u]={0u};
 148              		.loc 1 102 0
 149 0006 0023     		movs	r3, #0
 150 0008 3B75     		strb	r3, [r7, #20]
 103:main.c        ****     char8 resultStr[16u];
 104:main.c        ****     float res;
 105:main.c        **** 
 106:main.c        ****     /* DMA Configuration for DMA_1 */
 107:main.c        ****     #define DMA_1_BYTES_PER_BURST       (2u)
 108:main.c        ****     #define DMA_1_REQUEST_PER_BURST     (1u)
 109:main.c        ****     #define DMA_1_SRC_BASE              (CYDEV_PERIPH_BASE)
 110:main.c        ****     #define DMA_1_DST_BASE              (PrISM_DENSITY0_PTR)
 111:main.c        **** 
 112:main.c        ****     DMA_1_Chan = DMA_1_DmaInitialize(DMA_1_BYTES_PER_BURST,
 151              		.loc 1 112 0
 152 000a 0220     		movs	r0, #2
 153 000c 0121     		movs	r1, #1
 154 000e 4FF48042 		mov	r2, #16384
 155 0012 4FF48043 		mov	r3, #16384
 156 0016 FFF7FEFF 		bl	DMA_1_DmaInitialize
 157 001a 0346     		mov	r3, r0
 158 001c FB77     		strb	r3, [r7, #31]
 113:main.c        ****                                      DMA_1_REQUEST_PER_BURST,
 114:main.c        ****                                      HI16(DMA_1_SRC_BASE),
 115:main.c        ****                                      HI16(DMA_1_DST_BASE));
 116:main.c        **** 
 117:main.c        ****     DMA_1_TD[0] = CyDmaTdAllocate();
 159              		.loc 1 117 0
 160 001e FFF7FEFF 		bl	CyDmaTdAllocate
 161 0022 0346     		mov	r3, r0
 162 0024 3B75     		strb	r3, [r7, #20]
 118:main.c        **** 
ARM GAS  C:\Users\LUKASC~1\AppData\Local\Temp\ccTX05WU.s 			page 6


 119:main.c        ****     /* Enable nrq */
 120:main.c        ****     CyDmaTdSetConfiguration(DMA_1_TD[0u],
 163              		.loc 1 120 0
 164 0026 3B7D     		ldrb	r3, [r7, #20]	@ zero_extendqisi2
 165 0028 1846     		mov	r0, r3
 166 002a 0221     		movs	r1, #2
 167 002c FF22     		movs	r2, #255
 168 002e 0623     		movs	r3, #6
 169 0030 FFF7FEFF 		bl	CyDmaTdSetConfiguration
 121:main.c        ****                             2u,
 122:main.c        ****                             DMA_INVALID_TD,
 123:main.c        ****                             TD_INC_DST_ADR | DMA_1__TD_TERMOUT_EN);
 124:main.c        **** 
 125:main.c        ****     CyDmaTdSetAddress(DMA_1_TD[0u],
 170              		.loc 1 125 0
 171 0034 3B7D     		ldrb	r3, [r7, #20]	@ zero_extendqisi2
 172 0036 1846     		mov	r0, r3
 173 0038 45F6A031 		movw	r1, #23456
 174 003c 46F65402 		movw	r2, #26708
 175 0040 FFF7FEFF 		bl	CyDmaTdSetAddress
 126:main.c        ****                       LO16((uint32)ADC_SAR_1_SAR_WRK0_PTR),
 127:main.c        ****                       LO16((uint32)PrISM_DENSITY0_PTR));
 128:main.c        **** 
 129:main.c        ****     CyDmaChSetInitialTd(DMA_1_Chan, DMA_1_TD[0u]);
 176              		.loc 1 129 0
 177 0044 3B7D     		ldrb	r3, [r7, #20]	@ zero_extendqisi2
 178 0046 FA7F     		ldrb	r2, [r7, #31]	@ zero_extendqisi2
 179 0048 1046     		mov	r0, r2
 180 004a 1946     		mov	r1, r3
 181 004c FFF7FEFF 		bl	CyDmaChSetInitialTd
 130:main.c        **** 
 131:main.c        ****     CyDmaChEnable(DMA_1_Chan, 1u);
 182              		.loc 1 131 0
 183 0050 FB7F     		ldrb	r3, [r7, #31]	@ zero_extendqisi2
 184 0052 1846     		mov	r0, r3
 185 0054 0121     		movs	r1, #1
 186 0056 FFF7FEFF 		bl	CyDmaChEnable
 132:main.c        **** 
 133:main.c        ****     /* Setup the Interrupt connected to the nrq terminal. */
 134:main.c        ****     isr_1_StartEx(DmaDone);
 187              		.loc 1 134 0
 188 005a 2C48     		ldr	r0, .L11
 189 005c FFF7FEFF 		bl	isr_1_StartEx
 135:main.c        **** 
 136:main.c        ****     /* Initializes the LCD. */
 137:main.c        ****     LCD_Start();
 190              		.loc 1 137 0
 191 0060 FFF7FEFF 		bl	LCD_Start
 138:main.c        ****     LCD_Position(0u,0u);
 192              		.loc 1 138 0
 193 0064 0020     		movs	r0, #0
 194 0066 0021     		movs	r1, #0
 195 0068 FFF7FEFF 		bl	LCD_Position
 139:main.c        ****     LCD_PrintString("ADC1=0x");
 196              		.loc 1 139 0
 197 006c 2848     		ldr	r0, .L11+4
 198 006e FFF7FEFF 		bl	LCD_PrintString
ARM GAS  C:\Users\LUKASC~1\AppData\Local\Temp\ccTX05WU.s 			page 7


 140:main.c        ****     LCD_Position(1u,0u);
 199              		.loc 1 140 0
 200 0072 0120     		movs	r0, #1
 201 0074 0021     		movs	r1, #0
 202 0076 FFF7FEFF 		bl	LCD_Position
 141:main.c        ****     LCD_PrintString("ADC2=      V");
 203              		.loc 1 141 0
 204 007a 2648     		ldr	r0, .L11+8
 205 007c FFF7FEFF 		bl	LCD_PrintString
 142:main.c        **** 
 143:main.c        ****     Clock_Start();
 206              		.loc 1 143 0
 207 0080 FFF7FEFF 		bl	Clock_Start
 144:main.c        ****     PrISM_Start();
 208              		.loc 1 144 0
 209 0084 FFF7FEFF 		bl	PrISM_Start
 145:main.c        **** 
 146:main.c        ****     ADC_SAR_1_Start();
 210              		.loc 1 146 0
 211 0088 FFF7FEFF 		bl	ADC_SAR_1_Start
 147:main.c        ****     ADC_SAR_1_StartConvert();
 212              		.loc 1 147 0
 213 008c FFF7FEFF 		bl	ADC_SAR_1_StartConvert
 148:main.c        ****     ADC_SAR_2_Start();
 214              		.loc 1 148 0
 215 0090 FFF7FEFF 		bl	ADC_SAR_2_Start
 149:main.c        ****     ADC_SAR_2_IRQ_StartEx(ADC_SAR_2_ISR_LOC);
 216              		.loc 1 149 0
 217 0094 2048     		ldr	r0, .L11+12
 218 0096 FFF7FEFF 		bl	ADC_SAR_2_IRQ_StartEx
 150:main.c        ****     ADC_SAR_2_StartConvert();
 219              		.loc 1 150 0
 220 009a FFF7FEFF 		bl	ADC_SAR_2_StartConvert
 151:main.c        **** 
 152:main.c        ****     CyGlobalIntEnable;
 221              		.loc 1 152 0
 222              	@ 152 "main.c" 1
 223 009e 62B6     		CPSIE   i
 224              	@ 0 "" 2
 225              		.thumb
 226              	.L10:
 153:main.c        **** 
 154:main.c        ****     for(;;)
 155:main.c        ****     {
 156:main.c        ****         /* Show ADC1 result on LCD*/
 157:main.c        ****         if(finishedDMA != 0u)
 227              		.loc 1 157 0
 228 00a0 1E4B     		ldr	r3, .L11+16
 229 00a2 1B78     		ldrb	r3, [r3]	@ zero_extendqisi2
 230 00a4 002B     		cmp	r3, #0
 231 00a6 0CD0     		beq	.L8
 158:main.c        ****         {
 159:main.c        ****             LCD_Position(0u,7u);
 232              		.loc 1 159 0
 233 00a8 0020     		movs	r0, #0
 234 00aa 0721     		movs	r1, #7
 235 00ac FFF7FEFF 		bl	LCD_Position
ARM GAS  C:\Users\LUKASC~1\AppData\Local\Temp\ccTX05WU.s 			page 8


 160:main.c        ****             LCD_PrintInt16(PrISM_ReadPulse0());
 236              		.loc 1 160 0
 237 00b0 FFF7FEFF 		bl	PrISM_ReadPulse0
 238 00b4 0346     		mov	r3, r0
 239 00b6 1846     		mov	r0, r3
 240 00b8 FFF7FEFF 		bl	LCD_PrintInt16
 161:main.c        ****             finishedDMA = 0u;
 241              		.loc 1 161 0
 242 00bc 174B     		ldr	r3, .L11+16
 243 00be 0022     		movs	r2, #0
 244 00c0 1A70     		strb	r2, [r3]
 245              	.L8:
 162:main.c        ****         }
 163:main.c        **** 
 164:main.c        ****         /* Show ADC2 result on LCD*/
 165:main.c        ****         if(dataReady != 0u)
 246              		.loc 1 165 0
 247 00c2 174B     		ldr	r3, .L11+20
 248 00c4 1B78     		ldrb	r3, [r3]	@ zero_extendqisi2
 249 00c6 002B     		cmp	r3, #0
 250 00c8 1ED0     		beq	.L9
 166:main.c        ****         {
 167:main.c        ****             res = ADC_SAR_2_CountsTo_Volts(result);
 251              		.loc 1 167 0
 252 00ca 164B     		ldr	r3, .L11+24
 253 00cc 1B88     		ldrh	r3, [r3]
 254 00ce 9BB2     		uxth	r3, r3
 255 00d0 1BB2     		sxth	r3, r3
 256 00d2 1846     		mov	r0, r3
 257 00d4 FFF7FEFF 		bl	ADC_SAR_2_CountsTo_Volts
 258 00d8 B861     		str	r0, [r7, #24]	@ float
 168:main.c        ****             sprintf((char *)resultStr,"%+1.2f",res);
 259              		.loc 1 168 0
 260 00da B869     		ldr	r0, [r7, #24]	@ float
 261 00dc FFF7FEFF 		bl	__aeabi_f2d
 262 00e0 0446     		mov	r4, r0
 263 00e2 0D46     		mov	r5, r1
 264 00e4 3B1D     		adds	r3, r7, #4
 265 00e6 1846     		mov	r0, r3
 266 00e8 0F49     		ldr	r1, .L11+28
 267 00ea 2246     		mov	r2, r4
 268 00ec 2B46     		mov	r3, r5
 269 00ee FFF7FEFF 		bl	sprintf
 169:main.c        ****             LCD_Position(1u,5u);
 270              		.loc 1 169 0
 271 00f2 0120     		movs	r0, #1
 272 00f4 0521     		movs	r1, #5
 273 00f6 FFF7FEFF 		bl	LCD_Position
 170:main.c        ****             LCD_PrintString(resultStr);
 274              		.loc 1 170 0
 275 00fa 3B1D     		adds	r3, r7, #4
 276 00fc 1846     		mov	r0, r3
 277 00fe FFF7FEFF 		bl	LCD_PrintString
 171:main.c        ****             dataReady = 0u;
 278              		.loc 1 171 0
 279 0102 074B     		ldr	r3, .L11+20
 280 0104 0022     		movs	r2, #0
ARM GAS  C:\Users\LUKASC~1\AppData\Local\Temp\ccTX05WU.s 			page 9


 281 0106 1A70     		strb	r2, [r3]
 282              	.L9:
 172:main.c        ****         }
 173:main.c        ****     }
 283              		.loc 1 173 0
 284 0108 CAE7     		b	.L10
 285              	.L12:
 286 010a 00BF     		.align	2
 287              	.L11:
 288 010c 00000000 		.word	DmaDone
 289 0110 00000000 		.word	.LC0
 290 0114 08000000 		.word	.LC1
 291 0118 00000000 		.word	ADC_SAR_2_ISR_LOC
 292 011c 00000000 		.word	finishedDMA
 293 0120 00000000 		.word	dataReady
 294 0124 00000000 		.word	result
 295 0128 18000000 		.word	.LC2
 296              		.cfi_endproc
 297              	.LFE65:
 298              		.size	main, .-main
 299              		.text
 300              	.Letext0:
 301              		.file 2 "c:\\program files (x86)\\cypress\\psoc creator\\4.0\\psoc creator\\import\\gnu\\arm\\4.9.
 302              		.file 3 "c:\\program files (x86)\\cypress\\psoc creator\\4.0\\psoc creator\\import\\gnu\\arm\\4.9.
 303              		.file 4 "Generated_Source\\PSoC5/cytypes.h"
 304              		.file 5 "Generated_Source\\PSoC5/core_cm3.h"
 305              		.section	.debug_info,"",%progbits
 306              	.Ldebug_info0:
 307 0000 C4010000 		.4byte	0x1c4
 308 0004 0400     		.2byte	0x4
 309 0006 00000000 		.4byte	.Ldebug_abbrev0
 310 000a 04       		.byte	0x4
 311 000b 01       		.uleb128 0x1
 312 000c 23000000 		.4byte	.LASF30
 313 0010 01       		.byte	0x1
 314 0011 D1010000 		.4byte	.LASF31
 315 0015 EF000000 		.4byte	.LASF32
 316 0019 00000000 		.4byte	.Ldebug_ranges0+0
 317 001d 00000000 		.4byte	0
 318 0021 00000000 		.4byte	.Ldebug_line0
 319 0025 02       		.uleb128 0x2
 320 0026 01       		.byte	0x1
 321 0027 06       		.byte	0x6
 322 0028 13020000 		.4byte	.LASF0
 323 002c 02       		.uleb128 0x2
 324 002d 01       		.byte	0x1
 325 002e 08       		.byte	0x8
 326 002f B7000000 		.4byte	.LASF1
 327 0033 02       		.uleb128 0x2
 328 0034 02       		.byte	0x2
 329 0035 05       		.byte	0x5
 330 0036 F0010000 		.4byte	.LASF2
 331 003a 02       		.uleb128 0x2
 332 003b 02       		.byte	0x2
 333 003c 07       		.byte	0x7
 334 003d DC000000 		.4byte	.LASF3
 335 0041 03       		.uleb128 0x3
ARM GAS  C:\Users\LUKASC~1\AppData\Local\Temp\ccTX05WU.s 			page 10


 336 0042 11000000 		.4byte	.LASF9
 337 0046 02       		.byte	0x2
 338 0047 3F       		.byte	0x3f
 339 0048 4C000000 		.4byte	0x4c
 340 004c 02       		.uleb128 0x2
 341 004d 04       		.byte	0x4
 342 004e 05       		.byte	0x5
 343 004f 0A020000 		.4byte	.LASF4
 344 0053 02       		.uleb128 0x2
 345 0054 04       		.byte	0x4
 346 0055 07       		.byte	0x7
 347 0056 CA000000 		.4byte	.LASF5
 348 005a 02       		.uleb128 0x2
 349 005b 08       		.byte	0x8
 350 005c 05       		.byte	0x5
 351 005d C3010000 		.4byte	.LASF6
 352 0061 02       		.uleb128 0x2
 353 0062 08       		.byte	0x8
 354 0063 07       		.byte	0x7
 355 0064 82010000 		.4byte	.LASF7
 356 0068 04       		.uleb128 0x4
 357 0069 04       		.byte	0x4
 358 006a 05       		.byte	0x5
 359 006b 696E7400 		.ascii	"int\000"
 360 006f 02       		.uleb128 0x2
 361 0070 04       		.byte	0x4
 362 0071 07       		.byte	0x7
 363 0072 75010000 		.4byte	.LASF8
 364 0076 03       		.uleb128 0x3
 365 0077 AC010000 		.4byte	.LASF10
 366 007b 03       		.byte	0x3
 367 007c 2C       		.byte	0x2c
 368 007d 41000000 		.4byte	0x41
 369 0081 05       		.uleb128 0x5
 370 0082 04020000 		.4byte	.LASF11
 371 0086 04       		.byte	0x4
 372 0087 9201     		.2byte	0x192
 373 0089 2C000000 		.4byte	0x2c
 374 008d 05       		.uleb128 0x5
 375 008e 67010000 		.4byte	.LASF12
 376 0092 04       		.byte	0x4
 377 0093 9301     		.2byte	0x193
 378 0095 3A000000 		.4byte	0x3a
 379 0099 05       		.uleb128 0x5
 380 009a 6E010000 		.4byte	.LASF13
 381 009e 04       		.byte	0x4
 382 009f 9401     		.2byte	0x194
 383 00a1 53000000 		.4byte	0x53
 384 00a5 02       		.uleb128 0x2
 385 00a6 04       		.byte	0x4
 386 00a7 04       		.byte	0x4
 387 00a8 B1000000 		.4byte	.LASF14
 388 00ac 02       		.uleb128 0x2
 389 00ad 08       		.byte	0x8
 390 00ae 04       		.byte	0x4
 391 00af 5B010000 		.4byte	.LASF15
 392 00b3 05       		.uleb128 0x5
ARM GAS  C:\Users\LUKASC~1\AppData\Local\Temp\ccTX05WU.s 			page 11


 393 00b4 BD010000 		.4byte	.LASF16
 394 00b8 04       		.byte	0x4
 395 00b9 A301     		.2byte	0x1a3
 396 00bb BF000000 		.4byte	0xbf
 397 00bf 02       		.uleb128 0x2
 398 00c0 01       		.byte	0x1
 399 00c1 08       		.byte	0x8
 400 00c2 D8010000 		.4byte	.LASF17
 401 00c6 05       		.uleb128 0x5
 402 00c7 C5000000 		.4byte	.LASF18
 403 00cb 04       		.byte	0x4
 404 00cc 3C02     		.2byte	0x23c
 405 00ce D2000000 		.4byte	0xd2
 406 00d2 06       		.uleb128 0x6
 407 00d3 81000000 		.4byte	0x81
 408 00d7 05       		.uleb128 0x5
 409 00d8 00000000 		.4byte	.LASF19
 410 00dc 04       		.byte	0x4
 411 00dd 3D02     		.2byte	0x23d
 412 00df E3000000 		.4byte	0xe3
 413 00e3 06       		.uleb128 0x6
 414 00e4 8D000000 		.4byte	0x8d
 415 00e8 02       		.uleb128 0x2
 416 00e9 04       		.byte	0x4
 417 00ea 07       		.byte	0x7
 418 00eb B4010000 		.4byte	.LASF20
 419 00ef 07       		.uleb128 0x7
 420 00f0 1B000000 		.4byte	.LASF21
 421 00f4 01       		.byte	0x1
 422 00f5 35       		.byte	0x35
 423 00f6 00000000 		.4byte	.LFB63
 424 00fa 18000000 		.4byte	.LFE63-.LFB63
 425 00fe 01       		.uleb128 0x1
 426 00ff 9C       		.byte	0x9c
 427 0100 07       		.uleb128 0x7
 428 0101 1F020000 		.4byte	.LASF22
 429 0105 01       		.byte	0x1
 430 0106 43       		.byte	0x43
 431 0107 00000000 		.4byte	.LFB64
 432 010b 28000000 		.4byte	.LFE64-.LFB64
 433 010f 01       		.uleb128 0x1
 434 0110 9C       		.byte	0x9c
 435 0111 08       		.uleb128 0x8
 436 0112 62010000 		.4byte	.LASF33
 437 0116 01       		.byte	0x1
 438 0117 61       		.byte	0x61
 439 0118 68000000 		.4byte	0x68
 440 011c 00000000 		.4byte	.LFB65
 441 0120 2C010000 		.4byte	.LFE65-.LFB65
 442 0124 01       		.uleb128 0x1
 443 0125 9C       		.byte	0x9c
 444 0126 63010000 		.4byte	0x163
 445 012a 09       		.uleb128 0x9
 446 012b 06000000 		.4byte	.LASF23
 447 012f 01       		.byte	0x1
 448 0130 65       		.byte	0x65
 449 0131 81000000 		.4byte	0x81
ARM GAS  C:\Users\LUKASC~1\AppData\Local\Temp\ccTX05WU.s 			page 12


 450 0135 02       		.uleb128 0x2
 451 0136 91       		.byte	0x91
 452 0137 6F       		.sleb128 -17
 453 0138 09       		.uleb128 0x9
 454 0139 DD010000 		.4byte	.LASF24
 455 013d 01       		.byte	0x1
 456 013e 66       		.byte	0x66
 457 013f 63010000 		.4byte	0x163
 458 0143 02       		.uleb128 0x2
 459 0144 91       		.byte	0x91
 460 0145 64       		.sleb128 -28
 461 0146 09       		.uleb128 0x9
 462 0147 FA010000 		.4byte	.LASF25
 463 014b 01       		.byte	0x1
 464 014c 67       		.byte	0x67
 465 014d 73010000 		.4byte	0x173
 466 0151 02       		.uleb128 0x2
 467 0152 91       		.byte	0x91
 468 0153 54       		.sleb128 -44
 469 0154 0A       		.uleb128 0xa
 470 0155 72657300 		.ascii	"res\000"
 471 0159 01       		.byte	0x1
 472 015a 68       		.byte	0x68
 473 015b A5000000 		.4byte	0xa5
 474 015f 02       		.uleb128 0x2
 475 0160 91       		.byte	0x91
 476 0161 68       		.sleb128 -24
 477 0162 00       		.byte	0
 478 0163 0B       		.uleb128 0xb
 479 0164 81000000 		.4byte	0x81
 480 0168 73010000 		.4byte	0x173
 481 016c 0C       		.uleb128 0xc
 482 016d E8000000 		.4byte	0xe8
 483 0171 00       		.byte	0
 484 0172 00       		.byte	0
 485 0173 0B       		.uleb128 0xb
 486 0174 B3000000 		.4byte	0xb3
 487 0178 83010000 		.4byte	0x183
 488 017c 0C       		.uleb128 0xc
 489 017d E8000000 		.4byte	0xe8
 490 0181 0F       		.byte	0xf
 491 0182 00       		.byte	0
 492 0183 0D       		.uleb128 0xd
 493 0184 4E010000 		.4byte	.LASF26
 494 0188 05       		.byte	0x5
 495 0189 9606     		.2byte	0x696
 496 018b 8F010000 		.4byte	0x18f
 497 018f 06       		.uleb128 0x6
 498 0190 76000000 		.4byte	0x76
 499 0194 0E       		.uleb128 0xe
 500 0195 A0010000 		.4byte	.LASF27
 501 0199 01       		.byte	0x1
 502 019a 28       		.byte	0x28
 503 019b 81000000 		.4byte	0x81
 504 019f 05       		.uleb128 0x5
 505 01a0 03       		.byte	0x3
 506 01a1 00000000 		.4byte	finishedDMA
ARM GAS  C:\Users\LUKASC~1\AppData\Local\Temp\ccTX05WU.s 			page 13


 507 01a5 0E       		.uleb128 0xe
 508 01a6 E6010000 		.4byte	.LASF28
 509 01aa 01       		.byte	0x1
 510 01ab 29       		.byte	0x29
 511 01ac 81000000 		.4byte	0x81
 512 01b0 05       		.uleb128 0x5
 513 01b1 03       		.byte	0x3
 514 01b2 00000000 		.4byte	dataReady
 515 01b6 0E       		.uleb128 0xe
 516 01b7 99010000 		.4byte	.LASF29
 517 01bb 01       		.byte	0x1
 518 01bc 2A       		.byte	0x2a
 519 01bd 8D000000 		.4byte	0x8d
 520 01c1 05       		.uleb128 0x5
 521 01c2 03       		.byte	0x3
 522 01c3 00000000 		.4byte	result
 523 01c7 00       		.byte	0
 524              		.section	.debug_abbrev,"",%progbits
 525              	.Ldebug_abbrev0:
 526 0000 01       		.uleb128 0x1
 527 0001 11       		.uleb128 0x11
 528 0002 01       		.byte	0x1
 529 0003 25       		.uleb128 0x25
 530 0004 0E       		.uleb128 0xe
 531 0005 13       		.uleb128 0x13
 532 0006 0B       		.uleb128 0xb
 533 0007 03       		.uleb128 0x3
 534 0008 0E       		.uleb128 0xe
 535 0009 1B       		.uleb128 0x1b
 536 000a 0E       		.uleb128 0xe
 537 000b 55       		.uleb128 0x55
 538 000c 17       		.uleb128 0x17
 539 000d 11       		.uleb128 0x11
 540 000e 01       		.uleb128 0x1
 541 000f 10       		.uleb128 0x10
 542 0010 17       		.uleb128 0x17
 543 0011 00       		.byte	0
 544 0012 00       		.byte	0
 545 0013 02       		.uleb128 0x2
 546 0014 24       		.uleb128 0x24
 547 0015 00       		.byte	0
 548 0016 0B       		.uleb128 0xb
 549 0017 0B       		.uleb128 0xb
 550 0018 3E       		.uleb128 0x3e
 551 0019 0B       		.uleb128 0xb
 552 001a 03       		.uleb128 0x3
 553 001b 0E       		.uleb128 0xe
 554 001c 00       		.byte	0
 555 001d 00       		.byte	0
 556 001e 03       		.uleb128 0x3
 557 001f 16       		.uleb128 0x16
 558 0020 00       		.byte	0
 559 0021 03       		.uleb128 0x3
 560 0022 0E       		.uleb128 0xe
 561 0023 3A       		.uleb128 0x3a
 562 0024 0B       		.uleb128 0xb
 563 0025 3B       		.uleb128 0x3b
ARM GAS  C:\Users\LUKASC~1\AppData\Local\Temp\ccTX05WU.s 			page 14


 564 0026 0B       		.uleb128 0xb
 565 0027 49       		.uleb128 0x49
 566 0028 13       		.uleb128 0x13
 567 0029 00       		.byte	0
 568 002a 00       		.byte	0
 569 002b 04       		.uleb128 0x4
 570 002c 24       		.uleb128 0x24
 571 002d 00       		.byte	0
 572 002e 0B       		.uleb128 0xb
 573 002f 0B       		.uleb128 0xb
 574 0030 3E       		.uleb128 0x3e
 575 0031 0B       		.uleb128 0xb
 576 0032 03       		.uleb128 0x3
 577 0033 08       		.uleb128 0x8
 578 0034 00       		.byte	0
 579 0035 00       		.byte	0
 580 0036 05       		.uleb128 0x5
 581 0037 16       		.uleb128 0x16
 582 0038 00       		.byte	0
 583 0039 03       		.uleb128 0x3
 584 003a 0E       		.uleb128 0xe
 585 003b 3A       		.uleb128 0x3a
 586 003c 0B       		.uleb128 0xb
 587 003d 3B       		.uleb128 0x3b
 588 003e 05       		.uleb128 0x5
 589 003f 49       		.uleb128 0x49
 590 0040 13       		.uleb128 0x13
 591 0041 00       		.byte	0
 592 0042 00       		.byte	0
 593 0043 06       		.uleb128 0x6
 594 0044 35       		.uleb128 0x35
 595 0045 00       		.byte	0
 596 0046 49       		.uleb128 0x49
 597 0047 13       		.uleb128 0x13
 598 0048 00       		.byte	0
 599 0049 00       		.byte	0
 600 004a 07       		.uleb128 0x7
 601 004b 2E       		.uleb128 0x2e
 602 004c 00       		.byte	0
 603 004d 3F       		.uleb128 0x3f
 604 004e 19       		.uleb128 0x19
 605 004f 03       		.uleb128 0x3
 606 0050 0E       		.uleb128 0xe
 607 0051 3A       		.uleb128 0x3a
 608 0052 0B       		.uleb128 0xb
 609 0053 3B       		.uleb128 0x3b
 610 0054 0B       		.uleb128 0xb
 611 0055 27       		.uleb128 0x27
 612 0056 19       		.uleb128 0x19
 613 0057 11       		.uleb128 0x11
 614 0058 01       		.uleb128 0x1
 615 0059 12       		.uleb128 0x12
 616 005a 06       		.uleb128 0x6
 617 005b 40       		.uleb128 0x40
 618 005c 18       		.uleb128 0x18
 619 005d 9742     		.uleb128 0x2117
 620 005f 19       		.uleb128 0x19
ARM GAS  C:\Users\LUKASC~1\AppData\Local\Temp\ccTX05WU.s 			page 15


 621 0060 00       		.byte	0
 622 0061 00       		.byte	0
 623 0062 08       		.uleb128 0x8
 624 0063 2E       		.uleb128 0x2e
 625 0064 01       		.byte	0x1
 626 0065 3F       		.uleb128 0x3f
 627 0066 19       		.uleb128 0x19
 628 0067 03       		.uleb128 0x3
 629 0068 0E       		.uleb128 0xe
 630 0069 3A       		.uleb128 0x3a
 631 006a 0B       		.uleb128 0xb
 632 006b 3B       		.uleb128 0x3b
 633 006c 0B       		.uleb128 0xb
 634 006d 49       		.uleb128 0x49
 635 006e 13       		.uleb128 0x13
 636 006f 11       		.uleb128 0x11
 637 0070 01       		.uleb128 0x1
 638 0071 12       		.uleb128 0x12
 639 0072 06       		.uleb128 0x6
 640 0073 40       		.uleb128 0x40
 641 0074 18       		.uleb128 0x18
 642 0075 9642     		.uleb128 0x2116
 643 0077 19       		.uleb128 0x19
 644 0078 01       		.uleb128 0x1
 645 0079 13       		.uleb128 0x13
 646 007a 00       		.byte	0
 647 007b 00       		.byte	0
 648 007c 09       		.uleb128 0x9
 649 007d 34       		.uleb128 0x34
 650 007e 00       		.byte	0
 651 007f 03       		.uleb128 0x3
 652 0080 0E       		.uleb128 0xe
 653 0081 3A       		.uleb128 0x3a
 654 0082 0B       		.uleb128 0xb
 655 0083 3B       		.uleb128 0x3b
 656 0084 0B       		.uleb128 0xb
 657 0085 49       		.uleb128 0x49
 658 0086 13       		.uleb128 0x13
 659 0087 02       		.uleb128 0x2
 660 0088 18       		.uleb128 0x18
 661 0089 00       		.byte	0
 662 008a 00       		.byte	0
 663 008b 0A       		.uleb128 0xa
 664 008c 34       		.uleb128 0x34
 665 008d 00       		.byte	0
 666 008e 03       		.uleb128 0x3
 667 008f 08       		.uleb128 0x8
 668 0090 3A       		.uleb128 0x3a
 669 0091 0B       		.uleb128 0xb
 670 0092 3B       		.uleb128 0x3b
 671 0093 0B       		.uleb128 0xb
 672 0094 49       		.uleb128 0x49
 673 0095 13       		.uleb128 0x13
 674 0096 02       		.uleb128 0x2
 675 0097 18       		.uleb128 0x18
 676 0098 00       		.byte	0
 677 0099 00       		.byte	0
ARM GAS  C:\Users\LUKASC~1\AppData\Local\Temp\ccTX05WU.s 			page 16


 678 009a 0B       		.uleb128 0xb
 679 009b 01       		.uleb128 0x1
 680 009c 01       		.byte	0x1
 681 009d 49       		.uleb128 0x49
 682 009e 13       		.uleb128 0x13
 683 009f 01       		.uleb128 0x1
 684 00a0 13       		.uleb128 0x13
 685 00a1 00       		.byte	0
 686 00a2 00       		.byte	0
 687 00a3 0C       		.uleb128 0xc
 688 00a4 21       		.uleb128 0x21
 689 00a5 00       		.byte	0
 690 00a6 49       		.uleb128 0x49
 691 00a7 13       		.uleb128 0x13
 692 00a8 2F       		.uleb128 0x2f
 693 00a9 0B       		.uleb128 0xb
 694 00aa 00       		.byte	0
 695 00ab 00       		.byte	0
 696 00ac 0D       		.uleb128 0xd
 697 00ad 34       		.uleb128 0x34
 698 00ae 00       		.byte	0
 699 00af 03       		.uleb128 0x3
 700 00b0 0E       		.uleb128 0xe
 701 00b1 3A       		.uleb128 0x3a
 702 00b2 0B       		.uleb128 0xb
 703 00b3 3B       		.uleb128 0x3b
 704 00b4 05       		.uleb128 0x5
 705 00b5 49       		.uleb128 0x49
 706 00b6 13       		.uleb128 0x13
 707 00b7 3F       		.uleb128 0x3f
 708 00b8 19       		.uleb128 0x19
 709 00b9 3C       		.uleb128 0x3c
 710 00ba 19       		.uleb128 0x19
 711 00bb 00       		.byte	0
 712 00bc 00       		.byte	0
 713 00bd 0E       		.uleb128 0xe
 714 00be 34       		.uleb128 0x34
 715 00bf 00       		.byte	0
 716 00c0 03       		.uleb128 0x3
 717 00c1 0E       		.uleb128 0xe
 718 00c2 3A       		.uleb128 0x3a
 719 00c3 0B       		.uleb128 0xb
 720 00c4 3B       		.uleb128 0x3b
 721 00c5 0B       		.uleb128 0xb
 722 00c6 49       		.uleb128 0x49
 723 00c7 13       		.uleb128 0x13
 724 00c8 3F       		.uleb128 0x3f
 725 00c9 19       		.uleb128 0x19
 726 00ca 02       		.uleb128 0x2
 727 00cb 18       		.uleb128 0x18
 728 00cc 00       		.byte	0
 729 00cd 00       		.byte	0
 730 00ce 00       		.byte	0
 731              		.section	.debug_aranges,"",%progbits
 732 0000 2C000000 		.4byte	0x2c
 733 0004 0200     		.2byte	0x2
 734 0006 00000000 		.4byte	.Ldebug_info0
ARM GAS  C:\Users\LUKASC~1\AppData\Local\Temp\ccTX05WU.s 			page 17


 735 000a 04       		.byte	0x4
 736 000b 00       		.byte	0
 737 000c 0000     		.2byte	0
 738 000e 0000     		.2byte	0
 739 0010 00000000 		.4byte	.LFB63
 740 0014 18000000 		.4byte	.LFE63-.LFB63
 741 0018 00000000 		.4byte	.LFB64
 742 001c 28000000 		.4byte	.LFE64-.LFB64
 743 0020 00000000 		.4byte	.LFB65
 744 0024 2C010000 		.4byte	.LFE65-.LFB65
 745 0028 00000000 		.4byte	0
 746 002c 00000000 		.4byte	0
 747              		.section	.debug_ranges,"",%progbits
 748              	.Ldebug_ranges0:
 749 0000 00000000 		.4byte	.LFB63
 750 0004 18000000 		.4byte	.LFE63
 751 0008 00000000 		.4byte	.LFB64
 752 000c 28000000 		.4byte	.LFE64
 753 0010 00000000 		.4byte	.LFB65
 754 0014 2C010000 		.4byte	.LFE65
 755 0018 00000000 		.4byte	0
 756 001c 00000000 		.4byte	0
 757              		.section	.debug_line,"",%progbits
 758              	.Ldebug_line0:
 759 0000 A3010000 		.section	.debug_str,"MS",%progbits,1
 759      02004701 
 759      00000201 
 759      FB0E0D00 
 759      01010101 
 760              	.LASF19:
 761 0000 72656731 		.ascii	"reg16\000"
 761      3600
 762              	.LASF23:
 763 0006 444D415F 		.ascii	"DMA_1_Chan\000"
 763      315F4368 
 763      616E00
 764              	.LASF9:
 765 0011 5F5F696E 		.ascii	"__int32_t\000"
 765      7433325F 
 765      7400
 766              	.LASF21:
 767 001b 446D6144 		.ascii	"DmaDone\000"
 767      6F6E6500 
 768              	.LASF30:
 769 0023 474E5520 		.ascii	"GNU C 4.9.3 20150303 (release) [ARM/embedded-4_9-br"
 769      4320342E 
 769      392E3320 
 769      32303135 
 769      30333033 
 770 0056 616E6368 		.ascii	"anch revision 221220] -mcpu=cortex-m3 -mthumb -g -O"
 770      20726576 
 770      6973696F 
 770      6E203232 
 770      31323230 
 771 0089 30202D66 		.ascii	"0 -ffunction-sections -ffat-lto-objects\000"
 771      66756E63 
 771      74696F6E 
ARM GAS  C:\Users\LUKASC~1\AppData\Local\Temp\ccTX05WU.s 			page 18


 771      2D736563 
 771      74696F6E 
 772              	.LASF14:
 773 00b1 666C6F61 		.ascii	"float\000"
 773      7400
 774              	.LASF1:
 775 00b7 756E7369 		.ascii	"unsigned char\000"
 775      676E6564 
 775      20636861 
 775      7200
 776              	.LASF18:
 777 00c5 72656738 		.ascii	"reg8\000"
 777      00
 778              	.LASF5:
 779 00ca 6C6F6E67 		.ascii	"long unsigned int\000"
 779      20756E73 
 779      69676E65 
 779      6420696E 
 779      7400
 780              	.LASF3:
 781 00dc 73686F72 		.ascii	"short unsigned int\000"
 781      7420756E 
 781      7369676E 
 781      65642069 
 781      6E7400
 782              	.LASF32:
 783 00ef 433A5C55 		.ascii	"C:\\Users\\Lukas Creutzburg\\Documents\\GitHub\\fre"
 783      73657273 
 783      5C4C756B 
 783      61732043 
 783      72657574 
 784 011d 65445350 		.ascii	"eDSP_6CHamp\\PSoC Workspace\\ADC_SAR_PrISM01.cydsn\000"
 784      5F364348 
 784      616D705C 
 784      50536F43 
 784      20576F72 
 785              	.LASF26:
 786 014e 49544D5F 		.ascii	"ITM_RxBuffer\000"
 786      52784275 
 786      66666572 
 786      00
 787              	.LASF15:
 788 015b 646F7562 		.ascii	"double\000"
 788      6C6500
 789              	.LASF33:
 790 0162 6D61696E 		.ascii	"main\000"
 790      00
 791              	.LASF12:
 792 0167 75696E74 		.ascii	"uint16\000"
 792      313600
 793              	.LASF13:
 794 016e 75696E74 		.ascii	"uint32\000"
 794      333200
 795              	.LASF8:
 796 0175 756E7369 		.ascii	"unsigned int\000"
 796      676E6564 
 796      20696E74 
ARM GAS  C:\Users\LUKASC~1\AppData\Local\Temp\ccTX05WU.s 			page 19


 796      00
 797              	.LASF7:
 798 0182 6C6F6E67 		.ascii	"long long unsigned int\000"
 798      206C6F6E 
 798      6720756E 
 798      7369676E 
 798      65642069 
 799              	.LASF29:
 800 0199 72657375 		.ascii	"result\000"
 800      6C7400
 801              	.LASF27:
 802 01a0 66696E69 		.ascii	"finishedDMA\000"
 802      73686564 
 802      444D4100 
 803              	.LASF10:
 804 01ac 696E7433 		.ascii	"int32_t\000"
 804      325F7400 
 805              	.LASF20:
 806 01b4 73697A65 		.ascii	"sizetype\000"
 806      74797065 
 806      00
 807              	.LASF16:
 808 01bd 63686172 		.ascii	"char8\000"
 808      3800
 809              	.LASF6:
 810 01c3 6C6F6E67 		.ascii	"long long int\000"
 810      206C6F6E 
 810      6720696E 
 810      7400
 811              	.LASF31:
 812 01d1 6D61696E 		.ascii	"main.c\000"
 812      2E6300
 813              	.LASF17:
 814 01d8 63686172 		.ascii	"char\000"
 814      00
 815              	.LASF24:
 816 01dd 444D415F 		.ascii	"DMA_1_TD\000"
 816      315F5444 
 816      00
 817              	.LASF28:
 818 01e6 64617461 		.ascii	"dataReady\000"
 818      52656164 
 818      7900
 819              	.LASF2:
 820 01f0 73686F72 		.ascii	"short int\000"
 820      7420696E 
 820      7400
 821              	.LASF25:
 822 01fa 72657375 		.ascii	"resultStr\000"
 822      6C745374 
 822      7200
 823              	.LASF11:
 824 0204 75696E74 		.ascii	"uint8\000"
 824      3800
 825              	.LASF4:
 826 020a 6C6F6E67 		.ascii	"long int\000"
 826      20696E74 
ARM GAS  C:\Users\LUKASC~1\AppData\Local\Temp\ccTX05WU.s 			page 20


 826      00
 827              	.LASF0:
 828 0213 7369676E 		.ascii	"signed char\000"
 828      65642063 
 828      68617200 
 829              	.LASF22:
 830 021f 4144435F 		.ascii	"ADC_SAR_2_ISR_LOC\000"
 830      5341525F 
 830      325F4953 
 830      525F4C4F 
 830      4300
 831              		.ident	"GCC: (GNU Tools for ARM Embedded Processors) 4.9.3 20150303 (release) [ARM/embedded-4_9-br
