Archive member included because of file (symbol)

.\CortexM3\ARM_GCC_493\Debug\Display.a(cyfitter_cfg.o)
                              .\CortexM3\ARM_GCC_493\Debug\Cm3Start.o (cyfitter_cfg)
.\CortexM3\ARM_GCC_493\Debug\Display.a(Reset.o)
                              .\CortexM3\ARM_GCC_493\Debug\ILI9341.o (Reset_Write)
.\CortexM3\ARM_GCC_493\Debug\Display.a(DC.o)
                              .\CortexM3\ARM_GCC_493\Debug\ILI9341.o (DC_Write)
.\CortexM3\ARM_GCC_493\Debug\Display.a(SPIM.o)
                              .\CortexM3\ARM_GCC_493\Debug\spimaster.o (SPIM_ReadTxStatus)
.\CortexM3\ARM_GCC_493\Debug\Display.a(LED.o)
                              .\CortexM3\ARM_GCC_493\Debug\ILI9341.o (LED_Write)
.\CortexM3\ARM_GCC_493\Debug\Display.a(CyBootAsmGnu.o)
                              .\CortexM3\ARM_GCC_493\Debug\Display.a(cyfitter_cfg.o) (CyDelayCycles)
.\CortexM3\ARM_GCC_493\Debug\Display.a(CyLib.o)
                              .\CortexM3\ARM_GCC_493\Debug\Cm3Start.o (CyResetStatus)
.\CortexM3\ARM_GCC_493\Debug\Display.a(cyPm.o)
                              .\CortexM3\ARM_GCC_493\Debug\Display.a(CyLib.o) (CyPmReadStatus)
.\CortexM3\ARM_GCC_493\Debug\Display.a(CyFlash.o)
                              .\CortexM3\ARM_GCC_493\Debug\Display.a(cyPm.o) (CyFlash_SetWaitCycles)
.\CortexM3\ARM_GCC_493\Debug\Display.a(CySpc.o)
                              .\CortexM3\ARM_GCC_493\Debug\Display.a(CyFlash.o) (CySpcStart)
c:/program files (x86)/cypress/psoc creator/3.3/psoc creator/import/gnu/arm/4.9.3/bin/../lib/gcc/arm-none-eabi/4.9.3/../../../../arm-none-eabi/lib/armv7-m\libg_nano.a(lib_a-errno.o)
                              .\CortexM3\ARM_GCC_493\Debug\Cm3Start.o (__errno)
c:/program files (x86)/cypress/psoc creator/3.3/psoc creator/import/gnu/arm/4.9.3/bin/../lib/gcc/arm-none-eabi/4.9.3/../../../../arm-none-eabi/lib/armv7-m\libg_nano.a(lib_a-exit.o)
                              c:/program files (x86)/cypress/psoc creator/3.3/psoc creator/import/gnu/arm/4.9.3/bin/../lib/gcc/arm-none-eabi/4.9.3/../../../../arm-none-eabi/lib/armv7-m/crt0.o (exit)
c:/program files (x86)/cypress/psoc creator/3.3/psoc creator/import/gnu/arm/4.9.3/bin/../lib/gcc/arm-none-eabi/4.9.3/../../../../arm-none-eabi/lib/armv7-m\libg_nano.a(lib_a-impure.o)
                              c:/program files (x86)/cypress/psoc creator/3.3/psoc creator/import/gnu/arm/4.9.3/bin/../lib/gcc/arm-none-eabi/4.9.3/../../../../arm-none-eabi/lib/armv7-m\libg_nano.a(lib_a-exit.o) (_global_impure_ptr)
c:/program files (x86)/cypress/psoc creator/3.3/psoc creator/import/gnu/arm/4.9.3/bin/../lib/gcc/arm-none-eabi/4.9.3/../../../../arm-none-eabi/lib/armv7-m\libg_nano.a(lib_a-init.o)
                              c:/program files (x86)/cypress/psoc creator/3.3/psoc creator/import/gnu/arm/4.9.3/bin/../lib/gcc/arm-none-eabi/4.9.3/../../../../arm-none-eabi/lib/armv7-m/crt0.o (__libc_init_array)
c:/program files (x86)/cypress/psoc creator/3.3/psoc creator/import/gnu/arm/4.9.3/bin/../lib/gcc/arm-none-eabi/4.9.3/../../../../arm-none-eabi/lib/armv7-m\libg_nano.a(lib_a-memcpy.o)
                              .\CortexM3\ARM_GCC_493\Debug\Display.a(cyfitter_cfg.o) (memcpy)
c:/program files (x86)/cypress/psoc creator/3.3/psoc creator/import/gnu/arm/4.9.3/bin/../lib/gcc/arm-none-eabi/4.9.3/../../../../arm-none-eabi/lib/armv7-m\libg_nano.a(lib_a-memset.o)
                              c:/program files (x86)/cypress/psoc creator/3.3/psoc creator/import/gnu/arm/4.9.3/bin/../lib/gcc/arm-none-eabi/4.9.3/../../../../arm-none-eabi/lib/armv7-m/crt0.o (memset)
c:/program files (x86)/cypress/psoc creator/3.3/psoc creator/import/gnu/arm/4.9.3/bin/../lib/gcc/arm-none-eabi/4.9.3/../../../../arm-none-eabi/lib/armv7-m\libg_nano.a(lib_a-nano-vfprintf_float.o)
                              .\CortexM3\ARM_GCC_493\Debug\main.o (_printf_float)
c:/program files (x86)/cypress/psoc creator/3.3/psoc creator/import/gnu/arm/4.9.3/bin/../lib/gcc/arm-none-eabi/4.9.3/../../../../arm-none-eabi/lib/armv7-m\libg_nano.a(lib_a-nano-vfprintf_i.o)
                              c:/program files (x86)/cypress/psoc creator/3.3/psoc creator/import/gnu/arm/4.9.3/bin/../lib/gcc/arm-none-eabi/4.9.3/../../../../arm-none-eabi/lib/armv7-m\libg_nano.a(lib_a-nano-vfprintf_float.o) (_printf_common)
c:/program files (x86)/cypress/psoc creator/3.3/psoc creator/import/gnu/arm/4.9.3/bin/../lib/gcc/arm-none-eabi/4.9.3/../../../../arm-none-eabi/lib/armv7-m\libg_nano.a(lib_a-s_fpclassify.o)
                              c:/program files (x86)/cypress/psoc creator/3.3/psoc creator/import/gnu/arm/4.9.3/bin/../lib/gcc/arm-none-eabi/4.9.3/../../../../arm-none-eabi/lib/armv7-m\libg_nano.a(lib_a-nano-vfprintf_float.o) (__fpclassifyd)
c:/program files (x86)/cypress/psoc creator/3.3/psoc creator/import/gnu/arm/4.9.3/bin/../lib/gcc/arm-none-eabi/4.9.3/../../../../arm-none-eabi/lib/armv7-m\libg_nano.a(lib_a-strlen.o)
[...]
Memory Configuration

Name             Origin             Length             Attributes
rom              0x00000000         0x00040000         xr
ram              0x1fff8000         0x00010000         xrw
*default*        0x00000000         0xffffffff

Linker script and memory map

LOAD c:/program files (x86)/cypress/psoc creator/3.3/psoc creator/import/gnu/arm/4.9.3/bin/../lib/gcc/arm-none-eabi/4.9.3/armv7-m/crti.o
LOAD c:/program files (x86)/cypress/psoc creator/3.3/psoc creator/import/gnu/arm/4.9.3/bin/../lib/gcc/arm-none-eabi/4.9.3/armv7-m/crtbegin.o
LOAD c:/program files (x86)/cypress/psoc creator/3.3/psoc creator/import/gnu/arm/4.9.3/bin/../lib/gcc/arm-none-eabi/4.9.3/../../../../arm-none-eabi/lib/armv7-m/crt0.o
START GROUP
LOAD .\CortexM3\ARM_GCC_493\Debug\main.o
LOAD .\CortexM3\ARM_GCC_493\Debug\spimaster.o
LOAD .\CortexM3\ARM_GCC_493\Debug\ILI9341.o
LOAD .\CortexM3\ARM_GCC_493\Debug\cymetadata.o
LOAD .\CortexM3\ARM_GCC_493\Debug\Cm3Start.o
LOAD .\CortexM3\ARM_GCC_493\Debug\Display.a
LOAD C:\Program Files (x86)\Cypress\PSoC Creator\3.3\PSoC Creator\psoc\content\cycomponentlibrary\CyComponentLibrary.cylib\CortexM3\ARM_GCC_493\Debug\CyComponentLibrary.a
END GROUP
START GROUP
LOAD c:/program files (x86)/cypress/psoc creator/3.3/psoc creator/import/gnu/arm/4.9.3/bin/../lib/gcc/arm-none-eabi/4.9.3/armv7-m\libgcc.a
LOAD c:/program files (x86)/cypress/psoc creator/3.3/psoc creator/import/gnu/arm/4.9.3/bin/../lib/gcc/arm-none-eabi/4.9.3/../../../../arm-none-eabi/lib/armv7-m\libg_nano.a
LOAD c:/program files (x86)/cypress/psoc creator/3.3/psoc creator/import/gnu/arm/4.9.3/bin/../lib/gcc/arm-none-eabi/4.9.3/../../../../arm-none-eabi/lib/armv7-m\libc_nano.a
END GROUP
START GROUP
LOAD c:/program files (x86)/cypress/psoc creator/3.3/psoc creator/import/gnu/arm/4.9.3/bin/../lib/gcc/arm-none-eabi/4.9.3/armv7-m\libgcc.a
LOAD c:/program files (x86)/cypress/psoc creator/3.3/psoc creator/import/gnu/arm/4.9.3/bin/../lib/gcc/arm-none-eabi/4.9.3/../../../../arm-none-eabi/lib/armv7-m\libc_nano.a
END GROUP
LOAD c:/program files (x86)/cypress/psoc creator/3.3/psoc creator/import/gnu/arm/4.9.3/bin/../lib/gcc/arm-none-eabi/4.9.3/armv7-m/crtend.o
LOAD c:/program files (x86)/cypress/psoc creator/3.3/psoc creator/import/gnu/arm/4.9.3/bin/../lib/gcc/arm-none-eabi/4.9.3/armv7-m/crtn.o
START GROUP
LOAD c:/program files (x86)/cypress/psoc creator/3.3/psoc creator/import/gnu/arm/4.9.3/bin/../lib/gcc/arm-none-eabi/4.9.3/armv7-m\libgcc.a
LOAD c:/program files (x86)/cypress/psoc creator/3.3/psoc creator/import/gnu/arm/4.9.3/bin/../lib/gcc/arm-none-eabi/4.9.3/../../../../arm-none-eabi/lib/armv7-m\libc.a
LOAD c:/program files (x86)/cypress/psoc creator/3.3/psoc creator/import/gnu/arm/4.9.3/bin/../lib/gcc/arm-none-eabi/4.9.3/../../../../arm-none-eabi/lib/armv7-m\libnosys.a
END GROUP
                0x00000000                CY_APPL_ORIGIN = 0x0
                0x00000100                CY_FLASH_ROW_SIZE = 0x100
                0x00000020                CY_ECC_ROW_SIZE = 0x20
                0x00000000                CY_EE_IN_BTLDR = 0x0
                0x00000000                CY_APPL_LOADABLE = 0x0
                0x00000800                CY_EE_SIZE = 0x800
                0x00000001                CY_APPL_NUM = 0x1
                0x00000001                CY_APPL_MAX = 0x1
                0x00000040                CY_METADATA_SIZE = 0x40
                0x00000000                CY_APPL_LOADABLE = 0x0
                0x00000000                CY_CHECKSUM_EXCLUDE_SIZE = ALIGN (0x0, CY_FLASH_ROW_SIZE)
                0x1fff8150                PROVIDE (__cy_heap_start, _end)
                0x00000001                PROVIDE (__cy_region_num, ((__cy_regions_end - __cy_regions) / 0x10))
                0x20008000                PROVIDE (__cy_stack, (ORIGIN (ram) + 0x10000))
                0x20007800                PROVIDE (__cy_heap_end, (__cy_stack - 0x800))

.cybootloader   0x00000000        0x0
 *(.cybootloader)
                0x00000000                appl1_start = CY_APPL_ORIGIN?CY_APPL_ORIGIN:ALIGN (CY_FLASH_ROW_SIZE)
                0x0001ff00                appl2_start = (appl1_start + ALIGN ((((0x40000 - appl1_start) - (0x2 * CY_FLASH_ROW_SIZE)) / 0x2), CY_FLASH_ROW_SIZE))
                0x00000000                appl_start = (CY_APPL_NUM == 0x1)?appl1_start:appl2_start
                0x00000000                ecc_offset = ((appl_start / CY_FLASH_ROW_SIZE) * CY_ECC_ROW_SIZE)
                0x00000000                ee_offset = (CY_APPL_LOADABLE && ! (CY_EE_IN_BTLDR))?((CY_EE_SIZE / CY_APPL_MAX) * (CY_APPL_NUM - 0x1)):0x0
                0x00000800                ee_size = (CY_APPL_LOADABLE && ! (CY_EE_IN_BTLDR))?(CY_EE_SIZE / CY_APPL_MAX):CY_EE_SIZE
                0x00000000                PROVIDE (CY_ECC_OFFSET, ecc_offset)

.text           0x00000000      0xe9a
 CREATE_OBJECT_SYMBOLS
                0x00000000                PROVIDE (__cy_interrupt_vector, RomVectors)
 *(.romvectors)
 .romvectors    0x00000000       0x10 .\CortexM3\ARM_GCC_493\Debug\Cm3Start.o
                0x00000000                RomVectors
                0x00000001                ASSERT ((. != __cy_interrupt_vector), No interrupt vector)
                0x00000001                ASSERT (CY_APPL_ORIGIN?(SIZEOF (.cybootloader) <= CY_APPL_ORIGIN):0x1, Wrong image location)
                0x00000010                PROVIDE (__cy_reset, Reset)
 *(.text.Reset)
 .text.Reset    0x00000010       0x18 .\CortexM3\ARM_GCC_493\Debug\Cm3Start.o
                0x00000010                Reset
                0x00000001                ASSERT ((. != __cy_reset), No reset code)
 *(.dma_init)
 .dma_init      0x00000028      0x130 .\CortexM3\ARM_GCC_493\Debug\Display.a(cyfitter_cfg.o)
                0x00000001                ASSERT ((((appl_start + .) <= 0x10000) || 0x0), DMA Init must be within the first 64k of flash)
 *(.text .text.* .gnu.linkonce.t.*)
 .text          0x00000158       0x5c c:/program files (x86)/cypress/psoc creator/3.3/psoc creator/import/gnu/arm/4.9.3/bin/../lib/gcc/arm-none-eabi/4.9.3/armv7-m/crtbegin.o
 .text.main     0x000001b4       0x54 .\CortexM3\ARM_GCC_493\Debug\main.o
                0x000001b4                main
 .text.SPIinit  0x00000208        0xc .\CortexM3\ARM_GCC_493\Debug\spimaster.o
                0x00000208                SPIinit
 .text.SPIsendNumber
                0x00000214       0x30 .\CortexM3\ARM_GCC_493\Debug\spimaster.o
                0x00000214                SPIsendNumber
 .text.ILI9341init
                0x00000244      0x22c .\CortexM3\ARM_GCC_493\Debug\ILI9341.o
                0x00000244                ILI9341init
 .text.ILI9341writecommand
                0x00000470       0x20 .\CortexM3\ARM_GCC_493\Debug\ILI9341.o
                0x00000470                ILI9341writecommand
 .text.ILI9341writedata
                0x00000490       0x20 .\CortexM3\ARM_GCC_493\Debug\ILI9341.o
                0x00000490                ILI9341writedata
 .text.ILI9341setAddrWindow
                0x000004b0       0x98 .\CortexM3\ARM_GCC_493\Debug\ILI9341.o
                0x000004b0                ILI9341setAddrWindow
 .text.ILI9341fillScreen
                0x00000548       0x38 .\CortexM3\ARM_GCC_493\Debug\ILI9341.o
                0x00000548                ILI9341fillScreen
 .text.ILI9341fillRect
                0x00000580       0xfc .\CortexM3\ARM_GCC_493\Debug\ILI9341.o
                0x00000580                ILI9341fillRect
 .text.IntDefaultHandler
                0x0000067c        0x8 .\CortexM3\ARM_GCC_493\Debug\Cm3Start.o
                0x0000067c                IntDefaultHandler
 .text.Start_c  0x00000684       0x98 .\CortexM3\ARM_GCC_493\Debug\Cm3Start.o
                0x00000684                Start_c
 .text.initialize_psoc
                0x0000071c       0x8c .\CortexM3\ARM_GCC_493\Debug\Cm3Start.o
                0x0000071c                initialize_psoc
 .text.CYCONFIGCPY
                0x000007a8       0x1c .\CortexM3\ARM_GCC_493\Debug\Display.a(cyfitter_cfg.o)
 .text.CyClockStartupError
                0x000007c4        0xc .\CortexM3\ARM_GCC_493\Debug\Display.a(cyfitter_cfg.o)
 .text.cfg_dma_init
                0x000007d0      0x174 .\CortexM3\ARM_GCC_493\Debug\Display.a(cyfitter_cfg.o)
 .text.ClockSetup
                0x00000944       0xfc .\CortexM3\ARM_GCC_493\Debug\Display.a(cyfitter_cfg.o)
 .text.AnalogSetDefault
                0x00000a40       0x44 .\CortexM3\ARM_GCC_493\Debug\Display.a(cyfitter_cfg.o)
 .text.cyfitter_cfg
                0x00000a84       0xec .\CortexM3\ARM_GCC_493\Debug\Display.a(cyfitter_cfg.o)
                0x00000a84                cyfitter_cfg
 .text.Reset_Write
                0x00000b70       0x34 .\CortexM3\ARM_GCC_493\Debug\Display.a(Reset.o)
                0x00000b70                Reset_Write
 .text.DC_Write
                0x00000ba4       0x3c .\CortexM3\ARM_GCC_493\Debug\Display.a(DC.o)
                0x00000ba4                DC_Write
 .text.SPIM_Init
                0x00000be0       0x30 .\CortexM3\ARM_GCC_493\Debug\Display.a(SPIM.o)
                0x00000be0                SPIM_Init
 .text.SPIM_Enable
                0x00000c10       0x60 .\CortexM3\ARM_GCC_493\Debug\Display.a(SPIM.o)
                0x00000c10                SPIM_Enable
 .text.SPIM_Start
                0x00000c70       0x20 .\CortexM3\ARM_GCC_493\Debug\Display.a(SPIM.o)
                0x00000c70                SPIM_Start
 .text.SPIM_EnableTxInt
                0x00000c90        0xc .\CortexM3\ARM_GCC_493\Debug\Display.a(SPIM.o)
                0x00000c90                SPIM_EnableTxInt
 .text.SPIM_EnableRxInt
                0x00000c9c        0xc .\CortexM3\ARM_GCC_493\Debug\Display.a(SPIM.o)
                0x00000c9c                SPIM_EnableRxInt
 .text.SPIM_ReadTxStatus
                0x00000ca8       0x20 .\CortexM3\ARM_GCC_493\Debug\Display.a(SPIM.o)
                0x00000ca8                SPIM_ReadTxStatus
 .text.SPIM_ReadRxStatus
                0x00000cc8       0x20 .\CortexM3\ARM_GCC_493\Debug\Display.a(SPIM.o)
                0x00000cc8                SPIM_ReadRxStatus
 .text.SPIM_WriteTxData
                0x00000ce8       0x34 .\CortexM3\ARM_GCC_493\Debug\Display.a(SPIM.o)
                0x00000ce8                SPIM_WriteTxData
 .text.SPIM_ClearFIFO
                0x00000d1c       0x5c .\CortexM3\ARM_GCC_493\Debug\Display.a(SPIM.o)
                0x00000d1c                SPIM_ClearFIFO
 .text.LED_Write
                0x00000d78       0x34 .\CortexM3\ARM_GCC_493\Debug\Display.a(LED.o)
                0x00000d78                LED_Write
 *fill*         0x00000dac        0x4 
 .text          0x00000db0       0x20 .\CortexM3\ARM_GCC_493\Debug\Display.a(CyBootAsmGnu.o)
                0x00000db0                CyDelayCycles
                0x00000dc0                CyEnterCriticalSection
                0x00000dc8                CyExitCriticalSection
 .text.CyDelay  0x00000dd0       0x44 .\CortexM3\ARM_GCC_493\Debug\Display.a(CyLib.o)
                0x00000dd0                CyDelay
 .text.CyDelayUs
                0x00000e14       0x24 .\CortexM3\ARM_GCC_493\Debug\Display.a(CyLib.o)
                0x00000e14                CyDelayUs
 .text.__libc_init_array
                0x00000e38       0x4c c:/program files (x86)/cypress/psoc creator/3.3/psoc creator/import/gnu/arm/4.9.3/bin/../lib/gcc/arm-none-eabi/4.9.3/../../../../arm-none-eabi/lib/armv7-m\libg_nano.a(lib_a-init.o)
                0x00000e38                __libc_init_array
 .text.memcpy   0x00000e84       0x16 c:/program files (x86)/cypress/psoc creator/3.3/psoc creator/import/gnu/arm/4.9.3/bin/../lib/gcc/arm-none-eabi/4.9.3/../../../../arm-none-eabi/lib/armv7-m\libg_nano.a(lib_a-memcpy.o)
                0x00000e84                memcpy
 *(.plt)
 *(.gnu.warning)
 *(.glue_7t)
 .glue_7t       0x00000000        0x0 linker stubs
 *(.glue_7)
 .glue_7        0x00000000        0x0 linker stubs
 *(.vfp11_veneer)
 .vfp11_veneer  0x00000000        0x0 linker stubs
 *(.bootloader)
 *(.ARM.extab* .gnu.linkonce.armextab.*)
 *(.gcc_except_table)

.v4_bx          0x00000e9c        0x0
 .v4_bx         0x00000000        0x0 linker stubs

.iplt           0x00000e9c        0x0
 .iplt          0x00000000        0x0 c:/program files (x86)/cypress/psoc creator/3.3/psoc creator/import/gnu/arm/4.9.3/bin/../lib/gcc/arm-none-eabi/4.9.3/armv7-m/crtbegin.o

.eh_frame_hdr
 *(.eh_frame_hdr)

.eh_frame       0x00000e9c        0x4
 *(.eh_frame)
 .eh_frame      0x00000e9c        0x0 c:/program files (x86)/cypress/psoc creator/3.3/psoc creator/import/gnu/arm/4.9.3/bin/../lib/gcc/arm-none-eabi/4.9.3/armv7-m/crtbegin.o
 .eh_frame      0x00000e9c        0x0 c:/program files (x86)/cypress/psoc creator/3.3/psoc creator/import/gnu/arm/4.9.3/bin/../lib/gcc/arm-none-eabi/4.9.3/../../../../arm-none-eabi/lib/armv7-m\libg_nano.a(lib_a-strcmp.o)
                                 0x28 (size before relaxing)
 .eh_frame      0x00000e9c        0x4 c:/program files (x86)/cypress/psoc creator/3.3/psoc creator/import/gnu/arm/4.9.3/bin/../lib/gcc/arm-none-eabi/4.9.3/armv7-m/crtend.o
                0x00000ea0                PROVIDE (__exidx_start, .)

.ARM.exidx
 *(.ARM.exidx* .gnu.linkonce.armexidx.*)
                0x00000ea0                __exidx_end = .

.rodata         0x00000ea0       0xb8
 *(.rodata .rodata.* .gnu.linkonce.r.*)
 .rodata        0x00000ea0       0x84 .\CortexM3\ARM_GCC_493\Debug\Display.a(cyfitter_cfg.o)
                0x00000f24                . = ALIGN (0x4)
 *(.init)
 .init          0x00000f24        0x4 c:/program files (x86)/cypress/psoc creator/3.3/psoc creator/import/gnu/arm/4.9.3/bin/../lib/gcc/arm-none-eabi/4.9.3/armv7-m/crti.o
                0x00000f24                _init
 .init          0x00000f28        0x8 c:/program files (x86)/cypress/psoc creator/3.3/psoc creator/import/gnu/arm/4.9.3/bin/../lib/gcc/arm-none-eabi/4.9.3/armv7-m/crtn.o
                0x00000f30                . = ALIGN (0x4)
                0x00000f30                __preinit_array_start = .
 *(.preinit_array)
                0x00000f30                __preinit_array_end = .
                0x00000f30                . = ALIGN (0x4)
                0x00000f30                __init_array_start = .
 *(SORT(.init_array.*))
 *(.init_array)
 .init_array    0x00000f30        0x4 c:/program files (x86)/cypress/psoc creator/3.3/psoc creator/import/gnu/arm/4.9.3/bin/../lib/gcc/arm-none-eabi/4.9.3/armv7-m/crtbegin.o
 .init_array    0x00000f34        0x4 .\CortexM3\ARM_GCC_493\Debug\Cm3Start.o
                0x00000f38                __init_array_end = .
                0x00000f38                . = ALIGN (0x4)
 *(.fini)
 .fini          0x00000f38        0x4 c:/program files (x86)/cypress/psoc creator/3.3/psoc creator/import/gnu/arm/4.9.3/bin/../lib/gcc/arm-none-eabi/4.9.3/armv7-m/crti.o
                0x00000f38                _fini
 .fini          0x00000f3c        0x8 c:/program files (x86)/cypress/psoc creator/3.3/psoc creator/import/gnu/arm/4.9.3/bin/../lib/gcc/arm-none-eabi/4.9.3/armv7-m/crtn.o
                0x00000f44                . = ALIGN (0x4)
                0x00000f44                __fini_array_start = .
 *(.fini_array)
 .fini_array    0x00000f44        0x4 c:/program files (x86)/cypress/psoc creator/3.3/psoc creator/import/gnu/arm/4.9.3/bin/../lib/gcc/arm-none-eabi/4.9.3/armv7-m/crtbegin.o
 *(SORT(.fini_array.*))
                0x00000f48                __fini_array_end = .
                0x00000f48                . = ALIGN (0x4)
 *crtbegin.o(.ctors)
 *(EXCLUDE_FILE(*crtend.o) .ctors)
 *(SORT(.ctors.*))
 *crtend.o(.ctors)
                0x00000f48                . = ALIGN (0x4)
 *crtbegin.o(.dtors)
 *(EXCLUDE_FILE(*crtend.o) .dtors)
 *(SORT(.dtors.*))
 *crtend.o(.dtors)
                0x00000f48                . = ALIGN (0x4)
                0x00000f48                __cy_regions = .
                0x00000f48        0x4 LONG 0xf58 __cy_region_init_ram
                0x00000f4c        0x4 LONG 0x1fff8108 __cy_region_start_data
                0x00000f50        0x4 LONG 0x18 __cy_region_init_size_ram
                0x00000f54        0x4 LONG 0x30 __cy_region_zero_size_ram
                0x00000f58                __cy_regions_end = .
                0x00000f58                . = ALIGN (0x8)
                0x00000f58                _etext = .

.cy_checksum_exclude
                0x00000f58        0x0
 *(.cy_checksum_exclude)

.ramvectors     0x1fff8000      0x100
                0x1fff8000                __cy_region_start_ram = .
 *(.ramvectors)
 .ramvectors    0x1fff8000      0x100 .\CortexM3\ARM_GCC_493\Debug\Cm3Start.o
                0x1fff8000                CyRamVectors

.noinit         0x1fff8100        0x5
 *(.noinit)
 .noinit        0x1fff8100        0x4 .\CortexM3\ARM_GCC_493\Debug\Cm3Start.o
 .noinit        0x1fff8104        0x1 .\CortexM3\ARM_GCC_493\Debug\Display.a(CyLib.o)
                0x1fff8104                CyResetStatus

.data           0x1fff8108       0x18 load address 0x00000f58
                0x1fff8108                __cy_region_start_data = .
 *(.jcr)
 .jcr           0x1fff8108        0x0 c:/program files (x86)/cypress/psoc creator/3.3/psoc creator/import/gnu/arm/4.9.3/bin/../lib/gcc/arm-none-eabi/4.9.3/armv7-m/crtbegin.o
 .jcr           0x1fff8108        0x4 c:/program files (x86)/cypress/psoc creator/3.3/psoc creator/import/gnu/arm/4.9.3/bin/../lib/gcc/arm-none-eabi/4.9.3/armv7-m/crtend.o
 *(.got.plt)
 *(.got)
 *(.shdata)
 *(.data .data.* .gnu.linkonce.d.*)
 .data          0x1fff810c        0x4 .\CortexM3\ARM_GCC_493\Debug\ILI9341.o
                0x1fff810c                _width
                0x1fff810e                _height
 .data          0x1fff8110       0x10 .\CortexM3\ARM_GCC_493\Debug\Display.a(CyLib.o)
                0x1fff8110                cydelay_freq_hz
                0x1fff8114                cydelay_freq_khz
                0x1fff8118                cydelay_freq_mhz
                0x1fff811c                cydelay_32k_ms
                0x1fff8120                . = ALIGN (0x8)
 *(.ram)
                0x1fff8120                _edata = .

.igot.plt       0x1fff8120        0x0 load address 0x00000f70
 .igot.plt      0x00000000        0x0 c:/program files (x86)/cypress/psoc creator/3.3/psoc creator/import/gnu/arm/4.9.3/bin/../lib/gcc/arm-none-eabi/4.9.3/armv7-m/crtbegin.o

.bss            0x1fff8120       0x30 load address 0x00000f70
                0x1fff8120                PROVIDE (__bss_start__, .)
 *(.shbss)
 *(.bss .bss.* .gnu.linkonce.b.*)
 .bss           0x1fff8120       0x1c c:/program files (x86)/cypress/psoc creator/3.3/psoc creator/import/gnu/arm/4.9.3/bin/../lib/gcc/arm-none-eabi/4.9.3/armv7-m/crtbegin.o
 *fill*         0x1fff813c        0x4 
 .bss           0x1fff8140        0x8 .\CortexM3\ARM_GCC_493\Debug\Display.a(cyfitter_cfg.o)
 .bss           0x1fff8148        0x1 .\CortexM3\ARM_GCC_493\Debug\Display.a(SPIM.o)
                0x1fff8148                SPIM_initVar
 *(COMMON)
                0x1fff8150                . = ALIGN (0x8)
 *fill*         0x1fff8149        0x7 
 *(.ram.b)
                0x1fff8150                _end = .
                0x1fff8150                __end = .
                0x1fff8150                PROVIDE (end, .)
                0x1fff8150                PROVIDE (__bss_end__, .)
                0x00000f58                __cy_region_init_ram = LOADADDR (.data)
                0x00000018                __cy_region_init_size_ram = (_edata - ADDR (.data))
                0x00000030                __cy_region_zero_size_ram = (_end - _edata)

.heap           0x1fff8150       0x80 load address 0x00000f70
                0x1fff8150                . = _end
                0x1fff81d0                . = (. + 0x80)
 *fill*         0x1fff8150       0x80 
                0x1fff81d0                __cy_heap_limit = .

.stack          0x20007800      0x800
                0x20007800                __cy_stack_limit = .
                0x20008000                . = (. + 0x800)
 *fill*         0x20007800      0x800 
                0x00000001                ASSERT ((__cy_stack_limit >= __cy_heap_limit), region RAM overflowed with stack)
                0x00000000                cy_checksum_exclude_size = (CY_APPL_LOADABLE == 0x1)?SIZEOF (.cy_checksum_exclude):0x0
                0x00000001                ASSERT ((cy_checksum_exclude_size <= CY_CHECKSUM_EXCLUDE_SIZE), CY_BOOT: Section .cy_checksum_exclude size exceedes specified limit.)

.cyloadermeta
 *(.cyloadermeta)

.cyloadablemeta
 *(.cyloadablemeta)

.cyconfigecc    0x80000000      0x650
 *(.cyconfigecc)
 .cyconfigecc   0x80000000      0x650 .\CortexM3\ARM_GCC_493\Debug\cymetadata.o
                0x80000000                cy_meta_configecc

.cycustnvl      0x90000000        0x4
 *(.cycustnvl)
 .cycustnvl     0x90000000        0x4 .\CortexM3\ARM_GCC_493\Debug\cymetadata.o
                0x90000000                cy_meta_custnvl

.cywolatch      0x90100000        0x4
 *(.cywolatch)
 .cywolatch     0x90100000        0x4 .\CortexM3\ARM_GCC_493\Debug\cymetadata.o
                0x90100000                cy_meta_wonvl

.cyeeprom       0x90200000        0x0
 *(.cyeeprom)
                0x00000001                ASSERT ((. <= ((0x90200000 + ee_offset) + ee_size)), .cyeeprom data will not fit in EEPROM)

.cyflashprotect
                0x90400000      0x100
 *(.cyflashprotect)
 .cyflashprotect
                0x90400000      0x100 .\CortexM3\ARM_GCC_493\Debug\cymetadata.o
                0x90400000                cy_meta_flashprotect

.cymeta         0x90500000        0xc
 *(.cymeta)
 .cymeta        0x90500000        0xc .\CortexM3\ARM_GCC_493\Debug\cymetadata.o
                0x90500000                cy_metadata

.rel.dyn        0x00000f70        0x0 load address 0x9050000c
 .rel.iplt      0x00000000        0x0 c:/program files (x86)/cypress/psoc creator/3.3/psoc creator/import/gnu/arm/4.9.3/bin/../lib/gcc/arm-none-eabi/4.9.3/armv7-m/crtbegin.o

.stab
 *(.stab)

.stabstr
 *(.stabstr)

.debug
 *(.debug)

.line
 *(.line)

.debug_srcinfo
 *(.debug_srcinfo)

.debug_sfnames
 *(.debug_sfnames)

.debug_aranges  0x00000000      0x768
 *(.debug_aranges)
 .debug_aranges
                0x00000000       0x20 .\CortexM3\ARM_GCC_493\Debug\main.o
 .debug_aranges
                0x00000020       0x40 .\CortexM3\ARM_GCC_493\Debug\spimaster.o
 .debug_aranges
                0x00000060       0x80 .\CortexM3\ARM_GCC_493\Debug\ILI9341.o
 .debug_aranges
                0x000000e0       0x18 .\CortexM3\ARM_GCC_493\Debug\cymetadata.o
 .debug_aranges
                0x000000f8       0x48 .\CortexM3\ARM_GCC_493\Debug\Cm3Start.o
 .debug_aranges
                0x00000140       0x60 .\CortexM3\ARM_GCC_493\Debug\Display.a(cyfitter_cfg.o)
 .debug_aranges
                0x000001a0       0x38 .\CortexM3\ARM_GCC_493\Debug\Display.a(Reset.o)
 .debug_aranges
                0x000001d8       0x38 .\CortexM3\ARM_GCC_493\Debug\Display.a(DC.o)
 .debug_aranges
                0x00000210       0xd8 .\CortexM3\ARM_GCC_493\Debug\Display.a(SPIM.o)
 .debug_aranges
                0x000002e8       0x38 .\CortexM3\ARM_GCC_493\Debug\Display.a(LED.o)
 .debug_aranges
                0x00000320       0x20 .\CortexM3\ARM_GCC_493\Debug\Display.a(CyBootAsmGnu.o)
 .debug_aranges
                0x00000340      0x298 .\CortexM3\ARM_GCC_493\Debug\Display.a(CyLib.o)
 .debug_aranges
                0x000005d8       0x98 .\CortexM3\ARM_GCC_493\Debug\Display.a(cyPm.o)
 .debug_aranges
                0x00000670       0x80 .\CortexM3\ARM_GCC_493\Debug\Display.a(CyFlash.o)
 .debug_aranges
                0x000006f0       0x78 .\CortexM3\ARM_GCC_493\Debug\Display.a(CySpc.o)

.debug_pubnames
 *(.debug_pubnames)

.debug_info     0x00000000     0x31f1
 *(.debug_info .gnu.linkonce.wi.*)
 .debug_info    0x00000000      0x102 .\CortexM3\ARM_GCC_493\Debug\main.o
 .debug_info    0x00000102      0x1b1 .\CortexM3\ARM_GCC_493\Debug\spimaster.o
 .debug_info    0x000002b3      0x40e .\CortexM3\ARM_GCC_493\Debug\ILI9341.o
 .debug_info    0x000006c1      0x13e .\CortexM3\ARM_GCC_493\Debug\cymetadata.o
 .debug_info    0x000007ff      0x313 .\CortexM3\ARM_GCC_493\Debug\Cm3Start.o
 .debug_info    0x00000b12      0x3ab .\CortexM3\ARM_GCC_493\Debug\Display.a(cyfitter_cfg.o)
 .debug_info    0x00000ebd      0x11e .\CortexM3\ARM_GCC_493\Debug\Display.a(Reset.o)
 .debug_info    0x00000fdb      0x11e .\CortexM3\ARM_GCC_493\Debug\Display.a(DC.o)
 .debug_info    0x000010f9      0x3ed .\CortexM3\ARM_GCC_493\Debug\Display.a(SPIM.o)
 .debug_info    0x000014e6      0x11e .\CortexM3\ARM_GCC_493\Debug\Display.a(LED.o)
 .debug_info    0x00001604       0x9b .\CortexM3\ARM_GCC_493\Debug\Display.a(CyBootAsmGnu.o)
 .debug_info    0x0000169f      0xe34 .\CortexM3\ARM_GCC_493\Debug\Display.a(CyLib.o)
 .debug_info    0x000024d3      0x561 .\CortexM3\ARM_GCC_493\Debug\Display.a(cyPm.o)
 .debug_info    0x00002a34      0x36a .\CortexM3\ARM_GCC_493\Debug\Display.a(CyFlash.o)
 .debug_info    0x00002d9e      0x453 .\CortexM3\ARM_GCC_493\Debug\Display.a(CySpc.o)

.debug_abbrev   0x00000000      0xfb9
 *(.debug_abbrev)
 .debug_abbrev  0x00000000       0x97 .\CortexM3\ARM_GCC_493\Debug\main.o
 .debug_abbrev  0x00000097      0x108 .\CortexM3\ARM_GCC_493\Debug\spimaster.o
 .debug_abbrev  0x0000019f      0x130 .\CortexM3\ARM_GCC_493\Debug\ILI9341.o
 .debug_abbrev  0x000002cf       0x77 .\CortexM3\ARM_GCC_493\Debug\cymetadata.o
 .debug_abbrev  0x00000346      0x1a7 .\CortexM3\ARM_GCC_493\Debug\Cm3Start.o
 .debug_abbrev  0x000004ed      0x192 .\CortexM3\ARM_GCC_493\Debug\Display.a(cyfitter_cfg.o)
 .debug_abbrev  0x0000067f       0x90 .\CortexM3\ARM_GCC_493\Debug\Display.a(Reset.o)
 .debug_abbrev  0x0000070f       0x90 .\CortexM3\ARM_GCC_493\Debug\Display.a(DC.o)
 .debug_abbrev  0x0000079f      0x156 .\CortexM3\ARM_GCC_493\Debug\Display.a(SPIM.o)
 .debug_abbrev  0x000008f5       0x90 .\CortexM3\ARM_GCC_493\Debug\Display.a(LED.o)
 .debug_abbrev  0x00000985       0x14 .\CortexM3\ARM_GCC_493\Debug\Display.a(CyBootAsmGnu.o)
 .debug_abbrev  0x00000999      0x217 .\CortexM3\ARM_GCC_493\Debug\Display.a(CyLib.o)
 .debug_abbrev  0x00000bb0      0x161 .\CortexM3\ARM_GCC_493\Debug\Display.a(cyPm.o)
 .debug_abbrev  0x00000d11      0x13c .\CortexM3\ARM_GCC_493\Debug\Display.a(CyFlash.o)
 .debug_abbrev  0x00000e4d      0x16c .\CortexM3\ARM_GCC_493\Debug\Display.a(CySpc.o)

.debug_line     0x00000000     0x1fb8
 *(.debug_line)
 .debug_line    0x00000000      0x1ab .\CortexM3\ARM_GCC_493\Debug\main.o
 .debug_line    0x000001ab      0x1db .\CortexM3\ARM_GCC_493\Debug\spimaster.o
 .debug_line    0x00000386      0x358 .\CortexM3\ARM_GCC_493\Debug\ILI9341.o
 .debug_line    0x000006de       0x53 .\CortexM3\ARM_GCC_493\Debug\cymetadata.o
 .debug_line    0x00000731      0x1d6 .\CortexM3\ARM_GCC_493\Debug\Cm3Start.o
 .debug_line    0x00000907      0x219 .\CortexM3\ARM_GCC_493\Debug\Display.a(cyfitter_cfg.o)
 .debug_line    0x00000b20       0x96 .\CortexM3\ARM_GCC_493\Debug\Display.a(Reset.o)
 .debug_line    0x00000bb6       0x93 .\CortexM3\ARM_GCC_493\Debug\Display.a(DC.o)
 .debug_line    0x00000c49      0x262 .\CortexM3\ARM_GCC_493\Debug\Display.a(SPIM.o)
 .debug_line    0x00000eab       0x94 .\CortexM3\ARM_GCC_493\Debug\Display.a(LED.o)
 .debug_line    0x00000f3f       0x68 .\CortexM3\ARM_GCC_493\Debug\Display.a(CyBootAsmGnu.o)
 .debug_line    0x00000fa7      0x872 .\CortexM3\ARM_GCC_493\Debug\Display.a(CyLib.o)
 .debug_line    0x00001819      0x381 .\CortexM3\ARM_GCC_493\Debug\Display.a(cyPm.o)
 .debug_line    0x00001b9a      0x207 .\CortexM3\ARM_GCC_493\Debug\Display.a(CyFlash.o)
 .debug_line    0x00001da1      0x217 .\CortexM3\ARM_GCC_493\Debug\Display.a(CySpc.o)

.debug_frame    0x00000000     0x236c
 *(.debug_frame)
 .debug_frame   0x00000000       0x2c .\CortexM3\ARM_GCC_493\Debug\main.o
 .debug_frame   0x0000002c       0xc0 .\CortexM3\ARM_GCC_493\Debug\spimaster.o
 .debug_frame   0x000000ec      0x220 .\CortexM3\ARM_GCC_493\Debug\ILI9341.o
 .debug_frame   0x0000030c       0xd8 .\CortexM3\ARM_GCC_493\Debug\Cm3Start.o
 .debug_frame   0x000003e4      0x160 .\CortexM3\ARM_GCC_493\Debug\Display.a(cyfitter_cfg.o)
 .debug_frame   0x00000544       0xa8 .\CortexM3\ARM_GCC_493\Debug\Display.a(Reset.o)
 .debug_frame   0x000005ec       0xa8 .\CortexM3\ARM_GCC_493\Debug\Display.a(DC.o)
 .debug_frame   0x00000694      0x38c .\CortexM3\ARM_GCC_493\Debug\Display.a(SPIM.o)
 .debug_frame   0x00000a20       0xa8 .\CortexM3\ARM_GCC_493\Debug\Display.a(LED.o)
 .debug_frame   0x00000ac8      0xbe8 .\CortexM3\ARM_GCC_493\Debug\Display.a(CyLib.o)
 .debug_frame   0x000016b0      0x234 .\CortexM3\ARM_GCC_493\Debug\Display.a(cyPm.o)
 .debug_frame   0x000018e4      0x210 .\CortexM3\ARM_GCC_493\Debug\Display.a(CyFlash.o)
 .debug_frame   0x00001af4      0x1f8 .\CortexM3\ARM_GCC_493\Debug\Display.a(CySpc.o)
 .debug_frame   0x00001cec       0x20 c:/program files (x86)/cypress/psoc creator/3.3/psoc creator/import/gnu/arm/4.9.3/bin/../lib/gcc/arm-none-eabi/4.9.3/../../../../arm-none-eabi/lib/armv7-m\libg_nano.a(lib_a-errno.o)
 .debug_frame   0x00001d0c       0x28 c:/program files (x86)/cypress/psoc creator/3.3/psoc creator/import/gnu/arm/4.9.3/bin/../lib/gcc/arm-none-eabi/4.9.3/../../../../arm-none-eabi/lib/armv7-m\libg_nano.a(lib_a-exit.o)
 .debug_frame   0x00001d34       0x2c c:/program files (x86)/cypress/psoc creator/3.3/psoc creator/import/gnu/arm/4.9.3/bin/../lib/gcc/arm-none-eabi/4.9.3/../../../../arm-none-eabi/lib/armv7-m\libg_nano.a(lib_a-init.o)
 .debug_frame   0x00001d60       0x28 c:/program files (x86)/cypress/psoc creator/3.3/psoc creator/import/gnu/arm/4.9.3/bin/../lib/gcc/arm-none-eabi/4.9.3/../../../../arm-none-eabi/lib/armv7-m\libg_nano.a(lib_a-memcpy.o)
 .debug_frame   0x00001d88       0x20 c:/program files (x86)/cypress/psoc creator/3.3/psoc creator/import/gnu/arm/4.9.3/bin/../lib/gcc/arm-none-eabi/4.9.3/../../../../arm-none-eabi/lib/armv7-m\libg_nano.a(lib_a-memset.o)
 .debug_frame   0x00001da8       0x8c c:/program files (x86)/cypress/psoc creator/3.3/psoc creator/import/gnu/arm/4.9.3/bin/../lib/gcc/arm-none-eabi/4.9.3/../../../../arm-none-eabi/lib/armv7-m\libg_nano.a(lib_a-nano-vfprintf_float.o)
 .debug_frame   0x00001e34       0x58 c:/program files (x86)/cypress/psoc creator/3.3/psoc creator/import/gnu/arm/4.9.3/bin/../lib/gcc/arm-none-eabi/4.9.3/../../../../arm-none-eabi/lib/armv7-m\libg_nano.a(lib_a-nano-vfprintf_i.o)
 .debug_frame   0x00001e8c       0x28 c:/program files (x86)/cypress/psoc creator/3.3/psoc creator/import/gnu/arm/4.9.3/bin/../lib/gcc/arm-none-eabi/4.9.3/../../../../arm-none-eabi/lib/armv7-m\libg_nano.a(lib_a-s_fpclassify.o)
 .debug_frame   0x00001eb4       0x20 c:/program files (x86)/cypress/psoc creator/3.3/psoc creator/import/gnu/arm/4.9.3/bin/../lib/gcc/arm-none-eabi/4.9.3/../../../../arm-none-eabi/lib/armv7-m\libg_nano.a(lib_a-strlen.o)
 .debug_frame   0x00001ed4       0x6c c:/program files (x86)/cypress/psoc creator/3.3/psoc creator/import/gnu/arm/4.9.3/bin/../lib/gcc/arm-none-eabi/4.9.3/../../../../arm-none-eabi/lib/armv7-m\libg_nano.a(lib_a-dtoa.o)
 .debug_frame   0x00001f40       0x98 c:/program files (x86)/cypress/psoc creator/3.3/psoc creator/import/gnu/arm/4.9.3/bin/../lib/gcc/arm-none-eabi/4.9.3/../../../../arm-none-eabi/lib/armv7-m\libg_nano.a(lib_a-locale.o)
 .debug_frame   0x00001fd8       0x30 c:/program files (x86)/cypress/psoc creator/3.3/psoc creator/import/gnu/arm/4.9.3/bin/../lib/gcc/arm-none-eabi/4.9.3/../../../../arm-none-eabi/lib/armv7-m\libg_nano.a(lib_a-malloc.o)
 .debug_frame   0x00002008       0x28 c:/program files (x86)/cypress/psoc creator/3.3/psoc creator/import/gnu/arm/4.9.3/bin/../lib/gcc/arm-none-eabi/4.9.3/../../../../arm-none-eabi/lib/armv7-m\libg_nano.a(lib_a-memchr.o)
 .debug_frame   0x00002030      0x230 c:/program files (x86)/cypress/psoc creator/3.3/psoc creator/import/gnu/arm/4.9.3/bin/../lib/gcc/arm-none-eabi/4.9.3/../../../../arm-none-eabi/lib/armv7-m\libg_nano.a(lib_a-mprec.o)
 .debug_frame   0x00002260       0x2c c:/program files (x86)/cypress/psoc creator/3.3/psoc creator/import/gnu/arm/4.9.3/bin/../lib/gcc/arm-none-eabi/4.9.3/../../../../arm-none-eabi/lib/armv7-m\libg_nano.a(lib_a-nano-callocr.o)
 .debug_frame   0x0000228c       0x2c c:/program files (x86)/cypress/psoc creator/3.3/psoc creator/import/gnu/arm/4.9.3/bin/../lib/gcc/arm-none-eabi/4.9.3/../../../../arm-none-eabi/lib/armv7-m\libg_nano.a(lib_a-nano-freer.o)
 .debug_frame   0x000022b8       0x2c c:/program files (x86)/cypress/psoc creator/3.3/psoc creator/import/gnu/arm/4.9.3/bin/../lib/gcc/arm-none-eabi/4.9.3/../../../../arm-none-eabi/lib/armv7-m\libg_nano.a(lib_a-nano-mallocr.o)
 .debug_frame   0x000022e4       0x2c c:/program files (x86)/cypress/psoc creator/3.3/psoc creator/import/gnu/arm/4.9.3/bin/../lib/gcc/arm-none-eabi/4.9.3/../../../../arm-none-eabi/lib/armv7-m\libg_nano.a(lib_a-sbrkr.o)
 .debug_frame   0x00002310       0x5c c:/program files (x86)/cypress/psoc creator/3.3/psoc creator/import/gnu/arm/4.9.3/bin/../lib/gcc/arm-none-eabi/4.9.3/../../../../arm-none-eabi/lib/armv7-m\libg_nano.a(lib_a-reent.o)

.debug_str      0x00000000     0x1739
 *(.debug_str)
 .debug_str     0x00000000      0x178 .\CortexM3\ARM_GCC_493\Debug\main.o
                                0x1b9 (size before relaxing)
 .debug_str     0x00000178       0x88 .\CortexM3\ARM_GCC_493\Debug\spimaster.o
                                0x233 (size before relaxing)
 .debug_str     0x00000200      0x116 .\CortexM3\ARM_GCC_493\Debug\ILI9341.o
                                0x2ce (size before relaxing)
 .debug_str     0x00000316       0x77 .\CortexM3\ARM_GCC_493\Debug\cymetadata.o
                                0x1f5 (size before relaxing)
 .debug_str     0x0000038d      0x139 .\CortexM3\ARM_GCC_493\Debug\Cm3Start.o
                                0x2d6 (size before relaxing)
 .debug_str     0x000004c6      0x181 .\CortexM3\ARM_GCC_493\Debug\Display.a(cyfitter_cfg.o)
                                0x31e (size before relaxing)
 .debug_str     0x00000647       0x73 .\CortexM3\ARM_GCC_493\Debug\Display.a(Reset.o)
                                0x1ed (size before relaxing)
 .debug_str     0x000006ba       0x4e .\CortexM3\ARM_GCC_493\Debug\Display.a(DC.o)
                                0x1de (size before relaxing)
 .debug_str     0x00000708      0x22f .\CortexM3\ARM_GCC_493\Debug\Display.a(SPIM.o)
                                0x3b7 (size before relaxing)
 .debug_str     0x00000937       0x53 .\CortexM3\ARM_GCC_493\Debug\Display.a(LED.o)
                                0x1e3 (size before relaxing)
 .debug_str     0x0000098a      0x7e0 .\CortexM3\ARM_GCC_493\Debug\Display.a(CyLib.o)
                                0x9d1 (size before relaxing)
 .debug_str     0x0000116a      0x367 .\CortexM3\ARM_GCC_493\Debug\Display.a(cyPm.o)
                                0x536 (size before relaxing)
 .debug_str     0x000014d1      0x140 .\CortexM3\ARM_GCC_493\Debug\Display.a(CyFlash.o)
                                0x2f5 (size before relaxing)
 .debug_str     0x00001611      0x128 .\CortexM3\ARM_GCC_493\Debug\Display.a(CySpc.o)
                                0x2f2 (size before relaxing)

.debug_loc
 *(.debug_loc)

.debug_macinfo
 *(.debug_macinfo)

.debug_ranges   0x00000000      0x660
 *(.debug_ranges)
 .debug_ranges  0x00000000       0x10 .\CortexM3\ARM_GCC_493\Debug\main.o
 .debug_ranges  0x00000010       0x30 .\CortexM3\ARM_GCC_493\Debug\spimaster.o
 .debug_ranges  0x00000040       0x70 .\CortexM3\ARM_GCC_493\Debug\ILI9341.o
 .debug_ranges  0x000000b0       0x38 .\CortexM3\ARM_GCC_493\Debug\Cm3Start.o
 .debug_ranges  0x000000e8       0x50 .\CortexM3\ARM_GCC_493\Debug\Display.a(cyfitter_cfg.o)
 .debug_ranges  0x00000138       0x28 .\CortexM3\ARM_GCC_493\Debug\Display.a(Reset.o)
 .debug_ranges  0x00000160       0x28 .\CortexM3\ARM_GCC_493\Debug\Display.a(DC.o)
 .debug_ranges  0x00000188       0xc8 .\CortexM3\ARM_GCC_493\Debug\Display.a(SPIM.o)
 .debug_ranges  0x00000250       0x28 .\CortexM3\ARM_GCC_493\Debug\Display.a(LED.o)
 .debug_ranges  0x00000278      0x288 .\CortexM3\ARM_GCC_493\Debug\Display.a(CyLib.o)
 .debug_ranges  0x00000500       0x88 .\CortexM3\ARM_GCC_493\Debug\Display.a(cyPm.o)
 .debug_ranges  0x00000588       0x70 .\CortexM3\ARM_GCC_493\Debug\Display.a(CyFlash.o)
 .debug_ranges  0x000005f8       0x68 .\CortexM3\ARM_GCC_493\Debug\Display.a(CySpc.o)

.comment        0x00000000       0x70
 .comment       0x00000000       0x70 .\CortexM3\ARM_GCC_493\Debug\main.o
                                 0x71 (size before relaxing)
 .comment       0x00000000       0x71 .\CortexM3\ARM_GCC_493\Debug\spimaster.o
 .comment       0x00000000       0x71 .\CortexM3\ARM_GCC_493\Debug\ILI9341.o
 .comment       0x00000000       0x71 .\CortexM3\ARM_GCC_493\Debug\cymetadata.o
 .comment       0x00000000       0x71 .\CortexM3\ARM_GCC_493\Debug\Cm3Start.o
 .comment       0x00000000       0x71 .\CortexM3\ARM_GCC_493\Debug\Display.a(cyfitter_cfg.o)
 .comment       0x00000000       0x71 .\CortexM3\ARM_GCC_493\Debug\Display.a(Reset.o)
 .comment       0x00000000       0x71 .\CortexM3\ARM_GCC_493\Debug\Display.a(DC.o)
 .comment       0x00000000       0x71 .\CortexM3\ARM_GCC_493\Debug\Display.a(SPIM.o)
 .comment       0x00000000       0x71 .\CortexM3\ARM_GCC_493\Debug\Display.a(LED.o)
 .comment       0x00000000       0x71 .\CortexM3\ARM_GCC_493\Debug\Display.a(CyLib.o)
 .comment       0x00000000       0x71 .\CortexM3\ARM_GCC_493\Debug\Display.a(cyPm.o)
 .comment       0x00000000       0x71 .\CortexM3\ARM_GCC_493\Debug\Display.a(CyFlash.o)
 .comment       0x00000000       0x71 .\CortexM3\ARM_GCC_493\Debug\Display.a(CySpc.o)

.debug_weaknames
 *(.debug_weaknames)

.debug_funcnames
 *(.debug_funcnames)

.debug_typenames
 *(.debug_typenames)

.debug_varnames
 *(.debug_varnames)

.note.gnu.arm.ident
 *(.note.gnu.arm.ident)

.ARM.attributes
                0x00000000       0x29
 *(.ARM.attributes)
 .ARM.attributes
                0x00000000       0x1d c:/program files (x86)/cypress/psoc creator/3.3/psoc creator/import/gnu/arm/4.9.3/bin/../lib/gcc/arm-none-eabi/4.9.3/armv7-m/crti.o
 .ARM.attributes
                0x0000001d       0x2d c:/program files (x86)/cypress/psoc creator/3.3/psoc creator/import/gnu/arm/4.9.3/bin/../lib/gcc/arm-none-eabi/4.9.3/armv7-m/crtbegin.o
 .ARM.attributes
                0x0000004a       0x1b c:/program files (x86)/cypress/psoc creator/3.3/psoc creator/import/gnu/arm/4.9.3/bin/../lib/gcc/arm-none-eabi/4.9.3/../../../../arm-none-eabi/lib/armv7-m/crt0.o
 .ARM.attributes
                0x00000065       0x33 .\CortexM3\ARM_GCC_493\Debug\main.o
 .ARM.attributes
                0x00000098       0x33 .\CortexM3\ARM_GCC_493\Debug\spimaster.o
 .ARM.attributes
                0x000000cb       0x33 .\CortexM3\ARM_GCC_493\Debug\ILI9341.o
 .ARM.attributes
                0x000000fe       0x33 .\CortexM3\ARM_GCC_493\Debug\cymetadata.o
 .ARM.attributes
                0x00000131       0x33 .\CortexM3\ARM_GCC_493\Debug\Cm3Start.o
 .ARM.attributes
                0x00000164       0x33 .\CortexM3\ARM_GCC_493\Debug\Display.a(cyfitter_cfg.o)
 .ARM.attributes
                0x00000197       0x33 .\CortexM3\ARM_GCC_493\Debug\Display.a(Reset.o)
 .ARM.attributes
                0x000001ca       0x33 .\CortexM3\ARM_GCC_493\Debug\Display.a(DC.o)
 .ARM.attributes
                0x000001fd       0x33 .\CortexM3\ARM_GCC_493\Debug\Display.a(SPIM.o)
 .ARM.attributes
                0x00000230       0x33 .\CortexM3\ARM_GCC_493\Debug\Display.a(LED.o)
 .ARM.attributes
                0x00000263       0x21 .\CortexM3\ARM_GCC_493\Debug\Display.a(CyBootAsmGnu.o)
 .ARM.attributes
                0x00000284       0x33 .\CortexM3\ARM_GCC_493\Debug\Display.a(CyLib.o)
 .ARM.attributes
                0x000002b7       0x33 .\CortexM3\ARM_GCC_493\Debug\Display.a(cyPm.o)
 .ARM.attributes
                0x000002ea       0x33 .\CortexM3\ARM_GCC_493\Debug\Display.a(CyFlash.o)
 .ARM.attributes
                0x0000031d       0x33 .\CortexM3\ARM_GCC_493\Debug\Display.a(CySpc.o)
 .ARM.attributes
                0x00000350       0x2d c:/program files (x86)/cypress/psoc creator/3.3/psoc creator/import/gnu/arm/4.9.3/bin/../lib/gcc/arm-none-eabi/4.9.3/../../../../arm-none-eabi/lib/armv7-m\libg_nano.a(lib_a-errno.o)
 .ARM.attributes
                0x0000037d       0x2d c:/program files (x86)/cypress/psoc creator/3.3/psoc creator/import/gnu/arm/4.9.3/bin/../lib/gcc/arm-none-eabi/4.9.3/../../../../arm-none-eabi/lib/armv7-m\libg_nano.a(lib_a-exit.o)
 .ARM.attributes
                0x000003aa       0x2d c:/program files (x86)/cypress/psoc creator/3.3/psoc creator/import/gnu/arm/4.9.3/bin/../lib/gcc/arm-none-eabi/4.9.3/../../../../arm-none-eabi/lib/armv7-m\libg_nano.a(lib_a-impure.o)
 .ARM.attributes
                0x000003d7       0x2d c:/program files (x86)/cypress/psoc creator/3.3/psoc creator/import/gnu/arm/4.9.3/bin/../lib/gcc/arm-none-eabi/4.9.3/../../../../arm-none-eabi/lib/armv7-m\libg_nano.a(lib_a-init.o)
 .ARM.attributes
                0x00000404       0x2d c:/program files (x86)/cypress/psoc creator/3.3/psoc creator/import/gnu/arm/4.9.3/bin/../lib/gcc/arm-none-eabi/4.9.3/../../../../arm-none-eabi/lib/armv7-m\libg_nano.a(lib_a-memcpy.o)
 .ARM.attributes
                0x00000431       0x2d c:/program files (x86)/cypress/psoc creator/3.3/psoc creator/import/gnu/arm/4.9.3/bin/../lib/gcc/arm-none-eabi/4.9.3/../../../../arm-none-eabi/lib/armv7-m\libg_nano.a(lib_a-memset.o)
 .ARM.attributes
                0x0000045e       0x2d c:/program files (x86)/cypress/psoc creator/3.3/psoc creator/import/gnu/arm/4.9.3/bin/../lib/gcc/arm-none-eabi/4.9.3/../../../../arm-none-eabi/lib/armv7-m\libg_nano.a(lib_a-nano-vfprintf_float.o)
 .ARM.attributes
                0x0000048b       0x2d c:/program files (x86)/cypress/psoc creator/3.3/psoc creator/import/gnu/arm/4.9.3/bin/../lib/gcc/arm-none-eabi/4.9.3/../../../../arm-none-eabi/lib/armv7-m\libg_nano.a(lib_a-nano-vfprintf_i.o)
 .ARM.attributes
                0x000004b8       0x2d c:/program files (x86)/cypress/psoc creator/3.3/psoc creator/import/gnu/arm/4.9.3/bin/../lib/gcc/arm-none-eabi/4.9.3/../../../../arm-none-eabi/lib/armv7-m\libg_nano.a(lib_a-s_fpclassify.o)
 .ARM.attributes
                0x000004e5       0x2d c:/program files (x86)/cypress/psoc creator/3.3/psoc creator/import/gnu/arm/4.9.3/bin/../lib/gcc/arm-none-eabi/4.9.3/../../../../arm-none-eabi/lib/armv7-m\libg_nano.a(lib_a-strlen.o)
 .ARM.attributes
                0x00000512       0x2d c:/program files (x86)/cypress/psoc creator/3.3/psoc creator/import/gnu/arm/4.9.3/bin/../lib/gcc/arm-none-eabi/4.9.3/../../../../arm-none-eabi/lib/armv7-m\libg_nano.a(lib_a-dtoa.o)
 .ARM.attributes
                0x0000053f       0x2d c:/program files (x86)/cypress/psoc creator/3.3/psoc creator/import/gnu/arm/4.9.3/bin/../lib/gcc/arm-none-eabi/4.9.3/../../../../arm-none-eabi/lib/armv7-m\libg_nano.a(lib_a-locale.o)
 .ARM.attributes
                0x0000056c       0x2d c:/program files (x86)/cypress/psoc creator/3.3/psoc creator/import/gnu/arm/4.9.3/bin/../lib/gcc/arm-none-eabi/4.9.3/../../../../arm-none-eabi/lib/armv7-m\libg_nano.a(lib_a-malloc.o)
 .ARM.attributes
                0x00000599       0x2d c:/program files (x86)/cypress/psoc creator/3.3/psoc creator/import/gnu/arm/4.9.3/bin/../lib/gcc/arm-none-eabi/4.9.3/../../../../arm-none-eabi/lib/armv7-m\libg_nano.a(lib_a-memchr.o)
 .ARM.attributes
                0x000005c6       0x2d c:/program files (x86)/cypress/psoc creator/3.3/psoc creator/import/gnu/arm/4.9.3/bin/../lib/gcc/arm-none-eabi/4.9.3/../../../../arm-none-eabi/lib/armv7-m\libg_nano.a(lib_a-mprec.o)
 .ARM.attributes
                0x000005f3       0x2d c:/program files (x86)/cypress/psoc creator/3.3/psoc creator/import/gnu/arm/4.9.3/bin/../lib/gcc/arm-none-eabi/4.9.3/../../../../arm-none-eabi/lib/armv7-m\libg_nano.a(lib_a-nano-callocr.o)
 .ARM.attributes
                0x00000620       0x2d c:/program files (x86)/cypress/psoc creator/3.3/psoc creator/import/gnu/arm/4.9.3/bin/../lib/gcc/arm-none-eabi/4.9.3/../../../../arm-none-eabi/lib/armv7-m\libg_nano.a(lib_a-nano-freer.o)
 .ARM.attributes
                0x0000064d       0x2d c:/program files (x86)/cypress/psoc creator/3.3/psoc creator/import/gnu/arm/4.9.3/bin/../lib/gcc/arm-none-eabi/4.9.3/../../../../arm-none-eabi/lib/armv7-m\libg_nano.a(lib_a-nano-mallocr.o)
 .ARM.attributes
                0x0000067a       0x2d c:/program files (x86)/cypress/psoc creator/3.3/psoc creator/import/gnu/arm/4.9.3/bin/../lib/gcc/arm-none-eabi/4.9.3/../../../../arm-none-eabi/lib/armv7-m\libg_nano.a(lib_a-sbrkr.o)
 .ARM.attributes
                0x000006a7       0x1b c:/program files (x86)/cypress/psoc creator/3.3/psoc creator/import/gnu/arm/4.9.3/bin/../lib/gcc/arm-none-eabi/4.9.3/../../../../arm-none-eabi/lib/armv7-m\libg_nano.a(lib_a-strcmp.o)
 .ARM.attributes
                0x000006c2       0x2d c:/program files (x86)/cypress/psoc creator/3.3/psoc creator/import/gnu/arm/4.9.3/bin/../lib/gcc/arm-none-eabi/4.9.3/../../../../arm-none-eabi/lib/armv7-m\libg_nano.a(lib_a-reent.o)
 .ARM.attributes
                0x000006ef       0x1d c:/program files (x86)/cypress/psoc creator/3.3/psoc creator/import/gnu/arm/4.9.3/bin/../lib/gcc/arm-none-eabi/4.9.3/armv7-m\libgcc.a(_arm_addsubdf3.o)
 .ARM.attributes
                0x0000070c       0x1d c:/program files (x86)/cypress/psoc creator/3.3/psoc creator/import/gnu/arm/4.9.3/bin/../lib/gcc/arm-none-eabi/4.9.3/armv7-m\libgcc.a(_arm_muldivdf3.o)
 .ARM.attributes
                0x00000729       0x1d c:/program files (x86)/cypress/psoc creator/3.3/psoc creator/import/gnu/arm/4.9.3/bin/../lib/gcc/arm-none-eabi/4.9.3/armv7-m\libgcc.a(_arm_cmpdf2.o)
 .ARM.attributes
                0x00000746       0x1d c:/program files (x86)/cypress/psoc creator/3.3/psoc creator/import/gnu/arm/4.9.3/bin/../lib/gcc/arm-none-eabi/4.9.3/armv7-m\libgcc.a(_arm_fixdfsi.o)
 .ARM.attributes
                0x00000763       0x2d c:/program files (x86)/cypress/psoc creator/3.3/psoc creator/import/gnu/arm/4.9.3/bin/../lib/gcc/arm-none-eabi/4.9.3/armv7-m/crtend.o
 .ARM.attributes
                0x00000790       0x1d c:/program files (x86)/cypress/psoc creator/3.3/psoc creator/import/gnu/arm/4.9.3/bin/../lib/gcc/arm-none-eabi/4.9.3/armv7-m/crtn.o

/DISCARD/
 *(.note.GNU-stack)
OUTPUT(.\CortexM3\ARM_GCC_493\Debug\Display.elf elf32-littlearm)
